Command line invocation:
    /Applications/Xcode_26.3.app/Contents/Developer/usr/bin/xcodebuild -project FateLost.xcodeproj -scheme FateLost -configuration Debug -destination id=E952A9B0-CC78-435C-BF08-06AD47FE1076 -derivedDataPath build-tests CODE_SIGNING_ALLOWED=NO test

Build settings from command line:
    CODE_SIGNING_ALLOWED = NO

Resolve Package Graph

Fetching from https://github.com/googleads/swift-package-manager-google-mobile-ads.git (cached)

Fetching from https://github.com/googleads/swift-package-manager-google-user-messaging-platform.git (cached)

Creating working copy of package ‘swift-package-manager-google-mobile-ads’

Creating working copy of package ‘swift-package-manager-google-user-messaging-platform’

Checking out 13.10.0 of package ‘swift-package-manager-google-mobile-ads’

Checking out 3.1.0 of package ‘swift-package-manager-google-user-messaging-platform’


Resolved source packages:
  GoogleUserMessagingPlatform: https://github.com/googleads/swift-package-manager-google-user-messaging-platform.git @ 3.1.0
  GoogleMobileAds: https://github.com/googleads/swift-package-manager-google-mobile-ads.git @ 13.10.0

--- xcodebuild: WARNING: Using the first of multiple matching destinations:
{ platform:iOS Simulator, arch:arm64, id:E952A9B0-CC78-435C-BF08-06AD47FE1076, OS:26.2, name:iPhone 17 Pro }
{ platform:iOS Simulator, arch:x86_64, id:E952A9B0-CC78-435C-BF08-06AD47FE1076, OS:26.2, name:iPhone 17 Pro }
ComputePackagePrebuildTargetDependencyGraph

Prepare packages

CreateBuildRequest

SendProjectDescription

CreateBuildOperation

ComputeTargetDependencyGraph
note: Building targets in dependency order
note: Target dependency graph (6 targets)
    Target 'FateLostTests' in project 'FateLost'
        ➜ Explicit dependency on target 'FateLost' in project 'FateLost'
    Target 'FateLost' in project 'FateLost'
        ➜ Explicit dependency on target 'GoogleMobileAds' in project 'GoogleMobileAds'
        ➜ Explicit dependency on target 'GoogleUserMessagingPlatform' in project 'GoogleUserMessagingPlatform'
    Target 'GoogleMobileAds' in project 'GoogleMobileAds'
        ➜ Explicit dependency on target 'GoogleMobileAdsTarget' in project 'GoogleMobileAds'
        ➜ Explicit dependency on target 'GoogleUserMessagingPlatform' in project 'GoogleUserMessagingPlatform'
    Target 'GoogleMobileAdsTarget' in project 'GoogleMobileAds'
        ➜ Explicit dependency on target 'GoogleUserMessagingPlatform' in project 'GoogleUserMessagingPlatform'
    Target 'GoogleUserMessagingPlatform' in project 'GoogleUserMessagingPlatform'
        ➜ Explicit dependency on target 'UserMessagingPlatformTarget' in project 'GoogleUserMessagingPlatform'
    Target 'UserMessagingPlatformTarget' in project 'GoogleUserMessagingPlatform' (no dependencies)

GatherProvisioningInputs

CreateBuildDescription

ExecuteExternalTool /Applications/Xcode_26.3.app/Contents/Developer/Toolchains/XcodeDefault.xctoolchain/usr/bin/clang -v -E -dM -isysroot /Applications/Xcode_26.3.app/Contents/Developer/Platforms/iPhoneSimulator.platform/Developer/SDKs/iPhoneSimulator26.2.sdk -x c -c /dev/null

ExecuteExternalTool /Applications/Xcode_26.3.app/Contents/Developer/Toolchains/XcodeDefault.xctoolchain/usr/bin/clang -v -E -dM -arch arm64 -isysroot /Applications/Xcode_26.3.app/Contents/Developer/Platforms/iPhoneSimulator.platform/Developer/SDKs/iPhoneSimulator26.2.sdk -x objective-c -c /dev/null

ExecuteExternalTool /Applications/Xcode_26.3.app/Contents/Developer/Toolchains/XcodeDefault.xctoolchain/usr/bin/swiftc --version

ExecuteExternalTool /Applications/Xcode_26.3.app/Contents/Developer/usr/bin/actool --print-asset-tag-combinations --output-format xml1 /Users/runner/work/FateLost/FateLost/FateLost/Resources/Assets.xcassets

ExecuteExternalTool /Applications/Xcode_26.3.app/Contents/Developer/Toolchains/XcodeDefault.xctoolchain/usr/bin/clang -v -E -dM -arch arm64 -isysroot /Applications/Xcode_26.3.app/Contents/Developer/Platforms/iPhoneSimulator.platform/Developer/SDKs/iPhoneSimulator26.2.sdk -x c -c /dev/null

ExecuteExternalTool /Applications/Xcode_26.3.app/Contents/Developer/Toolchains/XcodeDefault.xctoolchain/usr/bin/ld -version_details

ExecuteExternalTool /Applications/Xcode_26.3.app/Contents/Developer/usr/bin/actool --version --output-format xml1

Build description signature: db3831b27681627576d5bd9f500b6622
Build description path: /Users/runner/work/FateLost/FateLost/build-tests/Build/Intermediates.noindex/XCBuildData/db3831b27681627576d5bd9f500b6622.xcbuilddata
ClangStatCache /Applications/Xcode_26.3.app/Contents/Developer/Toolchains/XcodeDefault.xctoolchain/usr/bin/clang-stat-cache /Applications/Xcode_26.3.app/Contents/Developer/Platforms/iPhoneSimulator.platform/Developer/SDKs/iPhoneSimulator26.2.sdk /Users/runner/work/FateLost/FateLost/build-tests/SDKStatCaches.noindex/iphonesimulator26.2-23C57-dc75598d0054f22ec865fa860f139d72e244bd9a5feaf902f95f61bf06266e52.sdkstatcache
    cd /Users/runner/work/FateLost/FateLost/FateLost.xcodeproj
    /Applications/Xcode_26.3.app/Contents/Developer/Toolchains/XcodeDefault.xctoolchain/usr/bin/clang-stat-cache /Applications/Xcode_26.3.app/Contents/Developer/Platforms/iPhoneSimulator.platform/Developer/SDKs/iPhoneSimulator26.2.sdk -o /Users/runner/work/FateLost/FateLost/build-tests/SDKStatCaches.noindex/iphonesimulator26.2-23C57-dc75598d0054f22ec865fa860f139d72e244bd9a5feaf902f95f61bf06266e52.sdkstatcache

CreateBuildDirectory /Users/runner/work/FateLost/FateLost/build-tests/Build/Products
    cd /Users/runner/work/FateLost/FateLost/FateLost.xcodeproj
    builtin-create-build-directory /Users/runner/work/FateLost/FateLost/build-tests/Build/Products

CreateBuildDirectory /Users/runner/work/FateLost/FateLost/build-tests/Build/Intermediates.noindex
    cd /Users/runner/work/FateLost/FateLost/FateLost.xcodeproj
    builtin-create-build-directory /Users/runner/work/FateLost/FateLost/build-tests/Build/Intermediates.noindex

CreateBuildDirectory /Users/runner/work/FateLost/FateLost/build-tests/Build/Products/Debug-iphonesimulator
    cd /Users/runner/work/FateLost/FateLost/FateLost.xcodeproj
    builtin-create-build-directory /Users/runner/work/FateLost/FateLost/build-tests/Build/Products/Debug-iphonesimulator

WriteAuxiliaryFile /Users/runner/work/FateLost/FateLost/build-tests/Build/Intermediates.noindex/FateLost.build/Debug-iphonesimulator/FateLost-b7204f8cf0954d34cbb54ca2f9d32c2a-VFS-iphonesimulator/all-product-headers.yaml
    cd /Users/runner/work/FateLost/FateLost/FateLost.xcodeproj
    write-file /Users/runner/work/FateLost/FateLost/build-tests/Build/Intermediates.noindex/FateLost.build/Debug-iphonesimulator/FateLost-b7204f8cf0954d34cbb54ca2f9d32c2a-VFS-iphonesimulator/all-product-headers.yaml

CreateBuildDirectory /Users/runner/work/FateLost/FateLost/build-tests/Build/Intermediates.noindex/SwiftExplicitPrecompiledModules
    cd /Users/runner/work/FateLost/FateLost/FateLost.xcodeproj
    builtin-create-build-directory /Users/runner/work/FateLost/FateLost/build-tests/Build/Intermediates.noindex/SwiftExplicitPrecompiledModules

CreateBuildDirectory /Users/runner/work/FateLost/FateLost/build-tests/Build/Intermediates.noindex/ExplicitPrecompiledModules
    cd /Users/runner/work/FateLost/FateLost/FateLost.xcodeproj
    builtin-create-build-directory /Users/runner/work/FateLost/FateLost/build-tests/Build/Intermediates.noindex/ExplicitPrecompiledModules

CreateBuildDirectory /Users/runner/work/FateLost/FateLost/build-tests/Build/Intermediates.noindex/EagerLinkingTBDs/Debug-iphonesimulator
    cd /Users/runner/work/FateLost/FateLost/FateLost.xcodeproj
    builtin-create-build-directory /Users/runner/work/FateLost/FateLost/build-tests/Build/Intermediates.noindex/EagerLinkingTBDs/Debug-iphonesimulator

CreateBuildDirectory /Users/runner/work/FateLost/FateLost/build-tests/Build/Products/Debug-iphonesimulator/PackageFrameworks
    cd /Users/runner/work/FateLost/FateLost/FateLost.xcodeproj
    builtin-create-build-directory /Users/runner/work/FateLost/FateLost/build-tests/Build/Products/Debug-iphonesimulator/PackageFrameworks

WriteAuxiliaryFile /Users/runner/work/FateLost/FateLost/build-tests/Build/Intermediates.noindex/FateLost.build/Debug-iphonesimulator/FateLostTests.build/empty-FateLostTests.plist (in target 'FateLostTests' from project 'FateLost')
    cd /Users/runner/work/FateLost/FateLost
    write-file /Users/runner/work/FateLost/FateLost/build-tests/Build/Intermediates.noindex/FateLost.build/Debug-iphonesimulator/FateLostTests.build/empty-FateLostTests.plist

WriteAuxiliaryFile /Users/runner/work/FateLost/FateLost/build-tests/Build/Intermediates.noindex/FateLost.build/Debug-iphonesimulator/FateLostTests.build/Objects-normal/arm64/FateLostTests_const_extract_protocols.json (in target 'FateLostTests' from project 'FateLost')
    cd /Users/runner/work/FateLost/FateLost
    write-file /Users/runner/work/FateLost/FateLost/build-tests/Build/Intermediates.noindex/FateLost.build/Debug-iphonesimulator/FateLostTests.build/Objects-normal/arm64/FateLostTests_const_extract_protocols.json

WriteAuxiliaryFile /Users/runner/work/FateLost/FateLost/build-tests/Build/Intermediates.noindex/FateLost.build/Debug-iphonesimulator/FateLostTests.build/Objects-normal/arm64/FateLostTests.SwiftFileList (in target 'FateLostTests' from project 'FateLost')
    cd /Users/runner/work/FateLost/FateLost
    write-file /Users/runner/work/FateLost/FateLost/build-tests/Build/Intermediates.noindex/FateLost.build/Debug-iphonesimulator/FateLostTests.build/Objects-normal/arm64/FateLostTests.SwiftFileList

WriteAuxiliaryFile /Users/runner/work/FateLost/FateLost/build-tests/Build/Intermediates.noindex/FateLost.build/Debug-iphonesimulator/FateLostTests.build/Objects-normal/arm64/FateLostTests.SwiftConstValuesFileList (in target 'FateLostTests' from project 'FateLost')
    cd /Users/runner/work/FateLost/FateLost
    write-file /Users/runner/work/FateLost/FateLost/build-tests/Build/Intermediates.noindex/FateLost.build/Debug-iphonesimulator/FateLostTests.build/Objects-normal/arm64/FateLostTests.SwiftConstValuesFileList

WriteAuxiliaryFile /Users/runner/work/FateLost/FateLost/build-tests/Build/Intermediates.noindex/FateLost.build/Debug-iphonesimulator/FateLostTests.build/Objects-normal/arm64/FateLostTests.LinkFileList (in target 'FateLostTests' from project 'FateLost')
    cd /Users/runner/work/FateLost/FateLost
    write-file /Users/runner/work/FateLost/FateLost/build-tests/Build/Intermediates.noindex/FateLost.build/Debug-iphonesimulator/FateLostTests.build/Objects-normal/arm64/FateLostTests.LinkFileList

WriteAuxiliaryFile /Users/runner/work/FateLost/FateLost/build-tests/Build/Intermediates.noindex/FateLost.build/Debug-iphonesimulator/FateLostTests.build/Objects-normal/arm64/FateLostTests-OutputFileMap.json (in target 'FateLostTests' from project 'FateLost')
    cd /Users/runner/work/FateLost/FateLost
    write-file /Users/runner/work/FateLost/FateLost/build-tests/Build/Intermediates.noindex/FateLost.build/Debug-iphonesimulator/FateLostTests.build/Objects-normal/arm64/FateLostTests-OutputFileMap.json

WriteAuxiliaryFile /Users/runner/work/FateLost/FateLost/build-tests/Build/Intermediates.noindex/FateLost.build/Debug-iphonesimulator/FateLostTests.build/FateLostTests.hmap (in target 'FateLostTests' from project 'FateLost')
    cd /Users/runner/work/FateLost/FateLost
    write-file /Users/runner/work/FateLost/FateLost/build-tests/Build/Intermediates.noindex/FateLost.build/Debug-iphonesimulator/FateLostTests.build/FateLostTests.hmap

WriteAuxiliaryFile /Users/runner/work/FateLost/FateLost/build-tests/Build/Intermediates.noindex/FateLost.build/Debug-iphonesimulator/FateLostTests.build/FateLostTests.DependencyStaticMetadataFileList (in target 'FateLostTests' from project 'FateLost')
    cd /Users/runner/work/FateLost/FateLost
    write-file /Users/runner/work/FateLost/FateLost/build-tests/Build/Intermediates.noindex/FateLost.build/Debug-iphonesimulator/FateLostTests.build/FateLostTests.DependencyStaticMetadataFileList

WriteAuxiliaryFile /Users/runner/work/FateLost/FateLost/build-tests/Build/Intermediates.noindex/FateLost.build/Debug-iphonesimulator/FateLostTests.build/FateLostTests.DependencyMetadataFileList (in target 'FateLostTests' from project 'FateLost')
    cd /Users/runner/work/FateLost/FateLost
    write-file /Users/runner/work/FateLost/FateLost/build-tests/Build/Intermediates.noindex/FateLost.build/Debug-iphonesimulator/FateLostTests.build/FateLostTests.DependencyMetadataFileList

WriteAuxiliaryFile /Users/runner/work/FateLost/FateLost/build-tests/Build/Intermediates.noindex/FateLost.build/Debug-iphonesimulator/FateLostTests.build/FateLostTests-project-headers.hmap (in target 'FateLostTests' from project 'FateLost')
    cd /Users/runner/work/FateLost/FateLost
    write-file /Users/runner/work/FateLost/FateLost/build-tests/Build/Intermediates.noindex/FateLost.build/Debug-iphonesimulator/FateLostTests.build/FateLostTests-project-headers.hmap

WriteAuxiliaryFile /Users/runner/work/FateLost/FateLost/build-tests/Build/Intermediates.noindex/FateLost.build/Debug-iphonesimulator/FateLostTests.build/FateLostTests-own-target-headers.hmap (in target 'FateLostTests' from project 'FateLost')
    cd /Users/runner/work/FateLost/FateLost
    write-file /Users/runner/work/FateLost/FateLost/build-tests/Build/Intermediates.noindex/FateLost.build/Debug-iphonesimulator/FateLostTests.build/FateLostTests-own-target-headers.hmap

WriteAuxiliaryFile /Users/runner/work/FateLost/FateLost/build-tests/Build/Intermediates.noindex/FateLost.build/Debug-iphonesimulator/FateLostTests.build/FateLostTests-generated-files.hmap (in target 'FateLostTests' from project 'FateLost')
    cd /Users/runner/work/FateLost/FateLost
    write-file /Users/runner/work/FateLost/FateLost/build-tests/Build/Intermediates.noindex/FateLost.build/Debug-iphonesimulator/FateLostTests.build/FateLostTests-generated-files.hmap

WriteAuxiliaryFile /Users/runner/work/FateLost/FateLost/build-tests/Build/Intermediates.noindex/FateLost.build/Debug-iphonesimulator/FateLostTests.build/FateLostTests-all-target-headers.hmap (in target 'FateLostTests' from project 'FateLost')
    cd /Users/runner/work/FateLost/FateLost
    write-file /Users/runner/work/FateLost/FateLost/build-tests/Build/Intermediates.noindex/FateLost.build/Debug-iphonesimulator/FateLostTests.build/FateLostTests-all-target-headers.hmap

WriteAuxiliaryFile /Users/runner/work/FateLost/FateLost/build-tests/Build/Intermediates.noindex/FateLost.build/Debug-iphonesimulator/FateLostTests.build/FateLostTests-all-non-framework-target-headers.hmap (in target 'FateLostTests' from project 'FateLost')
    cd /Users/runner/work/FateLost/FateLost
    write-file /Users/runner/work/FateLost/FateLost/build-tests/Build/Intermediates.noindex/FateLost.build/Debug-iphonesimulator/FateLostTests.build/FateLostTests-all-non-framework-target-headers.hmap

MkDir /Users/runner/work/FateLost/FateLost/build-tests/Build/Products/Debug-iphonesimulator/FateLost.app/PlugIns/FateLostTests.xctest (in target 'FateLostTests' from project 'FateLost')
    cd /Users/runner/work/FateLost/FateLost
    /bin/mkdir -p /Users/runner/work/FateLost/FateLost/build-tests/Build/Products/Debug-iphonesimulator/FateLost.app/PlugIns/FateLostTests.xctest

ProcessXCFramework /Users/runner/work/FateLost/FateLost/build-tests/SourcePackages/artifacts/swift-package-manager-google-user-messaging-platform/UserMessagingPlatform/UserMessagingPlatform.xcframework /Users/runner/work/FateLost/FateLost/build-tests/Build/Products/Debug-iphonesimulator/UserMessagingPlatform.framework ios simulator
    cd /Users/runner/work/FateLost/FateLost/FateLost.xcodeproj
    builtin-process-xcframework --xcframework /Users/runner/work/FateLost/FateLost/build-tests/SourcePackages/artifacts/swift-package-manager-google-user-messaging-platform/UserMessagingPlatform/UserMessagingPlatform.xcframework --platform ios --environment simulator --target-path /Users/runner/work/FateLost/FateLost/build-tests/Build/Products/Debug-iphonesimulator
/Users/runner/work/FateLost/FateLost/build-tests/SourcePackages/artifacts/swift-package-manager-google-user-messaging-platform/UserMessagingPlatform/UserMessagingPlatform.xcframework:1:1: note: The identity of “UserMessagingPlatform.xcframework” is not recorded in your project.

ProcessXCFramework /Users/runner/work/FateLost/FateLost/build-tests/SourcePackages/artifacts/swift-package-manager-google-mobile-ads/GoogleMobileAds/GoogleMobileAds.xcframework /Users/runner/work/FateLost/FateLost/build-tests/Build/Products/Debug-iphonesimulator/GoogleMobileAds.framework ios simulator
    cd /Users/runner/work/FateLost/FateLost/FateLost.xcodeproj
    builtin-process-xcframework --xcframework /Users/runner/work/FateLost/FateLost/build-tests/SourcePackages/artifacts/swift-package-manager-google-mobile-ads/GoogleMobileAds/GoogleMobileAds.xcframework --platform ios --environment simulator --target-path /Users/runner/work/FateLost/FateLost/build-tests/Build/Products/Debug-iphonesimulator
/Users/runner/work/FateLost/FateLost/build-tests/SourcePackages/artifacts/swift-package-manager-google-mobile-ads/GoogleMobileAds/GoogleMobileAds.xcframework:1:1: note: The identity of “GoogleMobileAds.xcframework” is not recorded in your project.

WriteAuxiliaryFile /Users/runner/work/FateLost/FateLost/build-tests/Build/Intermediates.noindex/GoogleUserMessagingPlatform.build/Debug-iphonesimulator/UserMessagingPlatformTarget.build/UserMessagingPlatformTarget.modulemap (in target 'UserMessagingPlatformTarget' from project 'GoogleUserMessagingPlatform')
    cd /Users/runner/work/FateLost/FateLost/build-tests/SourcePackages/checkouts/swift-package-manager-google-user-messaging-platform
    write-file /Users/runner/work/FateLost/FateLost/build-tests/Build/Intermediates.noindex/GoogleUserMessagingPlatform.build/Debug-iphonesimulator/UserMessagingPlatformTarget.build/UserMessagingPlatformTarget.modulemap

WriteAuxiliaryFile /Users/runner/work/FateLost/FateLost/build-tests/Build/Intermediates.noindex/GoogleUserMessagingPlatform.build/Debug-iphonesimulator/UserMessagingPlatformTarget.build/UserMessagingPlatformTarget.DependencyStaticMetadataFileList (in target 'UserMessagingPlatformTarget' from project 'GoogleUserMessagingPlatform')
    cd /Users/runner/work/FateLost/FateLost/build-tests/SourcePackages/checkouts/swift-package-manager-google-user-messaging-platform
    write-file /Users/runner/work/FateLost/FateLost/build-tests/Build/Intermediates.noindex/GoogleUserMessagingPlatform.build/Debug-iphonesimulator/UserMessagingPlatformTarget.build/UserMessagingPlatformTarget.DependencyStaticMetadataFileList

WriteAuxiliaryFile /Users/runner/work/FateLost/FateLost/build-tests/Build/Intermediates.noindex/GoogleUserMessagingPlatform.build/Debug-iphonesimulator/UserMessagingPlatformTarget.build/UserMessagingPlatformTarget.DependencyMetadataFileList (in target 'UserMessagingPlatformTarget' from project 'GoogleUserMessagingPlatform')
    cd /Users/runner/work/FateLost/FateLost/build-tests/SourcePackages/checkouts/swift-package-manager-google-user-messaging-platform
    write-file /Users/runner/work/FateLost/FateLost/build-tests/Build/Intermediates.noindex/GoogleUserMessagingPlatform.build/Debug-iphonesimulator/UserMessagingPlatformTarget.build/UserMessagingPlatformTarget.DependencyMetadataFileList

WriteAuxiliaryFile /Users/runner/work/FateLost/FateLost/build-tests/Build/Intermediates.noindex/GoogleUserMessagingPlatform.build/Debug-iphonesimulator/UserMessagingPlatformTarget.build/Objects-normal/arm64/e6072d4f65d7061329687fe24e3d63a7-common-args.resp (in target 'UserMessagingPlatformTarget' from project 'GoogleUserMessagingPlatform')
    cd /Users/runner/work/FateLost/FateLost/build-tests/SourcePackages/checkouts/swift-package-manager-google-user-messaging-platform
    write-file /Users/runner/work/FateLost/FateLost/build-tests/Build/Intermediates.noindex/GoogleUserMessagingPlatform.build/Debug-iphonesimulator/UserMessagingPlatformTarget.build/Objects-normal/arm64/e6072d4f65d7061329687fe24e3d63a7-common-args.resp
-target arm64-apple-ios12.0-simulator -fobjc-arc -fmodules -gmodules '-fmodules-cache-path=/Users/runner/work/FateLost/FateLost/build-tests/ModuleCache.noindex' '-fmodule-name=UserMessagingPlatformTarget' -fpascal-strings -O0 -DSWIFT_PACKAGE '-DDEBUG=1' '-DOBJC_OLD_DISPATCH_PROTOTYPES=1' -isysroot /Applications/Xcode_26.3.app/Contents/Developer/Platforms/iPhoneSimulator.platform/Developer/SDKs/iPhoneSimulator26.2.sdk -g '-fobjc-abi-version=2' -fobjc-legacy-dispatch -I/Users/runner/work/FateLost/FateLost/build-tests/Build/Products/Debug-iphonesimulator/include -I/Users/runner/work/FateLost/FateLost/build-tests/SourcePackages/checkouts/swift-package-manager-google-user-messaging-platform/UserMessagingPlatformTarget/include -I/Users/runner/work/FateLost/FateLost/build-tests/Build/Intermediates.noindex/GoogleUserMessagingPlatform.build/Debug-iphonesimulator/UserMessagingPlatformTarget.build/DerivedSources-normal/arm64 -I/Users/runner/work/FateLost/FateLost/build-tests/Build/Intermediates.noindex/GoogleUserMessagingPlatform.build/Debug-iphonesimulator/UserMessagingPlatformTarget.build/DerivedSources/arm64 -I/Users/runner/work/FateLost/FateLost/build-tests/Build/Intermediates.noindex/GoogleUserMessagingPlatform.build/Debug-iphonesimulator/UserMessagingPlatformTarget.build/DerivedSources -F/Users/runner/work/FateLost/FateLost/build-tests/Build/Products/Debug-iphonesimulator -iframework /Applications/Xcode_26.3.app/Contents/Developer/Platforms/iPhoneSimulator.platform/Developer/Library/Frameworks -iframework /Applications/Xcode_26.3.app/Contents/Developer/Platforms/iPhoneSimulator.platform/Developer/SDKs/iPhoneSimulator26.2.sdk/Developer/Library/Frameworks -DXcode

WriteAuxiliaryFile /Users/runner/work/FateLost/FateLost/build-tests/Build/Intermediates.noindex/GoogleUserMessagingPlatform.build/Debug-iphonesimulator/UserMessagingPlatformTarget.build/Objects-normal/arm64/UserMessagingPlatformTarget.LinkFileList (in target 'UserMessagingPlatformTarget' from project 'GoogleUserMessagingPlatform')
    cd /Users/runner/work/FateLost/FateLost/build-tests/SourcePackages/checkouts/swift-package-manager-google-user-messaging-platform
    write-file /Users/runner/work/FateLost/FateLost/build-tests/Build/Intermediates.noindex/GoogleUserMessagingPlatform.build/Debug-iphonesimulator/UserMessagingPlatformTarget.build/Objects-normal/arm64/UserMessagingPlatformTarget.LinkFileList

Copy /Users/runner/work/FateLost/FateLost/build-tests/Build/Intermediates.noindex/GeneratedModuleMaps-iphonesimulator/UserMessagingPlatformTarget.modulemap /Users/runner/work/FateLost/FateLost/build-tests/Build/Intermediates.noindex/GoogleUserMessagingPlatform.build/Debug-iphonesimulator/UserMessagingPlatformTarget.build/UserMessagingPlatformTarget.modulemap (in target 'UserMessagingPlatformTarget' from project 'GoogleUserMessagingPlatform')
    cd /Users/runner/work/FateLost/FateLost/build-tests/SourcePackages/checkouts/swift-package-manager-google-user-messaging-platform
    builtin-copy -exclude .DS_Store -exclude CVS -exclude .svn -exclude .git -exclude .hg -resolve-src-symlinks /Users/runner/work/FateLost/FateLost/build-tests/Build/Intermediates.noindex/GoogleUserMessagingPlatform.build/Debug-iphonesimulator/UserMessagingPlatformTarget.build/UserMessagingPlatformTarget.modulemap /Users/runner/work/FateLost/FateLost/build-tests/Build/Intermediates.noindex/GeneratedModuleMaps-iphonesimulator

WriteAuxiliaryFile /Users/runner/work/FateLost/FateLost/build-tests/Build/Intermediates.noindex/GoogleMobileAds.build/Debug-iphonesimulator/GoogleMobileAdsTarget.build/Objects-normal/arm64/GoogleMobileAdsTarget.SwiftFileList (in target 'GoogleMobileAdsTarget' from project 'GoogleMobileAds')
    cd /Users/runner/work/FateLost/FateLost/build-tests/SourcePackages/checkouts/swift-package-manager-google-mobile-ads
    write-file /Users/runner/work/FateLost/FateLost/build-tests/Build/Intermediates.noindex/GoogleMobileAds.build/Debug-iphonesimulator/GoogleMobileAdsTarget.build/Objects-normal/arm64/GoogleMobileAdsTarget.SwiftFileList

WriteAuxiliaryFile /Users/runner/work/FateLost/FateLost/build-tests/Build/Intermediates.noindex/GoogleMobileAds.build/Debug-iphonesimulator/GoogleMobileAdsTarget.build/Objects-normal/arm64/GoogleMobileAdsTarget_const_extract_protocols.json (in target 'GoogleMobileAdsTarget' from project 'GoogleMobileAds')
    cd /Users/runner/work/FateLost/FateLost/build-tests/SourcePackages/checkouts/swift-package-manager-google-mobile-ads
    write-file /Users/runner/work/FateLost/FateLost/build-tests/Build/Intermediates.noindex/GoogleMobileAds.build/Debug-iphonesimulator/GoogleMobileAdsTarget.build/Objects-normal/arm64/GoogleMobileAdsTarget_const_extract_protocols.json

WriteAuxiliaryFile /Users/runner/work/FateLost/FateLost/build-tests/Build/Intermediates.noindex/GoogleMobileAds.build/Debug-iphonesimulator/GoogleMobileAdsTarget.build/Objects-normal/arm64/GoogleMobileAdsTarget.SwiftConstValuesFileList (in target 'GoogleMobileAdsTarget' from project 'GoogleMobileAds')
    cd /Users/runner/work/FateLost/FateLost/build-tests/SourcePackages/checkouts/swift-package-manager-google-mobile-ads
    write-file /Users/runner/work/FateLost/FateLost/build-tests/Build/Intermediates.noindex/GoogleMobileAds.build/Debug-iphonesimulator/GoogleMobileAdsTarget.build/Objects-normal/arm64/GoogleMobileAdsTarget.SwiftConstValuesFileList

WriteAuxiliaryFile /Users/runner/work/FateLost/FateLost/build-tests/Build/Intermediates.noindex/GoogleMobileAds.build/Debug-iphonesimulator/GoogleMobileAdsTarget.build/Objects-normal/arm64/GoogleMobileAdsTarget.LinkFileList (in target 'GoogleMobileAdsTarget' from project 'GoogleMobileAds')
    cd /Users/runner/work/FateLost/FateLost/build-tests/SourcePackages/checkouts/swift-package-manager-google-mobile-ads
    write-file /Users/runner/work/FateLost/FateLost/build-tests/Build/Intermediates.noindex/GoogleMobileAds.build/Debug-iphonesimulator/GoogleMobileAdsTarget.build/Objects-normal/arm64/GoogleMobileAdsTarget.LinkFileList

WriteAuxiliaryFile /Users/runner/work/FateLost/FateLost/build-tests/Build/Intermediates.noindex/GoogleMobileAds.build/Debug-iphonesimulator/GoogleMobileAdsTarget.build/Objects-normal/arm64/GoogleMobileAdsTarget-OutputFileMap.json (in target 'GoogleMobileAdsTarget' from project 'GoogleMobileAds')
    cd /Users/runner/work/FateLost/FateLost/build-tests/SourcePackages/checkouts/swift-package-manager-google-mobile-ads
    write-file /Users/runner/work/FateLost/FateLost/build-tests/Build/Intermediates.noindex/GoogleMobileAds.build/Debug-iphonesimulator/GoogleMobileAdsTarget.build/Objects-normal/arm64/GoogleMobileAdsTarget-OutputFileMap.json

WriteAuxiliaryFile /Users/runner/work/FateLost/FateLost/build-tests/Build/Intermediates.noindex/GoogleMobileAds.build/Debug-iphonesimulator/GoogleMobileAdsTarget.build/GoogleMobileAdsTarget.modulemap (in target 'GoogleMobileAdsTarget' from project 'GoogleMobileAds')
    cd /Users/runner/work/FateLost/FateLost/build-tests/SourcePackages/checkouts/swift-package-manager-google-mobile-ads
    write-file /Users/runner/work/FateLost/FateLost/build-tests/Build/Intermediates.noindex/GoogleMobileAds.build/Debug-iphonesimulator/GoogleMobileAdsTarget.build/GoogleMobileAdsTarget.modulemap

WriteAuxiliaryFile /Users/runner/work/FateLost/FateLost/build-tests/Build/Intermediates.noindex/GoogleMobileAds.build/Debug-iphonesimulator/GoogleMobileAdsTarget.build/GoogleMobileAdsTarget.DependencyStaticMetadataFileList (in target 'GoogleMobileAdsTarget' from project 'GoogleMobileAds')
    cd /Users/runner/work/FateLost/FateLost/build-tests/SourcePackages/checkouts/swift-package-manager-google-mobile-ads
    write-file /Users/runner/work/FateLost/FateLost/build-tests/Build/Intermediates.noindex/GoogleMobileAds.build/Debug-iphonesimulator/GoogleMobileAdsTarget.build/GoogleMobileAdsTarget.DependencyStaticMetadataFileList

WriteAuxiliaryFile /Users/runner/work/FateLost/FateLost/build-tests/Build/Intermediates.noindex/GoogleMobileAds.build/Debug-iphonesimulator/GoogleMobileAdsTarget.build/GoogleMobileAdsTarget.DependencyMetadataFileList (in target 'GoogleMobileAdsTarget' from project 'GoogleMobileAds')
    cd /Users/runner/work/FateLost/FateLost/build-tests/SourcePackages/checkouts/swift-package-manager-google-mobile-ads
    write-file /Users/runner/work/FateLost/FateLost/build-tests/Build/Intermediates.noindex/GoogleMobileAds.build/Debug-iphonesimulator/GoogleMobileAdsTarget.build/GoogleMobileAdsTarget.DependencyMetadataFileList

Copy /Users/runner/work/FateLost/FateLost/build-tests/Build/Intermediates.noindex/GeneratedModuleMaps-iphonesimulator/GoogleMobileAdsTarget.modulemap /Users/runner/work/FateLost/FateLost/build-tests/Build/Intermediates.noindex/GoogleMobileAds.build/Debug-iphonesimulator/GoogleMobileAdsTarget.build/GoogleMobileAdsTarget.modulemap (in target 'GoogleMobileAdsTarget' from project 'GoogleMobileAds')
    cd /Users/runner/work/FateLost/FateLost/build-tests/SourcePackages/checkouts/swift-package-manager-google-mobile-ads
    builtin-copy -exclude .DS_Store -exclude CVS -exclude .svn -exclude .git -exclude .hg -resolve-src-symlinks /Users/runner/work/FateLost/FateLost/build-tests/Build/Intermediates.noindex/GoogleMobileAds.build/Debug-iphonesimulator/GoogleMobileAdsTarget.build/GoogleMobileAdsTarget.modulemap /Users/runner/work/FateLost/FateLost/build-tests/Build/Intermediates.noindex/GeneratedModuleMaps-iphonesimulator

WriteAuxiliaryFile /Users/runner/work/FateLost/FateLost/build-tests/Build/Intermediates.noindex/FateLost.build/Debug-iphonesimulator/FateLost.build/Objects-normal/arm64/FateLost_const_extract_protocols.json (in target 'FateLost' from project 'FateLost')
    cd /Users/runner/work/FateLost/FateLost
    write-file /Users/runner/work/FateLost/FateLost/build-tests/Build/Intermediates.noindex/FateLost.build/Debug-iphonesimulator/FateLost.build/Objects-normal/arm64/FateLost_const_extract_protocols.json

WriteAuxiliaryFile /Users/runner/work/FateLost/FateLost/build-tests/Build/Intermediates.noindex/FateLost.build/Debug-iphonesimulator/FateLost.build/Objects-normal/arm64/FateLost.SwiftFileList (in target 'FateLost' from project 'FateLost')
    cd /Users/runner/work/FateLost/FateLost
    write-file /Users/runner/work/FateLost/FateLost/build-tests/Build/Intermediates.noindex/FateLost.build/Debug-iphonesimulator/FateLost.build/Objects-normal/arm64/FateLost.SwiftFileList

WriteAuxiliaryFile /Users/runner/work/FateLost/FateLost/build-tests/Build/Intermediates.noindex/FateLost.build/Debug-iphonesimulator/FateLost.build/Objects-normal/arm64/FateLost.SwiftConstValuesFileList (in target 'FateLost' from project 'FateLost')
    cd /Users/runner/work/FateLost/FateLost
    write-file /Users/runner/work/FateLost/FateLost/build-tests/Build/Intermediates.noindex/FateLost.build/Debug-iphonesimulator/FateLost.build/Objects-normal/arm64/FateLost.SwiftConstValuesFileList

WriteAuxiliaryFile /Users/runner/work/FateLost/FateLost/build-tests/Build/Intermediates.noindex/FateLost.build/Debug-iphonesimulator/FateLost.build/Objects-normal/arm64/FateLost.LinkFileList (in target 'FateLost' from project 'FateLost')
    cd /Users/runner/work/FateLost/FateLost
    write-file /Users/runner/work/FateLost/FateLost/build-tests/Build/Intermediates.noindex/FateLost.build/Debug-iphonesimulator/FateLost.build/Objects-normal/arm64/FateLost.LinkFileList

WriteAuxiliaryFile /Users/runner/work/FateLost/FateLost/build-tests/Build/Intermediates.noindex/FateLost.build/Debug-iphonesimulator/FateLost.build/Objects-normal/arm64/FateLost-OutputFileMap.json (in target 'FateLost' from project 'FateLost')
    cd /Users/runner/work/FateLost/FateLost
    write-file /Users/runner/work/FateLost/FateLost/build-tests/Build/Intermediates.noindex/FateLost.build/Debug-iphonesimulator/FateLost.build/Objects-normal/arm64/FateLost-OutputFileMap.json

WriteAuxiliaryFile /Users/runner/work/FateLost/FateLost/build-tests/Build/Intermediates.noindex/FateLost.build/Debug-iphonesimulator/FateLost.build/FateLost.hmap (in target 'FateLost' from project 'FateLost')
    cd /Users/runner/work/FateLost/FateLost
    write-file /Users/runner/work/FateLost/FateLost/build-tests/Build/Intermediates.noindex/FateLost.build/Debug-iphonesimulator/FateLost.build/FateLost.hmap

WriteAuxiliaryFile /Users/runner/work/FateLost/FateLost/build-tests/Build/Intermediates.noindex/FateLost.build/Debug-iphonesimulator/FateLost.build/FateLost.DependencyStaticMetadataFileList (in target 'FateLost' from project 'FateLost')
    cd /Users/runner/work/FateLost/FateLost
    write-file /Users/runner/work/FateLost/FateLost/build-tests/Build/Intermediates.noindex/FateLost.build/Debug-iphonesimulator/FateLost.build/FateLost.DependencyStaticMetadataFileList

WriteAuxiliaryFile /Users/runner/work/FateLost/FateLost/build-tests/Build/Intermediates.noindex/FateLost.build/Debug-iphonesimulator/FateLost.build/FateLost.DependencyMetadataFileList (in target 'FateLost' from project 'FateLost')
    cd /Users/runner/work/FateLost/FateLost
    write-file /Users/runner/work/FateLost/FateLost/build-tests/Build/Intermediates.noindex/FateLost.build/Debug-iphonesimulator/FateLost.build/FateLost.DependencyMetadataFileList

WriteAuxiliaryFile /Users/runner/work/FateLost/FateLost/build-tests/Build/Intermediates.noindex/FateLost.build/Debug-iphonesimulator/FateLost.build/FateLost-project-headers.hmap (in target 'FateLost' from project 'FateLost')
    cd /Users/runner/work/FateLost/FateLost
    write-file /Users/runner/work/FateLost/FateLost/build-tests/Build/Intermediates.noindex/FateLost.build/Debug-iphonesimulator/FateLost.build/FateLost-project-headers.hmap

WriteAuxiliaryFile /Users/runner/work/FateLost/FateLost/build-tests/Build/Intermediates.noindex/FateLost.build/Debug-iphonesimulator/FateLost.build/FateLost-own-target-headers.hmap (in target 'FateLost' from project 'FateLost')
    cd /Users/runner/work/FateLost/FateLost
    write-file /Users/runner/work/FateLost/FateLost/build-tests/Build/Intermediates.noindex/FateLost.build/Debug-iphonesimulator/FateLost.build/FateLost-own-target-headers.hmap

WriteAuxiliaryFile /Users/runner/work/FateLost/FateLost/build-tests/Build/Intermediates.noindex/FateLost.build/Debug-iphonesimulator/FateLost.build/FateLost-generated-files.hmap (in target 'FateLost' from project 'FateLost')
    cd /Users/runner/work/FateLost/FateLost
    write-file /Users/runner/work/FateLost/FateLost/build-tests/Build/Intermediates.noindex/FateLost.build/Debug-iphonesimulator/FateLost.build/FateLost-generated-files.hmap

WriteAuxiliaryFile /Users/runner/work/FateLost/FateLost/build-tests/Build/Intermediates.noindex/FateLost.build/Debug-iphonesimulator/FateLost.build/FateLost-all-target-headers.hmap (in target 'FateLost' from project 'FateLost')
    cd /Users/runner/work/FateLost/FateLost
    write-file /Users/runner/work/FateLost/FateLost/build-tests/Build/Intermediates.noindex/FateLost.build/Debug-iphonesimulator/FateLost.build/FateLost-all-target-headers.hmap

WriteAuxiliaryFile /Users/runner/work/FateLost/FateLost/build-tests/Build/Intermediates.noindex/FateLost.build/Debug-iphonesimulator/FateLost.build/FateLost-all-non-framework-target-headers.hmap (in target 'FateLost' from project 'FateLost')
    cd /Users/runner/work/FateLost/FateLost
    write-file /Users/runner/work/FateLost/FateLost/build-tests/Build/Intermediates.noindex/FateLost.build/Debug-iphonesimulator/FateLost.build/FateLost-all-non-framework-target-headers.hmap

WriteAuxiliaryFile /Users/runner/work/FateLost/FateLost/build-tests/Build/Intermediates.noindex/FateLost.build/Debug-iphonesimulator/FateLost.build/FateLost-DebugDylibPath-normal-arm64.txt (in target 'FateLost' from project 'FateLost')
    cd /Users/runner/work/FateLost/FateLost
    write-file /Users/runner/work/FateLost/FateLost/build-tests/Build/Intermediates.noindex/FateLost.build/Debug-iphonesimulator/FateLost.build/FateLost-DebugDylibPath-normal-arm64.txt

WriteAuxiliaryFile /Users/runner/work/FateLost/FateLost/build-tests/Build/Intermediates.noindex/FateLost.build/Debug-iphonesimulator/FateLost.build/FateLost-DebugDylibInstallName-normal-arm64.txt (in target 'FateLost' from project 'FateLost')
    cd /Users/runner/work/FateLost/FateLost
    write-file /Users/runner/work/FateLost/FateLost/build-tests/Build/Intermediates.noindex/FateLost.build/Debug-iphonesimulator/FateLost.build/FateLost-DebugDylibInstallName-normal-arm64.txt

MkDir /Users/runner/work/FateLost/FateLost/build-tests/Build/Products/Debug-iphonesimulator/FateLost.app/PlugIns (in target 'FateLost' from project 'FateLost')
    cd /Users/runner/work/FateLost/FateLost
    /bin/mkdir -p /Users/runner/work/FateLost/FateLost/build-tests/Build/Products/Debug-iphonesimulator/FateLost.app/PlugIns

MkDir /Users/runner/work/FateLost/FateLost/build-tests/Build/Products/Debug-iphonesimulator/FateLost.app/Frameworks (in target 'FateLost' from project 'FateLost')
    cd /Users/runner/work/FateLost/FateLost
    /bin/mkdir -p /Users/runner/work/FateLost/FateLost/build-tests/Build/Products/Debug-iphonesimulator/FateLost.app/Frameworks

MkDir /Users/runner/work/FateLost/FateLost/build-tests/Build/Products/Debug-iphonesimulator/FateLost.app (in target 'FateLost' from project 'FateLost')
    cd /Users/runner/work/FateLost/FateLost
    /bin/mkdir -p /Users/runner/work/FateLost/FateLost/build-tests/Build/Products/Debug-iphonesimulator/FateLost.app

SwiftDriver GoogleMobileAdsTarget normal arm64 com.apple.xcode.tools.swift.compiler (in target 'GoogleMobileAdsTarget' from project 'GoogleMobileAds')
    cd /Users/runner/work/FateLost/FateLost/FateLost.xcodeproj
    builtin-SwiftDriver -- /Applications/Xcode_26.3.app/Contents/Developer/Toolchains/XcodeDefault.xctoolchain/usr/bin/swiftc -module-name GoogleMobileAdsTarget -Onone -enforce-exclusivity\=checked @/Users/runner/work/FateLost/FateLost/build-tests/Build/Intermediates.noindex/GoogleMobileAds.build/Debug-iphonesimulator/GoogleMobileAdsTarget.build/Objects-normal/arm64/GoogleMobileAdsTarget.SwiftFileList -DSWIFT_PACKAGE -DDEBUG -DSWIFT_MODULE_RESOURCE_BUNDLE_UNAVAILABLE -Xcc -fmodule-map-file\=/Users/runner/work/FateLost/FateLost/build-tests/Build/Intermediates.noindex/GeneratedModuleMaps-iphonesimulator/UserMessagingPlatformTarget.modulemap -DXcode -plugin-path /Applications/Xcode_26.3.app/Contents/Developer/Toolchains/XcodeDefault.xctoolchain/usr/lib/swift/host/plugins/testing -enable-experimental-feature DebugDescriptionMacro -sdk /Applications/Xcode_26.3.app/Contents/Developer/Platforms/iPhoneSimulator.platform/Developer/SDKs/iPhoneSimulator26.2.sdk -target arm64-apple-ios13.0-simulator -g -module-cache-path /Users/runner/work/FateLost/FateLost/build-tests/ModuleCache.noindex -Xfrontend -serialize-debugging-options -enable-testing -suppress-warnings -index-store-path /Users/runner/work/FateLost/FateLost/build-tests/Index.noindex/DataStore -Xcc -D_LIBCPP_HARDENING_MODE\=_LIBCPP_HARDENING_MODE_DEBUG -swift-version 5 -I /Users/runner/work/FateLost/FateLost/build-tests/Build/Products/Debug-iphonesimulator -Isystem /Applications/Xcode_26.3.app/Contents/Developer/Platforms/iPhoneSimulator.platform/Developer/usr/lib -F /Users/runner/work/FateLost/FateLost/build-tests/Build/Products/Debug-iphonesimulator/PackageFrameworks -F /Users/runner/work/FateLost/FateLost/build-tests/Build/Products/Debug-iphonesimulator -F /Applications/Xcode_26.3.app/Contents/Developer/Platforms/iPhoneSimulator.platform/Developer/Library/Frameworks -F /Applications/Xcode_26.3.app/Contents/Developer/Platforms/iPhoneSimulator.platform/Developer/SDKs/iPhoneSimulator26.2.sdk/Developer/Library/Frameworks -parse-as-library -c -j3 -enable-batch-mode -incremental -Xcc -ivfsstatcache -Xcc /Users/runner/work/FateLost/FateLost/build-tests/SDKStatCaches.noindex/iphonesimulator26.2-23C57-dc75598d0054f22ec865fa860f139d72e244bd9a5feaf902f95f61bf06266e52.sdkstatcache -output-file-map /Users/runner/work/FateLost/FateLost/build-tests/Build/Intermediates.noindex/GoogleMobileAds.build/Debug-iphonesimulator/GoogleMobileAdsTarget.build/Objects-normal/arm64/GoogleMobileAdsTarget-OutputFileMap.json -use-frontend-parseable-output -save-temps -no-color-diagnostics -explicit-module-build -module-cache-path /Users/runner/work/FateLost/FateLost/build-tests/Build/Intermediates.noindex/SwiftExplicitPrecompiledModules -clang-scanner-module-cache-path /Users/runner/work/FateLost/FateLost/build-tests/ModuleCache.noindex -sdk-module-cache-path /Users/runner/work/FateLost/FateLost/build-tests/ModuleCache.noindex -serialize-diagnostics -emit-dependencies -emit-module -emit-module-path /Users/runner/work/FateLost/FateLost/build-tests/Build/Intermediates.noindex/GoogleMobileAds.build/Debug-iphonesimulator/GoogleMobileAdsTarget.build/Objects-normal/arm64/GoogleMobileAdsTarget.swiftmodule -validate-clang-modules-once -clang-build-session-file /Users/runner/work/FateLost/FateLost/build-tests/ModuleCache.noindex/Session.modulevalidation -Xcc -I/Users/runner/work/FateLost/FateLost/build-tests/Build/Intermediates.noindex/GoogleMobileAds.build/Debug-iphonesimulator/GoogleMobileAdsTarget.build/swift-overrides.hmap -emit-const-values -Xfrontend -const-gather-protocols-file -Xfrontend /Users/runner/work/FateLost/FateLost/build-tests/Build/Intermediates.noindex/GoogleMobileAds.build/Debug-iphonesimulator/GoogleMobileAdsTarget.build/Objects-normal/arm64/GoogleMobileAdsTarget_const_extract_protocols.json -Xcc -I/Users/runner/work/FateLost/FateLost/build-tests/SourcePackages/checkouts/swift-package-manager-google-user-messaging-platform/UserMessagingPlatformTarget/include -Xcc -I/Users/runner/work/FateLost/FateLost/build-tests/Build/Products/Debug-iphonesimulator/include -Xcc -I/Users/runner/work/FateLost/FateLost/build-tests/Build/Intermediates.noindex/GoogleMobileAds.build/Debug-iphonesimulator/GoogleMobileAdsTarget.build/DerivedSources-normal/arm64 -Xcc -I/Users/runner/work/FateLost/FateLost/build-tests/Build/Intermediates.noindex/GoogleMobileAds.build/Debug-iphonesimulator/GoogleMobileAdsTarget.build/DerivedSources/arm64 -Xcc -I/Users/runner/work/FateLost/FateLost/build-tests/Build/Intermediates.noindex/GoogleMobileAds.build/Debug-iphonesimulator/GoogleMobileAdsTarget.build/DerivedSources -Xcc -DSWIFT_PACKAGE -Xcc -DDEBUG\=1 -emit-objc-header -emit-objc-header-path /Users/runner/work/FateLost/FateLost/build-tests/Build/Intermediates.noindex/GoogleMobileAds.build/Debug-iphonesimulator/GoogleMobileAdsTarget.build/Objects-normal/arm64/GoogleMobileAdsTarget-Swift.h -working-directory /Users/runner/work/FateLost/FateLost/FateLost.xcodeproj -experimental-emit-module-separately -disable-cmo

ScanDependencies /Users/runner/work/FateLost/FateLost/build-tests/Build/Intermediates.noindex/GoogleUserMessagingPlatform.build/Debug-iphonesimulator/UserMessagingPlatformTarget.build/Objects-normal/arm64/placeholder.o /Users/runner/work/FateLost/FateLost/build-tests/SourcePackages/checkouts/swift-package-manager-google-user-messaging-platform/UserMessagingPlatformTarget/placeholder.m normal arm64 objective-c com.apple.compilers.llvm.clang.1_0.compiler (in target 'UserMessagingPlatformTarget' from project 'GoogleUserMessagingPlatform')
    cd /Users/runner/work/FateLost/FateLost/FateLost.xcodeproj
    
    Using response file: /Users/runner/work/FateLost/FateLost/build-tests/Build/Intermediates.noindex/GoogleUserMessagingPlatform.build/Debug-iphonesimulator/UserMessagingPlatformTarget.build/Objects-normal/arm64/e6072d4f65d7061329687fe24e3d63a7-common-args.resp
    
    builtin-ScanDependencies -o /Users/runner/work/FateLost/FateLost/build-tests/Build/Intermediates.noindex/GoogleUserMessagingPlatform.build/Debug-iphonesimulator/UserMessagingPlatformTarget.build/Objects-normal/arm64/placeholder.o.scan -- /Applications/Xcode_26.3.app/Contents/Developer/Toolchains/XcodeDefault.xctoolchain/usr/bin/clang -x objective-c -ivfsstatcache /Users/runner/work/FateLost/FateLost/build-tests/SDKStatCaches.noindex/iphonesimulator26.2-23C57-dc75598d0054f22ec865fa860f139d72e244bd9a5feaf902f95f61bf06266e52.sdkstatcache -fmessage-length\=0 -fdiagnostics-show-note-include-stack -fmacro-backtrace-limit\=0 -fno-color-diagnostics -fmodules-prune-interval\=86400 -fmodules-prune-after\=345600 -fbuild-session-file\=/Users/runner/work/FateLost/FateLost/build-tests/ModuleCache.noindex/Session.modulevalidation -fmodules-validate-once-per-build-session -Wnon-modular-include-in-framework-module -Werror\=non-modular-include-in-framework-module -Wno-trigraphs -Wno-missing-field-initializers -Wno-missing-prototypes -Wno-return-type -Wno-implicit-atomic-properties -Wno-objc-interface-ivars -Wno-arc-repeated-use-of-weak -Wno-missing-braces -Wparentheses -Wswitch -Wno-unused-function -Wno-unused-label -Wno-unused-parameter -Wno-unused-variable -Wunused-value -Wno-empty-body -Wno-uninitialized -Wno-unknown-pragmas -w -Wno-shadow -Wno-four-char-constants -Wno-conversion -Wno-constant-conversion -Wno-int-conversion -Wno-bool-conversion -Wno-enum-conversion -Wno-float-conversion -Wno-non-literal-null-conversion -Wno-objc-literal-conversion -Wshorten-64-to-32 -Wpointer-sign -Wno-newline-eof -Wno-selector -Wno-strict-selector-match -Wno-undeclared-selector -Wno-deprecated-implementations -Wno-implicit-fallthrough -fstrict-aliasing -Wprotocol -Wdeprecated-declarations -Wno-sign-conversion -Wno-infinite-recursion -Wno-comma -Wno-block-capture-autoreleasing -Wno-strict-prototypes -Wno-semicolon-before-method-body -index-store-path /Users/runner/work/FateLost/FateLost/build-tests/Index.noindex/DataStore @/Users/runner/work/FateLost/FateLost/build-tests/Build/Intermediates.noindex/GoogleUserMessagingPlatform.build/Debug-iphonesimulator/UserMessagingPlatformTarget.build/Objects-normal/arm64/e6072d4f65d7061329687fe24e3d63a7-common-args.resp -MMD -MT dependencies -MF /Users/runner/work/FateLost/FateLost/build-tests/Build/Intermediates.noindex/GoogleUserMessagingPlatform.build/Debug-iphonesimulator/UserMessagingPlatformTarget.build/Objects-normal/arm64/placeholder.d --serialize-diagnostics /Users/runner/work/FateLost/FateLost/build-tests/Build/Intermediates.noindex/GoogleUserMessagingPlatform.build/Debug-iphonesimulator/UserMessagingPlatformTarget.build/Objects-normal/arm64/placeholder.dia -c /Users/runner/work/FateLost/FateLost/build-tests/SourcePackages/checkouts/swift-package-manager-google-user-messaging-platform/UserMessagingPlatformTarget/placeholder.m -o /Users/runner/work/FateLost/FateLost/build-tests/Build/Intermediates.noindex/GoogleUserMessagingPlatform.build/Debug-iphonesimulator/UserMessagingPlatformTarget.build/Objects-normal/arm64/placeholder.o -index-unit-output-path /GoogleUserMessagingPlatform.build/Debug-iphonesimulator/UserMessagingPlatformTarget.build/Objects-normal/arm64/placeholder.o

CompileC /Users/runner/work/FateLost/FateLost/build-tests/Build/Intermediates.noindex/GoogleUserMessagingPlatform.build/Debug-iphonesimulator/UserMessagingPlatformTarget.build/Objects-normal/arm64/placeholder.o /Users/runner/work/FateLost/FateLost/build-tests/SourcePackages/checkouts/swift-package-manager-google-user-messaging-platform/UserMessagingPlatformTarget/placeholder.m normal arm64 objective-c com.apple.compilers.llvm.clang.1_0.compiler (in target 'UserMessagingPlatformTarget' from project 'GoogleUserMessagingPlatform')
    cd /Users/runner/work/FateLost/FateLost/FateLost.xcodeproj
    
    Using response file: /Users/runner/work/FateLost/FateLost/build-tests/Build/Intermediates.noindex/GoogleUserMessagingPlatform.build/Debug-iphonesimulator/UserMessagingPlatformTarget.build/Objects-normal/arm64/e6072d4f65d7061329687fe24e3d63a7-common-args.resp
    
    /Applications/Xcode_26.3.app/Contents/Developer/Toolchains/XcodeDefault.xctoolchain/usr/bin/clang -x objective-c -ivfsstatcache /Users/runner/work/FateLost/FateLost/build-tests/SDKStatCaches.noindex/iphonesimulator26.2-23C57-dc75598d0054f22ec865fa860f139d72e244bd9a5feaf902f95f61bf06266e52.sdkstatcache -fmessage-length\=0 -fdiagnostics-show-note-include-stack -fmacro-backtrace-limit\=0 -fno-color-diagnostics -fmodules-prune-interval\=86400 -fmodules-prune-after\=345600 -fbuild-session-file\=/Users/runner/work/FateLost/FateLost/build-tests/ModuleCache.noindex/Session.modulevalidation -fmodules-validate-once-per-build-session -Wnon-modular-include-in-framework-module -Werror\=non-modular-include-in-framework-module -Wno-trigraphs -Wno-missing-field-initializers -Wno-missing-prototypes -Wno-return-type -Wno-implicit-atomic-properties -Wno-objc-interface-ivars -Wno-arc-repeated-use-of-weak -Wno-missing-braces -Wparentheses -Wswitch -Wno-unused-function -Wno-unused-label -Wno-unused-parameter -Wno-unused-variable -Wunused-value -Wno-empty-body -Wno-uninitialized -Wno-unknown-pragmas -w -Wno-shadow -Wno-four-char-constants -Wno-conversion -Wno-constant-conversion -Wno-int-conversion -Wno-bool-conversion -Wno-enum-conversion -Wno-float-conversion -Wno-non-literal-null-conversion -Wno-objc-literal-conversion -Wshorten-64-to-32 -Wpointer-sign -Wno-newline-eof -Wno-selector -Wno-strict-selector-match -Wno-undeclared-selector -Wno-deprecated-implementations -Wno-implicit-fallthrough -fstrict-aliasing -Wprotocol -Wdeprecated-declarations -Wno-sign-conversion -Wno-infinite-recursion -Wno-comma -Wno-block-capture-autoreleasing -Wno-strict-prototypes -Wno-semicolon-before-method-body -index-store-path /Users/runner/work/FateLost/FateLost/build-tests/Index.noindex/DataStore @/Users/runner/work/FateLost/FateLost/build-tests/Build/Intermediates.noindex/GoogleUserMessagingPlatform.build/Debug-iphonesimulator/UserMessagingPlatformTarget.build/Objects-normal/arm64/e6072d4f65d7061329687fe24e3d63a7-common-args.resp -MMD -MT dependencies -MF /Users/runner/work/FateLost/FateLost/build-tests/Build/Intermediates.noindex/GoogleUserMessagingPlatform.build/Debug-iphonesimulator/UserMessagingPlatformTarget.build/Objects-normal/arm64/placeholder.d --serialize-diagnostics /Users/runner/work/FateLost/FateLost/build-tests/Build/Intermediates.noindex/GoogleUserMessagingPlatform.build/Debug-iphonesimulator/UserMessagingPlatformTarget.build/Objects-normal/arm64/placeholder.dia -c /Users/runner/work/FateLost/FateLost/build-tests/SourcePackages/checkouts/swift-package-manager-google-user-messaging-platform/UserMessagingPlatformTarget/placeholder.m -o /Users/runner/work/FateLost/FateLost/build-tests/Build/Intermediates.noindex/GoogleUserMessagingPlatform.build/Debug-iphonesimulator/UserMessagingPlatformTarget.build/Objects-normal/arm64/placeholder.o -index-unit-output-path /GoogleUserMessagingPlatform.build/Debug-iphonesimulator/UserMessagingPlatformTarget.build/Objects-normal/arm64/placeholder.o

SwiftExplicitDependencyGeneratePcm arm64 /Users/runner/work/FateLost/FateLost/build-tests/ModuleCache.noindex/_SwiftConcurrencyShims-8ZIPV2BHW1QGCINQG2R7TB1WD.pcm

SwiftExplicitDependencyGeneratePcm arm64 /Users/runner/work/FateLost/FateLost/build-tests/ModuleCache.noindex/SwiftShims-D3BRE4RS5OFCN82DITOYOS61V.pcm

Ld /Users/runner/work/FateLost/FateLost/build-tests/Build/Products/Debug-iphonesimulator/UserMessagingPlatformTarget.o normal (in target 'UserMessagingPlatformTarget' from project 'GoogleUserMessagingPlatform')
    cd /Users/runner/work/FateLost/FateLost/build-tests/SourcePackages/checkouts/swift-package-manager-google-user-messaging-platform
    /Applications/Xcode_26.3.app/Contents/Developer/Toolchains/XcodeDefault.xctoolchain/usr/bin/clang -Xlinker -reproducible -target arm64-apple-ios12.0-simulator -r -isysroot /Applications/Xcode_26.3.app/Contents/Developer/Platforms/iPhoneSimulator.platform/Developer/SDKs/iPhoneSimulator26.2.sdk -O0 -w -L/Users/runner/work/FateLost/FateLost/build-tests/Build/Intermediates.noindex/EagerLinkingTBDs/Debug-iphonesimulator -L/Users/runner/work/FateLost/FateLost/build-tests/Build/Products/Debug-iphonesimulator -L/Applications/Xcode_26.3.app/Contents/Developer/Platforms/iPhoneSimulator.platform/Developer/usr/lib -F/Users/runner/work/FateLost/FateLost/build-tests/Build/Intermediates.noindex/EagerLinkingTBDs/Debug-iphonesimulator -F/Users/runner/work/FateLost/FateLost/build-tests/Build/Products/Debug-iphonesimulator -iframework /Applications/Xcode_26.3.app/Contents/Developer/Platforms/iPhoneSimulator.platform/Developer/Library/Frameworks -iframework /Applications/Xcode_26.3.app/Contents/Developer/Platforms/iPhoneSimulator.platform/Developer/SDKs/iPhoneSimulator26.2.sdk/Developer/Library/Frameworks -filelist /Users/runner/work/FateLost/FateLost/build-tests/Build/Intermediates.noindex/GoogleUserMessagingPlatform.build/Debug-iphonesimulator/UserMessagingPlatformTarget.build/Objects-normal/arm64/UserMessagingPlatformTarget.LinkFileList -nostdlib -Xlinker -object_path_lto -Xlinker /Users/runner/work/FateLost/FateLost/build-tests/Build/Intermediates.noindex/GoogleUserMessagingPlatform.build/Debug-iphonesimulator/UserMessagingPlatformTarget.build/Objects-normal/arm64/UserMessagingPlatformTarget_lto.o -rdynamic -Xlinker -no_deduplicate -Xlinker -objc_abi_version -Xlinker 2 -Xlinker -dependency_info -Xlinker /Users/runner/work/FateLost/FateLost/build-tests/Build/Intermediates.noindex/GoogleUserMessagingPlatform.build/Debug-iphonesimulator/UserMessagingPlatformTarget.build/Objects-normal/arm64/UserMessagingPlatformTarget_dependency_info.dat -fobjc-arc -fobjc-link-runtime -o /Users/runner/work/FateLost/FateLost/build-tests/Build/Products/Debug-iphonesimulator/UserMessagingPlatformTarget.o

SwiftEmitModule normal arm64 Emitting\ module\ for\ GoogleMobileAdsTarget (in target 'GoogleMobileAdsTarget' from project 'GoogleMobileAds')

SwiftCompile normal arm64 /Users/runner/work/FateLost/FateLost/build-tests/SourcePackages/checkouts/swift-package-manager-google-mobile-ads/GoogleMobileAdsTarget/placeholder.swift (in target 'GoogleMobileAdsTarget' from project 'GoogleMobileAds')
    cd /Users/runner/work/FateLost/FateLost/FateLost.xcodeproj
    

SwiftCompile normal arm64 Compiling\ placeholder.swift /Users/runner/work/FateLost/FateLost/build-tests/SourcePackages/checkouts/swift-package-manager-google-mobile-ads/GoogleMobileAdsTarget/placeholder.swift (in target 'GoogleMobileAdsTarget' from project 'GoogleMobileAds')
SwiftCompile normal arm64 /Users/runner/work/FateLost/FateLost/build-tests/SourcePackages/checkouts/swift-package-manager-google-mobile-ads/GoogleMobileAdsTarget/placeholder.swift (in target 'GoogleMobileAdsTarget' from project 'GoogleMobileAds')
    cd /Users/runner/work/FateLost/FateLost/FateLost.xcodeproj
    

SwiftDriverJobDiscovery normal arm64 Emitting module for GoogleMobileAdsTarget (in target 'GoogleMobileAdsTarget' from project 'GoogleMobileAds')

SwiftDriver\ Compilation\ Requirements GoogleMobileAdsTarget normal arm64 com.apple.xcode.tools.swift.compiler (in target 'GoogleMobileAdsTarget' from project 'GoogleMobileAds')
    cd /Users/runner/work/FateLost/FateLost/FateLost.xcodeproj
    builtin-Swift-Compilation-Requirements -- /Applications/Xcode_26.3.app/Contents/Developer/Toolchains/XcodeDefault.xctoolchain/usr/bin/swiftc -module-name GoogleMobileAdsTarget -Onone -enforce-exclusivity\=checked @/Users/runner/work/FateLost/FateLost/build-tests/Build/Intermediates.noindex/GoogleMobileAds.build/Debug-iphonesimulator/GoogleMobileAdsTarget.build/Objects-normal/arm64/GoogleMobileAdsTarget.SwiftFileList -DSWIFT_PACKAGE -DDEBUG -DSWIFT_MODULE_RESOURCE_BUNDLE_UNAVAILABLE -Xcc -fmodule-map-file\=/Users/runner/work/FateLost/FateLost/build-tests/Build/Intermediates.noindex/GeneratedModuleMaps-iphonesimulator/UserMessagingPlatformTarget.modulemap -DXcode -plugin-path /Applications/Xcode_26.3.app/Contents/Developer/Toolchains/XcodeDefault.xctoolchain/usr/lib/swift/host/plugins/testing -enable-experimental-feature DebugDescriptionMacro -sdk /Applications/Xcode_26.3.app/Contents/Developer/Platforms/iPhoneSimulator.platform/Developer/SDKs/iPhoneSimulator26.2.sdk -target arm64-apple-ios13.0-simulator -g -module-cache-path /Users/runner/work/FateLost/FateLost/build-tests/ModuleCache.noindex -Xfrontend -serialize-debugging-options -enable-testing -suppress-warnings -index-store-path /Users/runner/work/FateLost/FateLost/build-tests/Index.noindex/DataStore -Xcc -D_LIBCPP_HARDENING_MODE\=_LIBCPP_HARDENING_MODE_DEBUG -swift-version 5 -I /Users/runner/work/FateLost/FateLost/build-tests/Build/Products/Debug-iphonesimulator -Isystem /Applications/Xcode_26.3.app/Contents/Developer/Platforms/iPhoneSimulator.platform/Developer/usr/lib -F /Users/runner/work/FateLost/FateLost/build-tests/Build/Products/Debug-iphonesimulator/PackageFrameworks -F /Users/runner/work/FateLost/FateLost/build-tests/Build/Products/Debug-iphonesimulator -F /Applications/Xcode_26.3.app/Contents/Developer/Platforms/iPhoneSimulator.platform/Developer/Library/Frameworks -F /Applications/Xcode_26.3.app/Contents/Developer/Platforms/iPhoneSimulator.platform/Developer/SDKs/iPhoneSimulator26.2.sdk/Developer/Library/Frameworks -parse-as-library -c -j3 -enable-batch-mode -incremental -Xcc -ivfsstatcache -Xcc /Users/runner/work/FateLost/FateLost/build-tests/SDKStatCaches.noindex/iphonesimulator26.2-23C57-dc75598d0054f22ec865fa860f139d72e244bd9a5feaf902f95f61bf06266e52.sdkstatcache -output-file-map /Users/runner/work/FateLost/FateLost/build-tests/Build/Intermediates.noindex/GoogleMobileAds.build/Debug-iphonesimulator/GoogleMobileAdsTarget.build/Objects-normal/arm64/GoogleMobileAdsTarget-OutputFileMap.json -use-frontend-parseable-output -save-temps -no-color-diagnostics -explicit-module-build -module-cache-path /Users/runner/work/FateLost/FateLost/build-tests/Build/Intermediates.noindex/SwiftExplicitPrecompiledModules -clang-scanner-module-cache-path /Users/runner/work/FateLost/FateLost/build-tests/ModuleCache.noindex -sdk-module-cache-path /Users/runner/work/FateLost/FateLost/build-tests/ModuleCache.noindex -serialize-diagnostics -emit-dependencies -emit-module -emit-module-path /Users/runner/work/FateLost/FateLost/build-tests/Build/Intermediates.noindex/GoogleMobileAds.build/Debug-iphonesimulator/GoogleMobileAdsTarget.build/Objects-normal/arm64/GoogleMobileAdsTarget.swiftmodule -validate-clang-modules-once -clang-build-session-file /Users/runner/work/FateLost/FateLost/build-tests/ModuleCache.noindex/Session.modulevalidation -Xcc -I/Users/runner/work/FateLost/FateLost/build-tests/Build/Intermediates.noindex/GoogleMobileAds.build/Debug-iphonesimulator/GoogleMobileAdsTarget.build/swift-overrides.hmap -emit-const-values -Xfrontend -const-gather-protocols-file -Xfrontend /Users/runner/work/FateLost/FateLost/build-tests/Build/Intermediates.noindex/GoogleMobileAds.build/Debug-iphonesimulator/GoogleMobileAdsTarget.build/Objects-normal/arm64/GoogleMobileAdsTarget_const_extract_protocols.json -Xcc -I/Users/runner/work/FateLost/FateLost/build-tests/SourcePackages/checkouts/swift-package-manager-google-user-messaging-platform/UserMessagingPlatformTarget/include -Xcc -I/Users/runner/work/FateLost/FateLost/build-tests/Build/Products/Debug-iphonesimulator/include -Xcc -I/Users/runner/work/FateLost/FateLost/build-tests/Build/Intermediates.noindex/GoogleMobileAds.build/Debug-iphonesimulator/GoogleMobileAdsTarget.build/DerivedSources-normal/arm64 -Xcc -I/Users/runner/work/FateLost/FateLost/build-tests/Build/Intermediates.noindex/GoogleMobileAds.build/Debug-iphonesimulator/GoogleMobileAdsTarget.build/DerivedSources/arm64 -Xcc -I/Users/runner/work/FateLost/FateLost/build-tests/Build/Intermediates.noindex/GoogleMobileAds.build/Debug-iphonesimulator/GoogleMobileAdsTarget.build/DerivedSources -Xcc -DSWIFT_PACKAGE -Xcc -DDEBUG\=1 -emit-objc-header -emit-objc-header-path /Users/runner/work/FateLost/FateLost/build-tests/Build/Intermediates.noindex/GoogleMobileAds.build/Debug-iphonesimulator/GoogleMobileAdsTarget.build/Objects-normal/arm64/GoogleMobileAdsTarget-Swift.h -working-directory /Users/runner/work/FateLost/FateLost/FateLost.xcodeproj -experimental-emit-module-separately -disable-cmo

SwiftMergeGeneratedHeaders /Users/runner/work/FateLost/FateLost/build-tests/Build/Intermediates.noindex/GeneratedModuleMaps-iphonesimulator/GoogleMobileAdsTarget-Swift.h /Users/runner/work/FateLost/FateLost/build-tests/Build/Intermediates.noindex/GoogleMobileAds.build/Debug-iphonesimulator/GoogleMobileAdsTarget.build/Objects-normal/arm64/GoogleMobileAdsTarget-Swift.h (in target 'GoogleMobileAdsTarget' from project 'GoogleMobileAds')
    cd /Users/runner/work/FateLost/FateLost/build-tests/SourcePackages/checkouts/swift-package-manager-google-mobile-ads
    builtin-swiftHeaderTool -arch arm64 /Users/runner/work/FateLost/FateLost/build-tests/Build/Intermediates.noindex/GoogleMobileAds.build/Debug-iphonesimulator/GoogleMobileAdsTarget.build/Objects-normal/arm64/GoogleMobileAdsTarget-Swift.h -o /Users/runner/work/FateLost/FateLost/build-tests/Build/Intermediates.noindex/GeneratedModuleMaps-iphonesimulator/GoogleMobileAdsTarget-Swift.h

Copy /Users/runner/work/FateLost/FateLost/build-tests/Build/Products/Debug-iphonesimulator/GoogleMobileAdsTarget.swiftmodule/arm64-apple-ios-simulator.swiftmodule /Users/runner/work/FateLost/FateLost/build-tests/Build/Intermediates.noindex/GoogleMobileAds.build/Debug-iphonesimulator/GoogleMobileAdsTarget.build/Objects-normal/arm64/GoogleMobileAdsTarget.swiftmodule (in target 'GoogleMobileAdsTarget' from project 'GoogleMobileAds')
    cd /Users/runner/work/FateLost/FateLost/build-tests/SourcePackages/checkouts/swift-package-manager-google-mobile-ads
    builtin-copy -exclude .DS_Store -exclude CVS -exclude .svn -exclude .git -exclude .hg -resolve-src-symlinks -rename /Users/runner/work/FateLost/FateLost/build-tests/Build/Intermediates.noindex/GoogleMobileAds.build/Debug-iphonesimulator/GoogleMobileAdsTarget.build/Objects-normal/arm64/GoogleMobileAdsTarget.swiftmodule /Users/runner/work/FateLost/FateLost/build-tests/Build/Products/Debug-iphonesimulator/GoogleMobileAdsTarget.swiftmodule/arm64-apple-ios-simulator.swiftmodule

Copy /Users/runner/work/FateLost/FateLost/build-tests/Build/Products/Debug-iphonesimulator/GoogleMobileAdsTarget.swiftmodule/arm64-apple-ios-simulator.swiftdoc /Users/runner/work/FateLost/FateLost/build-tests/Build/Intermediates.noindex/GoogleMobileAds.build/Debug-iphonesimulator/GoogleMobileAdsTarget.build/Objects-normal/arm64/GoogleMobileAdsTarget.swiftdoc (in target 'GoogleMobileAdsTarget' from project 'GoogleMobileAds')
    cd /Users/runner/work/FateLost/FateLost/build-tests/SourcePackages/checkouts/swift-package-manager-google-mobile-ads
    builtin-copy -exclude .DS_Store -exclude CVS -exclude .svn -exclude .git -exclude .hg -resolve-src-symlinks -rename /Users/runner/work/FateLost/FateLost/build-tests/Build/Intermediates.noindex/GoogleMobileAds.build/Debug-iphonesimulator/GoogleMobileAdsTarget.build/Objects-normal/arm64/GoogleMobileAdsTarget.swiftdoc /Users/runner/work/FateLost/FateLost/build-tests/Build/Products/Debug-iphonesimulator/GoogleMobileAdsTarget.swiftmodule/arm64-apple-ios-simulator.swiftdoc

Copy /Users/runner/work/FateLost/FateLost/build-tests/Build/Products/Debug-iphonesimulator/GoogleMobileAdsTarget.swiftmodule/arm64-apple-ios-simulator.abi.json /Users/runner/work/FateLost/FateLost/build-tests/Build/Intermediates.noindex/GoogleMobileAds.build/Debug-iphonesimulator/GoogleMobileAdsTarget.build/Objects-normal/arm64/GoogleMobileAdsTarget.abi.json (in target 'GoogleMobileAdsTarget' from project 'GoogleMobileAds')
    cd /Users/runner/work/FateLost/FateLost/build-tests/SourcePackages/checkouts/swift-package-manager-google-mobile-ads
    builtin-copy -exclude .DS_Store -exclude CVS -exclude .svn -exclude .git -exclude .hg -resolve-src-symlinks -rename /Users/runner/work/FateLost/FateLost/build-tests/Build/Intermediates.noindex/GoogleMobileAds.build/Debug-iphonesimulator/GoogleMobileAdsTarget.build/Objects-normal/arm64/GoogleMobileAdsTarget.abi.json /Users/runner/work/FateLost/FateLost/build-tests/Build/Products/Debug-iphonesimulator/GoogleMobileAdsTarget.swiftmodule/arm64-apple-ios-simulator.abi.json

Copy /Users/runner/work/FateLost/FateLost/build-tests/Build/Products/Debug-iphonesimulator/GoogleMobileAdsTarget.swiftmodule/Project/arm64-apple-ios-simulator.swiftsourceinfo /Users/runner/work/FateLost/FateLost/build-tests/Build/Intermediates.noindex/GoogleMobileAds.build/Debug-iphonesimulator/GoogleMobileAdsTarget.build/Objects-normal/arm64/GoogleMobileAdsTarget.swiftsourceinfo (in target 'GoogleMobileAdsTarget' from project 'GoogleMobileAds')
    cd /Users/runner/work/FateLost/FateLost/build-tests/SourcePackages/checkouts/swift-package-manager-google-mobile-ads
    builtin-copy -exclude .DS_Store -exclude CVS -exclude .svn -exclude .git -exclude .hg -resolve-src-symlinks -rename /Users/runner/work/FateLost/FateLost/build-tests/Build/Intermediates.noindex/GoogleMobileAds.build/Debug-iphonesimulator/GoogleMobileAdsTarget.build/Objects-normal/arm64/GoogleMobileAdsTarget.swiftsourceinfo /Users/runner/work/FateLost/FateLost/build-tests/Build/Products/Debug-iphonesimulator/GoogleMobileAdsTarget.swiftmodule/Project/arm64-apple-ios-simulator.swiftsourceinfo

MkDir /Users/runner/work/FateLost/FateLost/build-tests/Build/Intermediates.noindex/FateLost.build/Debug-iphonesimulator/FateLost.build/assetcatalog_output/unthinned (in target 'FateLost' from project 'FateLost')
    cd /Users/runner/work/FateLost/FateLost
    /bin/mkdir -p /Users/runner/work/FateLost/FateLost/build-tests/Build/Intermediates.noindex/FateLost.build/Debug-iphonesimulator/FateLost.build/assetcatalog_output/unthinned

MkDir /Users/runner/work/FateLost/FateLost/build-tests/Build/Intermediates.noindex/FateLost.build/Debug-iphonesimulator/FateLost.build/assetcatalog_output/thinned (in target 'FateLost' from project 'FateLost')
    cd /Users/runner/work/FateLost/FateLost
    /bin/mkdir -p /Users/runner/work/FateLost/FateLost/build-tests/Build/Intermediates.noindex/FateLost.build/Debug-iphonesimulator/FateLost.build/assetcatalog_output/thinned

RegisterExecutionPolicyException /Users/runner/work/FateLost/FateLost/build-tests/Build/Products/Debug-iphonesimulator/UserMessagingPlatformTarget.o (in target 'UserMessagingPlatformTarget' from project 'GoogleUserMessagingPlatform')
    cd /Users/runner/work/FateLost/FateLost/build-tests/SourcePackages/checkouts/swift-package-manager-google-user-messaging-platform
    builtin-RegisterExecutionPolicyException /Users/runner/work/FateLost/FateLost/build-tests/Build/Products/Debug-iphonesimulator/UserMessagingPlatformTarget.o

GenerateAssetSymbols /Users/runner/work/FateLost/FateLost/FateLost/Resources/Assets.xcassets (in target 'FateLost' from project 'FateLost')
    cd /Users/runner/work/FateLost/FateLost
    /Applications/Xcode_26.3.app/Contents/Developer/usr/bin/actool /Users/runner/work/FateLost/FateLost/FateLost/Resources/Assets.xcassets --compile /Users/runner/work/FateLost/FateLost/build-tests/Build/Products/Debug-iphonesimulator/FateLost.app --output-format human-readable-text --notices --warnings --export-dependency-info /Users/runner/work/FateLost/FateLost/build-tests/Build/Intermediates.noindex/FateLost.build/Debug-iphonesimulator/FateLost.build/assetcatalog_dependencies --output-partial-info-plist /Users/runner/work/FateLost/FateLost/build-tests/Build/Intermediates.noindex/FateLost.build/Debug-iphonesimulator/FateLost.build/assetcatalog_generated_info.plist --app-icon AppIcon --accent-color AccentColor --compress-pngs --enable-on-demand-resources YES --development-region en --target-device iphone --target-device ipad --minimum-deployment-target 17.0 --platform iphonesimulator --bundle-identifier com.wickedstudios.fatelost --generate-swift-asset-symbol-extensions NO --generate-swift-asset-symbols /Users/runner/work/FateLost/FateLost/build-tests/Build/Intermediates.noindex/FateLost.build/Debug-iphonesimulator/FateLost.build/DerivedSources/GeneratedAssetSymbols.swift --generate-objc-asset-symbols /Users/runner/work/FateLost/FateLost/build-tests/Build/Intermediates.noindex/FateLost.build/Debug-iphonesimulator/FateLost.build/DerivedSources/GeneratedAssetSymbols.h --generate-asset-symbol-index /Users/runner/work/FateLost/FateLost/build-tests/Build/Intermediates.noindex/FateLost.build/Debug-iphonesimulator/FateLost.build/DerivedSources/GeneratedAssetSymbols-Index.plist
/* com.apple.actool.compilation-results */
/Users/runner/work/FateLost/FateLost/build-tests/Build/Intermediates.noindex/FateLost.build/Debug-iphonesimulator/FateLost.build/DerivedSources/GeneratedAssetSymbols-Index.plist
/Users/runner/work/FateLost/FateLost/build-tests/Build/Intermediates.noindex/FateLost.build/Debug-iphonesimulator/FateLost.build/DerivedSources/GeneratedAssetSymbols.h
/Users/runner/work/FateLost/FateLost/build-tests/Build/Intermediates.noindex/FateLost.build/Debug-iphonesimulator/FateLost.build/DerivedSources/GeneratedAssetSymbols.swift


CompileAssetCatalogVariant thinned /Users/runner/work/FateLost/FateLost/build-tests/Build/Products/Debug-iphonesimulator/FateLost.app /Users/runner/work/FateLost/FateLost/FateLost/Resources/Assets.xcassets (in target 'FateLost' from project 'FateLost')
    cd /Users/runner/work/FateLost/FateLost
    /Applications/Xcode_26.3.app/Contents/Developer/usr/bin/actool /Users/runner/work/FateLost/FateLost/FateLost/Resources/Assets.xcassets --compile /Users/runner/work/FateLost/FateLost/build-tests/Build/Intermediates.noindex/FateLost.build/Debug-iphonesimulator/FateLost.build/assetcatalog_output/thinned --output-format human-readable-text --notices --warnings --export-dependency-info /Users/runner/work/FateLost/FateLost/build-tests/Build/Intermediates.noindex/FateLost.build/Debug-iphonesimulator/FateLost.build/assetcatalog_dependencies_thinned --output-partial-info-plist /Users/runner/work/FateLost/FateLost/build-tests/Build/Intermediates.noindex/FateLost.build/Debug-iphonesimulator/FateLost.build/assetcatalog_generated_info.plist_thinned --app-icon AppIcon --accent-color AccentColor --compress-pngs --enable-on-demand-resources YES --filter-for-thinning-device-configuration iPhone18,1 --filter-for-device-os-version 26.2 --development-region en --target-device iphone --target-device ipad --minimum-deployment-target 17.0 --platform iphonesimulator
/* com.apple.actool.compilation-results */
/Users/runner/work/FateLost/FateLost/build-tests/Build/Intermediates.noindex/FateLost.build/Debug-iphonesimulator/FateLost.build/assetcatalog_generated_info.plist_thinned
/Users/runner/work/FateLost/FateLost/build-tests/Build/Intermediates.noindex/FateLost.build/Debug-iphonesimulator/FateLost.build/assetcatalog_output/thinned/AppIcon60x60@2x.png
/Users/runner/work/FateLost/FateLost/build-tests/Build/Intermediates.noindex/FateLost.build/Debug-iphonesimulator/FateLost.build/assetcatalog_output/thinned/AppIcon76x76@2x~ipad.png
/Users/runner/work/FateLost/FateLost/build-tests/Build/Intermediates.noindex/FateLost.build/Debug-iphonesimulator/FateLost.build/assetcatalog_output/thinned/Assets.car


SwiftDriver FateLost normal arm64 com.apple.xcode.tools.swift.compiler (in target 'FateLost' from project 'FateLost')
    cd /Users/runner/work/FateLost/FateLost
    builtin-SwiftDriver -- /Applications/Xcode_26.3.app/Contents/Developer/Toolchains/XcodeDefault.xctoolchain/usr/bin/swiftc -module-name FateLost -Onone -enforce-exclusivity\=checked @/Users/runner/work/FateLost/FateLost/build-tests/Build/Intermediates.noindex/FateLost.build/Debug-iphonesimulator/FateLost.build/Objects-normal/arm64/FateLost.SwiftFileList -DDEBUG -DFATELOST_DEVTOOLS -Xcc -fmodule-map-file\=/Users/runner/work/FateLost/FateLost/build-tests/Build/Intermediates.noindex/GeneratedModuleMaps-iphonesimulator/UserMessagingPlatformTarget.modulemap -enable-bare-slash-regex -enable-experimental-feature DebugDescriptionMacro -sdk /Applications/Xcode_26.3.app/Contents/Developer/Platforms/iPhoneSimulator.platform/Developer/SDKs/iPhoneSimulator26.2.sdk -target arm64-apple-ios17.0-simulator -g -module-cache-path /Users/runner/work/FateLost/FateLost/build-tests/ModuleCache.noindex -Xfrontend -serialize-debugging-options -enable-testing -index-store-path /Users/runner/work/FateLost/FateLost/build-tests/Index.noindex/DataStore -Xcc -D_LIBCPP_HARDENING_MODE\=_LIBCPP_HARDENING_MODE_DEBUG -swift-version 5 -I /Users/runner/work/FateLost/FateLost/build-tests/Build/Products/Debug-iphonesimulator -F /Users/runner/work/FateLost/FateLost/build-tests/Build/Products/Debug-iphonesimulator/PackageFrameworks -F /Users/runner/work/FateLost/FateLost/build-tests/Build/Products/Debug-iphonesimulator/PackageFrameworks -F /Users/runner/work/FateLost/FateLost/build-tests/Build/Products/Debug-iphonesimulator -emit-localized-strings -emit-localized-strings-path /Users/runner/work/FateLost/FateLost/build-tests/Build/Intermediates.noindex/FateLost.build/Debug-iphonesimulator/FateLost.build/Objects-normal/arm64 -c -j3 -enable-batch-mode -incremental -Xcc -ivfsstatcache -Xcc /Users/runner/work/FateLost/FateLost/build-tests/SDKStatCaches.noindex/iphonesimulator26.2-23C57-dc75598d0054f22ec865fa860f139d72e244bd9a5feaf902f95f61bf06266e52.sdkstatcache -output-file-map /Users/runner/work/FateLost/FateLost/build-tests/Build/Intermediates.noindex/FateLost.build/Debug-iphonesimulator/FateLost.build/Objects-normal/arm64/FateLost-OutputFileMap.json -use-frontend-parseable-output -save-temps -no-color-diagnostics -explicit-module-build -module-cache-path /Users/runner/work/FateLost/FateLost/build-tests/Build/Intermediates.noindex/SwiftExplicitPrecompiledModules -clang-scanner-module-cache-path /Users/runner/work/FateLost/FateLost/build-tests/ModuleCache.noindex -sdk-module-cache-path /Users/runner/work/FateLost/FateLost/build-tests/ModuleCache.noindex -serialize-diagnostics -emit-dependencies -emit-module -emit-module-path /Users/runner/work/FateLost/FateLost/build-tests/Build/Intermediates.noindex/FateLost.build/Debug-iphonesimulator/FateLost.build/Objects-normal/arm64/FateLost.swiftmodule -validate-clang-modules-once -clang-build-session-file /Users/runner/work/FateLost/FateLost/build-tests/ModuleCache.noindex/Session.modulevalidation -Xcc -I/Users/runner/work/FateLost/FateLost/build-tests/Build/Intermediates.noindex/FateLost.build/Debug-iphonesimulator/FateLost.build/swift-overrides.hmap -emit-const-values -Xfrontend -const-gather-protocols-file -Xfrontend /Users/runner/work/FateLost/FateLost/build-tests/Build/Intermediates.noindex/FateLost.build/Debug-iphonesimulator/FateLost.build/Objects-normal/arm64/FateLost_const_extract_protocols.json -Xcc -iquote -Xcc /Users/runner/work/FateLost/FateLost/build-tests/Build/Intermediates.noindex/FateLost.build/Debug-iphonesimulator/FateLost.build/FateLost-generated-files.hmap -Xcc -I/Users/runner/work/FateLost/FateLost/build-tests/Build/Intermediates.noindex/FateLost.build/Debug-iphonesimulator/FateLost.build/FateLost-own-target-headers.hmap -Xcc -I/Users/runner/work/FateLost/FateLost/build-tests/Build/Intermediates.noindex/FateLost.build/Debug-iphonesimulator/FateLost.build/FateLost-all-non-framework-target-headers.hmap -Xcc -ivfsoverlay -Xcc /Users/runner/work/FateLost/FateLost/build-tests/Build/Intermediates.noindex/FateLost.build/Debug-iphonesimulator/FateLost-b7204f8cf0954d34cbb54ca2f9d32c2a-VFS-iphonesimulator/all-product-headers.yaml -Xcc -iquote -Xcc /Users/runner/work/FateLost/FateLost/build-tests/Build/Intermediates.noindex/FateLost.build/Debug-iphonesimulator/FateLost.build/FateLost-project-headers.hmap -Xcc -I/Users/runner/work/FateLost/FateLost/build-tests/SourcePackages/checkouts/swift-package-manager-google-user-messaging-platform/UserMessagingPlatformTarget/include -Xcc -I/Users/runner/work/FateLost/FateLost/build-tests/Build/Products/Debug-iphonesimulator/include -Xcc -I/Users/runner/work/FateLost/FateLost/build-tests/Build/Intermediates.noindex/FateLost.build/Debug-iphonesimulator/FateLost.build/DerivedSources-normal/arm64 -Xcc -I/Users/runner/work/FateLost/FateLost/build-tests/Build/Intermediates.noindex/FateLost.build/Debug-iphonesimulator/FateLost.build/DerivedSources/arm64 -Xcc -I/Users/runner/work/FateLost/FateLost/build-tests/Build/Intermediates.noindex/FateLost.build/Debug-iphonesimulator/FateLost.build/DerivedSources -emit-objc-header -emit-objc-header-path /Users/runner/work/FateLost/FateLost/build-tests/Build/Intermediates.noindex/FateLost.build/Debug-iphonesimulator/FateLost.build/Objects-normal/arm64/FateLost-Swift.h -working-directory /Users/runner/work/FateLost/FateLost -experimental-emit-module-separately -disable-cmo

SwiftDriverJobDiscovery normal arm64 Compiling placeholder.swift (in target 'GoogleMobileAdsTarget' from project 'GoogleMobileAds')

SwiftDriver\ Compilation GoogleMobileAdsTarget normal arm64 com.apple.xcode.tools.swift.compiler (in target 'GoogleMobileAdsTarget' from project 'GoogleMobileAds')
    cd /Users/runner/work/FateLost/FateLost/FateLost.xcodeproj
    builtin-Swift-Compilation -- /Applications/Xcode_26.3.app/Contents/Developer/Toolchains/XcodeDefault.xctoolchain/usr/bin/swiftc -module-name GoogleMobileAdsTarget -Onone -enforce-exclusivity\=checked @/Users/runner/work/FateLost/FateLost/build-tests/Build/Intermediates.noindex/GoogleMobileAds.build/Debug-iphonesimulator/GoogleMobileAdsTarget.build/Objects-normal/arm64/GoogleMobileAdsTarget.SwiftFileList -DSWIFT_PACKAGE -DDEBUG -DSWIFT_MODULE_RESOURCE_BUNDLE_UNAVAILABLE -Xcc -fmodule-map-file\=/Users/runner/work/FateLost/FateLost/build-tests/Build/Intermediates.noindex/GeneratedModuleMaps-iphonesimulator/UserMessagingPlatformTarget.modulemap -DXcode -plugin-path /Applications/Xcode_26.3.app/Contents/Developer/Toolchains/XcodeDefault.xctoolchain/usr/lib/swift/host/plugins/testing -enable-experimental-feature DebugDescriptionMacro -sdk /Applications/Xcode_26.3.app/Contents/Developer/Platforms/iPhoneSimulator.platform/Developer/SDKs/iPhoneSimulator26.2.sdk -target arm64-apple-ios13.0-simulator -g -module-cache-path /Users/runner/work/FateLost/FateLost/build-tests/ModuleCache.noindex -Xfrontend -serialize-debugging-options -enable-testing -suppress-warnings -index-store-path /Users/runner/work/FateLost/FateLost/build-tests/Index.noindex/DataStore -Xcc -D_LIBCPP_HARDENING_MODE\=_LIBCPP_HARDENING_MODE_DEBUG -swift-version 5 -I /Users/runner/work/FateLost/FateLost/build-tests/Build/Products/Debug-iphonesimulator -Isystem /Applications/Xcode_26.3.app/Contents/Developer/Platforms/iPhoneSimulator.platform/Developer/usr/lib -F /Users/runner/work/FateLost/FateLost/build-tests/Build/Products/Debug-iphonesimulator/PackageFrameworks -F /Users/runner/work/FateLost/FateLost/build-tests/Build/Products/Debug-iphonesimulator -F /Applications/Xcode_26.3.app/Contents/Developer/Platforms/iPhoneSimulator.platform/Developer/Library/Frameworks -F /Applications/Xcode_26.3.app/Contents/Developer/Platforms/iPhoneSimulator.platform/Developer/SDKs/iPhoneSimulator26.2.sdk/Developer/Library/Frameworks -parse-as-library -c -j3 -enable-batch-mode -incremental -Xcc -ivfsstatcache -Xcc /Users/runner/work/FateLost/FateLost/build-tests/SDKStatCaches.noindex/iphonesimulator26.2-23C57-dc75598d0054f22ec865fa860f139d72e244bd9a5feaf902f95f61bf06266e52.sdkstatcache -output-file-map /Users/runner/work/FateLost/FateLost/build-tests/Build/Intermediates.noindex/GoogleMobileAds.build/Debug-iphonesimulator/GoogleMobileAdsTarget.build/Objects-normal/arm64/GoogleMobileAdsTarget-OutputFileMap.json -use-frontend-parseable-output -save-temps -no-color-diagnostics -explicit-module-build -module-cache-path /Users/runner/work/FateLost/FateLost/build-tests/Build/Intermediates.noindex/SwiftExplicitPrecompiledModules -clang-scanner-module-cache-path /Users/runner/work/FateLost/FateLost/build-tests/ModuleCache.noindex -sdk-module-cache-path /Users/runner/work/FateLost/FateLost/build-tests/ModuleCache.noindex -serialize-diagnostics -emit-dependencies -emit-module -emit-module-path /Users/runner/work/FateLost/FateLost/build-tests/Build/Intermediates.noindex/GoogleMobileAds.build/Debug-iphonesimulator/GoogleMobileAdsTarget.build/Objects-normal/arm64/GoogleMobileAdsTarget.swiftmodule -validate-clang-modules-once -clang-build-session-file /Users/runner/work/FateLost/FateLost/build-tests/ModuleCache.noindex/Session.modulevalidation -Xcc -I/Users/runner/work/FateLost/FateLost/build-tests/Build/Intermediates.noindex/GoogleMobileAds.build/Debug-iphonesimulator/GoogleMobileAdsTarget.build/swift-overrides.hmap -emit-const-values -Xfrontend -const-gather-protocols-file -Xfrontend /Users/runner/work/FateLost/FateLost/build-tests/Build/Intermediates.noindex/GoogleMobileAds.build/Debug-iphonesimulator/GoogleMobileAdsTarget.build/Objects-normal/arm64/GoogleMobileAdsTarget_const_extract_protocols.json -Xcc -I/Users/runner/work/FateLost/FateLost/build-tests/SourcePackages/checkouts/swift-package-manager-google-user-messaging-platform/UserMessagingPlatformTarget/include -Xcc -I/Users/runner/work/FateLost/FateLost/build-tests/Build/Products/Debug-iphonesimulator/include -Xcc -I/Users/runner/work/FateLost/FateLost/build-tests/Build/Intermediates.noindex/GoogleMobileAds.build/Debug-iphonesimulator/GoogleMobileAdsTarget.build/DerivedSources-normal/arm64 -Xcc -I/Users/runner/work/FateLost/FateLost/build-tests/Build/Intermediates.noindex/GoogleMobileAds.build/Debug-iphonesimulator/GoogleMobileAdsTarget.build/DerivedSources/arm64 -Xcc -I/Users/runner/work/FateLost/FateLost/build-tests/Build/Intermediates.noindex/GoogleMobileAds.build/Debug-iphonesimulator/GoogleMobileAdsTarget.build/DerivedSources -Xcc -DSWIFT_PACKAGE -Xcc -DDEBUG\=1 -emit-objc-header -emit-objc-header-path /Users/runner/work/FateLost/FateLost/build-tests/Build/Intermediates.noindex/GoogleMobileAds.build/Debug-iphonesimulator/GoogleMobileAdsTarget.build/Objects-normal/arm64/GoogleMobileAdsTarget-Swift.h -working-directory /Users/runner/work/FateLost/FateLost/FateLost.xcodeproj -experimental-emit-module-separately -disable-cmo

Ld /Users/runner/work/FateLost/FateLost/build-tests/Build/Products/Debug-iphonesimulator/GoogleMobileAdsTarget.o normal (in target 'GoogleMobileAdsTarget' from project 'GoogleMobileAds')
    cd /Users/runner/work/FateLost/FateLost/build-tests/SourcePackages/checkouts/swift-package-manager-google-mobile-ads
    /Applications/Xcode_26.3.app/Contents/Developer/Toolchains/XcodeDefault.xctoolchain/usr/bin/clang -Xlinker -reproducible -target arm64-apple-ios13.0-simulator -r -isysroot /Applications/Xcode_26.3.app/Contents/Developer/Platforms/iPhoneSimulator.platform/Developer/SDKs/iPhoneSimulator26.2.sdk -O0 -w -L/Users/runner/work/FateLost/FateLost/build-tests/Build/Intermediates.noindex/EagerLinkingTBDs/Debug-iphonesimulator -L/Users/runner/work/FateLost/FateLost/build-tests/Build/Products/Debug-iphonesimulator -L/Applications/Xcode_26.3.app/Contents/Developer/Platforms/iPhoneSimulator.platform/Developer/usr/lib -F/Users/runner/work/FateLost/FateLost/build-tests/Build/Intermediates.noindex/EagerLinkingTBDs/Debug-iphonesimulator -F/Users/runner/work/FateLost/FateLost/build-tests/Build/Products/Debug-iphonesimulator/PackageFrameworks -F/Users/runner/work/FateLost/FateLost/build-tests/Build/Products/Debug-iphonesimulator -iframework /Applications/Xcode_26.3.app/Contents/Developer/Platforms/iPhoneSimulator.platform/Developer/Library/Frameworks -iframework /Applications/Xcode_26.3.app/Contents/Developer/Platforms/iPhoneSimulator.platform/Developer/SDKs/iPhoneSimulator26.2.sdk/Developer/Library/Frameworks -filelist /Users/runner/work/FateLost/FateLost/build-tests/Build/Intermediates.noindex/GoogleMobileAds.build/Debug-iphonesimulator/GoogleMobileAdsTarget.build/Objects-normal/arm64/GoogleMobileAdsTarget.LinkFileList -nostdlib -Xlinker -object_path_lto -Xlinker /Users/runner/work/FateLost/FateLost/build-tests/Build/Intermediates.noindex/GoogleMobileAds.build/Debug-iphonesimulator/GoogleMobileAdsTarget.build/Objects-normal/arm64/GoogleMobileAdsTarget_lto.o -rdynamic -Xlinker -no_deduplicate -Xlinker -objc_abi_version -Xlinker 2 -Xlinker -dependency_info -Xlinker /Users/runner/work/FateLost/FateLost/build-tests/Build/Intermediates.noindex/GoogleMobileAds.build/Debug-iphonesimulator/GoogleMobileAdsTarget.build/Objects-normal/arm64/GoogleMobileAdsTarget_dependency_info.dat -fobjc-link-runtime -L/Applications/Xcode_26.3.app/Contents/Developer/Toolchains/XcodeDefault.xctoolchain/usr/lib/swift/iphonesimulator -L/usr/lib/swift -Xlinker -add_ast_path -Xlinker /Users/runner/work/FateLost/FateLost/build-tests/Build/Intermediates.noindex/GoogleMobileAds.build/Debug-iphonesimulator/GoogleMobileAdsTarget.build/Objects-normal/arm64/GoogleMobileAdsTarget.swiftmodule @/Users/runner/work/FateLost/FateLost/build-tests/Build/Intermediates.noindex/GoogleMobileAds.build/Debug-iphonesimulator/GoogleMobileAdsTarget.build/Objects-normal/arm64/GoogleMobileAdsTarget-linker-args.resp -o /Users/runner/work/FateLost/FateLost/build-tests/Build/Products/Debug-iphonesimulator/GoogleMobileAdsTarget.o

ExtractAppIntentsMetadata (in target 'GoogleMobileAdsTarget' from project 'GoogleMobileAds')
    cd /Users/runner/work/FateLost/FateLost/build-tests/SourcePackages/checkouts/swift-package-manager-google-mobile-ads
    /Applications/Xcode_26.3.app/Contents/Developer/Toolchains/XcodeDefault.xctoolchain/usr/bin/appintentsmetadataprocessor --toolchain-dir /var/run/com.apple.security.cryptexd/mnt/com.apple.MobileAsset.MetalToolchain-v17.3.7003.10.uU9dXX/Metal.xctoolchain --module-name GoogleMobileAdsTarget --sdk-root /Applications/Xcode_26.3.app/Contents/Developer/Platforms/iPhoneSimulator.platform/Developer/SDKs/iPhoneSimulator26.2.sdk --xcode-version 17C529 --platform-family iOS --deployment-target 13.0 --bundle-identifier swift-package-manager-google-mobile-ads.GoogleMobileAdsTarget --output /Users/runner/work/FateLost/FateLost/build-tests/Build/Products/Debug-iphonesimulator/GoogleMobileAdsTarget.appintents --target-triple arm64-apple-ios13.0-simulator --binary-file /Users/runner/work/FateLost/FateLost/build-tests/Build/Products/Debug-iphonesimulator/GoogleMobileAdsTarget.o --dependency-file /Users/runner/work/FateLost/FateLost/build-tests/Build/Intermediates.noindex/GoogleMobileAds.build/Debug-iphonesimulator/GoogleMobileAdsTarget.build/Objects-normal/arm64/GoogleMobileAdsTarget_dependency_info.dat --stringsdata-file /Users/runner/work/FateLost/FateLost/build-tests/Build/Intermediates.noindex/GoogleMobileAds.build/Debug-iphonesimulator/GoogleMobileAdsTarget.build/Objects-normal/arm64/ExtractedAppShortcutsMetadata.stringsdata --source-file-list /Users/runner/work/FateLost/FateLost/build-tests/Build/Intermediates.noindex/GoogleMobileAds.build/Debug-iphonesimulator/GoogleMobileAdsTarget.build/Objects-normal/arm64/GoogleMobileAdsTarget.SwiftFileList --metadata-file-list /Users/runner/work/FateLost/FateLost/build-tests/Build/Intermediates.noindex/GoogleMobileAds.build/Debug-iphonesimulator/GoogleMobileAdsTarget.build/GoogleMobileAdsTarget.DependencyMetadataFileList --static-metadata-file-list /Users/runner/work/FateLost/FateLost/build-tests/Build/Intermediates.noindex/GoogleMobileAds.build/Debug-iphonesimulator/GoogleMobileAdsTarget.build/GoogleMobileAdsTarget.DependencyStaticMetadataFileList --swift-const-vals-list /Users/runner/work/FateLost/FateLost/build-tests/Build/Intermediates.noindex/GoogleMobileAds.build/Debug-iphonesimulator/GoogleMobileAdsTarget.build/Objects-normal/arm64/GoogleMobileAdsTarget.SwiftConstValuesFileList --force --compile-time-extraction --deployment-aware-processing --validate-assistant-intents --no-app-shortcuts-localization
2026-09-28 23:35:23.940 appintentsmetadataprocessor[11751:35783] Starting appintentsmetadataprocessor export
2026-09-28 23:35:24.220 appintentsmetadataprocessor[11751:35783] Extracted no relevant App Intents symbols, skipping writing output

RegisterExecutionPolicyException /Users/runner/work/FateLost/FateLost/build-tests/Build/Products/Debug-iphonesimulator/GoogleMobileAdsTarget.o (in target 'GoogleMobileAdsTarget' from project 'GoogleMobileAds')
    cd /Users/runner/work/FateLost/FateLost/build-tests/SourcePackages/checkouts/swift-package-manager-google-mobile-ads
    builtin-RegisterExecutionPolicyException /Users/runner/work/FateLost/FateLost/build-tests/Build/Products/Debug-iphonesimulator/GoogleMobileAdsTarget.o

CpResource /Users/runner/work/FateLost/FateLost/build-tests/Build/Products/Debug-iphonesimulator/FateLost.app/ui_tree_open.wav /Users/runner/work/FateLost/FateLost/FateLost/Resources/Audio/ui_tree_open.wav (in target 'FateLost' from project 'FateLost')
    cd /Users/runner/work/FateLost/FateLost
    builtin-copy -exclude .DS_Store -exclude CVS -exclude .svn -exclude .git -exclude .hg -resolve-src-symlinks /Users/runner/work/FateLost/FateLost/FateLost/Resources/Audio/ui_tree_open.wav /Users/runner/work/FateLost/FateLost/build-tests/Build/Products/Debug-iphonesimulator/FateLost.app

Ld /Users/runner/work/FateLost/FateLost/build-tests/Build/Products/Debug-iphonesimulator/FateLost.app/__preview.dylib normal (in target 'FateLost' from project 'FateLost')
    cd /Users/runner/work/FateLost/FateLost
    /Applications/Xcode_26.3.app/Contents/Developer/Toolchains/XcodeDefault.xctoolchain/usr/bin/clang -Xlinker -reproducible -target arm64-apple-ios17.0-simulator -dynamiclib -isysroot /Applications/Xcode_26.3.app/Contents/Developer/Platforms/iPhoneSimulator.platform/Developer/SDKs/iPhoneSimulator26.2.sdk -O0 -L/Users/runner/work/FateLost/FateLost/build-tests/Build/Products/Debug-iphonesimulator -F/Users/runner/work/FateLost/FateLost/build-tests/Build/Products/Debug-iphonesimulator/PackageFrameworks -F/Users/runner/work/FateLost/FateLost/build-tests/Build/Products/Debug-iphonesimulator/PackageFrameworks -F/Users/runner/work/FateLost/FateLost/build-tests/Build/Products/Debug-iphonesimulator -install_name @rpath/FateLost.debug.dylib -dead_strip -rdynamic -Xlinker -no_deduplicate -Xlinker -objc_abi_version -Xlinker 2 -Xlinker -dependency_info -Xlinker /Users/runner/work/FateLost/FateLost/build-tests/Build/Intermediates.noindex/FateLost.build/Debug-iphonesimulator/FateLost.build/Objects-normal/arm64/FateLost_dependency_info.dat -o /Users/runner/work/FateLost/FateLost/build-tests/Build/Products/Debug-iphonesimulator/FateLost.app/__preview.dylib

CpResource /Users/runner/work/FateLost/FateLost/build-tests/Build/Products/Debug-iphonesimulator/FateLost.app/ui_skill_learn.wav /Users/runner/work/FateLost/FateLost/FateLost/Resources/Audio/ui_skill_learn.wav (in target 'FateLost' from project 'FateLost')
    cd /Users/runner/work/FateLost/FateLost
    builtin-copy -exclude .DS_Store -exclude CVS -exclude .svn -exclude .git -exclude .hg -resolve-src-symlinks /Users/runner/work/FateLost/FateLost/FateLost/Resources/Audio/ui_skill_learn.wav /Users/runner/work/FateLost/FateLost/build-tests/Build/Products/Debug-iphonesimulator/FateLost.app

CpResource /Users/runner/work/FateLost/FateLost/build-tests/Build/Products/Debug-iphonesimulator/FateLost.app/ui_confirm.wav /Users/runner/work/FateLost/FateLost/FateLost/Resources/Audio/ui_confirm.wav (in target 'FateLost' from project 'FateLost')
    cd /Users/runner/work/FateLost/FateLost
    builtin-copy -exclude .DS_Store -exclude CVS -exclude .svn -exclude .git -exclude .hg -resolve-src-symlinks /Users/runner/work/FateLost/FateLost/FateLost/Resources/Audio/ui_confirm.wav /Users/runner/work/FateLost/FateLost/build-tests/Build/Products/Debug-iphonesimulator/FateLost.app

CpResource /Users/runner/work/FateLost/FateLost/build-tests/Build/Products/Debug-iphonesimulator/FateLost.app/ui_back.wav /Users/runner/work/FateLost/FateLost/FateLost/Resources/Audio/ui_back.wav (in target 'FateLost' from project 'FateLost')
    cd /Users/runner/work/FateLost/FateLost
    builtin-copy -exclude .DS_Store -exclude CVS -exclude .svn -exclude .git -exclude .hg -resolve-src-symlinks /Users/runner/work/FateLost/FateLost/FateLost/Resources/Audio/ui_back.wav /Users/runner/work/FateLost/FateLost/build-tests/Build/Products/Debug-iphonesimulator/FateLost.app

CpResource /Users/runner/work/FateLost/FateLost/build-tests/Build/Products/Debug-iphonesimulator/FateLost.app/sfx_swing_3.wav /Users/runner/work/FateLost/FateLost/FateLost/Resources/Audio/sfx_swing_3.wav (in target 'FateLost' from project 'FateLost')
    cd /Users/runner/work/FateLost/FateLost
    builtin-copy -exclude .DS_Store -exclude CVS -exclude .svn -exclude .git -exclude .hg -resolve-src-symlinks /Users/runner/work/FateLost/FateLost/FateLost/Resources/Audio/sfx_swing_3.wav /Users/runner/work/FateLost/FateLost/build-tests/Build/Products/Debug-iphonesimulator/FateLost.app

CpResource /Users/runner/work/FateLost/FateLost/build-tests/Build/Products/Debug-iphonesimulator/FateLost.app/sfx_swing_2.wav /Users/runner/work/FateLost/FateLost/FateLost/Resources/Audio/sfx_swing_2.wav (in target 'FateLost' from project 'FateLost')
    cd /Users/runner/work/FateLost/FateLost
    builtin-copy -exclude .DS_Store -exclude CVS -exclude .svn -exclude .git -exclude .hg -resolve-src-symlinks /Users/runner/work/FateLost/FateLost/FateLost/Resources/Audio/sfx_swing_2.wav /Users/runner/work/FateLost/FateLost/build-tests/Build/Products/Debug-iphonesimulator/FateLost.app

CpResource /Users/runner/work/FateLost/FateLost/build-tests/Build/Products/Debug-iphonesimulator/FateLost.app/sfx_swing_1.wav /Users/runner/work/FateLost/FateLost/FateLost/Resources/Audio/sfx_swing_1.wav (in target 'FateLost' from project 'FateLost')
    cd /Users/runner/work/FateLost/FateLost
    builtin-copy -exclude .DS_Store -exclude CVS -exclude .svn -exclude .git -exclude .hg -resolve-src-symlinks /Users/runner/work/FateLost/FateLost/FateLost/Resources/Audio/sfx_swing_1.wav /Users/runner/work/FateLost/FateLost/build-tests/Build/Products/Debug-iphonesimulator/FateLost.app

CpResource /Users/runner/work/FateLost/FateLost/build-tests/Build/Products/Debug-iphonesimulator/FateLost.app/sfx_summon.wav /Users/runner/work/FateLost/FateLost/FateLost/Resources/Audio/sfx_summon.wav (in target 'FateLost' from project 'FateLost')
    cd /Users/runner/work/FateLost/FateLost
    builtin-copy -exclude .DS_Store -exclude CVS -exclude .svn -exclude .git -exclude .hg -resolve-src-symlinks /Users/runner/work/FateLost/FateLost/FateLost/Resources/Audio/sfx_summon.wav /Users/runner/work/FateLost/FateLost/build-tests/Build/Products/Debug-iphonesimulator/FateLost.app

CpResource /Users/runner/work/FateLost/FateLost/build-tests/Build/Products/Debug-iphonesimulator/FateLost.app/sfx_shapeshift.wav /Users/runner/work/FateLost/FateLost/FateLost/Resources/Audio/sfx_shapeshift.wav (in target 'FateLost' from project 'FateLost')
    cd /Users/runner/work/FateLost/FateLost
    builtin-copy -exclude .DS_Store -exclude CVS -exclude .svn -exclude .git -exclude .hg -resolve-src-symlinks /Users/runner/work/FateLost/FateLost/FateLost/Resources/Audio/sfx_shapeshift.wav /Users/runner/work/FateLost/FateLost/build-tests/Build/Products/Debug-iphonesimulator/FateLost.app

CpResource /Users/runner/work/FateLost/FateLost/build-tests/Build/Products/Debug-iphonesimulator/FateLost.app/sfx_player_hurt.wav /Users/runner/work/FateLost/FateLost/FateLost/Resources/Audio/sfx_player_hurt.wav (in target 'FateLost' from project 'FateLost')
    cd /Users/runner/work/FateLost/FateLost
    builtin-copy -exclude .DS_Store -exclude CVS -exclude .svn -exclude .git -exclude .hg -resolve-src-symlinks /Users/runner/work/FateLost/FateLost/FateLost/Resources/Audio/sfx_player_hurt.wav /Users/runner/work/FateLost/FateLost/build-tests/Build/Products/Debug-iphonesimulator/FateLost.app

CpResource /Users/runner/work/FateLost/FateLost/build-tests/Build/Products/Debug-iphonesimulator/FateLost.app/sfx_player_death.wav /Users/runner/work/FateLost/FateLost/FateLost/Resources/Audio/sfx_player_death.wav (in target 'FateLost' from project 'FateLost')
    cd /Users/runner/work/FateLost/FateLost
    builtin-copy -exclude .DS_Store -exclude CVS -exclude .svn -exclude .git -exclude .hg -resolve-src-symlinks /Users/runner/work/FateLost/FateLost/FateLost/Resources/Audio/sfx_player_death.wav /Users/runner/work/FateLost/FateLost/build-tests/Build/Products/Debug-iphonesimulator/FateLost.app

CpResource /Users/runner/work/FateLost/FateLost/build-tests/Build/Products/Debug-iphonesimulator/FateLost.app/sfx_level_up.wav /Users/runner/work/FateLost/FateLost/FateLost/Resources/Audio/sfx_level_up.wav (in target 'FateLost' from project 'FateLost')
    cd /Users/runner/work/FateLost/FateLost
    builtin-copy -exclude .DS_Store -exclude CVS -exclude .svn -exclude .git -exclude .hg -resolve-src-symlinks /Users/runner/work/FateLost/FateLost/FateLost/Resources/Audio/sfx_level_up.wav /Users/runner/work/FateLost/FateLost/build-tests/Build/Products/Debug-iphonesimulator/FateLost.app

CpResource /Users/runner/work/FateLost/FateLost/build-tests/Build/Products/Debug-iphonesimulator/FateLost.app/sfx_keg_blast.wav /Users/runner/work/FateLost/FateLost/FateLost/Resources/Audio/sfx_keg_blast.wav (in target 'FateLost' from project 'FateLost')
    cd /Users/runner/work/FateLost/FateLost
    builtin-copy -exclude .DS_Store -exclude CVS -exclude .svn -exclude .git -exclude .hg -resolve-src-symlinks /Users/runner/work/FateLost/FateLost/FateLost/Resources/Audio/sfx_keg_blast.wav /Users/runner/work/FateLost/FateLost/build-tests/Build/Products/Debug-iphonesimulator/FateLost.app

CpResource /Users/runner/work/FateLost/FateLost/build-tests/Build/Products/Debug-iphonesimulator/FateLost.app/sfx_hit_critical.wav /Users/runner/work/FateLost/FateLost/FateLost/Resources/Audio/sfx_hit_critical.wav (in target 'FateLost' from project 'FateLost')
    cd /Users/runner/work/FateLost/FateLost
    builtin-copy -exclude .DS_Store -exclude CVS -exclude .svn -exclude .git -exclude .hg -resolve-src-symlinks /Users/runner/work/FateLost/FateLost/FateLost/Resources/Audio/sfx_hit_critical.wav /Users/runner/work/FateLost/FateLost/build-tests/Build/Products/Debug-iphonesimulator/FateLost.app

CpResource /Users/runner/work/FateLost/FateLost/build-tests/Build/Products/Debug-iphonesimulator/FateLost.app/sfx_hit_3.wav /Users/runner/work/FateLost/FateLost/FateLost/Resources/Audio/sfx_hit_3.wav (in target 'FateLost' from project 'FateLost')
    cd /Users/runner/work/FateLost/FateLost
    builtin-copy -exclude .DS_Store -exclude CVS -exclude .svn -exclude .git -exclude .hg -resolve-src-symlinks /Users/runner/work/FateLost/FateLost/FateLost/Resources/Audio/sfx_hit_3.wav /Users/runner/work/FateLost/FateLost/build-tests/Build/Products/Debug-iphonesimulator/FateLost.app

CpResource /Users/runner/work/FateLost/FateLost/build-tests/Build/Products/Debug-iphonesimulator/FateLost.app/sfx_hit_2.wav /Users/runner/work/FateLost/FateLost/FateLost/Resources/Audio/sfx_hit_2.wav (in target 'FateLost' from project 'FateLost')
    cd /Users/runner/work/FateLost/FateLost
    builtin-copy -exclude .DS_Store -exclude CVS -exclude .svn -exclude .git -exclude .hg -resolve-src-symlinks /Users/runner/work/FateLost/FateLost/FateLost/Resources/Audio/sfx_hit_2.wav /Users/runner/work/FateLost/FateLost/build-tests/Build/Products/Debug-iphonesimulator/FateLost.app

CpResource /Users/runner/work/FateLost/FateLost/build-tests/Build/Products/Debug-iphonesimulator/FateLost.app/sfx_hit_1.wav /Users/runner/work/FateLost/FateLost/FateLost/Resources/Audio/sfx_hit_1.wav (in target 'FateLost' from project 'FateLost')
    cd /Users/runner/work/FateLost/FateLost
    builtin-copy -exclude .DS_Store -exclude CVS -exclude .svn -exclude .git -exclude .hg -resolve-src-symlinks /Users/runner/work/FateLost/FateLost/FateLost/Resources/Audio/sfx_hit_1.wav /Users/runner/work/FateLost/FateLost/build-tests/Build/Products/Debug-iphonesimulator/FateLost.app

CpResource /Users/runner/work/FateLost/FateLost/build-tests/Build/Products/Debug-iphonesimulator/FateLost.app/sfx_heal.wav /Users/runner/work/FateLost/FateLost/FateLost/Resources/Audio/sfx_heal.wav (in target 'FateLost' from project 'FateLost')
    cd /Users/runner/work/FateLost/FateLost
    builtin-copy -exclude .DS_Store -exclude CVS -exclude .svn -exclude .git -exclude .hg -resolve-src-symlinks /Users/runner/work/FateLost/FateLost/FateLost/Resources/Audio/sfx_heal.wav /Users/runner/work/FateLost/FateLost/build-tests/Build/Products/Debug-iphonesimulator/FateLost.app

CpResource /Users/runner/work/FateLost/FateLost/build-tests/Build/Products/Debug-iphonesimulator/FateLost.app/sfx_goblin_death_2.wav /Users/runner/work/FateLost/FateLost/FateLost/Resources/Audio/sfx_goblin_death_2.wav (in target 'FateLost' from project 'FateLost')
    cd /Users/runner/work/FateLost/FateLost
    builtin-copy -exclude .DS_Store -exclude CVS -exclude .svn -exclude .git -exclude .hg -resolve-src-symlinks /Users/runner/work/FateLost/FateLost/FateLost/Resources/Audio/sfx_goblin_death_2.wav /Users/runner/work/FateLost/FateLost/build-tests/Build/Products/Debug-iphonesimulator/FateLost.app

CpResource /Users/runner/work/FateLost/FateLost/build-tests/Build/Products/Debug-iphonesimulator/FateLost.app/sfx_goblin_death_1.wav /Users/runner/work/FateLost/FateLost/FateLost/Resources/Audio/sfx_goblin_death_1.wav (in target 'FateLost' from project 'FateLost')
    cd /Users/runner/work/FateLost/FateLost
    builtin-copy -exclude .DS_Store -exclude CVS -exclude .svn -exclude .git -exclude .hg -resolve-src-symlinks /Users/runner/work/FateLost/FateLost/FateLost/Resources/Audio/sfx_goblin_death_1.wav /Users/runner/work/FateLost/FateLost/build-tests/Build/Products/Debug-iphonesimulator/FateLost.app

CpResource /Users/runner/work/FateLost/FateLost/build-tests/Build/Products/Debug-iphonesimulator/FateLost.app/sfx_ember_5.wav /Users/runner/work/FateLost/FateLost/FateLost/Resources/Audio/sfx_ember_5.wav (in target 'FateLost' from project 'FateLost')
    cd /Users/runner/work/FateLost/FateLost
    builtin-copy -exclude .DS_Store -exclude CVS -exclude .svn -exclude .git -exclude .hg -resolve-src-symlinks /Users/runner/work/FateLost/FateLost/FateLost/Resources/Audio/sfx_ember_5.wav /Users/runner/work/FateLost/FateLost/build-tests/Build/Products/Debug-iphonesimulator/FateLost.app

CpResource /Users/runner/work/FateLost/FateLost/build-tests/Build/Products/Debug-iphonesimulator/FateLost.app/sfx_ember_4.wav /Users/runner/work/FateLost/FateLost/FateLost/Resources/Audio/sfx_ember_4.wav (in target 'FateLost' from project 'FateLost')
    cd /Users/runner/work/FateLost/FateLost
    builtin-copy -exclude .DS_Store -exclude CVS -exclude .svn -exclude .git -exclude .hg -resolve-src-symlinks /Users/runner/work/FateLost/FateLost/FateLost/Resources/Audio/sfx_ember_4.wav /Users/runner/work/FateLost/FateLost/build-tests/Build/Products/Debug-iphonesimulator/FateLost.app

CpResource /Users/runner/work/FateLost/FateLost/build-tests/Build/Products/Debug-iphonesimulator/FateLost.app/sfx_ember_3.wav /Users/runner/work/FateLost/FateLost/FateLost/Resources/Audio/sfx_ember_3.wav (in target 'FateLost' from project 'FateLost')
    cd /Users/runner/work/FateLost/FateLost
    builtin-copy -exclude .DS_Store -exclude CVS -exclude .svn -exclude .git -exclude .hg -resolve-src-symlinks /Users/runner/work/FateLost/FateLost/FateLost/Resources/Audio/sfx_ember_3.wav /Users/runner/work/FateLost/FateLost/build-tests/Build/Products/Debug-iphonesimulator/FateLost.app

CpResource /Users/runner/work/FateLost/FateLost/build-tests/Build/Products/Debug-iphonesimulator/FateLost.app/sfx_ember_2.wav /Users/runner/work/FateLost/FateLost/FateLost/Resources/Audio/sfx_ember_2.wav (in target 'FateLost' from project 'FateLost')
    cd /Users/runner/work/FateLost/FateLost
    builtin-copy -exclude .DS_Store -exclude CVS -exclude .svn -exclude .git -exclude .hg -resolve-src-symlinks /Users/runner/work/FateLost/FateLost/FateLost/Resources/Audio/sfx_ember_2.wav /Users/runner/work/FateLost/FateLost/build-tests/Build/Products/Debug-iphonesimulator/FateLost.app

CpResource /Users/runner/work/FateLost/FateLost/build-tests/Build/Products/Debug-iphonesimulator/FateLost.app/sfx_ember_1.wav /Users/runner/work/FateLost/FateLost/FateLost/Resources/Audio/sfx_ember_1.wav (in target 'FateLost' from project 'FateLost')
    cd /Users/runner/work/FateLost/FateLost
    builtin-copy -exclude .DS_Store -exclude CVS -exclude .svn -exclude .git -exclude .hg -resolve-src-symlinks /Users/runner/work/FateLost/FateLost/FateLost/Resources/Audio/sfx_ember_1.wav /Users/runner/work/FateLost/FateLost/build-tests/Build/Products/Debug-iphonesimulator/FateLost.app

CpResource /Users/runner/work/FateLost/FateLost/build-tests/Build/Products/Debug-iphonesimulator/FateLost.app/sfx_dodge.wav /Users/runner/work/FateLost/FateLost/FateLost/Resources/Audio/sfx_dodge.wav (in target 'FateLost' from project 'FateLost')
    cd /Users/runner/work/FateLost/FateLost
    builtin-copy -exclude .DS_Store -exclude CVS -exclude .svn -exclude .git -exclude .hg -resolve-src-symlinks /Users/runner/work/FateLost/FateLost/FateLost/Resources/Audio/sfx_dodge.wav /Users/runner/work/FateLost/FateLost/build-tests/Build/Products/Debug-iphonesimulator/FateLost.app

CpResource /Users/runner/work/FateLost/FateLost/build-tests/Build/Products/Debug-iphonesimulator/FateLost.app/sfx_dash.wav /Users/runner/work/FateLost/FateLost/FateLost/Resources/Audio/sfx_dash.wav (in target 'FateLost' from project 'FateLost')
    cd /Users/runner/work/FateLost/FateLost
    builtin-copy -exclude .DS_Store -exclude CVS -exclude .svn -exclude .git -exclude .hg -resolve-src-symlinks /Users/runner/work/FateLost/FateLost/FateLost/Resources/Audio/sfx_dash.wav /Users/runner/work/FateLost/FateLost/build-tests/Build/Products/Debug-iphonesimulator/FateLost.app

CpResource /Users/runner/work/FateLost/FateLost/build-tests/Build/Products/Debug-iphonesimulator/FateLost.app/sfx_bow_shot.wav /Users/runner/work/FateLost/FateLost/FateLost/Resources/Audio/sfx_bow_shot.wav (in target 'FateLost' from project 'FateLost')
    cd /Users/runner/work/FateLost/FateLost
    builtin-copy -exclude .DS_Store -exclude CVS -exclude .svn -exclude .git -exclude .hg -resolve-src-symlinks /Users/runner/work/FateLost/FateLost/FateLost/Resources/Audio/sfx_bow_shot.wav /Users/runner/work/FateLost/FateLost/build-tests/Build/Products/Debug-iphonesimulator/FateLost.app

CpResource /Users/runner/work/FateLost/FateLost/build-tests/Build/Products/Debug-iphonesimulator/FateLost.app/sfx_arcane_cast.wav /Users/runner/work/FateLost/FateLost/FateLost/Resources/Audio/sfx_arcane_cast.wav (in target 'FateLost' from project 'FateLost')
    cd /Users/runner/work/FateLost/FateLost
    builtin-copy -exclude .DS_Store -exclude CVS -exclude .svn -exclude .git -exclude .hg -resolve-src-symlinks /Users/runner/work/FateLost/FateLost/FateLost/Resources/Audio/sfx_arcane_cast.wav /Users/runner/work/FateLost/FateLost/build-tests/Build/Products/Debug-iphonesimulator/FateLost.app

CpResource /Users/runner/work/FateLost/FateLost/build-tests/Build/Products/Debug-iphonesimulator/FateLost.app/sfx_arcane_burst.wav /Users/runner/work/FateLost/FateLost/FateLost/Resources/Audio/sfx_arcane_burst.wav (in target 'FateLost' from project 'FateLost')
    cd /Users/runner/work/FateLost/FateLost
    builtin-copy -exclude .DS_Store -exclude CVS -exclude .svn -exclude .git -exclude .hg -resolve-src-symlinks /Users/runner/work/FateLost/FateLost/FateLost/Resources/Audio/sfx_arcane_burst.wav /Users/runner/work/FateLost/FateLost/build-tests/Build/Products/Debug-iphonesimulator/FateLost.app

CpResource /Users/runner/work/FateLost/FateLost/build-tests/Build/Products/Debug-iphonesimulator/FateLost.app/sfx_ab_sonic.wav /Users/runner/work/FateLost/FateLost/FateLost/Resources/Audio/sfx_ab_sonic.wav (in target 'FateLost' from project 'FateLost')
    cd /Users/runner/work/FateLost/FateLost
    builtin-copy -exclude .DS_Store -exclude CVS -exclude .svn -exclude .git -exclude .hg -resolve-src-symlinks /Users/runner/work/FateLost/FateLost/FateLost/Resources/Audio/sfx_ab_sonic.wav /Users/runner/work/FateLost/FateLost/build-tests/Build/Products/Debug-iphonesimulator/FateLost.app

CpResource /Users/runner/work/FateLost/FateLost/build-tests/Build/Products/Debug-iphonesimulator/FateLost.app/sfx_ab_shadow.wav /Users/runner/work/FateLost/FateLost/FateLost/Resources/Audio/sfx_ab_shadow.wav (in target 'FateLost' from project 'FateLost')
    cd /Users/runner/work/FateLost/FateLost
    builtin-copy -exclude .DS_Store -exclude CVS -exclude .svn -exclude .git -exclude .hg -resolve-src-symlinks /Users/runner/work/FateLost/FateLost/FateLost/Resources/Audio/sfx_ab_shadow.wav /Users/runner/work/FateLost/FateLost/build-tests/Build/Products/Debug-iphonesimulator/FateLost.app

CpResource /Users/runner/work/FateLost/FateLost/build-tests/Build/Products/Debug-iphonesimulator/FateLost.app/sfx_ab_nature.wav /Users/runner/work/FateLost/FateLost/FateLost/Resources/Audio/sfx_ab_nature.wav (in target 'FateLost' from project 'FateLost')
    cd /Users/runner/work/FateLost/FateLost
    builtin-copy -exclude .DS_Store -exclude CVS -exclude .svn -exclude .git -exclude .hg -resolve-src-symlinks /Users/runner/work/FateLost/FateLost/FateLost/Resources/Audio/sfx_ab_nature.wav /Users/runner/work/FateLost/FateLost/build-tests/Build/Products/Debug-iphonesimulator/FateLost.app

CpResource /Users/runner/work/FateLost/FateLost/build-tests/Build/Products/Debug-iphonesimulator/FateLost.app/sfx_ab_lightning.wav /Users/runner/work/FateLost/FateLost/FateLost/Resources/Audio/sfx_ab_lightning.wav (in target 'FateLost' from project 'FateLost')
    cd /Users/runner/work/FateLost/FateLost
    builtin-copy -exclude .DS_Store -exclude CVS -exclude .svn -exclude .git -exclude .hg -resolve-src-symlinks /Users/runner/work/FateLost/FateLost/FateLost/Resources/Audio/sfx_ab_lightning.wav /Users/runner/work/FateLost/FateLost/build-tests/Build/Products/Debug-iphonesimulator/FateLost.app

CpResource /Users/runner/work/FateLost/FateLost/build-tests/Build/Products/Debug-iphonesimulator/FateLost.app/sfx_ab_impact.wav /Users/runner/work/FateLost/FateLost/FateLost/Resources/Audio/sfx_ab_impact.wav (in target 'FateLost' from project 'FateLost')
    cd /Users/runner/work/FateLost/FateLost
    builtin-copy -exclude .DS_Store -exclude CVS -exclude .svn -exclude .git -exclude .hg -resolve-src-symlinks /Users/runner/work/FateLost/FateLost/FateLost/Resources/Audio/sfx_ab_impact.wav /Users/runner/work/FateLost/FateLost/build-tests/Build/Products/Debug-iphonesimulator/FateLost.app

CpResource /Users/runner/work/FateLost/FateLost/build-tests/Build/Products/Debug-iphonesimulator/FateLost.app/sfx_ab_holy.wav /Users/runner/work/FateLost/FateLost/FateLost/Resources/Audio/sfx_ab_holy.wav (in target 'FateLost' from project 'FateLost')
    cd /Users/runner/work/FateLost/FateLost
    builtin-copy -exclude .DS_Store -exclude CVS -exclude .svn -exclude .git -exclude .hg -resolve-src-symlinks /Users/runner/work/FateLost/FateLost/FateLost/Resources/Audio/sfx_ab_holy.wav /Users/runner/work/FateLost/FateLost/build-tests/Build/Products/Debug-iphonesimulator/FateLost.app

CpResource /Users/runner/work/FateLost/FateLost/build-tests/Build/Products/Debug-iphonesimulator/FateLost.app/sfx_ab_frost.wav /Users/runner/work/FateLost/FateLost/FateLost/Resources/Audio/sfx_ab_frost.wav (in target 'FateLost' from project 'FateLost')
    cd /Users/runner/work/FateLost/FateLost
    builtin-copy -exclude .DS_Store -exclude CVS -exclude .svn -exclude .git -exclude .hg -resolve-src-symlinks /Users/runner/work/FateLost/FateLost/FateLost/Resources/Audio/sfx_ab_frost.wav /Users/runner/work/FateLost/FateLost/build-tests/Build/Products/Debug-iphonesimulator/FateLost.app

CpResource /Users/runner/work/FateLost/FateLost/build-tests/Build/Products/Debug-iphonesimulator/FateLost.app/sfx_ab_fire.wav /Users/runner/work/FateLost/FateLost/FateLost/Resources/Audio/sfx_ab_fire.wav (in target 'FateLost' from project 'FateLost')
    cd /Users/runner/work/FateLost/FateLost
    builtin-copy -exclude .DS_Store -exclude CVS -exclude .svn -exclude .git -exclude .hg -resolve-src-symlinks /Users/runner/work/FateLost/FateLost/FateLost/Resources/Audio/sfx_ab_fire.wav /Users/runner/work/FateLost/FateLost/build-tests/Build/Products/Debug-iphonesimulator/FateLost.app

CpResource /Users/runner/work/FateLost/FateLost/build-tests/Build/Products/Debug-iphonesimulator/FateLost.app/sfx_ab_buff.wav /Users/runner/work/FateLost/FateLost/FateLost/Resources/Audio/sfx_ab_buff.wav (in target 'FateLost' from project 'FateLost')
    cd /Users/runner/work/FateLost/FateLost
    builtin-copy -exclude .DS_Store -exclude CVS -exclude .svn -exclude .git -exclude .hg -resolve-src-symlinks /Users/runner/work/FateLost/FateLost/FateLost/Resources/Audio/sfx_ab_buff.wav /Users/runner/work/FateLost/FateLost/build-tests/Build/Products/Debug-iphonesimulator/FateLost.app

CpResource /Users/runner/work/FateLost/FateLost/build-tests/Build/Products/Debug-iphonesimulator/FateLost.app/mus_menu_fate_lost.m4a /Users/runner/work/FateLost/FateLost/FateLost/Resources/Audio/mus_menu_fate_lost.m4a (in target 'FateLost' from project 'FateLost')
    cd /Users/runner/work/FateLost/FateLost
    builtin-copy -exclude .DS_Store -exclude CVS -exclude .svn -exclude .git -exclude .hg -resolve-src-symlinks /Users/runner/work/FateLost/FateLost/FateLost/Resources/Audio/mus_menu_fate_lost.m4a /Users/runner/work/FateLost/FateLost/build-tests/Build/Products/Debug-iphonesimulator/FateLost.app

CpResource /Users/runner/work/FateLost/FateLost/build-tests/Build/Products/Debug-iphonesimulator/FateLost.app/mus_defeat.m4a /Users/runner/work/FateLost/FateLost/FateLost/Resources/Audio/mus_defeat.m4a (in target 'FateLost' from project 'FateLost')
    cd /Users/runner/work/FateLost/FateLost
    builtin-copy -exclude .DS_Store -exclude CVS -exclude .svn -exclude .git -exclude .hg -resolve-src-symlinks /Users/runner/work/FateLost/FateLost/FateLost/Resources/Audio/mus_defeat.m4a /Users/runner/work/FateLost/FateLost/build-tests/Build/Products/Debug-iphonesimulator/FateLost.app

CpResource /Users/runner/work/FateLost/FateLost/build-tests/Build/Products/Debug-iphonesimulator/FateLost.app/mus_battle_ashen_wilds.m4a /Users/runner/work/FateLost/FateLost/FateLost/Resources/Audio/mus_battle_ashen_wilds.m4a (in target 'FateLost' from project 'FateLost')
    cd /Users/runner/work/FateLost/FateLost
    builtin-copy -exclude .DS_Store -exclude CVS -exclude .svn -exclude .git -exclude .hg -resolve-src-symlinks /Users/runner/work/FateLost/FateLost/FateLost/Resources/Audio/mus_battle_ashen_wilds.m4a /Users/runner/work/FateLost/FateLost/build-tests/Build/Products/Debug-iphonesimulator/FateLost.app

CpResource /Users/runner/work/FateLost/FateLost/build-tests/Build/Products/Debug-iphonesimulator/FateLost.app/amb_ashen_wilds.m4a /Users/runner/work/FateLost/FateLost/FateLost/Resources/Audio/amb_ashen_wilds.m4a (in target 'FateLost' from project 'FateLost')
    cd /Users/runner/work/FateLost/FateLost
    builtin-copy -exclude .DS_Store -exclude CVS -exclude .svn -exclude .git -exclude .hg -resolve-src-symlinks /Users/runner/work/FateLost/FateLost/FateLost/Resources/Audio/amb_ashen_wilds.m4a /Users/runner/work/FateLost/FateLost/build-tests/Build/Products/Debug-iphonesimulator/FateLost.app

CpResource /Users/runner/work/FateLost/FateLost/build-tests/Build/Products/Debug-iphonesimulator/FateLost.app/PrivacyInfo.xcprivacy /Users/runner/work/FateLost/FateLost/FateLost/PrivacyInfo.xcprivacy (in target 'FateLost' from project 'FateLost')
    cd /Users/runner/work/FateLost/FateLost
    builtin-copy -exclude .DS_Store -exclude CVS -exclude .svn -exclude .git -exclude .hg -resolve-src-symlinks /Users/runner/work/FateLost/FateLost/FateLost/PrivacyInfo.xcprivacy /Users/runner/work/FateLost/FateLost/build-tests/Build/Products/Debug-iphonesimulator/FateLost.app

Copy /Users/runner/work/FateLost/FateLost/build-tests/Build/Products/Debug-iphonesimulator/FateLost.app/Frameworks/libXCTestSwiftSupport.dylib /Applications/Xcode_26.3.app/Contents/Developer/Platforms/iPhoneSimulator.platform/Developer/usr/lib/libXCTestSwiftSupport.dylib (in target 'FateLost' from project 'FateLost')
    cd /Users/runner/work/FateLost/FateLost
    builtin-copy -exclude .DS_Store -exclude CVS -exclude .svn -exclude .git -exclude .hg -exclude Headers -exclude PrivateHeaders -exclude Modules -exclude \*.tbd -resolve-src-symlinks /Applications/Xcode_26.3.app/Contents/Developer/Platforms/iPhoneSimulator.platform/Developer/usr/lib/libXCTestSwiftSupport.dylib /Users/runner/work/FateLost/FateLost/build-tests/Build/Products/Debug-iphonesimulator/FateLost.app/Frameworks

Copy /Users/runner/work/FateLost/FateLost/build-tests/Build/Products/Debug-iphonesimulator/FateLost.app/Frameworks/libXCTestBundleInject.dylib /Applications/Xcode_26.3.app/Contents/Developer/Platforms/iPhoneSimulator.platform/Developer/usr/lib/libXCTestBundleInject.dylib (in target 'FateLost' from project 'FateLost')
    cd /Users/runner/work/FateLost/FateLost
    builtin-copy -exclude .DS_Store -exclude CVS -exclude .svn -exclude .git -exclude .hg -exclude Headers -exclude PrivateHeaders -exclude Modules -exclude \*.tbd -resolve-src-symlinks /Applications/Xcode_26.3.app/Contents/Developer/Platforms/iPhoneSimulator.platform/Developer/usr/lib/libXCTestBundleInject.dylib /Users/runner/work/FateLost/FateLost/build-tests/Build/Products/Debug-iphonesimulator/FateLost.app/Frameworks

Copy /Users/runner/work/FateLost/FateLost/build-tests/Build/Products/Debug-iphonesimulator/FateLost.app/Frameworks/XCUnit.framework /Applications/Xcode_26.3.app/Contents/Developer/Platforms/iPhoneSimulator.platform/Developer/Library/PrivateFrameworks/XCUnit.framework (in target 'FateLost' from project 'FateLost')
    cd /Users/runner/work/FateLost/FateLost
    builtin-copy -exclude .DS_Store -exclude CVS -exclude .svn -exclude .git -exclude .hg -exclude Headers -exclude PrivateHeaders -exclude Modules -exclude \*.tbd -resolve-src-symlinks /Applications/Xcode_26.3.app/Contents/Developer/Platforms/iPhoneSimulator.platform/Developer/Library/PrivateFrameworks/XCUnit.framework /Users/runner/work/FateLost/FateLost/build-tests/Build/Products/Debug-iphonesimulator/FateLost.app/Frameworks

Copy /Users/runner/work/FateLost/FateLost/build-tests/Build/Products/Debug-iphonesimulator/FateLost.app/Frameworks/XCUIAutomation.framework /Applications/Xcode_26.3.app/Contents/Developer/Platforms/iPhoneSimulator.platform/Developer/Library/Frameworks/XCUIAutomation.framework (in target 'FateLost' from project 'FateLost')
    cd /Users/runner/work/FateLost/FateLost
    builtin-copy -exclude .DS_Store -exclude CVS -exclude .svn -exclude .git -exclude .hg -exclude Headers -exclude PrivateHeaders -exclude Modules -exclude \*.tbd -resolve-src-symlinks /Applications/Xcode_26.3.app/Contents/Developer/Platforms/iPhoneSimulator.platform/Developer/Library/Frameworks/XCUIAutomation.framework /Users/runner/work/FateLost/FateLost/build-tests/Build/Products/Debug-iphonesimulator/FateLost.app/Frameworks

Copy /Users/runner/work/FateLost/FateLost/build-tests/Build/Products/Debug-iphonesimulator/FateLost.app/Frameworks/XCTestSupport.framework /Applications/Xcode_26.3.app/Contents/Developer/Platforms/iPhoneSimulator.platform/Developer/Library/PrivateFrameworks/XCTestSupport.framework (in target 'FateLost' from project 'FateLost')
    cd /Users/runner/work/FateLost/FateLost
    builtin-copy -exclude .DS_Store -exclude CVS -exclude .svn -exclude .git -exclude .hg -exclude Headers -exclude PrivateHeaders -exclude Modules -exclude \*.tbd -resolve-src-symlinks /Applications/Xcode_26.3.app/Contents/Developer/Platforms/iPhoneSimulator.platform/Developer/Library/PrivateFrameworks/XCTestSupport.framework /Users/runner/work/FateLost/FateLost/build-tests/Build/Products/Debug-iphonesimulator/FateLost.app/Frameworks

Copy /Users/runner/work/FateLost/FateLost/build-tests/Build/Products/Debug-iphonesimulator/FateLost.app/Frameworks/XCTestCore.framework /Applications/Xcode_26.3.app/Contents/Developer/Platforms/iPhoneSimulator.platform/Developer/Library/PrivateFrameworks/XCTestCore.framework (in target 'FateLost' from project 'FateLost')
    cd /Users/runner/work/FateLost/FateLost
    builtin-copy -exclude .DS_Store -exclude CVS -exclude .svn -exclude .git -exclude .hg -exclude Headers -exclude PrivateHeaders -exclude Modules -exclude \*.tbd -resolve-src-symlinks /Applications/Xcode_26.3.app/Contents/Developer/Platforms/iPhoneSimulator.platform/Developer/Library/PrivateFrameworks/XCTestCore.framework /Users/runner/work/FateLost/FateLost/build-tests/Build/Products/Debug-iphonesimulator/FateLost.app/Frameworks

Copy /Users/runner/work/FateLost/FateLost/build-tests/Build/Products/Debug-iphonesimulator/FateLost.app/Frameworks/XCTest.framework /Applications/Xcode_26.3.app/Contents/Developer/Platforms/iPhoneSimulator.platform/Developer/Library/Frameworks/XCTest.framework (in target 'FateLost' from project 'FateLost')
    cd /Users/runner/work/FateLost/FateLost
    builtin-copy -exclude .DS_Store -exclude CVS -exclude .svn -exclude .git -exclude .hg -exclude Headers -exclude PrivateHeaders -exclude Modules -exclude \*.tbd -resolve-src-symlinks /Applications/Xcode_26.3.app/Contents/Developer/Platforms/iPhoneSimulator.platform/Developer/Library/Frameworks/XCTest.framework /Users/runner/work/FateLost/FateLost/build-tests/Build/Products/Debug-iphonesimulator/FateLost.app/Frameworks

Copy /Users/runner/work/FateLost/FateLost/build-tests/Build/Products/Debug-iphonesimulator/FateLost.app/Frameworks/XCTAutomationSupport.framework /Applications/Xcode_26.3.app/Contents/Developer/Platforms/iPhoneSimulator.platform/Developer/Library/PrivateFrameworks/XCTAutomationSupport.framework (in target 'FateLost' from project 'FateLost')
    cd /Users/runner/work/FateLost/FateLost
    builtin-copy -exclude .DS_Store -exclude CVS -exclude .svn -exclude .git -exclude .hg -exclude Headers -exclude PrivateHeaders -exclude Modules -exclude \*.tbd -resolve-src-symlinks /Applications/Xcode_26.3.app/Contents/Developer/Platforms/iPhoneSimulator.platform/Developer/Library/PrivateFrameworks/XCTAutomationSupport.framework /Users/runner/work/FateLost/FateLost/build-tests/Build/Products/Debug-iphonesimulator/FateLost.app/Frameworks

Copy /Users/runner/work/FateLost/FateLost/build-tests/Build/Products/Debug-iphonesimulator/FateLost.app/Frameworks/UserMessagingPlatform.framework /Users/runner/work/FateLost/FateLost/build-tests/SourcePackages/artifacts/swift-package-manager-google-user-messaging-platform/UserMessagingPlatform/UserMessagingPlatform.xcframework/ios-arm64_x86_64-simulator/UserMessagingPlatform.framework (in target 'FateLost' from project 'FateLost')
    cd /Users/runner/work/FateLost/FateLost
    builtin-copy -exclude .DS_Store -exclude CVS -exclude .svn -exclude .git -exclude .hg -exclude Headers -exclude PrivateHeaders -exclude Modules -exclude \*.tbd -resolve-src-symlinks -remove-static-executable /Users/runner/work/FateLost/FateLost/build-tests/SourcePackages/artifacts/swift-package-manager-google-user-messaging-platform/UserMessagingPlatform/UserMessagingPlatform.xcframework/ios-arm64_x86_64-simulator/UserMessagingPlatform.framework /Users/runner/work/FateLost/FateLost/build-tests/Build/Products/Debug-iphonesimulator/FateLost.app/Frameworks
note: Injecting stub binary into codeless framework (in target 'FateLost' from project 'FateLost')
    /Applications/Xcode_26.3.app/Contents/Developer/Toolchains/XcodeDefault.xctoolchain/usr/bin/clang -isysroot /Applications/Xcode_26.3.app/Contents/Developer/Platforms/iPhoneSimulator.platform/Developer/SDKs/iPhoneSimulator26.2.sdk -x c -c /dev/null -target arm64-apple-ios100.0-simulator -o /private/var/folders/nj/vtw8zd2j31d1gdrtntc5y4600000gn/T/swbuild.tmp.3hTJ2yRa/Data.noindex/arm64-apple.o
    /Applications/Xcode_26.3.app/Contents/Developer/Toolchains/XcodeDefault.xctoolchain/usr/bin/clang -isysroot /Applications/Xcode_26.3.app/Contents/Developer/Platforms/iPhoneSimulator.platform/Developer/SDKs/iPhoneSimulator26.2.sdk -dynamiclib -Xlinker -adhoc_codesign -target arm64-apple-ios100.0-simulator -o /private/var/folders/nj/vtw8zd2j31d1gdrtntc5y4600000gn/T/swbuild.tmp.3hTJ2yRa/Data.noindex/arm64-apple /private/var/folders/nj/vtw8zd2j31d1gdrtntc5y4600000gn/T/swbuild.tmp.3hTJ2yRa/Data.noindex/arm64-apple.o
    /Applications/Xcode_26.3.app/Contents/Developer/Toolchains/XcodeDefault.xctoolchain/usr/bin/lipo -create -output /Users/runner/work/FateLost/FateLost/build-tests/Build/Products/Debug-iphonesimulator/FateLost.app/Frameworks/UserMessagingPlatform.framework/UserMessagingPlatform /private/var/folders/nj/vtw8zd2j31d1gdrtntc5y4600000gn/T/swbuild.tmp.3hTJ2yRa/Data.noindex/arm64-apple

Copy /Users/runner/work/FateLost/FateLost/build-tests/Build/Products/Debug-iphonesimulator/FateLost.app/Frameworks/Testing.framework /Applications/Xcode_26.3.app/Contents/Developer/Platforms/iPhoneSimulator.platform/Developer/Library/Frameworks/Testing.framework (in target 'FateLost' from project 'FateLost')
    cd /Users/runner/work/FateLost/FateLost
    builtin-copy -exclude .DS_Store -exclude CVS -exclude .svn -exclude .git -exclude .hg -exclude Headers -exclude PrivateHeaders -exclude Modules -exclude \*.tbd -resolve-src-symlinks /Applications/Xcode_26.3.app/Contents/Developer/Platforms/iPhoneSimulator.platform/Developer/Library/Frameworks/Testing.framework /Users/runner/work/FateLost/FateLost/build-tests/Build/Products/Debug-iphonesimulator/FateLost.app/Frameworks

Copy /Users/runner/work/FateLost/FateLost/build-tests/Build/Products/Debug-iphonesimulator/FateLost.app/Frameworks/GoogleMobileAds.framework /Users/runner/work/FateLost/FateLost/build-tests/SourcePackages/artifacts/swift-package-manager-google-mobile-ads/GoogleMobileAds/GoogleMobileAds.xcframework/ios-arm64_x86_64-simulator/GoogleMobileAds.framework (in target 'FateLost' from project 'FateLost')
    cd /Users/runner/work/FateLost/FateLost
    builtin-copy -exclude .DS_Store -exclude CVS -exclude .svn -exclude .git -exclude .hg -exclude Headers -exclude PrivateHeaders -exclude Modules -exclude \*.tbd -resolve-src-symlinks -remove-static-executable /Users/runner/work/FateLost/FateLost/build-tests/SourcePackages/artifacts/swift-package-manager-google-mobile-ads/GoogleMobileAds/GoogleMobileAds.xcframework/ios-arm64_x86_64-simulator/GoogleMobileAds.framework /Users/runner/work/FateLost/FateLost/build-tests/Build/Products/Debug-iphonesimulator/FateLost.app/Frameworks
note: Injecting stub binary into codeless framework (in target 'FateLost' from project 'FateLost')
    /Applications/Xcode_26.3.app/Contents/Developer/Toolchains/XcodeDefault.xctoolchain/usr/bin/clang -isysroot /Applications/Xcode_26.3.app/Contents/Developer/Platforms/iPhoneSimulator.platform/Developer/SDKs/iPhoneSimulator26.2.sdk -x c -c /dev/null -target arm64-apple-ios13.0-simulator -o /private/var/folders/nj/vtw8zd2j31d1gdrtntc5y4600000gn/T/swbuild.tmp.GZQpt1mu/Data.noindex/arm64-apple.o
    /Applications/Xcode_26.3.app/Contents/Developer/Toolchains/XcodeDefault.xctoolchain/usr/bin/clang -isysroot /Applications/Xcode_26.3.app/Contents/Developer/Platforms/iPhoneSimulator.platform/Developer/SDKs/iPhoneSimulator26.2.sdk -dynamiclib -Xlinker -adhoc_codesign -target arm64-apple-ios13.0-simulator -o /private/var/folders/nj/vtw8zd2j31d1gdrtntc5y4600000gn/T/swbuild.tmp.GZQpt1mu/Data.noindex/arm64-apple /private/var/folders/nj/vtw8zd2j31d1gdrtntc5y4600000gn/T/swbuild.tmp.GZQpt1mu/Data.noindex/arm64-apple.o
    /Applications/Xcode_26.3.app/Contents/Developer/Toolchains/XcodeDefault.xctoolchain/usr/bin/lipo -create -output /Users/runner/work/FateLost/FateLost/build-tests/Build/Products/Debug-iphonesimulator/FateLost.app/Frameworks/GoogleMobileAds.framework/GoogleMobileAds /private/var/folders/nj/vtw8zd2j31d1gdrtntc5y4600000gn/T/swbuild.tmp.GZQpt1mu/Data.noindex/arm64-apple

SwiftExplicitDependencyGeneratePcm arm64 /Users/runner/work/FateLost/FateLost/build-tests/ModuleCache.noindex/_Builtin_stdarg-71HE58B22MRPQXXVPDWF6RNZ5.pcm

SwiftExplicitDependencyGeneratePcm arm64 /Users/runner/work/FateLost/FateLost/build-tests/ModuleCache.noindex/_Builtin_stddef-CDFE94PLM18VDX4HNW4YN3EWG.pcm

SwiftExplicitDependencyGeneratePcm arm64 /Users/runner/work/FateLost/FateLost/build-tests/ModuleCache.noindex/DeveloperToolsSupport-CFCF9ORZGN3G9SLIFAN1Y1PFU.pcm

SwiftExplicitDependencyGeneratePcm arm64 /Users/runner/work/FateLost/FateLost/build-tests/ModuleCache.noindex/ptrcheck-A76J2WV897UHF26OA4FPNDH96.pcm

SwiftExplicitDependencyGeneratePcm arm64 /Users/runner/work/FateLost/FateLost/build-tests/ModuleCache.noindex/ptrauth-EWHYDNJPG5PC68DE0KIL6MHC5.pcm

SwiftExplicitDependencyGeneratePcm arm64 /Users/runner/work/FateLost/FateLost/build-tests/ModuleCache.noindex/_Builtin_float-B2D2V9VH945B62EGNB02TZVLG.pcm

SwiftExplicitDependencyGeneratePcm arm64 /Users/runner/work/FateLost/FateLost/build-tests/ModuleCache.noindex/SwiftShims-AUSZPQBLMAEY6QMKOE7253DG9.pcm

SwiftExplicitDependencyGeneratePcm arm64 /Users/runner/work/FateLost/FateLost/build-tests/ModuleCache.noindex/_AvailabilityInternal-ANLFDFGJW9EURADGE5TEVH7T8.pcm

SwiftExplicitDependencyGeneratePcm arm64 /Users/runner/work/FateLost/FateLost/build-tests/ModuleCache.noindex/_Builtin_stdbool-4811K3VEI8UPKJRTZ7T8372XY.pcm

SwiftExplicitDependencyGeneratePcm arm64 /Users/runner/work/FateLost/FateLost/build-tests/ModuleCache.noindex/_SwiftConcurrencyShims-BHC6C7IYJFQ3G42LD8LCVF50P.pcm

SwiftExplicitDependencyGeneratePcm arm64 /Users/runner/work/FateLost/FateLost/build-tests/ModuleCache.noindex/_DarwinFoundation1-9ZU8J173A0AAF1YOAP282TSI.pcm

SwiftExplicitDependencyGeneratePcm arm64 /Users/runner/work/FateLost/FateLost/build-tests/ModuleCache.noindex/_DarwinFoundation2-65MOMQCKJA3EE8A1ZYDD7LALC.pcm

SwiftExplicitDependencyGeneratePcm arm64 /Users/runner/work/FateLost/FateLost/build-tests/ModuleCache.noindex/_Builtin_limits-853UUJ5XFHQ07DLH25JD5IVSR.pcm

SwiftExplicitDependencyGeneratePcm arm64 /Users/runner/work/FateLost/FateLost/build-tests/ModuleCache.noindex/_Builtin_stdint-BD1DU824K62CDC4A2CEUFC1UC.pcm

SwiftExplicitDependencyGeneratePcm arm64 /Users/runner/work/FateLost/FateLost/build-tests/ModuleCache.noindex/_Builtin_tgmath-C5UPZ1KTRDV1YS85OPFAW9FJP.pcm

SwiftExplicitDependencyGeneratePcm arm64 /Users/runner/work/FateLost/FateLost/build-tests/ModuleCache.noindex/sys_types-89DJ475R3KHXZFRRDX6AJ01FR.pcm

SwiftExplicitDependencyGeneratePcm arm64 /Users/runner/work/FateLost/FateLost/build-tests/ModuleCache.noindex/_DarwinFoundation3-6X1FOKW64HFIUFHMM3T56Q867.pcm

SwiftExplicitDependencyGeneratePcm arm64 /Users/runner/work/FateLost/FateLost/build-tests/ModuleCache.noindex/_Builtin_intrinsics-CGCLGUY5QJA663Y2WZLGE6C1J.pcm

SwiftExplicitDependencyGeneratePcm arm64 /Users/runner/work/FateLost/FateLost/build-tests/ModuleCache.noindex/_Builtin_stdatomic-CVB8GMTJODIGFP2DLOM8SRBDW.pcm

SwiftExplicitDependencyGeneratePcm arm64 /Users/runner/work/FateLost/FateLost/build-tests/ModuleCache.noindex/_Builtin_inttypes-CEPBUTGGSPX6VC6AVFWSBP2L5.pcm

SwiftExplicitDependencyGeneratePcm arm64 /Users/runner/work/FateLost/FateLost/build-tests/ModuleCache.noindex/Darwin-70YVDJACY5CG6S8Z51BXBU554.pcm

SwiftExplicitDependencyGeneratePcm arm64 /Users/runner/work/FateLost/FateLost/build-tests/ModuleCache.noindex/simd-8PUMCI82LHYK68Z1A9C6K314.pcm

SwiftExplicitDependencyGeneratePcm arm64 /Users/runner/work/FateLost/FateLost/build-tests/ModuleCache.noindex/MachO-ECYKD5VZIV5K6E1RJZ0ZNOKX1.pcm

SwiftExplicitDependencyGeneratePcm arm64 /Users/runner/work/FateLost/FateLost/build-tests/ModuleCache.noindex/ObjectiveC-3IEO1BIK6S4KBGLFPLM45KPR1.pcm

SwiftExplicitDependencyGeneratePcm arm64 /Users/runner/work/FateLost/FateLost/build-tests/ModuleCache.noindex/os_object-3KTJU5ECEPN49KBGCSVNI2E5.pcm

SwiftExplicitDependencyGeneratePcm arm64 /Users/runner/work/FateLost/FateLost/build-tests/ModuleCache.noindex/os_workgroup-EFPB61NUHM6VFTOPE4NKM4Q7Z.pcm

SwiftExplicitDependencyGeneratePcm arm64 /Users/runner/work/FateLost/FateLost/build-tests/ModuleCache.noindex/Spatial-63T3GRGD3LKWACRZTKEWGKKF4.pcm

SwiftExplicitDependencyGeneratePcm arm64 /Users/runner/work/FateLost/FateLost/build-tests/ModuleCache.noindex/Dispatch-9UXJCX6WFQF16IB4Q2JSG3IFS.pcm

SwiftExplicitDependencyGeneratePcm arm64 /Users/runner/work/FateLost/FateLost/build-tests/ModuleCache.noindex/dnssd-CH65LG4CQQQSSBYIWEN3AULTA.pcm

SwiftExplicitDependencyGeneratePcm arm64 /Users/runner/work/FateLost/FateLost/build-tests/ModuleCache.noindex/XPC-2HWMHPS68O7WY33E4B9VV5ZPY.pcm

SwiftExplicitDependencyGeneratePcm arm64 /Users/runner/work/FateLost/FateLost/build-tests/ModuleCache.noindex/CoreFoundation-1PHI5OIRP0K9OX8I4OJWOY1WM.pcm

SwiftExplicitDependencyGeneratePcm arm64 /Users/runner/work/FateLost/FateLost/build-tests/ModuleCache.noindex/os-2GYKKKX3UZUKL2H2W5KA64MEO.pcm

SwiftExplicitDependencyGeneratePcm arm64 /Users/runner/work/FateLost/FateLost/build-tests/ModuleCache.noindex/CFNetwork-AU5ZNP8I4KJDER6AYHHCIKTRX.pcm

SwiftExplicitDependencyGeneratePcm arm64 /Users/runner/work/FateLost/FateLost/build-tests/ModuleCache.noindex/CoreAudioTypes-62FF42377JI0SV9FX48NZPHX5.pcm

SwiftExplicitDependencyGeneratePcm arm64 /Users/runner/work/FateLost/FateLost/build-tests/ModuleCache.noindex/CoreGraphics-CA3PHKFLS81NHY8Q32VX72Q4V.pcm

SwiftExplicitDependencyGeneratePcm arm64 /Users/runner/work/FateLost/FateLost/build-tests/ModuleCache.noindex/CoreAudio-3KZI296A6P6W9P3WWMRCQU3TJ.pcm

SwiftExplicitDependencyGeneratePcm arm64 /Users/runner/work/FateLost/FateLost/build-tests/ModuleCache.noindex/Security-2VXVVZNF9SNKTY0I80K51ML0F.pcm

SwiftExplicitDependencyGeneratePcm arm64 /Users/runner/work/FateLost/FateLost/build-tests/ModuleCache.noindex/CoreText-9YTPUOSPDTX32KT09Q9EHG2L7.pcm

SwiftExplicitDependencyGeneratePcm arm64 /Users/runner/work/FateLost/FateLost/build-tests/ModuleCache.noindex/ImageIO-E6ZQIY9KAFV3RUOK3G2F0TM17.pcm

SwiftExplicitDependencyGeneratePcm arm64 /Users/runner/work/FateLost/FateLost/build-tests/ModuleCache.noindex/Foundation-5Q7FYIL5M1M34NTHVP4472ZU3.pcm

SwiftExplicitDependencyGeneratePcm arm64 /Users/runner/work/FateLost/FateLost/build-tests/ModuleCache.noindex/Network-7R851JYATFAKOR2JGQ96386S7.pcm

SwiftExplicitDependencyGeneratePcm arm64 /Users/runner/work/FateLost/FateLost/build-tests/ModuleCache.noindex/CoreData-CXKEXFNIT93XNFI0FVQYIC2FT.pcm

SwiftExplicitDependencyGeneratePcm arm64 /Users/runner/work/FateLost/FateLost/build-tests/ModuleCache.noindex/ModelIO-AUCZRVRU4AC6Q9OSW6FJ9GPTX.pcm

SwiftExplicitDependencyGeneratePcm arm64 /Users/runner/work/FateLost/FateLost/build-tests/ModuleCache.noindex/IOSurface-EM2CR3U1VXYHTF60O6D08K97W.pcm

SwiftExplicitDependencyGeneratePcm arm64 /Users/runner/work/FateLost/FateLost/build-tests/ModuleCache.noindex/Accessibility-857Q74QZM93VMX9OJM03ADTY8.pcm

SwiftExplicitDependencyGeneratePcm arm64 /Users/runner/work/FateLost/FateLost/build-tests/ModuleCache.noindex/Metal-ZPX0RCQJPMWQ5DKCT7BZ338I.pcm

SwiftExplicitDependencyGeneratePcm arm64 /Users/runner/work/FateLost/FateLost/build-tests/ModuleCache.noindex/OpenGLES-CVQKEOM1PG6D2ONGBLFPEXEML.pcm

SwiftExplicitDependencyGeneratePcm arm64 /Users/runner/work/FateLost/FateLost/build-tests/ModuleCache.noindex/UIUtilities-5H6INK5O5VQ3WNPLRPD7YG4RE.pcm

SwiftExplicitDependencyGeneratePcm arm64 /Users/runner/work/FateLost/FateLost/build-tests/ModuleCache.noindex/LocalAuthentication-9OVFNG1Y65B82VKV5JB166DSM.pcm

SwiftExplicitDependencyGeneratePcm arm64 /Users/runner/work/FateLost/FateLost/build-tests/ModuleCache.noindex/CoreVideo-E4DWS5UFZO8HSNH55766P02OQ.pcm

SwiftExplicitDependencyGeneratePcm arm64 /Users/runner/work/FateLost/FateLost/build-tests/ModuleCache.noindex/FileProvider-8CC9TPUU4R61FCEHWU3OBB3FH.pcm

SwiftExplicitDependencyGeneratePcm arm64 /Users/runner/work/FateLost/FateLost/build-tests/ModuleCache.noindex/CoreMIDI-65LZT2AOH988VOO7UWWW9WXX1.pcm

SwiftExplicitDependencyGeneratePcm arm64 /Users/runner/work/FateLost/FateLost/build-tests/ModuleCache.noindex/CoreMedia-EO6FFS900K7R2UMBS7W10J84K.pcm

SwiftExplicitDependencyGeneratePcm arm64 /Users/runner/work/FateLost/FateLost/build-tests/ModuleCache.noindex/CoreImage-CP6VEDWWNPHLZMQVC2UHNE0ZH.pcm

SwiftExplicitDependencyGeneratePcm arm64 /Users/runner/work/FateLost/FateLost/build-tests/ModuleCache.noindex/QuartzCore-8QXJ5QV6LCCHK2JG3ZVRU5PEZ.pcm

SwiftExplicitDependencyGeneratePcm arm64 /Users/runner/work/FateLost/FateLost/build-tests/ModuleCache.noindex/AVRouting-1SVU3W44RF55IV44MO3CRPBWY.pcm

SwiftExplicitDependencyGeneratePcm arm64 /Users/runner/work/FateLost/FateLost/build-tests/ModuleCache.noindex/OSLog-6J754KH5OU96ZSHISXXLD2PRL.pcm

SwiftExplicitDependencyGeneratePcm arm64 /Users/runner/work/FateLost/FateLost/build-tests/ModuleCache.noindex/AppTrackingTransparency-7W2FIQ6UVKJ96QH4GKE87UM8N.pcm

SwiftExplicitDependencyGeneratePcm arm64 /Users/runner/work/FateLost/FateLost/build-tests/ModuleCache.noindex/SwiftUICore-2EO0SLBWFN8BUM3MTAN8CMH4C.pcm

SwiftExplicitDependencyGeneratePcm arm64 /Users/runner/work/FateLost/FateLost/build-tests/ModuleCache.noindex/CoreTransferable-A5TQCQM4Y610QO4X664MOKKH4.pcm

SwiftExplicitDependencyGeneratePcm arm64 /Users/runner/work/FateLost/FateLost/build-tests/ModuleCache.noindex/UniformTypeIdentifiers-2BCF8H332GM3VB5A9DT6VI17V.pcm

SwiftExplicitDependencyGeneratePcm arm64 /Users/runner/work/FateLost/FateLost/build-tests/ModuleCache.noindex/Symbols-9XUH20S7O8I6DG18ALQT0EUIY.pcm

SwiftExplicitDependencyGeneratePcm arm64 /Users/runner/work/FateLost/FateLost/build-tests/ModuleCache.noindex/DataDetection-NPVD38I0VTFMUOTAEE10IVFP.pcm

SwiftExplicitDependencyGeneratePcm arm64 /Users/runner/work/FateLost/FateLost/build-tests/ModuleCache.noindex/UserNotifications-DQ9354ABGDZQ72FPN3SUOYKPX.pcm

SwiftExplicitDependencyGeneratePcm arm64 /Users/runner/work/FateLost/FateLost/build-tests/ModuleCache.noindex/AudioToolbox-E22IOCA2TX0KX8B5KWLDSM8D5.pcm

SwiftExplicitDependencyGeneratePcm arm64 /Users/runner/work/FateLost/FateLost/build-tests/ModuleCache.noindex/UIKit-7MCHTEYMAJTJYFX0M30DEPTZC.pcm

SwiftExplicitDependencyGeneratePcm arm64 /Users/runner/work/FateLost/FateLost/build-tests/ModuleCache.noindex/MediaToolbox-DQM0QKJZZ745M96BTLWCV31HT.pcm

SwiftExplicitDependencyGeneratePcm arm64 /Users/runner/work/FateLost/FateLost/build-tests/ModuleCache.noindex/AVFAudio-16A82RM85MHQVKLE0RMRIUKS2.pcm

SwiftExplicitDependencyGeneratePcm arm64 /Users/runner/work/FateLost/FateLost/build-tests/ModuleCache.noindex/AVFoundation-5VOW48ZCA96LEPVIMB9WN32D5.pcm

SwiftExplicitDependencyGeneratePcm arm64 /Users/runner/work/FateLost/FateLost/build-tests/ModuleCache.noindex/WebKit-686Z4NOSSXAPEKO27J19N2D09.pcm

SwiftExplicitDependencyGeneratePcm arm64 /Users/runner/work/FateLost/FateLost/build-tests/ModuleCache.noindex/SwiftUI-20IF5VUFXCQCIROD2MUMVKICN.pcm

SwiftExplicitDependencyGeneratePcm arm64 /Users/runner/work/FateLost/FateLost/build-tests/Build/Intermediates.noindex/SwiftExplicitPrecompiledModules/UserMessagingPlatform-E8MZ94VCXUSCDJWL2KQNTP69W.pcm

SwiftExplicitDependencyGeneratePcm arm64 /Users/runner/work/FateLost/FateLost/build-tests/ModuleCache.noindex/GLKit-77Z4WX3UIEGIL3RWF90YL5FLX.pcm

SwiftExplicitDependencyGeneratePcm arm64 /Users/runner/work/FateLost/FateLost/build-tests/Build/Intermediates.noindex/SwiftExplicitPrecompiledModules/GoogleMobileAds-C6XKY1HMKLLOCLB1KT1O6TG0M.pcm

SwiftExplicitDependencyGeneratePcm arm64 /Users/runner/work/FateLost/FateLost/build-tests/ModuleCache.noindex/SpriteKit-DAIP8K77YMY950D3H6KEI5KSZ.pcm

SwiftEmitModule normal arm64 Emitting\ module\ for\ FateLost (in target 'FateLost' from project 'FateLost')
EmitSwiftModule normal arm64 (in target 'FateLost' from project 'FateLost')
    cd /Users/runner/work/FateLost/FateLost
    
/Users/runner/work/FateLost/FateLost/FateLost/Scenes/Gameplay/Entities/PartyRenderer.swift:9:20: warning: call to main actor-isolated initializer 'init()' in a synchronous nonisolated context
        let root = SKNode()
                   ^
/Applications/Xcode_26.3.app/Contents/Developer/Platforms/iPhoneSimulator.platform/Developer/SDKs/iPhoneSimulator26.2.sdk/System/Library/Frameworks/SpriteKit.framework/Headers/SKNode.h:55:1: note: calls to initializer 'init()' from outside of its actor context are implicitly asynchronous
- (instancetype)init NS_DESIGNATED_INITIALIZER;
^
/Applications/Xcode_26.3.app/Contents/Developer/Platforms/iPhoneSimulator.platform/Developer/SDKs/iPhoneSimulator26.2.sdk/System/Library/Frameworks/SpriteKit.framework/Headers/SKNode.h:55:1: note: main actor isolation inferred from inheritance from class 'UIResponder'
- (instancetype)init NS_DESIGNATED_INITIALIZER;
^
/Users/runner/work/FateLost/FateLost/FateLost/Scenes/Gameplay/Entities/PartyRenderer.swift:11:23: warning: call to main actor-isolated initializer 'init()' in a synchronous nonisolated context
        let barBack = SKShapeNode()
                      ^
/Applications/Xcode_26.3.app/Contents/Developer/Platforms/iPhoneSimulator.platform/Developer/SDKs/iPhoneSimulator26.2.sdk/System/Library/Frameworks/SpriteKit.framework/Headers/SKNode.h:55:1: note: calls to initializer 'init()' from outside of its actor context are implicitly asynchronous
- (instancetype)init NS_DESIGNATED_INITIALIZER;
^
/Applications/Xcode_26.3.app/Contents/Developer/Platforms/iPhoneSimulator.platform/Developer/SDKs/iPhoneSimulator26.2.sdk/System/Library/Frameworks/SpriteKit.framework/Headers/SKNode.h:55:1: note: main actor isolation inferred from inheritance from class 'SKNode'
- (instancetype)init NS_DESIGNATED_INITIALIZER;
^
/Users/runner/work/FateLost/FateLost/FateLost/Scenes/Gameplay/Entities/PartyRenderer.swift:12:23: warning: call to main actor-isolated initializer 'init()' in a synchronous nonisolated context
        let barFill = SKShapeNode()
                      ^
/Applications/Xcode_26.3.app/Contents/Developer/Platforms/iPhoneSimulator.platform/Developer/SDKs/iPhoneSimulator26.2.sdk/System/Library/Frameworks/SpriteKit.framework/Headers/SKNode.h:55:1: note: calls to initializer 'init()' from outside of its actor context are implicitly asynchronous
- (instancetype)init NS_DESIGNATED_INITIALIZER;
^
/Applications/Xcode_26.3.app/Contents/Developer/Platforms/iPhoneSimulator.platform/Developer/SDKs/iPhoneSimulator26.2.sdk/System/Library/Frameworks/SpriteKit.framework/Headers/SKNode.h:55:1: note: main actor isolation inferred from inheritance from class 'SKNode'
- (instancetype)init NS_DESIGNATED_INITIALIZER;
^

SwiftCompile normal arm64 Compiling\ WeaponFind.swift,\ ItemRarity.swift,\ CodexRewards.swift,\ LegacyNode.swift,\ LegacyProfile.swift,\ WeaponMastery.swift,\ Relic.swift,\ RelicRoller.swift,\ GameSimulation.swift,\ GameSimulation+Mirror.swift,\ GameSimulation+Party.swift,\ GameSimulation+Rift.swift,\ GameSimulation+SecondChance.swift,\ Archetype.swift,\ Conditions.swift,\ EffectAction.swift,\ HybridOrder.swift,\ RankValue.swift,\ SkillDefinition.swift,\ StatusKind.swift,\ ActionExecutor.swift,\ CompiledBuild.swift,\ SkillAllocation.swift,\ StatID.swift /Users/runner/work/FateLost/FateLost/FateLost/Game/Items/Weapons/WeaponFind.swift /Users/runner/work/FateLost/FateLost/FateLost/Game/Items/ItemRarity.swift /Users/runner/work/FateLost/FateLost/FateLost/Game/Legacy/CodexRewards.swift /Users/runner/work/FateLost/FateLost/FateLost/Game/Legacy/LegacyNode.swift /Users/runner/work/FateLost/FateLost/FateLost/Game/Legacy/LegacyProfile.swift /Users/runner/work/FateLost/FateLost/FateLost/Game/Legacy/WeaponMastery.swift /Users/runner/work/FateLost/FateLost/FateLost/Game/Relics/Relic.swift /Users/runner/work/FateLost/FateLost/FateLost/Game/Relics/RelicRoller.swift /Users/runner/work/FateLost/FateLost/FateLost/Game/Simulation/GameSimulation.swift /Users/runner/work/FateLost/FateLost/FateLost/Game/Simulation/GameSimulation+Mirror.swift /Users/runner/work/FateLost/FateLost/FateLost/Game/Simulation/GameSimulation+Party.swift /Users/runner/work/FateLost/FateLost/FateLost/Game/Simulation/GameSimulation+Rift.swift /Users/runner/work/FateLost/FateLost/FateLost/Game/Simulation/GameSimulation+SecondChance.swift /Users/runner/work/FateLost/FateLost/FateLost/Game/Skills/Model/Archetype.swift /Users/runner/work/FateLost/FateLost/FateLost/Game/Skills/Model/Conditions.swift /Users/runner/work/FateLost/FateLost/FateLost/Game/Skills/Model/EffectAction.swift /Users/runner/work/FateLost/FateLost/FateLost/Game/Skills/Model/HybridOrder.swift /Users/runner/work/FateLost/FateLost/FateLost/Game/Skills/Model/RankValue.swift /Users/runner/work/FateLost/FateLost/FateLost/Game/Skills/Model/SkillDefinition.swift /Users/runner/work/FateLost/FateLost/FateLost/Game/Skills/Model/StatusKind.swift /Users/runner/work/FateLost/FateLost/FateLost/Game/Skills/Runtime/ActionExecutor.swift /Users/runner/work/FateLost/FateLost/FateLost/Game/Skills/Runtime/CompiledBuild.swift /Users/runner/work/FateLost/FateLost/FateLost/Game/Skills/SkillAllocation.swift /Users/runner/work/FateLost/FateLost/FateLost/Game/Stats/StatID.swift (in target 'FateLost' from project 'FateLost')
SwiftCompile normal arm64 /Users/runner/work/FateLost/FateLost/FateLost/Game/Items/Weapons/WeaponFind.swift (in target 'FateLost' from project 'FateLost')
    cd /Users/runner/work/FateLost/FateLost
    

SwiftCompile normal arm64 /Users/runner/work/FateLost/FateLost/FateLost/Game/Items/ItemRarity.swift (in target 'FateLost' from project 'FateLost')
    cd /Users/runner/work/FateLost/FateLost
    

SwiftCompile normal arm64 /Users/runner/work/FateLost/FateLost/FateLost/Game/Legacy/CodexRewards.swift (in target 'FateLost' from project 'FateLost')
    cd /Users/runner/work/FateLost/FateLost
    

SwiftCompile normal arm64 /Users/runner/work/FateLost/FateLost/FateLost/Game/Legacy/LegacyNode.swift (in target 'FateLost' from project 'FateLost')
    cd /Users/runner/work/FateLost/FateLost
    

SwiftCompile normal arm64 /Users/runner/work/FateLost/FateLost/FateLost/Game/Legacy/LegacyProfile.swift (in target 'FateLost' from project 'FateLost')
    cd /Users/runner/work/FateLost/FateLost
    

SwiftCompile normal arm64 /Users/runner/work/FateLost/FateLost/FateLost/Game/Legacy/WeaponMastery.swift (in target 'FateLost' from project 'FateLost')
    cd /Users/runner/work/FateLost/FateLost
    

SwiftCompile normal arm64 /Users/runner/work/FateLost/FateLost/FateLost/Game/Relics/Relic.swift (in target 'FateLost' from project 'FateLost')
    cd /Users/runner/work/FateLost/FateLost
    

SwiftCompile normal arm64 /Users/runner/work/FateLost/FateLost/FateLost/Game/Relics/RelicRoller.swift (in target 'FateLost' from project 'FateLost')
    cd /Users/runner/work/FateLost/FateLost
    

SwiftCompile normal arm64 /Users/runner/work/FateLost/FateLost/FateLost/Game/Simulation/GameSimulation.swift (in target 'FateLost' from project 'FateLost')
    cd /Users/runner/work/FateLost/FateLost
    

SwiftCompile normal arm64 /Users/runner/work/FateLost/FateLost/FateLost/Game/Simulation/GameSimulation+Mirror.swift (in target 'FateLost' from project 'FateLost')
    cd /Users/runner/work/FateLost/FateLost
    

SwiftCompile normal arm64 /Users/runner/work/FateLost/FateLost/FateLost/Game/Simulation/GameSimulation+Party.swift (in target 'FateLost' from project 'FateLost')
    cd /Users/runner/work/FateLost/FateLost
    

SwiftCompile normal arm64 /Users/runner/work/FateLost/FateLost/FateLost/Game/Simulation/GameSimulation+Rift.swift (in target 'FateLost' from project 'FateLost')
    cd /Users/runner/work/FateLost/FateLost
    

SwiftCompile normal arm64 /Users/runner/work/FateLost/FateLost/FateLost/Game/Simulation/GameSimulation+SecondChance.swift (in target 'FateLost' from project 'FateLost')
    cd /Users/runner/work/FateLost/FateLost
    

SwiftCompile normal arm64 /Users/runner/work/FateLost/FateLost/FateLost/Game/Skills/Model/Archetype.swift (in target 'FateLost' from project 'FateLost')
    cd /Users/runner/work/FateLost/FateLost
    

SwiftCompile normal arm64 /Users/runner/work/FateLost/FateLost/FateLost/Game/Skills/Model/Conditions.swift (in target 'FateLost' from project 'FateLost')
    cd /Users/runner/work/FateLost/FateLost
    

SwiftCompile normal arm64 /Users/runner/work/FateLost/FateLost/FateLost/Game/Skills/Model/EffectAction.swift (in target 'FateLost' from project 'FateLost')
    cd /Users/runner/work/FateLost/FateLost
    

SwiftCompile normal arm64 /Users/runner/work/FateLost/FateLost/FateLost/Game/Skills/Model/HybridOrder.swift (in target 'FateLost' from project 'FateLost')
    cd /Users/runner/work/FateLost/FateLost
    

SwiftCompile normal arm64 /Users/runner/work/FateLost/FateLost/FateLost/Game/Skills/Model/RankValue.swift (in target 'FateLost' from project 'FateLost')
    cd /Users/runner/work/FateLost/FateLost
    

SwiftCompile normal arm64 /Users/runner/work/FateLost/FateLost/FateLost/Game/Skills/Model/SkillDefinition.swift (in target 'FateLost' from project 'FateLost')
    cd /Users/runner/work/FateLost/FateLost
    

SwiftCompile normal arm64 /Users/runner/work/FateLost/FateLost/FateLost/Game/Skills/Model/StatusKind.swift (in target 'FateLost' from project 'FateLost')
    cd /Users/runner/work/FateLost/FateLost
    

SwiftCompile normal arm64 /Users/runner/work/FateLost/FateLost/FateLost/Game/Skills/Runtime/ActionExecutor.swift (in target 'FateLost' from project 'FateLost')
    cd /Users/runner/work/FateLost/FateLost
    

SwiftCompile normal arm64 /Users/runner/work/FateLost/FateLost/FateLost/Game/Skills/Runtime/CompiledBuild.swift (in target 'FateLost' from project 'FateLost')
    cd /Users/runner/work/FateLost/FateLost
    

SwiftCompile normal arm64 /Users/runner/work/FateLost/FateLost/FateLost/Game/Skills/SkillAllocation.swift (in target 'FateLost' from project 'FateLost')
    cd /Users/runner/work/FateLost/FateLost
    

SwiftCompile normal arm64 /Users/runner/work/FateLost/FateLost/FateLost/Game/Stats/StatID.swift (in target 'FateLost' from project 'FateLost')
    cd /Users/runner/work/FateLost/FateLost
    

SwiftCompile normal arm64 Compiling\ PartyRenderer.swift,\ PickupRenderer.swift,\ PlayerView.swift,\ PortalRenderer.swift,\ ProjectileRenderer.swift,\ ShrineRenderer.swift,\ AbilityButtonNode.swift,\ BeaconLayer.swift,\ GameHUDNode.swift,\ VirtualJoystickNode.swift,\ AtmosphereRenderer.swift,\ DecorationRenderer.swift,\ WrappingGroundRenderer.swift,\ GameScene.swift,\ GameSession.swift,\ GameViewContainer.swift,\ EmberBackground.swift,\ LegacyGlyph.swift,\ LegacyGlyphData.swift,\ WeaponIcon.swift,\ MultiplayerViews.swift,\ PartyResultsView.swift,\ PartyRunViews.swift /Users/runner/work/FateLost/FateLost/FateLost/Scenes/Gameplay/Entities/PartyRenderer.swift /Users/runner/work/FateLost/FateLost/FateLost/Scenes/Gameplay/Entities/PickupRenderer.swift /Users/runner/work/FateLost/FateLost/FateLost/Scenes/Gameplay/Entities/PlayerView.swift /Users/runner/work/FateLost/FateLost/FateLost/Scenes/Gameplay/Entities/PortalRenderer.swift /Users/runner/work/FateLost/FateLost/FateLost/Scenes/Gameplay/Entities/ProjectileRenderer.swift /Users/runner/work/FateLost/FateLost/FateLost/Scenes/Gameplay/Entities/ShrineRenderer.swift /Users/runner/work/FateLost/FateLost/FateLost/Scenes/Gameplay/HUD/AbilityButtonNode.swift /Users/runner/work/FateLost/FateLost/FateLost/Scenes/Gameplay/HUD/BeaconLayer.swift /Users/runner/work/FateLost/FateLost/FateLost/Scenes/Gameplay/HUD/GameHUDNode.swift /Users/runner/work/FateLost/FateLost/FateLost/Scenes/Gameplay/HUD/VirtualJoystickNode.swift /Users/runner/work/FateLost/FateLost/FateLost/Scenes/Gameplay/World/AtmosphereRenderer.swift /Users/runner/work/FateLost/FateLost/FateLost/Scenes/Gameplay/World/DecorationRenderer.swift /Users/runner/work/FateLost/FateLost/FateLost/Scenes/Gameplay/World/WrappingGroundRenderer.swift /Users/runner/work/FateLost/FateLost/FateLost/Scenes/Gameplay/GameScene.swift /Users/runner/work/FateLost/FateLost/FateLost/Scenes/Gameplay/GameSession.swift /Users/runner/work/FateLost/FateLost/FateLost/Scenes/Gameplay/GameViewContainer.swift /Users/runner/work/FateLost/FateLost/FateLost/UI/Components/EmberBackground.swift /Users/runner/work/FateLost/FateLost/FateLost/UI/Components/LegacyGlyph.swift /Users/runner/work/FateLost/FateLost/FateLost/UI/Components/LegacyGlyphData.swift /Users/runner/work/FateLost/FateLost/FateLost/UI/Components/WeaponIcon.swift /Users/runner/work/FateLost/FateLost/FateLost/UI/Screens/Multiplayer/MultiplayerViews.swift /Users/runner/work/FateLost/FateLost/FateLost/UI/Screens/Multiplayer/PartyResultsView.swift /Users/runner/work/FateLost/FateLost/FateLost/UI/Screens/Multiplayer/PartyRunViews.swift (in target 'FateLost' from project 'FateLost')
SwiftCompile normal arm64 /Users/runner/work/FateLost/FateLost/FateLost/Scenes/Gameplay/Entities/PartyRenderer.swift (in target 'FateLost' from project 'FateLost')
    cd /Users/runner/work/FateLost/FateLost
    
/Users/runner/work/FateLost/FateLost/FateLost/Scenes/Gameplay/Entities/PartyRenderer.swift:9:20: warning: call to main actor-isolated initializer 'init()' in a synchronous nonisolated context
        let root = SKNode()
                   ^
/Applications/Xcode_26.3.app/Contents/Developer/Platforms/iPhoneSimulator.platform/Developer/SDKs/iPhoneSimulator26.2.sdk/System/Library/Frameworks/SpriteKit.framework/Headers/SKNode.h:55:1: note: calls to initializer 'init()' from outside of its actor context are implicitly asynchronous
- (instancetype)init NS_DESIGNATED_INITIALIZER;
^
/Applications/Xcode_26.3.app/Contents/Developer/Platforms/iPhoneSimulator.platform/Developer/SDKs/iPhoneSimulator26.2.sdk/System/Library/Frameworks/SpriteKit.framework/Headers/SKNode.h:55:1: note: main actor isolation inferred from inheritance from class 'UIResponder'
- (instancetype)init NS_DESIGNATED_INITIALIZER;
^
/Users/runner/work/FateLost/FateLost/FateLost/Scenes/Gameplay/Entities/PartyRenderer.swift:11:23: warning: call to main actor-isolated initializer 'init()' in a synchronous nonisolated context
        let barBack = SKShapeNode()
                      ^
/Applications/Xcode_26.3.app/Contents/Developer/Platforms/iPhoneSimulator.platform/Developer/SDKs/iPhoneSimulator26.2.sdk/System/Library/Frameworks/SpriteKit.framework/Headers/SKNode.h:55:1: note: calls to initializer 'init()' from outside of its actor context are implicitly asynchronous
- (instancetype)init NS_DESIGNATED_INITIALIZER;
^
/Applications/Xcode_26.3.app/Contents/Developer/Platforms/iPhoneSimulator.platform/Developer/SDKs/iPhoneSimulator26.2.sdk/System/Library/Frameworks/SpriteKit.framework/Headers/SKNode.h:55:1: note: main actor isolation inferred from inheritance from class 'SKNode'
- (instancetype)init NS_DESIGNATED_INITIALIZER;
^
/Users/runner/work/FateLost/FateLost/FateLost/Scenes/Gameplay/Entities/PartyRenderer.swift:12:23: warning: call to main actor-isolated initializer 'init()' in a synchronous nonisolated context
        let barFill = SKShapeNode()
                      ^
/Applications/Xcode_26.3.app/Contents/Developer/Platforms/iPhoneSimulator.platform/Developer/SDKs/iPhoneSimulator26.2.sdk/System/Library/Frameworks/SpriteKit.framework/Headers/SKNode.h:55:1: note: calls to initializer 'init()' from outside of its actor context are implicitly asynchronous
- (instancetype)init NS_DESIGNATED_INITIALIZER;
^
/Applications/Xcode_26.3.app/Contents/Developer/Platforms/iPhoneSimulator.platform/Developer/SDKs/iPhoneSimulator26.2.sdk/System/Library/Frameworks/SpriteKit.framework/Headers/SKNode.h:55:1: note: main actor isolation inferred from inheritance from class 'SKNode'
- (instancetype)init NS_DESIGNATED_INITIALIZER;
^
/Users/runner/work/FateLost/FateLost/FateLost/Scenes/Gameplay/Entities/PartyRenderer.swift:18:25: warning: call to main actor-isolated initializer 'init(text:)' in a synchronous nonisolated context
            self.name = SKLabelNode(text: name)
                        ^
/Applications/Xcode_26.3.app/Contents/Developer/Platforms/iPhoneSimulator.platform/Developer/SDKs/iPhoneSimulator26.2.sdk/System/Library/Frameworks/SpriteKit.framework/Headers/SKLabelNode.h:31:1: note: calls to initializer 'init(text:)' from outside of its actor context are implicitly asynchronous
+ (instancetype)labelNodeWithText:(nullable NSString *)text;
^
/Applications/Xcode_26.3.app/Contents/Developer/Platforms/iPhoneSimulator.platform/Developer/SDKs/iPhoneSimulator26.2.sdk/System/Library/Frameworks/SpriteKit.framework/Headers/SKLabelNode.h:31:1: note: main actor isolation inferred from inheritance from class 'SKNode'
+ (instancetype)labelNodeWithText:(nullable NSString *)text;
^

SwiftCompile normal arm64 /Users/runner/work/FateLost/FateLost/FateLost/Scenes/Gameplay/Entities/PickupRenderer.swift (in target 'FateLost' from project 'FateLost')
    cd /Users/runner/work/FateLost/FateLost
    

SwiftCompile normal arm64 /Users/runner/work/FateLost/FateLost/FateLost/Scenes/Gameplay/Entities/PlayerView.swift (in target 'FateLost' from project 'FateLost')
    cd /Users/runner/work/FateLost/FateLost
    

SwiftCompile normal arm64 /Users/runner/work/FateLost/FateLost/FateLost/Scenes/Gameplay/Entities/PortalRenderer.swift (in target 'FateLost' from project 'FateLost')
    cd /Users/runner/work/FateLost/FateLost
    

SwiftCompile normal arm64 /Users/runner/work/FateLost/FateLost/FateLost/Scenes/Gameplay/Entities/ProjectileRenderer.swift (in target 'FateLost' from project 'FateLost')
    cd /Users/runner/work/FateLost/FateLost
    

SwiftCompile normal arm64 /Users/runner/work/FateLost/FateLost/FateLost/Scenes/Gameplay/Entities/ShrineRenderer.swift (in target 'FateLost' from project 'FateLost')
    cd /Users/runner/work/FateLost/FateLost
    

SwiftCompile normal arm64 /Users/runner/work/FateLost/FateLost/FateLost/Scenes/Gameplay/HUD/AbilityButtonNode.swift (in target 'FateLost' from project 'FateLost')
    cd /Users/runner/work/FateLost/FateLost
    

SwiftCompile normal arm64 /Users/runner/work/FateLost/FateLost/FateLost/Scenes/Gameplay/HUD/BeaconLayer.swift (in target 'FateLost' from project 'FateLost')
    cd /Users/runner/work/FateLost/FateLost
    

SwiftCompile normal arm64 /Users/runner/work/FateLost/FateLost/FateLost/Scenes/Gameplay/HUD/GameHUDNode.swift (in target 'FateLost' from project 'FateLost')
    cd /Users/runner/work/FateLost/FateLost
    

SwiftCompile normal arm64 /Users/runner/work/FateLost/FateLost/FateLost/Scenes/Gameplay/HUD/VirtualJoystickNode.swift (in target 'FateLost' from project 'FateLost')
    cd /Users/runner/work/FateLost/FateLost
    

SwiftCompile normal arm64 /Users/runner/work/FateLost/FateLost/FateLost/Scenes/Gameplay/World/AtmosphereRenderer.swift (in target 'FateLost' from project 'FateLost')
    cd /Users/runner/work/FateLost/FateLost
    

SwiftCompile normal arm64 /Users/runner/work/FateLost/FateLost/FateLost/Scenes/Gameplay/World/DecorationRenderer.swift (in target 'FateLost' from project 'FateLost')
    cd /Users/runner/work/FateLost/FateLost
    

SwiftCompile normal arm64 /Users/runner/work/FateLost/FateLost/FateLost/Scenes/Gameplay/World/WrappingGroundRenderer.swift (in target 'FateLost' from project 'FateLost')
    cd /Users/runner/work/FateLost/FateLost
    

SwiftCompile normal arm64 /Users/runner/work/FateLost/FateLost/FateLost/Scenes/Gameplay/GameScene.swift (in target 'FateLost' from project 'FateLost')
    cd /Users/runner/work/FateLost/FateLost
    

SwiftCompile normal arm64 /Users/runner/work/FateLost/FateLost/FateLost/Scenes/Gameplay/GameSession.swift (in target 'FateLost' from project 'FateLost')
    cd /Users/runner/work/FateLost/FateLost
    

SwiftCompile normal arm64 /Users/runner/work/FateLost/FateLost/FateLost/Scenes/Gameplay/GameViewContainer.swift (in target 'FateLost' from project 'FateLost')
    cd /Users/runner/work/FateLost/FateLost
    

SwiftCompile normal arm64 /Users/runner/work/FateLost/FateLost/FateLost/UI/Components/EmberBackground.swift (in target 'FateLost' from project 'FateLost')
    cd /Users/runner/work/FateLost/FateLost
    

SwiftCompile normal arm64 /Users/runner/work/FateLost/FateLost/FateLost/UI/Components/LegacyGlyph.swift (in target 'FateLost' from project 'FateLost')
    cd /Users/runner/work/FateLost/FateLost
    

SwiftCompile normal arm64 /Users/runner/work/FateLost/FateLost/FateLost/UI/Components/LegacyGlyphData.swift (in target 'FateLost' from project 'FateLost')
    cd /Users/runner/work/FateLost/FateLost
    

SwiftCompile normal arm64 /Users/runner/work/FateLost/FateLost/FateLost/UI/Components/WeaponIcon.swift (in target 'FateLost' from project 'FateLost')
    cd /Users/runner/work/FateLost/FateLost
    

SwiftCompile normal arm64 /Users/runner/work/FateLost/FateLost/FateLost/UI/Screens/Multiplayer/MultiplayerViews.swift (in target 'FateLost' from project 'FateLost')
    cd /Users/runner/work/FateLost/FateLost
    

SwiftCompile normal arm64 /Users/runner/work/FateLost/FateLost/FateLost/UI/Screens/Multiplayer/PartyResultsView.swift (in target 'FateLost' from project 'FateLost')
    cd /Users/runner/work/FateLost/FateLost
    

SwiftCompile normal arm64 /Users/runner/work/FateLost/FateLost/FateLost/UI/Screens/Multiplayer/PartyRunViews.swift (in target 'FateLost' from project 'FateLost')
    cd /Users/runner/work/FateLost/FateLost
    

SwiftCompile normal arm64 Compiling\ StatSheet.swift,\ AllySystem.swift,\ BossSystem.swift,\ DropTable.swift,\ EliteSystem.swift,\ EnemyAISystem.swift,\ MovementSystem.swift,\ PickupSystem.swift,\ ProjectileSystem.swift,\ ShrineSystem.swift,\ SpawnSystem.swift,\ StatusSystem.swift,\ WaveSystem.swift,\ WeaponSystem.swift,\ ZoneSystem.swift,\ ArenaGenerator.swift,\ ArenaLayout.swift,\ ArenaTheme.swift,\ Decorations.swift,\ RealmDefinition.swift,\ RealmProgress.swift,\ WavePlan.swift,\ IsometricProjection.swift /Users/runner/work/FateLost/FateLost/FateLost/Game/Stats/StatSheet.swift /Users/runner/work/FateLost/FateLost/FateLost/Game/Systems/AllySystem.swift /Users/runner/work/FateLost/FateLost/FateLost/Game/Systems/BossSystem.swift /Users/runner/work/FateLost/FateLost/FateLost/Game/Systems/DropTable.swift /Users/runner/work/FateLost/FateLost/FateLost/Game/Systems/EliteSystem.swift /Users/runner/work/FateLost/FateLost/FateLost/Game/Systems/EnemyAISystem.swift /Users/runner/work/FateLost/FateLost/FateLost/Game/Systems/MovementSystem.swift /Users/runner/work/FateLost/FateLost/FateLost/Game/Systems/PickupSystem.swift /Users/runner/work/FateLost/FateLost/FateLost/Game/Systems/ProjectileSystem.swift /Users/runner/work/FateLost/FateLost/FateLost/Game/Systems/ShrineSystem.swift /Users/runner/work/FateLost/FateLost/FateLost/Game/Systems/SpawnSystem.swift /Users/runner/work/FateLost/FateLost/FateLost/Game/Systems/StatusSystem.swift /Users/runner/work/FateLost/FateLost/FateLost/Game/Systems/WaveSystem.swift /Users/runner/work/FateLost/FateLost/FateLost/Game/Systems/WeaponSystem.swift /Users/runner/work/FateLost/FateLost/FateLost/Game/Systems/ZoneSystem.swift /Users/runner/work/FateLost/FateLost/FateLost/Game/World/Arena/ArenaGenerator.swift /Users/runner/work/FateLost/FateLost/FateLost/Game/World/Arena/ArenaLayout.swift /Users/runner/work/FateLost/FateLost/FateLost/Game/World/Arena/ArenaTheme.swift /Users/runner/work/FateLost/FateLost/FateLost/Game/World/Arena/Decorations.swift /Users/runner/work/FateLost/FateLost/FateLost/Game/World/Realms/RealmDefinition.swift /Users/runner/work/FateLost/FateLost/FateLost/Game/World/Realms/RealmProgress.swift /Users/runner/work/FateLost/FateLost/FateLost/Game/World/Realms/WavePlan.swift /Users/runner/work/FateLost/FateLost/FateLost/Game/World/IsometricProjection.swift (in target 'FateLost' from project 'FateLost')

SwiftCompile normal arm64 /Users/runner/work/FateLost/FateLost/FateLost/Game/Stats/StatSheet.swift (in target 'FateLost' from project 'FateLost')
    cd /Users/runner/work/FateLost/FateLost
    

SwiftCompile normal arm64 /Users/runner/work/FateLost/FateLost/FateLost/Game/Systems/AllySystem.swift (in target 'FateLost' from project 'FateLost')
    cd /Users/runner/work/FateLost/FateLost
    

SwiftCompile normal arm64 /Users/runner/work/FateLost/FateLost/FateLost/Game/Systems/BossSystem.swift (in target 'FateLost' from project 'FateLost')
    cd /Users/runner/work/FateLost/FateLost
    

SwiftCompile normal arm64 /Users/runner/work/FateLost/FateLost/FateLost/Game/Systems/DropTable.swift (in target 'FateLost' from project 'FateLost')
    cd /Users/runner/work/FateLost/FateLost
    

SwiftCompile normal arm64 /Users/runner/work/FateLost/FateLost/FateLost/Game/Systems/EliteSystem.swift (in target 'FateLost' from project 'FateLost')
    cd /Users/runner/work/FateLost/FateLost
    

SwiftCompile normal arm64 /Users/runner/work/FateLost/FateLost/FateLost/Game/Systems/EnemyAISystem.swift (in target 'FateLost' from project 'FateLost')
    cd /Users/runner/work/FateLost/FateLost
    

SwiftCompile normal arm64 /Users/runner/work/FateLost/FateLost/FateLost/Game/Systems/MovementSystem.swift (in target 'FateLost' from project 'FateLost')
    cd /Users/runner/work/FateLost/FateLost
    

SwiftCompile normal arm64 /Users/runner/work/FateLost/FateLost/FateLost/Game/Systems/PickupSystem.swift (in target 'FateLost' from project 'FateLost')
    cd /Users/runner/work/FateLost/FateLost
    

SwiftCompile normal arm64 /Users/runner/work/FateLost/FateLost/FateLost/Game/Systems/ProjectileSystem.swift (in target 'FateLost' from project 'FateLost')
    cd /Users/runner/work/FateLost/FateLost
    

SwiftCompile normal arm64 /Users/runner/work/FateLost/FateLost/FateLost/Game/Systems/ShrineSystem.swift (in target 'FateLost' from project 'FateLost')
    cd /Users/runner/work/FateLost/FateLost
    

SwiftCompile normal arm64 /Users/runner/work/FateLost/FateLost/FateLost/Game/Systems/SpawnSystem.swift (in target 'FateLost' from project 'FateLost')
    cd /Users/runner/work/FateLost/FateLost
    

SwiftCompile normal arm64 /Users/runner/work/FateLost/FateLost/FateLost/Game/Systems/StatusSystem.swift (in target 'FateLost' from project 'FateLost')
    cd /Users/runner/work/FateLost/FateLost
    

SwiftCompile normal arm64 /Users/runner/work/FateLost/FateLost/FateLost/Game/Systems/WaveSystem.swift (in target 'FateLost' from project 'FateLost')
    cd /Users/runner/work/FateLost/FateLost
    

SwiftCompile normal arm64 /Users/runner/work/FateLost/FateLost/FateLost/Game/Systems/WeaponSystem.swift (in target 'FateLost' from project 'FateLost')
    cd /Users/runner/work/FateLost/FateLost
    

SwiftCompile normal arm64 /Users/runner/work/FateLost/FateLost/FateLost/Game/Systems/ZoneSystem.swift (in target 'FateLost' from project 'FateLost')
    cd /Users/runner/work/FateLost/FateLost
    

SwiftCompile normal arm64 /Users/runner/work/FateLost/FateLost/FateLost/Game/World/Arena/ArenaGenerator.swift (in target 'FateLost' from project 'FateLost')
    cd /Users/runner/work/FateLost/FateLost
    

SwiftCompile normal arm64 /Users/runner/work/FateLost/FateLost/FateLost/Game/World/Arena/ArenaLayout.swift (in target 'FateLost' from project 'FateLost')
    cd /Users/runner/work/FateLost/FateLost
    

SwiftCompile normal arm64 /Users/runner/work/FateLost/FateLost/FateLost/Game/World/Arena/ArenaTheme.swift (in target 'FateLost' from project 'FateLost')
    cd /Users/runner/work/FateLost/FateLost
    

SwiftCompile normal arm64 /Users/runner/work/FateLost/FateLost/FateLost/Game/World/Arena/Decorations.swift (in target 'FateLost' from project 'FateLost')
    cd /Users/runner/work/FateLost/FateLost
    

SwiftCompile normal arm64 /Users/runner/work/FateLost/FateLost/FateLost/Game/World/Realms/RealmDefinition.swift (in target 'FateLost' from project 'FateLost')
    cd /Users/runner/work/FateLost/FateLost
    

SwiftCompile normal arm64 /Users/runner/work/FateLost/FateLost/FateLost/Game/World/Realms/RealmProgress.swift (in target 'FateLost' from project 'FateLost')
    cd /Users/runner/work/FateLost/FateLost
    

SwiftCompile normal arm64 /Users/runner/work/FateLost/FateLost/FateLost/Game/World/Realms/WavePlan.swift (in target 'FateLost' from project 'FateLost')
    cd /Users/runner/work/FateLost/FateLost
    

SwiftCompile normal arm64 /Users/runner/work/FateLost/FateLost/FateLost/Game/World/IsometricProjection.swift (in target 'FateLost' from project 'FateLost')
    cd /Users/runner/work/FateLost/FateLost
    

SwiftDriverJobDiscovery normal arm64 Emitting module for FateLost (in target 'FateLost' from project 'FateLost')

SwiftDriver\ Compilation\ Requirements FateLost normal arm64 com.apple.xcode.tools.swift.compiler (in target 'FateLost' from project 'FateLost')
    cd /Users/runner/work/FateLost/FateLost
    builtin-Swift-Compilation-Requirements -- /Applications/Xcode_26.3.app/Contents/Developer/Toolchains/XcodeDefault.xctoolchain/usr/bin/swiftc -module-name FateLost -Onone -enforce-exclusivity\=checked @/Users/runner/work/FateLost/FateLost/build-tests/Build/Intermediates.noindex/FateLost.build/Debug-iphonesimulator/FateLost.build/Objects-normal/arm64/FateLost.SwiftFileList -DDEBUG -DFATELOST_DEVTOOLS -Xcc -fmodule-map-file\=/Users/runner/work/FateLost/FateLost/build-tests/Build/Intermediates.noindex/GeneratedModuleMaps-iphonesimulator/UserMessagingPlatformTarget.modulemap -enable-bare-slash-regex -enable-experimental-feature DebugDescriptionMacro -sdk /Applications/Xcode_26.3.app/Contents/Developer/Platforms/iPhoneSimulator.platform/Developer/SDKs/iPhoneSimulator26.2.sdk -target arm64-apple-ios17.0-simulator -g -module-cache-path /Users/runner/work/FateLost/FateLost/build-tests/ModuleCache.noindex -Xfrontend -serialize-debugging-options -enable-testing -index-store-path /Users/runner/work/FateLost/FateLost/build-tests/Index.noindex/DataStore -Xcc -D_LIBCPP_HARDENING_MODE\=_LIBCPP_HARDENING_MODE_DEBUG -swift-version 5 -I /Users/runner/work/FateLost/FateLost/build-tests/Build/Products/Debug-iphonesimulator -F /Users/runner/work/FateLost/FateLost/build-tests/Build/Products/Debug-iphonesimulator/PackageFrameworks -F /Users/runner/work/FateLost/FateLost/build-tests/Build/Products/Debug-iphonesimulator/PackageFrameworks -F /Users/runner/work/FateLost/FateLost/build-tests/Build/Products/Debug-iphonesimulator -emit-localized-strings -emit-localized-strings-path /Users/runner/work/FateLost/FateLost/build-tests/Build/Intermediates.noindex/FateLost.build/Debug-iphonesimulator/FateLost.build/Objects-normal/arm64 -c -j3 -enable-batch-mode -incremental -Xcc -ivfsstatcache -Xcc /Users/runner/work/FateLost/FateLost/build-tests/SDKStatCaches.noindex/iphonesimulator26.2-23C57-dc75598d0054f22ec865fa860f139d72e244bd9a5feaf902f95f61bf06266e52.sdkstatcache -output-file-map /Users/runner/work/FateLost/FateLost/build-tests/Build/Intermediates.noindex/FateLost.build/Debug-iphonesimulator/FateLost.build/Objects-normal/arm64/FateLost-OutputFileMap.json -use-frontend-parseable-output -save-temps -no-color-diagnostics -explicit-module-build -module-cache-path /Users/runner/work/FateLost/FateLost/build-tests/Build/Intermediates.noindex/SwiftExplicitPrecompiledModules -clang-scanner-module-cache-path /Users/runner/work/FateLost/FateLost/build-tests/ModuleCache.noindex -sdk-module-cache-path /Users/runner/work/FateLost/FateLost/build-tests/ModuleCache.noindex -serialize-diagnostics -emit-dependencies -emit-module -emit-module-path /Users/runner/work/FateLost/FateLost/build-tests/Build/Intermediates.noindex/FateLost.build/Debug-iphonesimulator/FateLost.build/Objects-normal/arm64/FateLost.swiftmodule -validate-clang-modules-once -clang-build-session-file /Users/runner/work/FateLost/FateLost/build-tests/ModuleCache.noindex/Session.modulevalidation -Xcc -I/Users/runner/work/FateLost/FateLost/build-tests/Build/Intermediates.noindex/FateLost.build/Debug-iphonesimulator/FateLost.build/swift-overrides.hmap -emit-const-values -Xfrontend -const-gather-protocols-file -Xfrontend /Users/runner/work/FateLost/FateLost/build-tests/Build/Intermediates.noindex/FateLost.build/Debug-iphonesimulator/FateLost.build/Objects-normal/arm64/FateLost_const_extract_protocols.json -Xcc -iquote -Xcc /Users/runner/work/FateLost/FateLost/build-tests/Build/Intermediates.noindex/FateLost.build/Debug-iphonesimulator/FateLost.build/FateLost-generated-files.hmap -Xcc -I/Users/runner/work/FateLost/FateLost/build-tests/Build/Intermediates.noindex/FateLost.build/Debug-iphonesimulator/FateLost.build/FateLost-own-target-headers.hmap -Xcc -I/Users/runner/work/FateLost/FateLost/build-tests/Build/Intermediates.noindex/FateLost.build/Debug-iphonesimulator/FateLost.build/FateLost-all-non-framework-target-headers.hmap -Xcc -ivfsoverlay -Xcc /Users/runner/work/FateLost/FateLost/build-tests/Build/Intermediates.noindex/FateLost.build/Debug-iphonesimulator/FateLost-b7204f8cf0954d34cbb54ca2f9d32c2a-VFS-iphonesimulator/all-product-headers.yaml -Xcc -iquote -Xcc /Users/runner/work/FateLost/FateLost/build-tests/Build/Intermediates.noindex/FateLost.build/Debug-iphonesimulator/FateLost.build/FateLost-project-headers.hmap -Xcc -I/Users/runner/work/FateLost/FateLost/build-tests/SourcePackages/checkouts/swift-package-manager-google-user-messaging-platform/UserMessagingPlatformTarget/include -Xcc -I/Users/runner/work/FateLost/FateLost/build-tests/Build/Products/Debug-iphonesimulator/include -Xcc -I/Users/runner/work/FateLost/FateLost/build-tests/Build/Intermediates.noindex/FateLost.build/Debug-iphonesimulator/FateLost.build/DerivedSources-normal/arm64 -Xcc -I/Users/runner/work/FateLost/FateLost/build-tests/Build/Intermediates.noindex/FateLost.build/Debug-iphonesimulator/FateLost.build/DerivedSources/arm64 -Xcc -I/Users/runner/work/FateLost/FateLost/build-tests/Build/Intermediates.noindex/FateLost.build/Debug-iphonesimulator/FateLost.build/DerivedSources -emit-objc-header -emit-objc-header-path /Users/runner/work/FateLost/FateLost/build-tests/Build/Intermediates.noindex/FateLost.build/Debug-iphonesimulator/FateLost.build/Objects-normal/arm64/FateLost-Swift.h -working-directory /Users/runner/work/FateLost/FateLost -experimental-emit-module-separately -disable-cmo

SwiftDriverJobDiscovery normal arm64 Compiling StatSheet.swift, AllySystem.swift, BossSystem.swift, DropTable.swift, EliteSystem.swift, EnemyAISystem.swift, MovementSystem.swift, PickupSystem.swift, ProjectileSystem.swift, ShrineSystem.swift, SpawnSystem.swift, StatusSystem.swift, WaveSystem.swift, WeaponSystem.swift, ZoneSystem.swift, ArenaGenerator.swift, ArenaLayout.swift, ArenaTheme.swift, Decorations.swift, RealmDefinition.swift, RealmProgress.swift, WavePlan.swift, IsometricProjection.swift (in target 'FateLost' from project 'FateLost')

LinkAssetCatalog /Users/runner/work/FateLost/FateLost/FateLost/Resources/Assets.xcassets (in target 'FateLost' from project 'FateLost')
    cd /Users/runner/work/FateLost/FateLost
    builtin-linkAssetCatalog --thinned /Users/runner/work/FateLost/FateLost/build-tests/Build/Intermediates.noindex/FateLost.build/Debug-iphonesimulator/FateLost.build/assetcatalog_output/thinned --thinned-dependencies /Users/runner/work/FateLost/FateLost/build-tests/Build/Intermediates.noindex/FateLost.build/Debug-iphonesimulator/FateLost.build/assetcatalog_dependencies_thinned --thinned-info-plist-content /Users/runner/work/FateLost/FateLost/build-tests/Build/Intermediates.noindex/FateLost.build/Debug-iphonesimulator/FateLost.build/assetcatalog_generated_info.plist_thinned --unthinned /Users/runner/work/FateLost/FateLost/build-tests/Build/Intermediates.noindex/FateLost.build/Debug-iphonesimulator/FateLost.build/assetcatalog_output/unthinned --unthinned-dependencies /Users/runner/work/FateLost/FateLost/build-tests/Build/Intermediates.noindex/FateLost.build/Debug-iphonesimulator/FateLost.build/assetcatalog_dependencies_unthinned --unthinned-info-plist-content /Users/runner/work/FateLost/FateLost/build-tests/Build/Intermediates.noindex/FateLost.build/Debug-iphonesimulator/FateLost.build/assetcatalog_generated_info.plist_unthinned --output /Users/runner/work/FateLost/FateLost/build-tests/Build/Products/Debug-iphonesimulator/FateLost.app --plist-output /Users/runner/work/FateLost/FateLost/build-tests/Build/Intermediates.noindex/FateLost.build/Debug-iphonesimulator/FateLost.build/assetcatalog_generated_info.plist
note: Emplaced /Users/runner/work/FateLost/FateLost/build-tests/Build/Products/Debug-iphonesimulator/FateLost.app/AppIcon60x60@2x.png (in target 'FateLost' from project 'FateLost')
note: Emplaced /Users/runner/work/FateLost/FateLost/build-tests/Build/Products/Debug-iphonesimulator/FateLost.app/Assets.car (in target 'FateLost' from project 'FateLost')
note: Emplaced /Users/runner/work/FateLost/FateLost/build-tests/Build/Products/Debug-iphonesimulator/FateLost.app/AppIcon76x76@2x~ipad.png (in target 'FateLost' from project 'FateLost')

SwiftCompile normal arm64 Compiling\ CombatEvent.swift,\ CombatState.swift,\ CombatState+Damage.swift,\ DamageType.swift,\ Darkness.swift,\ Hazard.swift,\ PartyTypes.swift,\ Projectile.swift,\ Rift.swift,\ FateTuning.swift,\ GameTuning.swift,\ DifficultyModifier.swift,\ EnemyDefinition.swift,\ EnemyFamily.swift,\ EnemyStore.swift,\ EnemyStrain.swift,\ PlayerState.swift,\ CompanionAppearance.swift,\ CompanionUnlocks.swift,\ HeroAppearance.swift,\ HeroUnlocks.swift,\ HUDLayout.swift,\ JoystickModel.swift,\ WeaponDefinition.swift /Users/runner/work/FateLost/FateLost/FateLost/Game/Combat/CombatEvent.swift /Users/runner/work/FateLost/FateLost/FateLost/Game/Combat/CombatState.swift /Users/runner/work/FateLost/FateLost/FateLost/Game/Combat/CombatState+Damage.swift /Users/runner/work/FateLost/FateLost/FateLost/Game/Combat/DamageType.swift /Users/runner/work/FateLost/FateLost/FateLost/Game/Combat/Darkness.swift /Users/runner/work/FateLost/FateLost/FateLost/Game/Combat/Hazard.swift /Users/runner/work/FateLost/FateLost/FateLost/Game/Combat/PartyTypes.swift /Users/runner/work/FateLost/FateLost/FateLost/Game/Combat/Projectile.swift /Users/runner/work/FateLost/FateLost/FateLost/Game/Combat/Rift.swift /Users/runner/work/FateLost/FateLost/FateLost/Game/Config/FateTuning.swift /Users/runner/work/FateLost/FateLost/FateLost/Game/Config/GameTuning.swift /Users/runner/work/FateLost/FateLost/FateLost/Game/Difficulty/DifficultyModifier.swift /Users/runner/work/FateLost/FateLost/FateLost/Game/Entities/Enemies/EnemyDefinition.swift /Users/runner/work/FateLost/FateLost/FateLost/Game/Entities/Enemies/EnemyFamily.swift /Users/runner/work/FateLost/FateLost/FateLost/Game/Entities/Enemies/EnemyStore.swift /Users/runner/work/FateLost/FateLost/FateLost/Game/Entities/Enemies/EnemyStrain.swift /Users/runner/work/FateLost/FateLost/FateLost/Game/Entities/Player/PlayerState.swift /Users/runner/work/FateLost/FateLost/FateLost/Game/Hero/CompanionAppearance.swift /Users/runner/work/FateLost/FateLost/FateLost/Game/Hero/CompanionUnlocks.swift /Users/runner/work/FateLost/FateLost/FateLost/Game/Hero/HeroAppearance.swift /Users/runner/work/FateLost/FateLost/FateLost/Game/Hero/HeroUnlocks.swift /Users/runner/work/FateLost/FateLost/FateLost/Game/Input/HUDLayout.swift /Users/runner/work/FateLost/FateLost/FateLost/Game/Input/JoystickModel.swift /Users/runner/work/FateLost/FateLost/FateLost/Game/Items/Weapons/WeaponDefinition.swift (in target 'FateLost' from project 'FateLost')

SwiftCompile normal arm64 /Users/runner/work/FateLost/FateLost/FateLost/Game/Combat/CombatEvent.swift (in target 'FateLost' from project 'FateLost')
    cd /Users/runner/work/FateLost/FateLost
    

SwiftCompile normal arm64 /Users/runner/work/FateLost/FateLost/FateLost/Game/Combat/CombatState.swift (in target 'FateLost' from project 'FateLost')
    cd /Users/runner/work/FateLost/FateLost
    

SwiftCompile normal arm64 /Users/runner/work/FateLost/FateLost/FateLost/Game/Combat/CombatState+Damage.swift (in target 'FateLost' from project 'FateLost')
    cd /Users/runner/work/FateLost/FateLost
    

SwiftCompile normal arm64 /Users/runner/work/FateLost/FateLost/FateLost/Game/Combat/DamageType.swift (in target 'FateLost' from project 'FateLost')
    cd /Users/runner/work/FateLost/FateLost
    

SwiftCompile normal arm64 /Users/runner/work/FateLost/FateLost/FateLost/Game/Combat/Darkness.swift (in target 'FateLost' from project 'FateLost')
    cd /Users/runner/work/FateLost/FateLost
    

SwiftCompile normal arm64 /Users/runner/work/FateLost/FateLost/FateLost/Game/Combat/Hazard.swift (in target 'FateLost' from project 'FateLost')
    cd /Users/runner/work/FateLost/FateLost
    

SwiftCompile normal arm64 /Users/runner/work/FateLost/FateLost/FateLost/Game/Combat/PartyTypes.swift (in target 'FateLost' from project 'FateLost')
    cd /Users/runner/work/FateLost/FateLost
    

SwiftCompile normal arm64 /Users/runner/work/FateLost/FateLost/FateLost/Game/Combat/Projectile.swift (in target 'FateLost' from project 'FateLost')
    cd /Users/runner/work/FateLost/FateLost
    

SwiftCompile normal arm64 /Users/runner/work/FateLost/FateLost/FateLost/Game/Combat/Rift.swift (in target 'FateLost' from project 'FateLost')
    cd /Users/runner/work/FateLost/FateLost
    

SwiftCompile normal arm64 /Users/runner/work/FateLost/FateLost/FateLost/Game/Config/FateTuning.swift (in target 'FateLost' from project 'FateLost')
    cd /Users/runner/work/FateLost/FateLost
    

SwiftCompile normal arm64 /Users/runner/work/FateLost/FateLost/FateLost/Game/Config/GameTuning.swift (in target 'FateLost' from project 'FateLost')
    cd /Users/runner/work/FateLost/FateLost
    

SwiftCompile normal arm64 /Users/runner/work/FateLost/FateLost/FateLost/Game/Difficulty/DifficultyModifier.swift (in target 'FateLost' from project 'FateLost')
    cd /Users/runner/work/FateLost/FateLost
    

SwiftCompile normal arm64 /Users/runner/work/FateLost/FateLost/FateLost/Game/Entities/Enemies/EnemyDefinition.swift (in target 'FateLost' from project 'FateLost')
    cd /Users/runner/work/FateLost/FateLost
    

SwiftCompile normal arm64 /Users/runner/work/FateLost/FateLost/FateLost/Game/Entities/Enemies/EnemyFamily.swift (in target 'FateLost' from project 'FateLost')
    cd /Users/runner/work/FateLost/FateLost
    

SwiftCompile normal arm64 /Users/runner/work/FateLost/FateLost/FateLost/Game/Entities/Enemies/EnemyStore.swift (in target 'FateLost' from project 'FateLost')
    cd /Users/runner/work/FateLost/FateLost
    

SwiftCompile normal arm64 /Users/runner/work/FateLost/FateLost/FateLost/Game/Entities/Enemies/EnemyStrain.swift (in target 'FateLost' from project 'FateLost')
    cd /Users/runner/work/FateLost/FateLost
    

SwiftCompile normal arm64 /Users/runner/work/FateLost/FateLost/FateLost/Game/Entities/Player/PlayerState.swift (in target 'FateLost' from project 'FateLost')
    cd /Users/runner/work/FateLost/FateLost
    

SwiftCompile normal arm64 /Users/runner/work/FateLost/FateLost/FateLost/Game/Hero/CompanionAppearance.swift (in target 'FateLost' from project 'FateLost')
    cd /Users/runner/work/FateLost/FateLost
    

SwiftCompile normal arm64 /Users/runner/work/FateLost/FateLost/FateLost/Game/Hero/CompanionUnlocks.swift (in target 'FateLost' from project 'FateLost')
    cd /Users/runner/work/FateLost/FateLost
    

SwiftCompile normal arm64 /Users/runner/work/FateLost/FateLost/FateLost/Game/Hero/HeroAppearance.swift (in target 'FateLost' from project 'FateLost')
    cd /Users/runner/work/FateLost/FateLost
    

SwiftCompile normal arm64 /Users/runner/work/FateLost/FateLost/FateLost/Game/Hero/HeroUnlocks.swift (in target 'FateLost' from project 'FateLost')
    cd /Users/runner/work/FateLost/FateLost
    

SwiftCompile normal arm64 /Users/runner/work/FateLost/FateLost/FateLost/Game/Input/HUDLayout.swift (in target 'FateLost' from project 'FateLost')
    cd /Users/runner/work/FateLost/FateLost
    

SwiftCompile normal arm64 /Users/runner/work/FateLost/FateLost/FateLost/Game/Input/JoystickModel.swift (in target 'FateLost' from project 'FateLost')
    cd /Users/runner/work/FateLost/FateLost
    

SwiftCompile normal arm64 /Users/runner/work/FateLost/FateLost/FateLost/Game/Items/Weapons/WeaponDefinition.swift (in target 'FateLost' from project 'FateLost')
    cd /Users/runner/work/FateLost/FateLost
    

SwiftCompile normal arm64 Compiling\ SkillDetailPanel.swift,\ SkillTreeCanvas.swift,\ SkillTreeView.swift,\ TreeBoard.swift,\ AdRewardViews.swift,\ ArmouryView.swift,\ CharacterView.swift,\ DifficultyModifiersView.swift,\ FateViews.swift,\ GameplayScreen.swift,\ LaunchView.swift,\ LegacyTotalsView.swift,\ LegacyView.swift,\ MainMenuView.swift,\ RealmSelectView.swift,\ RelicCodex.swift,\ RelicOfferView.swift,\ RunSummaryView.swift,\ SettingsView.swift,\ StatisticsView.swift,\ WeaponSelectView.swift,\ FLTheme.swift,\ GeneratedAssetSymbols.swift /Users/runner/work/FateLost/FateLost/FateLost/UI/Screens/SkillTree/SkillDetailPanel.swift /Users/runner/work/FateLost/FateLost/FateLost/UI/Screens/SkillTree/SkillTreeCanvas.swift /Users/runner/work/FateLost/FateLost/FateLost/UI/Screens/SkillTree/SkillTreeView.swift /Users/runner/work/FateLost/FateLost/FateLost/UI/Screens/SkillTree/TreeBoard.swift /Users/runner/work/FateLost/FateLost/FateLost/UI/Screens/AdRewardViews.swift /Users/runner/work/FateLost/FateLost/FateLost/UI/Screens/ArmouryView.swift /Users/runner/work/FateLost/FateLost/FateLost/UI/Screens/CharacterView.swift /Users/runner/work/FateLost/FateLost/FateLost/UI/Screens/DifficultyModifiersView.swift /Users/runner/work/FateLost/FateLost/FateLost/UI/Screens/FateViews.swift /Users/runner/work/FateLost/FateLost/FateLost/UI/Screens/GameplayScreen.swift /Users/runner/work/FateLost/FateLost/FateLost/UI/Screens/LaunchView.swift /Users/runner/work/FateLost/FateLost/FateLost/UI/Screens/LegacyTotalsView.swift /Users/runner/work/FateLost/FateLost/FateLost/UI/Screens/LegacyView.swift /Users/runner/work/FateLost/FateLost/FateLost/UI/Screens/MainMenuView.swift /Users/runner/work/FateLost/FateLost/FateLost/UI/Screens/RealmSelectView.swift /Users/runner/work/FateLost/FateLost/FateLost/UI/Screens/RelicCodex.swift /Users/runner/work/FateLost/FateLost/FateLost/UI/Screens/RelicOfferView.swift /Users/runner/work/FateLost/FateLost/FateLost/UI/Screens/RunSummaryView.swift /Users/runner/work/FateLost/FateLost/FateLost/UI/Screens/SettingsView.swift /Users/runner/work/FateLost/FateLost/FateLost/UI/Screens/StatisticsView.swift /Users/runner/work/FateLost/FateLost/FateLost/UI/Screens/WeaponSelectView.swift /Users/runner/work/FateLost/FateLost/FateLost/UI/Theme/FLTheme.swift /Users/runner/work/FateLost/FateLost/build-tests/Build/Intermediates.noindex/FateLost.build/Debug-iphonesimulator/FateLost.build/DerivedSources/GeneratedAssetSymbols.swift (in target 'FateLost' from project 'FateLost')
SwiftCompile normal arm64 /Users/runner/work/FateLost/FateLost/FateLost/UI/Screens/SkillTree/SkillDetailPanel.swift (in target 'FateLost' from project 'FateLost')
    cd /Users/runner/work/FateLost/FateLost
    

SwiftCompile normal arm64 /Users/runner/work/FateLost/FateLost/FateLost/UI/Screens/SkillTree/SkillTreeCanvas.swift (in target 'FateLost' from project 'FateLost')
    cd /Users/runner/work/FateLost/FateLost
    

SwiftCompile normal arm64 /Users/runner/work/FateLost/FateLost/FateLost/UI/Screens/SkillTree/SkillTreeView.swift (in target 'FateLost' from project 'FateLost')
    cd /Users/runner/work/FateLost/FateLost
    

SwiftCompile normal arm64 /Users/runner/work/FateLost/FateLost/FateLost/UI/Screens/SkillTree/TreeBoard.swift (in target 'FateLost' from project 'FateLost')
    cd /Users/runner/work/FateLost/FateLost
    

SwiftCompile normal arm64 /Users/runner/work/FateLost/FateLost/FateLost/UI/Screens/AdRewardViews.swift (in target 'FateLost' from project 'FateLost')
    cd /Users/runner/work/FateLost/FateLost
    

SwiftCompile normal arm64 /Users/runner/work/FateLost/FateLost/FateLost/UI/Screens/ArmouryView.swift (in target 'FateLost' from project 'FateLost')
    cd /Users/runner/work/FateLost/FateLost
    

SwiftCompile normal arm64 /Users/runner/work/FateLost/FateLost/FateLost/UI/Screens/CharacterView.swift (in target 'FateLost' from project 'FateLost')
    cd /Users/runner/work/FateLost/FateLost
    

SwiftCompile normal arm64 /Users/runner/work/FateLost/FateLost/FateLost/UI/Screens/DifficultyModifiersView.swift (in target 'FateLost' from project 'FateLost')
    cd /Users/runner/work/FateLost/FateLost
    

SwiftCompile normal arm64 /Users/runner/work/FateLost/FateLost/FateLost/UI/Screens/FateViews.swift (in target 'FateLost' from project 'FateLost')
    cd /Users/runner/work/FateLost/FateLost
    

SwiftCompile normal arm64 /Users/runner/work/FateLost/FateLost/FateLost/UI/Screens/GameplayScreen.swift (in target 'FateLost' from project 'FateLost')
    cd /Users/runner/work/FateLost/FateLost
    

SwiftCompile normal arm64 /Users/runner/work/FateLost/FateLost/FateLost/UI/Screens/LaunchView.swift (in target 'FateLost' from project 'FateLost')
    cd /Users/runner/work/FateLost/FateLost
    

SwiftCompile normal arm64 /Users/runner/work/FateLost/FateLost/FateLost/UI/Screens/LegacyTotalsView.swift (in target 'FateLost' from project 'FateLost')
    cd /Users/runner/work/FateLost/FateLost
    

SwiftCompile normal arm64 /Users/runner/work/FateLost/FateLost/FateLost/UI/Screens/LegacyView.swift (in target 'FateLost' from project 'FateLost')
    cd /Users/runner/work/FateLost/FateLost
    

SwiftCompile normal arm64 /Users/runner/work/FateLost/FateLost/FateLost/UI/Screens/MainMenuView.swift (in target 'FateLost' from project 'FateLost')
    cd /Users/runner/work/FateLost/FateLost
    

SwiftCompile normal arm64 /Users/runner/work/FateLost/FateLost/FateLost/UI/Screens/RealmSelectView.swift (in target 'FateLost' from project 'FateLost')
    cd /Users/runner/work/FateLost/FateLost
    

SwiftCompile normal arm64 /Users/runner/work/FateLost/FateLost/FateLost/UI/Screens/RelicCodex.swift (in target 'FateLost' from project 'FateLost')
    cd /Users/runner/work/FateLost/FateLost
    

SwiftCompile normal arm64 /Users/runner/work/FateLost/FateLost/FateLost/UI/Screens/RelicOfferView.swift (in target 'FateLost' from project 'FateLost')
    cd /Users/runner/work/FateLost/FateLost
    

SwiftCompile normal arm64 /Users/runner/work/FateLost/FateLost/FateLost/UI/Screens/RunSummaryView.swift (in target 'FateLost' from project 'FateLost')
    cd /Users/runner/work/FateLost/FateLost
    

SwiftCompile normal arm64 /Users/runner/work/FateLost/FateLost/FateLost/UI/Screens/SettingsView.swift (in target 'FateLost' from project 'FateLost')
    cd /Users/runner/work/FateLost/FateLost
    

SwiftCompile normal arm64 /Users/runner/work/FateLost/FateLost/FateLost/UI/Screens/StatisticsView.swift (in target 'FateLost' from project 'FateLost')
    cd /Users/runner/work/FateLost/FateLost
    

SwiftCompile normal arm64 /Users/runner/work/FateLost/FateLost/FateLost/UI/Screens/WeaponSelectView.swift (in target 'FateLost' from project 'FateLost')
    cd /Users/runner/work/FateLost/FateLost
    

SwiftCompile normal arm64 /Users/runner/work/FateLost/FateLost/FateLost/UI/Theme/FLTheme.swift (in target 'FateLost' from project 'FateLost')
    cd /Users/runner/work/FateLost/FateLost
    

SwiftCompile normal arm64 /Users/runner/work/FateLost/FateLost/build-tests/Build/Intermediates.noindex/FateLost.build/Debug-iphonesimulator/FateLost.build/DerivedSources/GeneratedAssetSymbols.swift (in target 'FateLost' from project 'FateLost')
    cd /Users/runner/work/FateLost/FateLost
    

SwiftDriverJobDiscovery normal arm64 Compiling WeaponFind.swift, ItemRarity.swift, CodexRewards.swift, LegacyNode.swift, LegacyProfile.swift, WeaponMastery.swift, Relic.swift, RelicRoller.swift, GameSimulation.swift, GameSimulation+Mirror.swift, GameSimulation+Party.swift, GameSimulation+Rift.swift, GameSimulation+SecondChance.swift, Archetype.swift, Conditions.swift, EffectAction.swift, HybridOrder.swift, RankValue.swift, SkillDefinition.swift, StatusKind.swift, ActionExecutor.swift, CompiledBuild.swift, SkillAllocation.swift, StatID.swift (in target 'FateLost' from project 'FateLost')

SwiftMergeGeneratedHeaders /Users/runner/work/FateLost/FateLost/build-tests/Build/Intermediates.noindex/FateLost.build/Debug-iphonesimulator/FateLost.build/DerivedSources/FateLost-Swift.h /Users/runner/work/FateLost/FateLost/build-tests/Build/Intermediates.noindex/FateLost.build/Debug-iphonesimulator/FateLost.build/Objects-normal/arm64/FateLost-Swift.h (in target 'FateLost' from project 'FateLost')
    cd /Users/runner/work/FateLost/FateLost
    builtin-swiftHeaderTool -arch arm64 /Users/runner/work/FateLost/FateLost/build-tests/Build/Intermediates.noindex/FateLost.build/Debug-iphonesimulator/FateLost.build/Objects-normal/arm64/FateLost-Swift.h -o /Users/runner/work/FateLost/FateLost/build-tests/Build/Intermediates.noindex/FateLost.build/Debug-iphonesimulator/FateLost.build/DerivedSources/FateLost-Swift.h

SwiftDriverJobDiscovery normal arm64 Compiling CombatEvent.swift, CombatState.swift, CombatState+Damage.swift, DamageType.swift, Darkness.swift, Hazard.swift, PartyTypes.swift, Projectile.swift, Rift.swift, FateTuning.swift, GameTuning.swift, DifficultyModifier.swift, EnemyDefinition.swift, EnemyFamily.swift, EnemyStore.swift, EnemyStrain.swift, PlayerState.swift, CompanionAppearance.swift, CompanionUnlocks.swift, HeroAppearance.swift, HeroUnlocks.swift, HUDLayout.swift, JoystickModel.swift, WeaponDefinition.swift (in target 'FateLost' from project 'FateLost')

Copy /Users/runner/work/FateLost/FateLost/build-tests/Build/Products/Debug-iphonesimulator/FateLost.swiftmodule/arm64-apple-ios-simulator.swiftmodule /Users/runner/work/FateLost/FateLost/build-tests/Build/Intermediates.noindex/FateLost.build/Debug-iphonesimulator/FateLost.build/Objects-normal/arm64/FateLost.swiftmodule (in target 'FateLost' from project 'FateLost')
    cd /Users/runner/work/FateLost/FateLost
    builtin-copy -exclude .DS_Store -exclude CVS -exclude .svn -exclude .git -exclude .hg -resolve-src-symlinks -rename /Users/runner/work/FateLost/FateLost/build-tests/Build/Intermediates.noindex/FateLost.build/Debug-iphonesimulator/FateLost.build/Objects-normal/arm64/FateLost.swiftmodule /Users/runner/work/FateLost/FateLost/build-tests/Build/Products/Debug-iphonesimulator/FateLost.swiftmodule/arm64-apple-ios-simulator.swiftmodule

Copy /Users/runner/work/FateLost/FateLost/build-tests/Build/Products/Debug-iphonesimulator/FateLost.swiftmodule/arm64-apple-ios-simulator.swiftdoc /Users/runner/work/FateLost/FateLost/build-tests/Build/Intermediates.noindex/FateLost.build/Debug-iphonesimulator/FateLost.build/Objects-normal/arm64/FateLost.swiftdoc (in target 'FateLost' from project 'FateLost')
    cd /Users/runner/work/FateLost/FateLost
    builtin-copy -exclude .DS_Store -exclude CVS -exclude .svn -exclude .git -exclude .hg -resolve-src-symlinks -rename /Users/runner/work/FateLost/FateLost/build-tests/Build/Intermediates.noindex/FateLost.build/Debug-iphonesimulator/FateLost.build/Objects-normal/arm64/FateLost.swiftdoc /Users/runner/work/FateLost/FateLost/build-tests/Build/Products/Debug-iphonesimulator/FateLost.swiftmodule/arm64-apple-ios-simulator.swiftdoc

Copy /Users/runner/work/FateLost/FateLost/build-tests/Build/Products/Debug-iphonesimulator/FateLost.swiftmodule/arm64-apple-ios-simulator.abi.json /Users/runner/work/FateLost/FateLost/build-tests/Build/Intermediates.noindex/FateLost.build/Debug-iphonesimulator/FateLost.build/Objects-normal/arm64/FateLost.abi.json (in target 'FateLost' from project 'FateLost')
    cd /Users/runner/work/FateLost/FateLost
    builtin-copy -exclude .DS_Store -exclude CVS -exclude .svn -exclude .git -exclude .hg -resolve-src-symlinks -rename /Users/runner/work/FateLost/FateLost/build-tests/Build/Intermediates.noindex/FateLost.build/Debug-iphonesimulator/FateLost.build/Objects-normal/arm64/FateLost.abi.json /Users/runner/work/FateLost/FateLost/build-tests/Build/Products/Debug-iphonesimulator/FateLost.swiftmodule/arm64-apple-ios-simulator.abi.json

Copy /Users/runner/work/FateLost/FateLost/build-tests/Build/Products/Debug-iphonesimulator/FateLost.swiftmodule/Project/arm64-apple-ios-simulator.swiftsourceinfo /Users/runner/work/FateLost/FateLost/build-tests/Build/Intermediates.noindex/FateLost.build/Debug-iphonesimulator/FateLost.build/Objects-normal/arm64/FateLost.swiftsourceinfo (in target 'FateLost' from project 'FateLost')
    cd /Users/runner/work/FateLost/FateLost
    builtin-copy -exclude .DS_Store -exclude CVS -exclude .svn -exclude .git -exclude .hg -resolve-src-symlinks -rename /Users/runner/work/FateLost/FateLost/build-tests/Build/Intermediates.noindex/FateLost.build/Debug-iphonesimulator/FateLost.build/Objects-normal/arm64/FateLost.swiftsourceinfo /Users/runner/work/FateLost/FateLost/build-tests/Build/Products/Debug-iphonesimulator/FateLost.swiftmodule/Project/arm64-apple-ios-simulator.swiftsourceinfo

ProcessInfoPlistFile /Users/runner/work/FateLost/FateLost/build-tests/Build/Products/Debug-iphonesimulator/FateLost.app/Info.plist /Users/runner/work/FateLost/FateLost/Config/Info.plist (in target 'FateLost' from project 'FateLost')
    cd /Users/runner/work/FateLost/FateLost
    builtin-infoPlistUtility /Users/runner/work/FateLost/FateLost/Config/Info.plist -producttype com.apple.product-type.application -genpkginfo /Users/runner/work/FateLost/FateLost/build-tests/Build/Products/Debug-iphonesimulator/FateLost.app/PkgInfo -expandbuildsettings -format binary -platform iphonesimulator -additionalcontentfile /Users/runner/work/FateLost/FateLost/build-tests/Build/Intermediates.noindex/FateLost.build/Debug-iphonesimulator/FateLost.build/assetcatalog_generated_info.plist -scanforprivacyfile /Users/runner/work/FateLost/FateLost/build-tests/Build/Products/Debug-iphonesimulator/FateLost.app/Frameworks/GoogleMobileAds.framework -scanforprivacyfile /Users/runner/work/FateLost/FateLost/build-tests/Build/Products/Debug-iphonesimulator/FateLost.app/Frameworks/UserMessagingPlatform.framework -o /Users/runner/work/FateLost/FateLost/build-tests/Build/Products/Debug-iphonesimulator/FateLost.app/Info.plist

SwiftCompile normal arm64 Compiling\ ToroidalSpatialGrid.swift,\ ToroidalWorld.swift,\ WrappedRenderFrame.swift,\ HostInput.swift,\ MovementSmoothing.swift,\ MultiplayerHub.swift,\ MultiplayerIdentity.swift,\ NetCodec.swift,\ NetEvents.swift,\ NetHeroState.swift,\ NetSnapshot.swift,\ PartyAPI.swift,\ PartyClient.swift,\ PartyColors.swift,\ PartyLoadouts.swift,\ PartyProtocol.swift,\ PartyReport.swift,\ PartyRunController.swift,\ PartySocket.swift,\ NodePool.swift,\ PlaceholderArt.swift,\ PlaceholderArt+Allies.swift,\ PlaceholderArt+Bestiary.swift /Users/runner/work/FateLost/FateLost/FateLost/Game/World/ToroidalSpatialGrid.swift /Users/runner/work/FateLost/FateLost/FateLost/Game/World/ToroidalWorld.swift /Users/runner/work/FateLost/FateLost/FateLost/Game/World/WrappedRenderFrame.swift /Users/runner/work/FateLost/FateLost/FateLost/Multiplayer/HostInput.swift /Users/runner/work/FateLost/FateLost/FateLost/Multiplayer/MovementSmoothing.swift /Users/runner/work/FateLost/FateLost/FateLost/Multiplayer/MultiplayerHub.swift /Users/runner/work/FateLost/FateLost/FateLost/Multiplayer/MultiplayerIdentity.swift /Users/runner/work/FateLost/FateLost/FateLost/Multiplayer/NetCodec.swift /Users/runner/work/FateLost/FateLost/FateLost/Multiplayer/NetEvents.swift /Users/runner/work/FateLost/FateLost/FateLost/Multiplayer/NetHeroState.swift /Users/runner/work/FateLost/FateLost/FateLost/Multiplayer/NetSnapshot.swift /Users/runner/work/FateLost/FateLost/FateLost/Multiplayer/PartyAPI.swift /Users/runner/work/FateLost/FateLost/FateLost/Multiplayer/PartyClient.swift /Users/runner/work/FateLost/FateLost/FateLost/Multiplayer/PartyColors.swift /Users/runner/work/FateLost/FateLost/FateLost/Multiplayer/PartyLoadouts.swift /Users/runner/work/FateLost/FateLost/FateLost/Multiplayer/PartyProtocol.swift /Users/runner/work/FateLost/FateLost/FateLost/Multiplayer/PartyReport.swift /Users/runner/work/FateLost/FateLost/FateLost/Multiplayer/PartyRunController.swift /Users/runner/work/FateLost/FateLost/FateLost/Multiplayer/PartySocket.swift /Users/runner/work/FateLost/FateLost/FateLost/Rendering/NodePool.swift /Users/runner/work/FateLost/FateLost/FateLost/Rendering/PlaceholderArt.swift /Users/runner/work/FateLost/FateLost/FateLost/Rendering/PlaceholderArt+Allies.swift /Users/runner/work/FateLost/FateLost/FateLost/Rendering/PlaceholderArt+Bestiary.swift (in target 'FateLost' from project 'FateLost')
SwiftCompile normal arm64 /Users/runner/work/FateLost/FateLost/FateLost/Game/World/ToroidalSpatialGrid.swift (in target 'FateLost' from project 'FateLost')
    cd /Users/runner/work/FateLost/FateLost
    

SwiftCompile normal arm64 /Users/runner/work/FateLost/FateLost/FateLost/Game/World/ToroidalWorld.swift (in target 'FateLost' from project 'FateLost')
    cd /Users/runner/work/FateLost/FateLost
    

SwiftCompile normal arm64 /Users/runner/work/FateLost/FateLost/FateLost/Game/World/WrappedRenderFrame.swift (in target 'FateLost' from project 'FateLost')
    cd /Users/runner/work/FateLost/FateLost
    

SwiftCompile normal arm64 /Users/runner/work/FateLost/FateLost/FateLost/Multiplayer/HostInput.swift (in target 'FateLost' from project 'FateLost')
    cd /Users/runner/work/FateLost/FateLost
    

SwiftCompile normal arm64 /Users/runner/work/FateLost/FateLost/FateLost/Multiplayer/MovementSmoothing.swift (in target 'FateLost' from project 'FateLost')
    cd /Users/runner/work/FateLost/FateLost
    

SwiftCompile normal arm64 /Users/runner/work/FateLost/FateLost/FateLost/Multiplayer/MultiplayerHub.swift (in target 'FateLost' from project 'FateLost')
    cd /Users/runner/work/FateLost/FateLost
    

SwiftCompile normal arm64 /Users/runner/work/FateLost/FateLost/FateLost/Multiplayer/MultiplayerIdentity.swift (in target 'FateLost' from project 'FateLost')
    cd /Users/runner/work/FateLost/FateLost
    

SwiftCompile normal arm64 /Users/runner/work/FateLost/FateLost/FateLost/Multiplayer/NetCodec.swift (in target 'FateLost' from project 'FateLost')
    cd /Users/runner/work/FateLost/FateLost
    

SwiftCompile normal arm64 /Users/runner/work/FateLost/FateLost/FateLost/Multiplayer/NetEvents.swift (in target 'FateLost' from project 'FateLost')
    cd /Users/runner/work/FateLost/FateLost
    

SwiftCompile normal arm64 /Users/runner/work/FateLost/FateLost/FateLost/Multiplayer/NetHeroState.swift (in target 'FateLost' from project 'FateLost')
    cd /Users/runner/work/FateLost/FateLost
    

SwiftCompile normal arm64 /Users/runner/work/FateLost/FateLost/FateLost/Multiplayer/NetSnapshot.swift (in target 'FateLost' from project 'FateLost')
    cd /Users/runner/work/FateLost/FateLost
    

SwiftCompile normal arm64 /Users/runner/work/FateLost/FateLost/FateLost/Multiplayer/PartyAPI.swift (in target 'FateLost' from project 'FateLost')
    cd /Users/runner/work/FateLost/FateLost
    

SwiftCompile normal arm64 /Users/runner/work/FateLost/FateLost/FateLost/Multiplayer/PartyClient.swift (in target 'FateLost' from project 'FateLost')
    cd /Users/runner/work/FateLost/FateLost
    

SwiftCompile normal arm64 /Users/runner/work/FateLost/FateLost/FateLost/Multiplayer/PartyColors.swift (in target 'FateLost' from project 'FateLost')
    cd /Users/runner/work/FateLost/FateLost
    

SwiftCompile normal arm64 /Users/runner/work/FateLost/FateLost/FateLost/Multiplayer/PartyLoadouts.swift (in target 'FateLost' from project 'FateLost')
    cd /Users/runner/work/FateLost/FateLost
    

SwiftCompile normal arm64 /Users/runner/work/FateLost/FateLost/FateLost/Multiplayer/PartyProtocol.swift (in target 'FateLost' from project 'FateLost')
    cd /Users/runner/work/FateLost/FateLost
    

SwiftCompile normal arm64 /Users/runner/work/FateLost/FateLost/FateLost/Multiplayer/PartyReport.swift (in target 'FateLost' from project 'FateLost')
    cd /Users/runner/work/FateLost/FateLost
    

SwiftCompile normal arm64 /Users/runner/work/FateLost/FateLost/FateLost/Multiplayer/PartyRunController.swift (in target 'FateLost' from project 'FateLost')
    cd /Users/runner/work/FateLost/FateLost
    

SwiftCompile normal arm64 /Users/runner/work/FateLost/FateLost/FateLost/Multiplayer/PartySocket.swift (in target 'FateLost' from project 'FateLost')
    cd /Users/runner/work/FateLost/FateLost
    

SwiftCompile normal arm64 /Users/runner/work/FateLost/FateLost/FateLost/Rendering/NodePool.swift (in target 'FateLost' from project 'FateLost')
    cd /Users/runner/work/FateLost/FateLost
    

SwiftCompile normal arm64 /Users/runner/work/FateLost/FateLost/FateLost/Rendering/PlaceholderArt.swift (in target 'FateLost' from project 'FateLost')
    cd /Users/runner/work/FateLost/FateLost
    

SwiftCompile normal arm64 /Users/runner/work/FateLost/FateLost/FateLost/Rendering/PlaceholderArt+Allies.swift (in target 'FateLost' from project 'FateLost')
    cd /Users/runner/work/FateLost/FateLost
    

SwiftCompile normal arm64 /Users/runner/work/FateLost/FateLost/FateLost/Rendering/PlaceholderArt+Bestiary.swift (in target 'FateLost' from project 'FateLost')
    cd /Users/runner/work/FateLost/FateLost
    

SwiftCompile normal arm64 Compiling\ PlaceholderArt+Creatures.swift,\ PlaceholderArt+Drawing.swift,\ PlaceholderArt+Effects.swift,\ PlaceholderArt+HeroFigure.swift,\ PlaceholderArt+HeroLayers.swift,\ PlaceholderArt+Loot.swift,\ PlaceholderArt+Props.swift,\ PlaceholderArt+Weapons.swift,\ RealmMapImage.swift,\ RGBA+Platform.swift,\ SpriteCatalog.swift,\ CameraController.swift,\ ChargeLaneRenderer.swift,\ CombatFeedback.swift,\ DarknessRenderer.swift,\ EffectsRenderer.swift,\ HazardRenderer.swift,\ VisualStyle+Presentation.swift,\ ZoneRenderer.swift,\ AllyRenderer.swift,\ CapeSway.swift,\ DropRenderer.swift,\ EnemyRenderer.swift /Users/runner/work/FateLost/FateLost/FateLost/Rendering/PlaceholderArt+Creatures.swift /Users/runner/work/FateLost/FateLost/FateLost/Rendering/PlaceholderArt+Drawing.swift /Users/runner/work/FateLost/FateLost/FateLost/Rendering/PlaceholderArt+Effects.swift /Users/runner/work/FateLost/FateLost/FateLost/Rendering/PlaceholderArt+HeroFigure.swift /Users/runner/work/FateLost/FateLost/FateLost/Rendering/PlaceholderArt+HeroLayers.swift /Users/runner/work/FateLost/FateLost/FateLost/Rendering/PlaceholderArt+Loot.swift /Users/runner/work/FateLost/FateLost/FateLost/Rendering/PlaceholderArt+Props.swift /Users/runner/work/FateLost/FateLost/FateLost/Rendering/PlaceholderArt+Weapons.swift /Users/runner/work/FateLost/FateLost/FateLost/Rendering/RealmMapImage.swift /Users/runner/work/FateLost/FateLost/FateLost/Rendering/RGBA+Platform.swift /Users/runner/work/FateLost/FateLost/FateLost/Rendering/SpriteCatalog.swift /Users/runner/work/FateLost/FateLost/FateLost/Scenes/Gameplay/Camera/CameraController.swift /Users/runner/work/FateLost/FateLost/FateLost/Scenes/Gameplay/Effects/ChargeLaneRenderer.swift /Users/runner/work/FateLost/FateLost/FateLost/Scenes/Gameplay/Effects/CombatFeedback.swift /Users/runner/work/FateLost/FateLost/FateLost/Scenes/Gameplay/Effects/DarknessRenderer.swift /Users/runner/work/FateLost/FateLost/FateLost/Scenes/Gameplay/Effects/EffectsRenderer.swift /Users/runner/work/FateLost/FateLost/FateLost/Scenes/Gameplay/Effects/HazardRenderer.swift /Users/runner/work/FateLost/FateLost/FateLost/Scenes/Gameplay/Effects/VisualStyle+Presentation.swift /Users/runner/work/FateLost/FateLost/FateLost/Scenes/Gameplay/Effects/ZoneRenderer.swift /Users/runner/work/FateLost/FateLost/FateLost/Scenes/Gameplay/Entities/AllyRenderer.swift /Users/runner/work/FateLost/FateLost/FateLost/Scenes/Gameplay/Entities/CapeSway.swift /Users/runner/work/FateLost/FateLost/FateLost/Scenes/Gameplay/Entities/DropRenderer.swift /Users/runner/work/FateLost/FateLost/FateLost/Scenes/Gameplay/Entities/EnemyRenderer.swift (in target 'FateLost' from project 'FateLost')

SwiftCompile normal arm64 /Users/runner/work/FateLost/FateLost/FateLost/Rendering/PlaceholderArt+Creatures.swift (in target 'FateLost' from project 'FateLost')
    cd /Users/runner/work/FateLost/FateLost
    

SwiftCompile normal arm64 /Users/runner/work/FateLost/FateLost/FateLost/Rendering/PlaceholderArt+Drawing.swift (in target 'FateLost' from project 'FateLost')
    cd /Users/runner/work/FateLost/FateLost
    

SwiftCompile normal arm64 /Users/runner/work/FateLost/FateLost/FateLost/Rendering/PlaceholderArt+Effects.swift (in target 'FateLost' from project 'FateLost')
    cd /Users/runner/work/FateLost/FateLost
    

SwiftCompile normal arm64 /Users/runner/work/FateLost/FateLost/FateLost/Rendering/PlaceholderArt+HeroFigure.swift (in target 'FateLost' from project 'FateLost')
    cd /Users/runner/work/FateLost/FateLost
    

SwiftCompile normal arm64 /Users/runner/work/FateLost/FateLost/FateLost/Rendering/PlaceholderArt+HeroLayers.swift (in target 'FateLost' from project 'FateLost')
    cd /Users/runner/work/FateLost/FateLost
    

SwiftCompile normal arm64 /Users/runner/work/FateLost/FateLost/FateLost/Rendering/PlaceholderArt+Loot.swift (in target 'FateLost' from project 'FateLost')
    cd /Users/runner/work/FateLost/FateLost
    

SwiftCompile normal arm64 /Users/runner/work/FateLost/FateLost/FateLost/Rendering/PlaceholderArt+Props.swift (in target 'FateLost' from project 'FateLost')
    cd /Users/runner/work/FateLost/FateLost
    

SwiftCompile normal arm64 /Users/runner/work/FateLost/FateLost/FateLost/Rendering/PlaceholderArt+Weapons.swift (in target 'FateLost' from project 'FateLost')
    cd /Users/runner/work/FateLost/FateLost
    

SwiftCompile normal arm64 /Users/runner/work/FateLost/FateLost/FateLost/Rendering/RealmMapImage.swift (in target 'FateLost' from project 'FateLost')
    cd /Users/runner/work/FateLost/FateLost
    

SwiftCompile normal arm64 /Users/runner/work/FateLost/FateLost/FateLost/Rendering/RGBA+Platform.swift (in target 'FateLost' from project 'FateLost')
    cd /Users/runner/work/FateLost/FateLost
    

SwiftCompile normal arm64 /Users/runner/work/FateLost/FateLost/FateLost/Rendering/SpriteCatalog.swift (in target 'FateLost' from project 'FateLost')
    cd /Users/runner/work/FateLost/FateLost
    

SwiftCompile normal arm64 /Users/runner/work/FateLost/FateLost/FateLost/Scenes/Gameplay/Camera/CameraController.swift (in target 'FateLost' from project 'FateLost')
    cd /Users/runner/work/FateLost/FateLost
    

SwiftCompile normal arm64 /Users/runner/work/FateLost/FateLost/FateLost/Scenes/Gameplay/Effects/ChargeLaneRenderer.swift (in target 'FateLost' from project 'FateLost')
    cd /Users/runner/work/FateLost/FateLost
    

SwiftCompile normal arm64 /Users/runner/work/FateLost/FateLost/FateLost/Scenes/Gameplay/Effects/CombatFeedback.swift (in target 'FateLost' from project 'FateLost')
    cd /Users/runner/work/FateLost/FateLost
    

SwiftCompile normal arm64 /Users/runner/work/FateLost/FateLost/FateLost/Scenes/Gameplay/Effects/DarknessRenderer.swift (in target 'FateLost' from project 'FateLost')
    cd /Users/runner/work/FateLost/FateLost
    

SwiftCompile normal arm64 /Users/runner/work/FateLost/FateLost/FateLost/Scenes/Gameplay/Effects/EffectsRenderer.swift (in target 'FateLost' from project 'FateLost')
    cd /Users/runner/work/FateLost/FateLost
    

SwiftCompile normal arm64 /Users/runner/work/FateLost/FateLost/FateLost/Scenes/Gameplay/Effects/HazardRenderer.swift (in target 'FateLost' from project 'FateLost')
    cd /Users/runner/work/FateLost/FateLost
    

SwiftCompile normal arm64 /Users/runner/work/FateLost/FateLost/FateLost/Scenes/Gameplay/Effects/VisualStyle+Presentation.swift (in target 'FateLost' from project 'FateLost')
    cd /Users/runner/work/FateLost/FateLost
    

SwiftCompile normal arm64 /Users/runner/work/FateLost/FateLost/FateLost/Scenes/Gameplay/Effects/ZoneRenderer.swift (in target 'FateLost' from project 'FateLost')
    cd /Users/runner/work/FateLost/FateLost
    

SwiftCompile normal arm64 /Users/runner/work/FateLost/FateLost/FateLost/Scenes/Gameplay/Entities/AllyRenderer.swift (in target 'FateLost' from project 'FateLost')
    cd /Users/runner/work/FateLost/FateLost
    

SwiftCompile normal arm64 /Users/runner/work/FateLost/FateLost/FateLost/Scenes/Gameplay/Entities/CapeSway.swift (in target 'FateLost' from project 'FateLost')
    cd /Users/runner/work/FateLost/FateLost
    

SwiftCompile normal arm64 /Users/runner/work/FateLost/FateLost/FateLost/Scenes/Gameplay/Entities/DropRenderer.swift (in target 'FateLost' from project 'FateLost')
    cd /Users/runner/work/FateLost/FateLost
    

SwiftCompile normal arm64 /Users/runner/work/FateLost/FateLost/FateLost/Scenes/Gameplay/Entities/EnemyRenderer.swift (in target 'FateLost' from project 'FateLost')
    cd /Users/runner/work/FateLost/FateLost
    

SwiftDriverJobDiscovery normal arm64 Compiling PartyRenderer.swift, PickupRenderer.swift, PlayerView.swift, PortalRenderer.swift, ProjectileRenderer.swift, ShrineRenderer.swift, AbilityButtonNode.swift, BeaconLayer.swift, GameHUDNode.swift, VirtualJoystickNode.swift, AtmosphereRenderer.swift, DecorationRenderer.swift, WrappingGroundRenderer.swift, GameScene.swift, GameSession.swift, GameViewContainer.swift, EmberBackground.swift, LegacyGlyph.swift, LegacyGlyphData.swift, WeaponIcon.swift, MultiplayerViews.swift, PartyResultsView.swift, PartyRunViews.swift (in target 'FateLost' from project 'FateLost')

SwiftDriverJobDiscovery normal arm64 Compiling SkillDetailPanel.swift, SkillTreeCanvas.swift, SkillTreeView.swift, TreeBoard.swift, AdRewardViews.swift, ArmouryView.swift, CharacterView.swift, DifficultyModifiersView.swift, FateViews.swift, GameplayScreen.swift, LaunchView.swift, LegacyTotalsView.swift, LegacyView.swift, MainMenuView.swift, RealmSelectView.swift, RelicCodex.swift, RelicOfferView.swift, RunSummaryView.swift, SettingsView.swift, StatisticsView.swift, WeaponSelectView.swift, FLTheme.swift, GeneratedAssetSymbols.swift (in target 'FateLost' from project 'FateLost')

SwiftCompile normal arm64 Compiling\ RewardedAds.swift,\ AppRouter.swift,\ AppServices.swift,\ FateLostApp.swift,\ RootView.swift,\ RGBA.swift,\ SpriteID.swift,\ AudioManager.swift,\ HapticsService.swift,\ MusicDirector.swift,\ CGPoint+Vector.swift,\ SeededRandom.swift,\ VersionedFileStore.swift,\ GameSettings.swift,\ FixedTimestep.swift,\ CommonRelics.swift,\ EpicRelics.swift,\ RareRelics.swift,\ RelicCatalog.swift,\ RelicContent.swift,\ UncommonRelics.swift,\ BardSkills.swift,\ ClericSkills.swift,\ DruidSkills.swift /Users/runner/work/FateLost/FateLost/FateLost/App/Ads/RewardedAds.swift /Users/runner/work/FateLost/FateLost/FateLost/App/AppRouter.swift /Users/runner/work/FateLost/FateLost/FateLost/App/AppServices.swift /Users/runner/work/FateLost/FateLost/FateLost/App/FateLostApp.swift /Users/runner/work/FateLost/FateLost/FateLost/App/RootView.swift /Users/runner/work/FateLost/FateLost/FateLost/Core/Data/RGBA.swift /Users/runner/work/FateLost/FateLost/FateLost/Core/Data/SpriteID.swift /Users/runner/work/FateLost/FateLost/FateLost/Core/Feedback/AudioManager.swift /Users/runner/work/FateLost/FateLost/FateLost/Core/Feedback/HapticsService.swift /Users/runner/work/FateLost/FateLost/FateLost/Core/Feedback/MusicDirector.swift /Users/runner/work/FateLost/FateLost/FateLost/Core/Math/CGPoint+Vector.swift /Users/runner/work/FateLost/FateLost/FateLost/Core/Math/SeededRandom.swift /Users/runner/work/FateLost/FateLost/FateLost/Core/Persistence/VersionedFileStore.swift /Users/runner/work/FateLost/FateLost/FateLost/Core/Settings/GameSettings.swift /Users/runner/work/FateLost/FateLost/FateLost/Core/Time/FixedTimestep.swift /Users/runner/work/FateLost/FateLost/FateLost/Data/Relics/CommonRelics.swift /Users/runner/work/FateLost/FateLost/FateLost/Data/Relics/EpicRelics.swift /Users/runner/work/FateLost/FateLost/FateLost/Data/Relics/RareRelics.swift /Users/runner/work/FateLost/FateLost/FateLost/Data/Relics/RelicCatalog.swift /Users/runner/work/FateLost/FateLost/FateLost/Data/Relics/RelicContent.swift /Users/runner/work/FateLost/FateLost/FateLost/Data/Relics/UncommonRelics.swift /Users/runner/work/FateLost/FateLost/FateLost/Data/Skills/BardSkills.swift /Users/runner/work/FateLost/FateLost/FateLost/Data/Skills/ClericSkills.swift /Users/runner/work/FateLost/FateLost/FateLost/Data/Skills/DruidSkills.swift (in target 'FateLost' from project 'FateLost')

SwiftCompile normal arm64 /Users/runner/work/FateLost/FateLost/FateLost/App/Ads/RewardedAds.swift (in target 'FateLost' from project 'FateLost')
    cd /Users/runner/work/FateLost/FateLost
    
/Users/runner/work/FateLost/FateLost/FateLost/App/Ads/RewardedAds.swift:350:17: warning: capture of 'ad' with non-Sendable type 'RewardedAd' in a '@Sendable' closure
                ad.present(from: root) {
                ^
/Users/runner/work/FateLost/FateLost/build-tests/Build/Products/Debug-iphonesimulator/GoogleMobileAds.framework/Headers/GADRewardedAd.h:30:12: note: class 'RewardedAd' does not conform to the 'Sendable' protocol
@interface GADRewardedAd : NSObject <GADAdMetadataProvider, GADFullScreenPresentingAd>
           ^
/Users/runner/work/FateLost/FateLost/FateLost/App/Ads/RewardedAds.swift:6:1: warning: add '@preconcurrency' to suppress 'Sendable'-related warnings from module 'GoogleMobileAds'
import GoogleMobileAds
^
@preconcurrency 
/Users/runner/work/FateLost/FateLost/FateLost/App/Ads/RewardedAds.swift:351:21: warning: capture of 'self' with non-Sendable type 'AdPresenter?' in a '@Sendable' closure
                    self?.earned = true
                    ^
/Users/runner/work/FateLost/FateLost/FateLost/App/Ads/RewardedAds.swift:338:21: note: class 'AdPresenter' does not conform to the 'Sendable' protocol
private final class AdPresenter: NSObject, FullScreenContentDelegate {
                    ^

SwiftCompile normal arm64 /Users/runner/work/FateLost/FateLost/FateLost/App/AppRouter.swift (in target 'FateLost' from project 'FateLost')
    cd /Users/runner/work/FateLost/FateLost
    
/Users/runner/work/FateLost/FateLost/FateLost/App/Ads/RewardedAds.swift:350:17: warning: capture of 'ad' with non-Sendable type 'RewardedAd' in a '@Sendable' closure
                ad.present(from: root) {
                ^
/Users/runner/work/FateLost/FateLost/build-tests/Build/Products/Debug-iphonesimulator/GoogleMobileAds.framework/Headers/GADRewardedAd.h:30:12: note: class 'RewardedAd' does not conform to the 'Sendable' protocol
@interface GADRewardedAd : NSObject <GADAdMetadataProvider, GADFullScreenPresentingAd>
           ^
/Users/runner/work/FateLost/FateLost/FateLost/App/Ads/RewardedAds.swift:6:1: warning: add '@preconcurrency' to suppress 'Sendable'-related warnings from module 'GoogleMobileAds'
import GoogleMobileAds
^
@preconcurrency 
/Users/runner/work/FateLost/FateLost/FateLost/App/Ads/RewardedAds.swift:351:21: warning: capture of 'self' with non-Sendable type 'AdPresenter?' in a '@Sendable' closure
                    self?.earned = true
                    ^
/Users/runner/work/FateLost/FateLost/FateLost/App/Ads/RewardedAds.swift:338:21: note: class 'AdPresenter' does not conform to the 'Sendable' protocol
private final class AdPresenter: NSObject, FullScreenContentDelegate {
                    ^

SwiftCompile normal arm64 /Users/runner/work/FateLost/FateLost/FateLost/App/AppServices.swift (in target 'FateLost' from project 'FateLost')
    cd /Users/runner/work/FateLost/FateLost
    
/Users/runner/work/FateLost/FateLost/FateLost/App/Ads/RewardedAds.swift:350:17: warning: capture of 'ad' with non-Sendable type 'RewardedAd' in a '@Sendable' closure
                ad.present(from: root) {
                ^
/Users/runner/work/FateLost/FateLost/build-tests/Build/Products/Debug-iphonesimulator/GoogleMobileAds.framework/Headers/GADRewardedAd.h:30:12: note: class 'RewardedAd' does not conform to the 'Sendable' protocol
@interface GADRewardedAd : NSObject <GADAdMetadataProvider, GADFullScreenPresentingAd>
           ^
/Users/runner/work/FateLost/FateLost/FateLost/App/Ads/RewardedAds.swift:6:1: warning: add '@preconcurrency' to suppress 'Sendable'-related warnings from module 'GoogleMobileAds'
import GoogleMobileAds
^
@preconcurrency 
/Users/runner/work/FateLost/FateLost/FateLost/App/Ads/RewardedAds.swift:351:21: warning: capture of 'self' with non-Sendable type 'AdPresenter?' in a '@Sendable' closure
                    self?.earned = true
                    ^
/Users/runner/work/FateLost/FateLost/FateLost/App/Ads/RewardedAds.swift:338:21: note: class 'AdPresenter' does not conform to the 'Sendable' protocol
private final class AdPresenter: NSObject, FullScreenContentDelegate {
                    ^

SwiftCompile normal arm64 /Users/runner/work/FateLost/FateLost/FateLost/App/FateLostApp.swift (in target 'FateLost' from project 'FateLost')
    cd /Users/runner/work/FateLost/FateLost
    
/Users/runner/work/FateLost/FateLost/FateLost/App/Ads/RewardedAds.swift:350:17: warning: capture of 'ad' with non-Sendable type 'RewardedAd' in a '@Sendable' closure
                ad.present(from: root) {
                ^
/Users/runner/work/FateLost/FateLost/build-tests/Build/Products/Debug-iphonesimulator/GoogleMobileAds.framework/Headers/GADRewardedAd.h:30:12: note: class 'RewardedAd' does not conform to the 'Sendable' protocol
@interface GADRewardedAd : NSObject <GADAdMetadataProvider, GADFullScreenPresentingAd>
           ^
/Users/runner/work/FateLost/FateLost/FateLost/App/Ads/RewardedAds.swift:6:1: warning: add '@preconcurrency' to suppress 'Sendable'-related warnings from module 'GoogleMobileAds'
import GoogleMobileAds
^
@preconcurrency 
/Users/runner/work/FateLost/FateLost/FateLost/App/Ads/RewardedAds.swift:351:21: warning: capture of 'self' with non-Sendable type 'AdPresenter?' in a '@Sendable' closure
                    self?.earned = true
                    ^
/Users/runner/work/FateLost/FateLost/FateLost/App/Ads/RewardedAds.swift:338:21: note: class 'AdPresenter' does not conform to the 'Sendable' protocol
private final class AdPresenter: NSObject, FullScreenContentDelegate {
                    ^

SwiftCompile normal arm64 /Users/runner/work/FateLost/FateLost/FateLost/App/RootView.swift (in target 'FateLost' from project 'FateLost')
    cd /Users/runner/work/FateLost/FateLost
    
/Users/runner/work/FateLost/FateLost/FateLost/App/Ads/RewardedAds.swift:350:17: warning: capture of 'ad' with non-Sendable type 'RewardedAd' in a '@Sendable' closure
                ad.present(from: root) {
                ^
/Users/runner/work/FateLost/FateLost/build-tests/Build/Products/Debug-iphonesimulator/GoogleMobileAds.framework/Headers/GADRewardedAd.h:30:12: note: class 'RewardedAd' does not conform to the 'Sendable' protocol
@interface GADRewardedAd : NSObject <GADAdMetadataProvider, GADFullScreenPresentingAd>
           ^
/Users/runner/work/FateLost/FateLost/FateLost/App/Ads/RewardedAds.swift:6:1: warning: add '@preconcurrency' to suppress 'Sendable'-related warnings from module 'GoogleMobileAds'
import GoogleMobileAds
^
@preconcurrency 
/Users/runner/work/FateLost/FateLost/FateLost/App/Ads/RewardedAds.swift:351:21: warning: capture of 'self' with non-Sendable type 'AdPresenter?' in a '@Sendable' closure
                    self?.earned = true
                    ^
/Users/runner/work/FateLost/FateLost/FateLost/App/Ads/RewardedAds.swift:338:21: note: class 'AdPresenter' does not conform to the 'Sendable' protocol
private final class AdPresenter: NSObject, FullScreenContentDelegate {
                    ^

SwiftCompile normal arm64 /Users/runner/work/FateLost/FateLost/FateLost/Core/Data/RGBA.swift (in target 'FateLost' from project 'FateLost')
    cd /Users/runner/work/FateLost/FateLost
    
/Users/runner/work/FateLost/FateLost/FateLost/App/Ads/RewardedAds.swift:350:17: warning: capture of 'ad' with non-Sendable type 'RewardedAd' in a '@Sendable' closure
                ad.present(from: root) {
                ^
/Users/runner/work/FateLost/FateLost/build-tests/Build/Products/Debug-iphonesimulator/GoogleMobileAds.framework/Headers/GADRewardedAd.h:30:12: note: class 'RewardedAd' does not conform to the 'Sendable' protocol
@interface GADRewardedAd : NSObject <GADAdMetadataProvider, GADFullScreenPresentingAd>
           ^
/Users/runner/work/FateLost/FateLost/FateLost/App/Ads/RewardedAds.swift:6:1: warning: add '@preconcurrency' to suppress 'Sendable'-related warnings from module 'GoogleMobileAds'
import GoogleMobileAds
^
@preconcurrency 
/Users/runner/work/FateLost/FateLost/FateLost/App/Ads/RewardedAds.swift:351:21: warning: capture of 'self' with non-Sendable type 'AdPresenter?' in a '@Sendable' closure
                    self?.earned = true
                    ^
/Users/runner/work/FateLost/FateLost/FateLost/App/Ads/RewardedAds.swift:338:21: note: class 'AdPresenter' does not conform to the 'Sendable' protocol
private final class AdPresenter: NSObject, FullScreenContentDelegate {
                    ^

SwiftCompile normal arm64 /Users/runner/work/FateLost/FateLost/FateLost/Core/Data/SpriteID.swift (in target 'FateLost' from project 'FateLost')
    cd /Users/runner/work/FateLost/FateLost
    
/Users/runner/work/FateLost/FateLost/FateLost/App/Ads/RewardedAds.swift:350:17: warning: capture of 'ad' with non-Sendable type 'RewardedAd' in a '@Sendable' closure
                ad.present(from: root) {
                ^
/Users/runner/work/FateLost/FateLost/build-tests/Build/Products/Debug-iphonesimulator/GoogleMobileAds.framework/Headers/GADRewardedAd.h:30:12: note: class 'RewardedAd' does not conform to the 'Sendable' protocol
@interface GADRewardedAd : NSObject <GADAdMetadataProvider, GADFullScreenPresentingAd>
           ^
/Users/runner/work/FateLost/FateLost/FateLost/App/Ads/RewardedAds.swift:6:1: warning: add '@preconcurrency' to suppress 'Sendable'-related warnings from module 'GoogleMobileAds'
import GoogleMobileAds
^
@preconcurrency 
/Users/runner/work/FateLost/FateLost/FateLost/App/Ads/RewardedAds.swift:351:21: warning: capture of 'self' with non-Sendable type 'AdPresenter?' in a '@Sendable' closure
                    self?.earned = true
                    ^
/Users/runner/work/FateLost/FateLost/FateLost/App/Ads/RewardedAds.swift:338:21: note: class 'AdPresenter' does not conform to the 'Sendable' protocol
private final class AdPresenter: NSObject, FullScreenContentDelegate {
                    ^

SwiftCompile normal arm64 /Users/runner/work/FateLost/FateLost/FateLost/Core/Feedback/AudioManager.swift (in target 'FateLost' from project 'FateLost')
    cd /Users/runner/work/FateLost/FateLost
    
/Users/runner/work/FateLost/FateLost/FateLost/App/Ads/RewardedAds.swift:350:17: warning: capture of 'ad' with non-Sendable type 'RewardedAd' in a '@Sendable' closure
                ad.present(from: root) {
                ^
/Users/runner/work/FateLost/FateLost/build-tests/Build/Products/Debug-iphonesimulator/GoogleMobileAds.framework/Headers/GADRewardedAd.h:30:12: note: class 'RewardedAd' does not conform to the 'Sendable' protocol
@interface GADRewardedAd : NSObject <GADAdMetadataProvider, GADFullScreenPresentingAd>
           ^
/Users/runner/work/FateLost/FateLost/FateLost/App/Ads/RewardedAds.swift:6:1: warning: add '@preconcurrency' to suppress 'Sendable'-related warnings from module 'GoogleMobileAds'
import GoogleMobileAds
^
@preconcurrency 
/Users/runner/work/FateLost/FateLost/FateLost/App/Ads/RewardedAds.swift:351:21: warning: capture of 'self' with non-Sendable type 'AdPresenter?' in a '@Sendable' closure
                    self?.earned = true
                    ^
/Users/runner/work/FateLost/FateLost/FateLost/App/Ads/RewardedAds.swift:338:21: note: class 'AdPresenter' does not conform to the 'Sendable' protocol
private final class AdPresenter: NSObject, FullScreenContentDelegate {
                    ^
/Users/runner/work/FateLost/FateLost/FateLost/Core/Feedback/AudioManager.swift:298:20: warning: capture of 'raw' with non-Sendable type 'AVAudioPCMBuffer' in a '@Sendable' closure
            return raw
                   ^
/Applications/Xcode_26.3.app/Contents/Developer/Platforms/iPhoneSimulator.platform/Developer/SDKs/iPhoneSimulator26.2.sdk/System/Library/Frameworks/AVFAudio.framework/Headers/AVAudioBuffer.h:67:12: note: class 'AVAudioPCMBuffer' does not conform to the 'Sendable' protocol
@interface AVAudioPCMBuffer : AVAudioBuffer
           ^
/Users/runner/work/FateLost/FateLost/FateLost/Core/Feedback/AudioManager.swift:1:1: warning: add '@preconcurrency' to suppress 'Sendable'-related warnings from module 'AVFAudio'
import AVFoundation
^
@preconcurrency 

SwiftCompile normal arm64 /Users/runner/work/FateLost/FateLost/FateLost/Core/Feedback/HapticsService.swift (in target 'FateLost' from project 'FateLost')
    cd /Users/runner/work/FateLost/FateLost
    
/Users/runner/work/FateLost/FateLost/FateLost/App/Ads/RewardedAds.swift:350:17: warning: capture of 'ad' with non-Sendable type 'RewardedAd' in a '@Sendable' closure
                ad.present(from: root) {
                ^
/Users/runner/work/FateLost/FateLost/build-tests/Build/Products/Debug-iphonesimulator/GoogleMobileAds.framework/Headers/GADRewardedAd.h:30:12: note: class 'RewardedAd' does not conform to the 'Sendable' protocol
@interface GADRewardedAd : NSObject <GADAdMetadataProvider, GADFullScreenPresentingAd>
           ^
/Users/runner/work/FateLost/FateLost/FateLost/App/Ads/RewardedAds.swift:6:1: warning: add '@preconcurrency' to suppress 'Sendable'-related warnings from module 'GoogleMobileAds'
import GoogleMobileAds
^
@preconcurrency 
/Users/runner/work/FateLost/FateLost/FateLost/App/Ads/RewardedAds.swift:351:21: warning: capture of 'self' with non-Sendable type 'AdPresenter?' in a '@Sendable' closure
                    self?.earned = true
                    ^
/Users/runner/work/FateLost/FateLost/FateLost/App/Ads/RewardedAds.swift:338:21: note: class 'AdPresenter' does not conform to the 'Sendable' protocol
private final class AdPresenter: NSObject, FullScreenContentDelegate {
                    ^

SwiftCompile normal arm64 /Users/runner/work/FateLost/FateLost/FateLost/Core/Feedback/MusicDirector.swift (in target 'FateLost' from project 'FateLost')
    cd /Users/runner/work/FateLost/FateLost
    
/Users/runner/work/FateLost/FateLost/FateLost/App/Ads/RewardedAds.swift:350:17: warning: capture of 'ad' with non-Sendable type 'RewardedAd' in a '@Sendable' closure
                ad.present(from: root) {
                ^
/Users/runner/work/FateLost/FateLost/build-tests/Build/Products/Debug-iphonesimulator/GoogleMobileAds.framework/Headers/GADRewardedAd.h:30:12: note: class 'RewardedAd' does not conform to the 'Sendable' protocol
@interface GADRewardedAd : NSObject <GADAdMetadataProvider, GADFullScreenPresentingAd>
           ^
/Users/runner/work/FateLost/FateLost/FateLost/App/Ads/RewardedAds.swift:6:1: warning: add '@preconcurrency' to suppress 'Sendable'-related warnings from module 'GoogleMobileAds'
import GoogleMobileAds
^
@preconcurrency 
/Users/runner/work/FateLost/FateLost/FateLost/App/Ads/RewardedAds.swift:351:21: warning: capture of 'self' with non-Sendable type 'AdPresenter?' in a '@Sendable' closure
                    self?.earned = true
                    ^
/Users/runner/work/FateLost/FateLost/FateLost/App/Ads/RewardedAds.swift:338:21: note: class 'AdPresenter' does not conform to the 'Sendable' protocol
private final class AdPresenter: NSObject, FullScreenContentDelegate {
                    ^

SwiftCompile normal arm64 /Users/runner/work/FateLost/FateLost/FateLost/Core/Math/CGPoint+Vector.swift (in target 'FateLost' from project 'FateLost')
    cd /Users/runner/work/FateLost/FateLost
    
/Users/runner/work/FateLost/FateLost/FateLost/App/Ads/RewardedAds.swift:350:17: warning: capture of 'ad' with non-Sendable type 'RewardedAd' in a '@Sendable' closure
                ad.present(from: root) {
                ^
/Users/runner/work/FateLost/FateLost/build-tests/Build/Products/Debug-iphonesimulator/GoogleMobileAds.framework/Headers/GADRewardedAd.h:30:12: note: class 'RewardedAd' does not conform to the 'Sendable' protocol
@interface GADRewardedAd : NSObject <GADAdMetadataProvider, GADFullScreenPresentingAd>
           ^
/Users/runner/work/FateLost/FateLost/FateLost/App/Ads/RewardedAds.swift:6:1: warning: add '@preconcurrency' to suppress 'Sendable'-related warnings from module 'GoogleMobileAds'
import GoogleMobileAds
^
@preconcurrency 
/Users/runner/work/FateLost/FateLost/FateLost/App/Ads/RewardedAds.swift:351:21: warning: capture of 'self' with non-Sendable type 'AdPresenter?' in a '@Sendable' closure
                    self?.earned = true
                    ^
/Users/runner/work/FateLost/FateLost/FateLost/App/Ads/RewardedAds.swift:338:21: note: class 'AdPresenter' does not conform to the 'Sendable' protocol
private final class AdPresenter: NSObject, FullScreenContentDelegate {
                    ^

SwiftCompile normal arm64 /Users/runner/work/FateLost/FateLost/FateLost/Core/Math/SeededRandom.swift (in target 'FateLost' from project 'FateLost')
    cd /Users/runner/work/FateLost/FateLost
    
/Users/runner/work/FateLost/FateLost/FateLost/App/Ads/RewardedAds.swift:350:17: warning: capture of 'ad' with non-Sendable type 'RewardedAd' in a '@Sendable' closure
                ad.present(from: root) {
                ^
/Users/runner/work/FateLost/FateLost/build-tests/Build/Products/Debug-iphonesimulator/GoogleMobileAds.framework/Headers/GADRewardedAd.h:30:12: note: class 'RewardedAd' does not conform to the 'Sendable' protocol
@interface GADRewardedAd : NSObject <GADAdMetadataProvider, GADFullScreenPresentingAd>
           ^
/Users/runner/work/FateLost/FateLost/FateLost/App/Ads/RewardedAds.swift:6:1: warning: add '@preconcurrency' to suppress 'Sendable'-related warnings from module 'GoogleMobileAds'
import GoogleMobileAds
^
@preconcurrency 
/Users/runner/work/FateLost/FateLost/FateLost/App/Ads/RewardedAds.swift:351:21: warning: capture of 'self' with non-Sendable type 'AdPresenter?' in a '@Sendable' closure
                    self?.earned = true
                    ^
/Users/runner/work/FateLost/FateLost/FateLost/App/Ads/RewardedAds.swift:338:21: note: class 'AdPresenter' does not conform to the 'Sendable' protocol
private final class AdPresenter: NSObject, FullScreenContentDelegate {
                    ^

SwiftCompile normal arm64 /Users/runner/work/FateLost/FateLost/FateLost/Core/Persistence/VersionedFileStore.swift (in target 'FateLost' from project 'FateLost')
    cd /Users/runner/work/FateLost/FateLost
    
/Users/runner/work/FateLost/FateLost/FateLost/App/Ads/RewardedAds.swift:350:17: warning: capture of 'ad' with non-Sendable type 'RewardedAd' in a '@Sendable' closure
                ad.present(from: root) {
                ^
/Users/runner/work/FateLost/FateLost/build-tests/Build/Products/Debug-iphonesimulator/GoogleMobileAds.framework/Headers/GADRewardedAd.h:30:12: note: class 'RewardedAd' does not conform to the 'Sendable' protocol
@interface GADRewardedAd : NSObject <GADAdMetadataProvider, GADFullScreenPresentingAd>
           ^
/Users/runner/work/FateLost/FateLost/FateLost/App/Ads/RewardedAds.swift:6:1: warning: add '@preconcurrency' to suppress 'Sendable'-related warnings from module 'GoogleMobileAds'
import GoogleMobileAds
^
@preconcurrency 
/Users/runner/work/FateLost/FateLost/FateLost/App/Ads/RewardedAds.swift:351:21: warning: capture of 'self' with non-Sendable type 'AdPresenter?' in a '@Sendable' closure
                    self?.earned = true
                    ^
/Users/runner/work/FateLost/FateLost/FateLost/App/Ads/RewardedAds.swift:338:21: note: class 'AdPresenter' does not conform to the 'Sendable' protocol
private final class AdPresenter: NSObject, FullScreenContentDelegate {
                    ^

SwiftCompile normal arm64 /Users/runner/work/FateLost/FateLost/FateLost/Core/Settings/GameSettings.swift (in target 'FateLost' from project 'FateLost')
    cd /Users/runner/work/FateLost/FateLost
    
/Users/runner/work/FateLost/FateLost/FateLost/App/Ads/RewardedAds.swift:350:17: warning: capture of 'ad' with non-Sendable type 'RewardedAd' in a '@Sendable' closure
                ad.present(from: root) {
                ^
/Users/runner/work/FateLost/FateLost/build-tests/Build/Products/Debug-iphonesimulator/GoogleMobileAds.framework/Headers/GADRewardedAd.h:30:12: note: class 'RewardedAd' does not conform to the 'Sendable' protocol
@interface GADRewardedAd : NSObject <GADAdMetadataProvider, GADFullScreenPresentingAd>
           ^
/Users/runner/work/FateLost/FateLost/FateLost/App/Ads/RewardedAds.swift:6:1: warning: add '@preconcurrency' to suppress 'Sendable'-related warnings from module 'GoogleMobileAds'
import GoogleMobileAds
^
@preconcurrency 
/Users/runner/work/FateLost/FateLost/FateLost/App/Ads/RewardedAds.swift:351:21: warning: capture of 'self' with non-Sendable type 'AdPresenter?' in a '@Sendable' closure
                    self?.earned = true
                    ^
/Users/runner/work/FateLost/FateLost/FateLost/App/Ads/RewardedAds.swift:338:21: note: class 'AdPresenter' does not conform to the 'Sendable' protocol
private final class AdPresenter: NSObject, FullScreenContentDelegate {
                    ^

SwiftCompile normal arm64 /Users/runner/work/FateLost/FateLost/FateLost/Core/Time/FixedTimestep.swift (in target 'FateLost' from project 'FateLost')
    cd /Users/runner/work/FateLost/FateLost
    
/Users/runner/work/FateLost/FateLost/FateLost/App/Ads/RewardedAds.swift:350:17: warning: capture of 'ad' with non-Sendable type 'RewardedAd' in a '@Sendable' closure
                ad.present(from: root) {
                ^
/Users/runner/work/FateLost/FateLost/build-tests/Build/Products/Debug-iphonesimulator/GoogleMobileAds.framework/Headers/GADRewardedAd.h:30:12: note: class 'RewardedAd' does not conform to the 'Sendable' protocol
@interface GADRewardedAd : NSObject <GADAdMetadataProvider, GADFullScreenPresentingAd>
           ^
/Users/runner/work/FateLost/FateLost/FateLost/App/Ads/RewardedAds.swift:6:1: warning: add '@preconcurrency' to suppress 'Sendable'-related warnings from module 'GoogleMobileAds'
import GoogleMobileAds
^
@preconcurrency 
/Users/runner/work/FateLost/FateLost/FateLost/App/Ads/RewardedAds.swift:351:21: warning: capture of 'self' with non-Sendable type 'AdPresenter?' in a '@Sendable' closure
                    self?.earned = true
                    ^
/Users/runner/work/FateLost/FateLost/FateLost/App/Ads/RewardedAds.swift:338:21: note: class 'AdPresenter' does not conform to the 'Sendable' protocol
private final class AdPresenter: NSObject, FullScreenContentDelegate {
                    ^

SwiftCompile normal arm64 /Users/runner/work/FateLost/FateLost/FateLost/Data/Relics/CommonRelics.swift (in target 'FateLost' from project 'FateLost')
    cd /Users/runner/work/FateLost/FateLost
    
/Users/runner/work/FateLost/FateLost/FateLost/App/Ads/RewardedAds.swift:350:17: warning: capture of 'ad' with non-Sendable type 'RewardedAd' in a '@Sendable' closure
                ad.present(from: root) {
                ^
/Users/runner/work/FateLost/FateLost/build-tests/Build/Products/Debug-iphonesimulator/GoogleMobileAds.framework/Headers/GADRewardedAd.h:30:12: note: class 'RewardedAd' does not conform to the 'Sendable' protocol
@interface GADRewardedAd : NSObject <GADAdMetadataProvider, GADFullScreenPresentingAd>
           ^
/Users/runner/work/FateLost/FateLost/FateLost/App/Ads/RewardedAds.swift:6:1: warning: add '@preconcurrency' to suppress 'Sendable'-related warnings from module 'GoogleMobileAds'
import GoogleMobileAds
^
@preconcurrency 
/Users/runner/work/FateLost/FateLost/FateLost/App/Ads/RewardedAds.swift:351:21: warning: capture of 'self' with non-Sendable type 'AdPresenter?' in a '@Sendable' closure
                    self?.earned = true
                    ^
/Users/runner/work/FateLost/FateLost/FateLost/App/Ads/RewardedAds.swift:338:21: note: class 'AdPresenter' does not conform to the 'Sendable' protocol
private final class AdPresenter: NSObject, FullScreenContentDelegate {
                    ^

SwiftCompile normal arm64 /Users/runner/work/FateLost/FateLost/FateLost/Data/Relics/EpicRelics.swift (in target 'FateLost' from project 'FateLost')
    cd /Users/runner/work/FateLost/FateLost
    
/Users/runner/work/FateLost/FateLost/FateLost/App/Ads/RewardedAds.swift:350:17: warning: capture of 'ad' with non-Sendable type 'RewardedAd' in a '@Sendable' closure
                ad.present(from: root) {
                ^
/Users/runner/work/FateLost/FateLost/build-tests/Build/Products/Debug-iphonesimulator/GoogleMobileAds.framework/Headers/GADRewardedAd.h:30:12: note: class 'RewardedAd' does not conform to the 'Sendable' protocol
@interface GADRewardedAd : NSObject <GADAdMetadataProvider, GADFullScreenPresentingAd>
           ^
/Users/runner/work/FateLost/FateLost/FateLost/App/Ads/RewardedAds.swift:6:1: warning: add '@preconcurrency' to suppress 'Sendable'-related warnings from module 'GoogleMobileAds'
import GoogleMobileAds
^
@preconcurrency 
/Users/runner/work/FateLost/FateLost/FateLost/App/Ads/RewardedAds.swift:351:21: warning: capture of 'self' with non-Sendable type 'AdPresenter?' in a '@Sendable' closure
                    self?.earned = true
                    ^
/Users/runner/work/FateLost/FateLost/FateLost/App/Ads/RewardedAds.swift:338:21: note: class 'AdPresenter' does not conform to the 'Sendable' protocol
private final class AdPresenter: NSObject, FullScreenContentDelegate {
                    ^

SwiftCompile normal arm64 /Users/runner/work/FateLost/FateLost/FateLost/Data/Relics/RareRelics.swift (in target 'FateLost' from project 'FateLost')
    cd /Users/runner/work/FateLost/FateLost
    
/Users/runner/work/FateLost/FateLost/FateLost/App/Ads/RewardedAds.swift:350:17: warning: capture of 'ad' with non-Sendable type 'RewardedAd' in a '@Sendable' closure
                ad.present(from: root) {
                ^
/Users/runner/work/FateLost/FateLost/build-tests/Build/Products/Debug-iphonesimulator/GoogleMobileAds.framework/Headers/GADRewardedAd.h:30:12: note: class 'RewardedAd' does not conform to the 'Sendable' protocol
@interface GADRewardedAd : NSObject <GADAdMetadataProvider, GADFullScreenPresentingAd>
           ^
/Users/runner/work/FateLost/FateLost/FateLost/App/Ads/RewardedAds.swift:6:1: warning: add '@preconcurrency' to suppress 'Sendable'-related warnings from module 'GoogleMobileAds'
import GoogleMobileAds
^
@preconcurrency 
/Users/runner/work/FateLost/FateLost/FateLost/App/Ads/RewardedAds.swift:351:21: warning: capture of 'self' with non-Sendable type 'AdPresenter?' in a '@Sendable' closure
                    self?.earned = true
                    ^
/Users/runner/work/FateLost/FateLost/FateLost/App/Ads/RewardedAds.swift:338:21: note: class 'AdPresenter' does not conform to the 'Sendable' protocol
private final class AdPresenter: NSObject, FullScreenContentDelegate {
                    ^

SwiftCompile normal arm64 /Users/runner/work/FateLost/FateLost/FateLost/Data/Relics/RelicCatalog.swift (in target 'FateLost' from project 'FateLost')
    cd /Users/runner/work/FateLost/FateLost
    
/Users/runner/work/FateLost/FateLost/FateLost/App/Ads/RewardedAds.swift:350:17: warning: capture of 'ad' with non-Sendable type 'RewardedAd' in a '@Sendable' closure
                ad.present(from: root) {
                ^
/Users/runner/work/FateLost/FateLost/build-tests/Build/Products/Debug-iphonesimulator/GoogleMobileAds.framework/Headers/GADRewardedAd.h:30:12: note: class 'RewardedAd' does not conform to the 'Sendable' protocol
@interface GADRewardedAd : NSObject <GADAdMetadataProvider, GADFullScreenPresentingAd>
           ^
/Users/runner/work/FateLost/FateLost/FateLost/App/Ads/RewardedAds.swift:6:1: warning: add '@preconcurrency' to suppress 'Sendable'-related warnings from module 'GoogleMobileAds'
import GoogleMobileAds
^
@preconcurrency 
/Users/runner/work/FateLost/FateLost/FateLost/App/Ads/RewardedAds.swift:351:21: warning: capture of 'self' with non-Sendable type 'AdPresenter?' in a '@Sendable' closure
                    self?.earned = true
                    ^
/Users/runner/work/FateLost/FateLost/FateLost/App/Ads/RewardedAds.swift:338:21: note: class 'AdPresenter' does not conform to the 'Sendable' protocol
private final class AdPresenter: NSObject, FullScreenContentDelegate {
                    ^

SwiftCompile normal arm64 /Users/runner/work/FateLost/FateLost/FateLost/Data/Relics/RelicContent.swift (in target 'FateLost' from project 'FateLost')
    cd /Users/runner/work/FateLost/FateLost
    
/Users/runner/work/FateLost/FateLost/FateLost/App/Ads/RewardedAds.swift:350:17: warning: capture of 'ad' with non-Sendable type 'RewardedAd' in a '@Sendable' closure
                ad.present(from: root) {
                ^
/Users/runner/work/FateLost/FateLost/build-tests/Build/Products/Debug-iphonesimulator/GoogleMobileAds.framework/Headers/GADRewardedAd.h:30:12: note: class 'RewardedAd' does not conform to the 'Sendable' protocol
@interface GADRewardedAd : NSObject <GADAdMetadataProvider, GADFullScreenPresentingAd>
           ^
/Users/runner/work/FateLost/FateLost/FateLost/App/Ads/RewardedAds.swift:6:1: warning: add '@preconcurrency' to suppress 'Sendable'-related warnings from module 'GoogleMobileAds'
import GoogleMobileAds
^
@preconcurrency 
/Users/runner/work/FateLost/FateLost/FateLost/App/Ads/RewardedAds.swift:351:21: warning: capture of 'self' with non-Sendable type 'AdPresenter?' in a '@Sendable' closure
                    self?.earned = true
                    ^
/Users/runner/work/FateLost/FateLost/FateLost/App/Ads/RewardedAds.swift:338:21: note: class 'AdPresenter' does not conform to the 'Sendable' protocol
private final class AdPresenter: NSObject, FullScreenContentDelegate {
                    ^

SwiftCompile normal arm64 /Users/runner/work/FateLost/FateLost/FateLost/Data/Relics/UncommonRelics.swift (in target 'FateLost' from project 'FateLost')
    cd /Users/runner/work/FateLost/FateLost
    
/Users/runner/work/FateLost/FateLost/FateLost/App/Ads/RewardedAds.swift:350:17: warning: capture of 'ad' with non-Sendable type 'RewardedAd' in a '@Sendable' closure
                ad.present(from: root) {
                ^
/Users/runner/work/FateLost/FateLost/build-tests/Build/Products/Debug-iphonesimulator/GoogleMobileAds.framework/Headers/GADRewardedAd.h:30:12: note: class 'RewardedAd' does not conform to the 'Sendable' protocol
@interface GADRewardedAd : NSObject <GADAdMetadataProvider, GADFullScreenPresentingAd>
           ^
/Users/runner/work/FateLost/FateLost/FateLost/App/Ads/RewardedAds.swift:6:1: warning: add '@preconcurrency' to suppress 'Sendable'-related warnings from module 'GoogleMobileAds'
import GoogleMobileAds
^
@preconcurrency 
/Users/runner/work/FateLost/FateLost/FateLost/App/Ads/RewardedAds.swift:351:21: warning: capture of 'self' with non-Sendable type 'AdPresenter?' in a '@Sendable' closure
                    self?.earned = true
                    ^
/Users/runner/work/FateLost/FateLost/FateLost/App/Ads/RewardedAds.swift:338:21: note: class 'AdPresenter' does not conform to the 'Sendable' protocol
private final class AdPresenter: NSObject, FullScreenContentDelegate {
                    ^

SwiftCompile normal arm64 /Users/runner/work/FateLost/FateLost/FateLost/Data/Skills/BardSkills.swift (in target 'FateLost' from project 'FateLost')
    cd /Users/runner/work/FateLost/FateLost
    
/Users/runner/work/FateLost/FateLost/FateLost/App/Ads/RewardedAds.swift:350:17: warning: capture of 'ad' with non-Sendable type 'RewardedAd' in a '@Sendable' closure
                ad.present(from: root) {
                ^
/Users/runner/work/FateLost/FateLost/build-tests/Build/Products/Debug-iphonesimulator/GoogleMobileAds.framework/Headers/GADRewardedAd.h:30:12: note: class 'RewardedAd' does not conform to the 'Sendable' protocol
@interface GADRewardedAd : NSObject <GADAdMetadataProvider, GADFullScreenPresentingAd>
           ^
/Users/runner/work/FateLost/FateLost/FateLost/App/Ads/RewardedAds.swift:6:1: warning: add '@preconcurrency' to suppress 'Sendable'-related warnings from module 'GoogleMobileAds'
import GoogleMobileAds
^
@preconcurrency 
/Users/runner/work/FateLost/FateLost/FateLost/App/Ads/RewardedAds.swift:351:21: warning: capture of 'self' with non-Sendable type 'AdPresenter?' in a '@Sendable' closure
                    self?.earned = true
                    ^
/Users/runner/work/FateLost/FateLost/FateLost/App/Ads/RewardedAds.swift:338:21: note: class 'AdPresenter' does not conform to the 'Sendable' protocol
private final class AdPresenter: NSObject, FullScreenContentDelegate {
                    ^

SwiftCompile normal arm64 /Users/runner/work/FateLost/FateLost/FateLost/Data/Skills/ClericSkills.swift (in target 'FateLost' from project 'FateLost')
    cd /Users/runner/work/FateLost/FateLost
    
/Users/runner/work/FateLost/FateLost/FateLost/App/Ads/RewardedAds.swift:350:17: warning: capture of 'ad' with non-Sendable type 'RewardedAd' in a '@Sendable' closure
                ad.present(from: root) {
                ^
/Users/runner/work/FateLost/FateLost/build-tests/Build/Products/Debug-iphonesimulator/GoogleMobileAds.framework/Headers/GADRewardedAd.h:30:12: note: class 'RewardedAd' does not conform to the 'Sendable' protocol
@interface GADRewardedAd : NSObject <GADAdMetadataProvider, GADFullScreenPresentingAd>
           ^
/Users/runner/work/FateLost/FateLost/FateLost/App/Ads/RewardedAds.swift:6:1: warning: add '@preconcurrency' to suppress 'Sendable'-related warnings from module 'GoogleMobileAds'
import GoogleMobileAds
^
@preconcurrency 
/Users/runner/work/FateLost/FateLost/FateLost/App/Ads/RewardedAds.swift:351:21: warning: capture of 'self' with non-Sendable type 'AdPresenter?' in a '@Sendable' closure
                    self?.earned = true
                    ^
/Users/runner/work/FateLost/FateLost/FateLost/App/Ads/RewardedAds.swift:338:21: note: class 'AdPresenter' does not conform to the 'Sendable' protocol
private final class AdPresenter: NSObject, FullScreenContentDelegate {
                    ^

SwiftCompile normal arm64 /Users/runner/work/FateLost/FateLost/FateLost/Data/Skills/DruidSkills.swift (in target 'FateLost' from project 'FateLost')
    cd /Users/runner/work/FateLost/FateLost
    
/Users/runner/work/FateLost/FateLost/FateLost/App/Ads/RewardedAds.swift:350:17: warning: capture of 'ad' with non-Sendable type 'RewardedAd' in a '@Sendable' closure
                ad.present(from: root) {
                ^
/Users/runner/work/FateLost/FateLost/build-tests/Build/Products/Debug-iphonesimulator/GoogleMobileAds.framework/Headers/GADRewardedAd.h:30:12: note: class 'RewardedAd' does not conform to the 'Sendable' protocol
@interface GADRewardedAd : NSObject <GADAdMetadataProvider, GADFullScreenPresentingAd>
           ^
/Users/runner/work/FateLost/FateLost/FateLost/App/Ads/RewardedAds.swift:6:1: warning: add '@preconcurrency' to suppress 'Sendable'-related warnings from module 'GoogleMobileAds'
import GoogleMobileAds
^
@preconcurrency 
/Users/runner/work/FateLost/FateLost/FateLost/App/Ads/RewardedAds.swift:351:21: warning: capture of 'self' with non-Sendable type 'AdPresenter?' in a '@Sendable' closure
                    self?.earned = true
                    ^
/Users/runner/work/FateLost/FateLost/FateLost/App/Ads/RewardedAds.swift:338:21: note: class 'AdPresenter' does not conform to the 'Sendable' protocol
private final class AdPresenter: NSObject, FullScreenContentDelegate {
                    ^

SwiftCompile normal arm64 Compiling\ FormCatalog.swift,\ MonkSkills.swift,\ OrderContent.swift,\ OrderSkills.swift,\ PaladinSkills.swift,\ RangerSkills.swift,\ RogueSkills.swift,\ SkillCatalog.swift,\ SkillContent.swift,\ SorcererSkills.swift,\ SummonCatalog.swift,\ WarlockSkills.swift,\ WarriorSkills.swift,\ WizardSkills.swift,\ ArenaThemes.swift,\ EnemyCatalog.swift,\ LegacyTree.swift,\ RealmCatalog.swift,\ StarterWeapons.swift,\ DeveloperOptions.swift,\ DeveloperPanelView.swift,\ PerformanceOverlayNode.swift,\ Boons.swift,\ CombatEntities.swift /Users/runner/work/FateLost/FateLost/FateLost/Data/Skills/FormCatalog.swift /Users/runner/work/FateLost/FateLost/FateLost/Data/Skills/MonkSkills.swift /Users/runner/work/FateLost/FateLost/FateLost/Data/Skills/OrderContent.swift /Users/runner/work/FateLost/FateLost/FateLost/Data/Skills/OrderSkills.swift /Users/runner/work/FateLost/FateLost/FateLost/Data/Skills/PaladinSkills.swift /Users/runner/work/FateLost/FateLost/FateLost/Data/Skills/RangerSkills.swift /Users/runner/work/FateLost/FateLost/FateLost/Data/Skills/RogueSkills.swift /Users/runner/work/FateLost/FateLost/FateLost/Data/Skills/SkillCatalog.swift /Users/runner/work/FateLost/FateLost/FateLost/Data/Skills/SkillContent.swift /Users/runner/work/FateLost/FateLost/FateLost/Data/Skills/SorcererSkills.swift /Users/runner/work/FateLost/FateLost/FateLost/Data/Skills/SummonCatalog.swift /Users/runner/work/FateLost/FateLost/FateLost/Data/Skills/WarlockSkills.swift /Users/runner/work/FateLost/FateLost/FateLost/Data/Skills/WarriorSkills.swift /Users/runner/work/FateLost/FateLost/FateLost/Data/Skills/WizardSkills.swift /Users/runner/work/FateLost/FateLost/FateLost/Data/ArenaThemes.swift /Users/runner/work/FateLost/FateLost/FateLost/Data/EnemyCatalog.swift /Users/runner/work/FateLost/FateLost/FateLost/Data/LegacyTree.swift /Users/runner/work/FateLost/FateLost/FateLost/Data/RealmCatalog.swift /Users/runner/work/FateLost/FateLost/FateLost/Data/StarterWeapons.swift /Users/runner/work/FateLost/FateLost/FateLost/Debug/DeveloperOptions.swift /Users/runner/work/FateLost/FateLost/FateLost/Debug/DeveloperPanelView.swift /Users/runner/work/FateLost/FateLost/FateLost/Debug/PerformanceOverlayNode.swift /Users/runner/work/FateLost/FateLost/FateLost/Game/Boons/Boons.swift /Users/runner/work/FateLost/FateLost/FateLost/Game/Combat/CombatEntities.swift (in target 'FateLost' from project 'FateLost')

SwiftCompile normal arm64 /Users/runner/work/FateLost/FateLost/FateLost/Data/Skills/FormCatalog.swift (in target 'FateLost' from project 'FateLost')
    cd /Users/runner/work/FateLost/FateLost
    

SwiftCompile normal arm64 /Users/runner/work/FateLost/FateLost/FateLost/Data/Skills/MonkSkills.swift (in target 'FateLost' from project 'FateLost')
    cd /Users/runner/work/FateLost/FateLost
    

SwiftCompile normal arm64 /Users/runner/work/FateLost/FateLost/FateLost/Data/Skills/OrderContent.swift (in target 'FateLost' from project 'FateLost')
    cd /Users/runner/work/FateLost/FateLost
    

SwiftCompile normal arm64 /Users/runner/work/FateLost/FateLost/FateLost/Data/Skills/OrderSkills.swift (in target 'FateLost' from project 'FateLost')
    cd /Users/runner/work/FateLost/FateLost
    

SwiftCompile normal arm64 /Users/runner/work/FateLost/FateLost/FateLost/Data/Skills/PaladinSkills.swift (in target 'FateLost' from project 'FateLost')
    cd /Users/runner/work/FateLost/FateLost
    

SwiftCompile normal arm64 /Users/runner/work/FateLost/FateLost/FateLost/Data/Skills/RangerSkills.swift (in target 'FateLost' from project 'FateLost')
    cd /Users/runner/work/FateLost/FateLost
    

SwiftCompile normal arm64 /Users/runner/work/FateLost/FateLost/FateLost/Data/Skills/RogueSkills.swift (in target 'FateLost' from project 'FateLost')
    cd /Users/runner/work/FateLost/FateLost
    

SwiftCompile normal arm64 /Users/runner/work/FateLost/FateLost/FateLost/Data/Skills/SkillCatalog.swift (in target 'FateLost' from project 'FateLost')
    cd /Users/runner/work/FateLost/FateLost
    

SwiftCompile normal arm64 /Users/runner/work/FateLost/FateLost/FateLost/Data/Skills/SkillContent.swift (in target 'FateLost' from project 'FateLost')
    cd /Users/runner/work/FateLost/FateLost
    

SwiftCompile normal arm64 /Users/runner/work/FateLost/FateLost/FateLost/Data/Skills/SorcererSkills.swift (in target 'FateLost' from project 'FateLost')
    cd /Users/runner/work/FateLost/FateLost
    

SwiftCompile normal arm64 /Users/runner/work/FateLost/FateLost/FateLost/Data/Skills/SummonCatalog.swift (in target 'FateLost' from project 'FateLost')
    cd /Users/runner/work/FateLost/FateLost
    

SwiftCompile normal arm64 /Users/runner/work/FateLost/FateLost/FateLost/Data/Skills/WarlockSkills.swift (in target 'FateLost' from project 'FateLost')
    cd /Users/runner/work/FateLost/FateLost
    

SwiftCompile normal arm64 /Users/runner/work/FateLost/FateLost/FateLost/Data/Skills/WarriorSkills.swift (in target 'FateLost' from project 'FateLost')
    cd /Users/runner/work/FateLost/FateLost
    

SwiftCompile normal arm64 /Users/runner/work/FateLost/FateLost/FateLost/Data/Skills/WizardSkills.swift (in target 'FateLost' from project 'FateLost')
    cd /Users/runner/work/FateLost/FateLost
    

SwiftCompile normal arm64 /Users/runner/work/FateLost/FateLost/FateLost/Data/ArenaThemes.swift (in target 'FateLost' from project 'FateLost')
    cd /Users/runner/work/FateLost/FateLost
    

SwiftCompile normal arm64 /Users/runner/work/FateLost/FateLost/FateLost/Data/EnemyCatalog.swift (in target 'FateLost' from project 'FateLost')
    cd /Users/runner/work/FateLost/FateLost
    

SwiftCompile normal arm64 /Users/runner/work/FateLost/FateLost/FateLost/Data/LegacyTree.swift (in target 'FateLost' from project 'FateLost')
    cd /Users/runner/work/FateLost/FateLost
    

SwiftCompile normal arm64 /Users/runner/work/FateLost/FateLost/FateLost/Data/RealmCatalog.swift (in target 'FateLost' from project 'FateLost')
    cd /Users/runner/work/FateLost/FateLost
    

SwiftCompile normal arm64 /Users/runner/work/FateLost/FateLost/FateLost/Data/StarterWeapons.swift (in target 'FateLost' from project 'FateLost')
    cd /Users/runner/work/FateLost/FateLost
    

SwiftCompile normal arm64 /Users/runner/work/FateLost/FateLost/FateLost/Debug/DeveloperOptions.swift (in target 'FateLost' from project 'FateLost')
    cd /Users/runner/work/FateLost/FateLost
    

SwiftCompile normal arm64 /Users/runner/work/FateLost/FateLost/FateLost/Debug/DeveloperPanelView.swift (in target 'FateLost' from project 'FateLost')
    cd /Users/runner/work/FateLost/FateLost
    

SwiftCompile normal arm64 /Users/runner/work/FateLost/FateLost/FateLost/Debug/PerformanceOverlayNode.swift (in target 'FateLost' from project 'FateLost')
    cd /Users/runner/work/FateLost/FateLost
    

SwiftCompile normal arm64 /Users/runner/work/FateLost/FateLost/FateLost/Game/Boons/Boons.swift (in target 'FateLost' from project 'FateLost')
    cd /Users/runner/work/FateLost/FateLost
    

SwiftCompile normal arm64 /Users/runner/work/FateLost/FateLost/FateLost/Game/Combat/CombatEntities.swift (in target 'FateLost' from project 'FateLost')
    cd /Users/runner/work/FateLost/FateLost
    

SwiftDriverJobDiscovery normal arm64 Compiling RewardedAds.swift, AppRouter.swift, AppServices.swift, FateLostApp.swift, RootView.swift, RGBA.swift, SpriteID.swift, AudioManager.swift, HapticsService.swift, MusicDirector.swift, CGPoint+Vector.swift, SeededRandom.swift, VersionedFileStore.swift, GameSettings.swift, FixedTimestep.swift, CommonRelics.swift, EpicRelics.swift, RareRelics.swift, RelicCatalog.swift, RelicContent.swift, UncommonRelics.swift, BardSkills.swift, ClericSkills.swift, DruidSkills.swift (in target 'FateLost' from project 'FateLost')

SwiftDriverJobDiscovery normal arm64 Compiling PlaceholderArt+Creatures.swift, PlaceholderArt+Drawing.swift, PlaceholderArt+Effects.swift, PlaceholderArt+HeroFigure.swift, PlaceholderArt+HeroLayers.swift, PlaceholderArt+Loot.swift, PlaceholderArt+Props.swift, PlaceholderArt+Weapons.swift, RealmMapImage.swift, RGBA+Platform.swift, SpriteCatalog.swift, CameraController.swift, ChargeLaneRenderer.swift, CombatFeedback.swift, DarknessRenderer.swift, EffectsRenderer.swift, HazardRenderer.swift, VisualStyle+Presentation.swift, ZoneRenderer.swift, AllyRenderer.swift, CapeSway.swift, DropRenderer.swift, EnemyRenderer.swift (in target 'FateLost' from project 'FateLost')

SwiftDriver FateLostTests normal arm64 com.apple.xcode.tools.swift.compiler (in target 'FateLostTests' from project 'FateLost')
    cd /Users/runner/work/FateLost/FateLost
    builtin-SwiftDriver -- /Applications/Xcode_26.3.app/Contents/Developer/Toolchains/XcodeDefault.xctoolchain/usr/bin/swiftc -module-name FateLostTests -Onone -enforce-exclusivity\=checked @/Users/runner/work/FateLost/FateLost/build-tests/Build/Intermediates.noindex/FateLost.build/Debug-iphonesimulator/FateLostTests.build/Objects-normal/arm64/FateLostTests.SwiftFileList -DDEBUG -DFATELOST_DEVTOOLS -Xcc -fmodule-map-file\=/Users/runner/work/FateLost/FateLost/build-tests/Build/Intermediates.noindex/GeneratedModuleMaps-iphonesimulator/UserMessagingPlatformTarget.modulemap -plugin-path /Applications/Xcode_26.3.app/Contents/Developer/Toolchains/XcodeDefault.xctoolchain/usr/lib/swift/host/plugins/testing -enable-bare-slash-regex -enable-experimental-feature DebugDescriptionMacro -sdk /Applications/Xcode_26.3.app/Contents/Developer/Platforms/iPhoneSimulator.platform/Developer/SDKs/iPhoneSimulator26.2.sdk -target arm64-apple-ios17.0-simulator -g -module-cache-path /Users/runner/work/FateLost/FateLost/build-tests/ModuleCache.noindex -Xfrontend -serialize-debugging-options -enable-testing -index-store-path /Users/runner/work/FateLost/FateLost/build-tests/Index.noindex/DataStore -Xcc -D_LIBCPP_HARDENING_MODE\=_LIBCPP_HARDENING_MODE_DEBUG -swift-version 5 -I /Users/runner/work/FateLost/FateLost/build-tests/Build/Products/Debug-iphonesimulator -Isystem /Applications/Xcode_26.3.app/Contents/Developer/Platforms/iPhoneSimulator.platform/Developer/usr/lib -F /Users/runner/work/FateLost/FateLost/build-tests/Build/Products/Debug-iphonesimulator/PackageFrameworks -F /Users/runner/work/FateLost/FateLost/build-tests/Build/Products/Debug-iphonesimulator/PackageFrameworks -F /Users/runner/work/FateLost/FateLost/build-tests/Build/Products/Debug-iphonesimulator -F /Applications/Xcode_26.3.app/Contents/Developer/Platforms/iPhoneSimulator.platform/Developer/Library/Frameworks -F /Applications/Xcode_26.3.app/Contents/Developer/Platforms/iPhoneSimulator.platform/Developer/SDKs/iPhoneSimulator26.2.sdk/Developer/Library/Frameworks -c -j3 -enable-batch-mode -incremental -Xcc -ivfsstatcache -Xcc /Users/runner/work/FateLost/FateLost/build-tests/SDKStatCaches.noindex/iphonesimulator26.2-23C57-dc75598d0054f22ec865fa860f139d72e244bd9a5feaf902f95f61bf06266e52.sdkstatcache -output-file-map /Users/runner/work/FateLost/FateLost/build-tests/Build/Intermediates.noindex/FateLost.build/Debug-iphonesimulator/FateLostTests.build/Objects-normal/arm64/FateLostTests-OutputFileMap.json -use-frontend-parseable-output -save-temps -no-color-diagnostics -explicit-module-build -module-cache-path /Users/runner/work/FateLost/FateLost/build-tests/Build/Intermediates.noindex/SwiftExplicitPrecompiledModules -clang-scanner-module-cache-path /Users/runner/work/FateLost/FateLost/build-tests/ModuleCache.noindex -sdk-module-cache-path /Users/runner/work/FateLost/FateLost/build-tests/ModuleCache.noindex -serialize-diagnostics -emit-dependencies -emit-module -emit-module-path /Users/runner/work/FateLost/FateLost/build-tests/Build/Intermediates.noindex/FateLost.build/Debug-iphonesimulator/FateLostTests.build/Objects-normal/arm64/FateLostTests.swiftmodule -validate-clang-modules-once -clang-build-session-file /Users/runner/work/FateLost/FateLost/build-tests/ModuleCache.noindex/Session.modulevalidation -Xcc -I/Users/runner/work/FateLost/FateLost/build-tests/Build/Intermediates.noindex/FateLost.build/Debug-iphonesimulator/FateLostTests.build/swift-overrides.hmap -emit-const-values -Xfrontend -const-gather-protocols-file -Xfrontend /Users/runner/work/FateLost/FateLost/build-tests/Build/Intermediates.noindex/FateLost.build/Debug-iphonesimulator/FateLostTests.build/Objects-normal/arm64/FateLostTests_const_extract_protocols.json -Xcc -iquote -Xcc /Users/runner/work/FateLost/FateLost/build-tests/Build/Intermediates.noindex/FateLost.build/Debug-iphonesimulator/FateLostTests.build/FateLostTests-generated-files.hmap -Xcc -I/Users/runner/work/FateLost/FateLost/build-tests/Build/Intermediates.noindex/FateLost.build/Debug-iphonesimulator/FateLostTests.build/FateLostTests-own-target-headers.hmap -Xcc -I/Users/runner/work/FateLost/FateLost/build-tests/Build/Intermediates.noindex/FateLost.build/Debug-iphonesimulator/FateLostTests.build/FateLostTests-all-non-framework-target-headers.hmap -Xcc -ivfsoverlay -Xcc /Users/runner/work/FateLost/FateLost/build-tests/Build/Intermediates.noindex/FateLost.build/Debug-iphonesimulator/FateLost-b7204f8cf0954d34cbb54ca2f9d32c2a-VFS-iphonesimulator/all-product-headers.yaml -Xcc -iquote -Xcc /Users/runner/work/FateLost/FateLost/build-tests/Build/Intermediates.noindex/FateLost.build/Debug-iphonesimulator/FateLostTests.build/FateLostTests-project-headers.hmap -Xcc -I/Users/runner/work/FateLost/FateLost/build-tests/SourcePackages/checkouts/swift-package-manager-google-user-messaging-platform/UserMessagingPlatformTarget/include -Xcc -I/Users/runner/work/FateLost/FateLost/build-tests/Build/Products/Debug-iphonesimulator/include -Xcc -I/Users/runner/work/FateLost/FateLost/build-tests/Build/Intermediates.noindex/FateLost.build/Debug-iphonesimulator/FateLostTests.build/DerivedSources-normal/arm64 -Xcc -I/Users/runner/work/FateLost/FateLost/build-tests/Build/Intermediates.noindex/FateLost.build/Debug-iphonesimulator/FateLostTests.build/DerivedSources/arm64 -Xcc -I/Users/runner/work/FateLost/FateLost/build-tests/Build/Intermediates.noindex/FateLost.build/Debug-iphonesimulator/FateLostTests.build/DerivedSources -emit-objc-header -emit-objc-header-path /Users/runner/work/FateLost/FateLost/build-tests/Build/Intermediates.noindex/FateLost.build/Debug-iphonesimulator/FateLostTests.build/Objects-normal/arm64/FateLostTests-Swift.h -working-directory /Users/runner/work/FateLost/FateLost -experimental-emit-module-separately -disable-cmo

SwiftExplicitDependencyGeneratePcm arm64 /Users/runner/work/FateLost/FateLost/build-tests/Build/Intermediates.noindex/SwiftExplicitPrecompiledModules/XCUIAutomation-BHGPGP93XYVF964R93A2N7CTD.pcm

SwiftExplicitDependencyGeneratePcm arm64 /Users/runner/work/FateLost/FateLost/build-tests/Build/Intermediates.noindex/SwiftExplicitPrecompiledModules/XCTest-3KW39PFT742Y7T54UN5ZIL2LD.pcm

SwiftExplicitDependencyCompileModuleFromInterface arm64 /Users/runner/work/FateLost/FateLost/build-tests/Build/Intermediates.noindex/SwiftExplicitPrecompiledModules/XCUIAutomation-3UR93NFR0X5M3.swiftmodule

SwiftExplicitDependencyCompileModuleFromInterface arm64 /Users/runner/work/FateLost/FateLost/build-tests/Build/Intermediates.noindex/SwiftExplicitPrecompiledModules/XCTest-3B7B0860K01YI.swiftmodule

SwiftEmitModule normal arm64 Emitting\ module\ for\ FateLostTests (in target 'FateLostTests' from project 'FateLost')

EmitSwiftModule normal arm64 (in target 'FateLostTests' from project 'FateLost')
    cd /Users/runner/work/FateLost/FateLost
    

SwiftCompile normal arm64 Compiling\ AdRewardTests.swift,\ ArmouryTests.swift,\ ArtTests.swift,\ BoomerangTests.swift,\ BossTests.swift,\ CapeSwayTests.swift,\ ChargeTelegraphTests.swift,\ ClaymoreTests.swift,\ CloakRenderTests.swift,\ CombatTests.swift,\ CompanionAppearanceTests.swift,\ ContentTests.swift,\ DifficultyModifierTests.swift,\ DropTests.swift,\ EliteTests.swift /Users/runner/work/FateLost/FateLost/FateLostTests/AdRewardTests.swift /Users/runner/work/FateLost/FateLost/FateLostTests/ArmouryTests.swift /Users/runner/work/FateLost/FateLost/FateLostTests/ArtTests.swift /Users/runner/work/FateLost/FateLost/FateLostTests/BoomerangTests.swift /Users/runner/work/FateLost/FateLost/FateLostTests/BossTests.swift /Users/runner/work/FateLost/FateLost/FateLostTests/CapeSwayTests.swift /Users/runner/work/FateLost/FateLost/FateLostTests/ChargeTelegraphTests.swift /Users/runner/work/FateLost/FateLost/FateLostTests/ClaymoreTests.swift /Users/runner/work/FateLost/FateLost/FateLostTests/CloakRenderTests.swift /Users/runner/work/FateLost/FateLost/FateLostTests/CombatTests.swift /Users/runner/work/FateLost/FateLost/FateLostTests/CompanionAppearanceTests.swift /Users/runner/work/FateLost/FateLost/FateLostTests/ContentTests.swift /Users/runner/work/FateLost/FateLost/FateLostTests/DifficultyModifierTests.swift /Users/runner/work/FateLost/FateLost/FateLostTests/DropTests.swift /Users/runner/work/FateLost/FateLost/FateLostTests/EliteTests.swift (in target 'FateLostTests' from project 'FateLost')

SwiftCompile normal arm64 /Users/runner/work/FateLost/FateLost/FateLostTests/AdRewardTests.swift (in target 'FateLostTests' from project 'FateLost')
    cd /Users/runner/work/FateLost/FateLost
    

SwiftCompile normal arm64 /Users/runner/work/FateLost/FateLost/FateLostTests/ArmouryTests.swift (in target 'FateLostTests' from project 'FateLost')
    cd /Users/runner/work/FateLost/FateLost
    

SwiftCompile normal arm64 /Users/runner/work/FateLost/FateLost/FateLostTests/ArtTests.swift (in target 'FateLostTests' from project 'FateLost')
    cd /Users/runner/work/FateLost/FateLost
    

SwiftCompile normal arm64 /Users/runner/work/FateLost/FateLost/FateLostTests/BoomerangTests.swift (in target 'FateLostTests' from project 'FateLost')
    cd /Users/runner/work/FateLost/FateLost
    

SwiftCompile normal arm64 /Users/runner/work/FateLost/FateLost/FateLostTests/BossTests.swift (in target 'FateLostTests' from project 'FateLost')
    cd /Users/runner/work/FateLost/FateLost
    

SwiftCompile normal arm64 /Users/runner/work/FateLost/FateLost/FateLostTests/CapeSwayTests.swift (in target 'FateLostTests' from project 'FateLost')
    cd /Users/runner/work/FateLost/FateLost
    

SwiftCompile normal arm64 /Users/runner/work/FateLost/FateLost/FateLostTests/ChargeTelegraphTests.swift (in target 'FateLostTests' from project 'FateLost')
    cd /Users/runner/work/FateLost/FateLost
    

SwiftCompile normal arm64 /Users/runner/work/FateLost/FateLost/FateLostTests/ClaymoreTests.swift (in target 'FateLostTests' from project 'FateLost')
    cd /Users/runner/work/FateLost/FateLost
    

SwiftCompile normal arm64 /Users/runner/work/FateLost/FateLost/FateLostTests/CloakRenderTests.swift (in target 'FateLostTests' from project 'FateLost')
    cd /Users/runner/work/FateLost/FateLost
    

SwiftCompile normal arm64 /Users/runner/work/FateLost/FateLost/FateLostTests/CombatTests.swift (in target 'FateLostTests' from project 'FateLost')
    cd /Users/runner/work/FateLost/FateLost
    

SwiftCompile normal arm64 /Users/runner/work/FateLost/FateLost/FateLostTests/CompanionAppearanceTests.swift (in target 'FateLostTests' from project 'FateLost')
    cd /Users/runner/work/FateLost/FateLost
    

SwiftCompile normal arm64 /Users/runner/work/FateLost/FateLost/FateLostTests/ContentTests.swift (in target 'FateLostTests' from project 'FateLost')
    cd /Users/runner/work/FateLost/FateLost
    

SwiftCompile normal arm64 /Users/runner/work/FateLost/FateLost/FateLostTests/DifficultyModifierTests.swift (in target 'FateLostTests' from project 'FateLost')
    cd /Users/runner/work/FateLost/FateLost
    

SwiftCompile normal arm64 /Users/runner/work/FateLost/FateLost/FateLostTests/DropTests.swift (in target 'FateLostTests' from project 'FateLost')
    cd /Users/runner/work/FateLost/FateLost
    

SwiftCompile normal arm64 /Users/runner/work/FateLost/FateLost/FateLostTests/EliteTests.swift (in target 'FateLostTests' from project 'FateLost')
    cd /Users/runner/work/FateLost/FateLost
    

SwiftDriverJobDiscovery normal arm64 Compiling FormCatalog.swift, MonkSkills.swift, OrderContent.swift, OrderSkills.swift, PaladinSkills.swift, RangerSkills.swift, RogueSkills.swift, SkillCatalog.swift, SkillContent.swift, SorcererSkills.swift, SummonCatalog.swift, WarlockSkills.swift, WarriorSkills.swift, WizardSkills.swift, ArenaThemes.swift, EnemyCatalog.swift, LegacyTree.swift, RealmCatalog.swift, StarterWeapons.swift, DeveloperOptions.swift, DeveloperPanelView.swift, PerformanceOverlayNode.swift, Boons.swift, CombatEntities.swift (in target 'FateLost' from project 'FateLost')

SwiftCompile normal arm64 Compiling\ PartySimulationTests.swift,\ PassiveHealingTests.swift,\ PersistenceTests.swift,\ RealmTests.swift,\ RelicTests.swift,\ RiftTests.swift,\ ShrineTests.swift,\ SimulationTests.swift,\ SkillTests.swift,\ SpoilsRecordTests.swift,\ SummonTests.swift,\ WaveTests.swift,\ WeaponFindTests.swift,\ WorldTopologyTests.swift /Users/runner/work/FateLost/FateLost/FateLostTests/PartySimulationTests.swift /Users/runner/work/FateLost/FateLost/FateLostTests/PassiveHealingTests.swift /Users/runner/work/FateLost/FateLost/FateLostTests/PersistenceTests.swift /Users/runner/work/FateLost/FateLost/FateLostTests/RealmTests.swift /Users/runner/work/FateLost/FateLost/FateLostTests/RelicTests.swift /Users/runner/work/FateLost/FateLost/FateLostTests/RiftTests.swift /Users/runner/work/FateLost/FateLost/FateLostTests/ShrineTests.swift /Users/runner/work/FateLost/FateLost/FateLostTests/SimulationTests.swift /Users/runner/work/FateLost/FateLost/FateLostTests/SkillTests.swift /Users/runner/work/FateLost/FateLost/FateLostTests/SpoilsRecordTests.swift /Users/runner/work/FateLost/FateLost/FateLostTests/SummonTests.swift /Users/runner/work/FateLost/FateLost/FateLostTests/WaveTests.swift /Users/runner/work/FateLost/FateLost/FateLostTests/WeaponFindTests.swift /Users/runner/work/FateLost/FateLost/FateLostTests/WorldTopologyTests.swift (in target 'FateLostTests' from project 'FateLost')

SwiftCompile normal arm64 /Users/runner/work/FateLost/FateLost/FateLostTests/PartySimulationTests.swift (in target 'FateLostTests' from project 'FateLost')
    cd /Users/runner/work/FateLost/FateLost
    

SwiftCompile normal arm64 /Users/runner/work/FateLost/FateLost/FateLostTests/PassiveHealingTests.swift (in target 'FateLostTests' from project 'FateLost')
    cd /Users/runner/work/FateLost/FateLost
    

SwiftCompile normal arm64 /Users/runner/work/FateLost/FateLost/FateLostTests/PersistenceTests.swift (in target 'FateLostTests' from project 'FateLost')
    cd /Users/runner/work/FateLost/FateLost
    

SwiftCompile normal arm64 /Users/runner/work/FateLost/FateLost/FateLostTests/RealmTests.swift (in target 'FateLostTests' from project 'FateLost')
    cd /Users/runner/work/FateLost/FateLost
    

SwiftCompile normal arm64 /Users/runner/work/FateLost/FateLost/FateLostTests/RelicTests.swift (in target 'FateLostTests' from project 'FateLost')
    cd /Users/runner/work/FateLost/FateLost
    

SwiftCompile normal arm64 /Users/runner/work/FateLost/FateLost/FateLostTests/RiftTests.swift (in target 'FateLostTests' from project 'FateLost')
    cd /Users/runner/work/FateLost/FateLost
    

SwiftCompile normal arm64 /Users/runner/work/FateLost/FateLost/FateLostTests/ShrineTests.swift (in target 'FateLostTests' from project 'FateLost')
    cd /Users/runner/work/FateLost/FateLost
    

SwiftCompile normal arm64 /Users/runner/work/FateLost/FateLost/FateLostTests/SimulationTests.swift (in target 'FateLostTests' from project 'FateLost')
    cd /Users/runner/work/FateLost/FateLost
    

SwiftCompile normal arm64 /Users/runner/work/FateLost/FateLost/FateLostTests/SkillTests.swift (in target 'FateLostTests' from project 'FateLost')
    cd /Users/runner/work/FateLost/FateLost
    

SwiftCompile normal arm64 /Users/runner/work/FateLost/FateLost/FateLostTests/SpoilsRecordTests.swift (in target 'FateLostTests' from project 'FateLost')
    cd /Users/runner/work/FateLost/FateLost
    

SwiftCompile normal arm64 /Users/runner/work/FateLost/FateLost/FateLostTests/SummonTests.swift (in target 'FateLostTests' from project 'FateLost')
    cd /Users/runner/work/FateLost/FateLost
    

SwiftCompile normal arm64 /Users/runner/work/FateLost/FateLost/FateLostTests/WaveTests.swift (in target 'FateLostTests' from project 'FateLost')
    cd /Users/runner/work/FateLost/FateLost
    

SwiftCompile normal arm64 /Users/runner/work/FateLost/FateLost/FateLostTests/WeaponFindTests.swift (in target 'FateLostTests' from project 'FateLost')
    cd /Users/runner/work/FateLost/FateLost
    

SwiftCompile normal arm64 /Users/runner/work/FateLost/FateLost/FateLostTests/WorldTopologyTests.swift (in target 'FateLostTests' from project 'FateLost')
    cd /Users/runner/work/FateLost/FateLost
    

SwiftDriverJobDiscovery normal arm64 Emitting module for FateLostTests (in target 'FateLostTests' from project 'FateLost')

SwiftDriver\ Compilation\ Requirements FateLostTests normal arm64 com.apple.xcode.tools.swift.compiler (in target 'FateLostTests' from project 'FateLost')
    cd /Users/runner/work/FateLost/FateLost
    builtin-Swift-Compilation-Requirements -- /Applications/Xcode_26.3.app/Contents/Developer/Toolchains/XcodeDefault.xctoolchain/usr/bin/swiftc -module-name FateLostTests -Onone -enforce-exclusivity\=checked @/Users/runner/work/FateLost/FateLost/build-tests/Build/Intermediates.noindex/FateLost.build/Debug-iphonesimulator/FateLostTests.build/Objects-normal/arm64/FateLostTests.SwiftFileList -DDEBUG -DFATELOST_DEVTOOLS -Xcc -fmodule-map-file\=/Users/runner/work/FateLost/FateLost/build-tests/Build/Intermediates.noindex/GeneratedModuleMaps-iphonesimulator/UserMessagingPlatformTarget.modulemap -plugin-path /Applications/Xcode_26.3.app/Contents/Developer/Toolchains/XcodeDefault.xctoolchain/usr/lib/swift/host/plugins/testing -enable-bare-slash-regex -enable-experimental-feature DebugDescriptionMacro -sdk /Applications/Xcode_26.3.app/Contents/Developer/Platforms/iPhoneSimulator.platform/Developer/SDKs/iPhoneSimulator26.2.sdk -target arm64-apple-ios17.0-simulator -g -module-cache-path /Users/runner/work/FateLost/FateLost/build-tests/ModuleCache.noindex -Xfrontend -serialize-debugging-options -enable-testing -index-store-path /Users/runner/work/FateLost/FateLost/build-tests/Index.noindex/DataStore -Xcc -D_LIBCPP_HARDENING_MODE\=_LIBCPP_HARDENING_MODE_DEBUG -swift-version 5 -I /Users/runner/work/FateLost/FateLost/build-tests/Build/Products/Debug-iphonesimulator -Isystem /Applications/Xcode_26.3.app/Contents/Developer/Platforms/iPhoneSimulator.platform/Developer/usr/lib -F /Users/runner/work/FateLost/FateLost/build-tests/Build/Products/Debug-iphonesimulator/PackageFrameworks -F /Users/runner/work/FateLost/FateLost/build-tests/Build/Products/Debug-iphonesimulator/PackageFrameworks -F /Users/runner/work/FateLost/FateLost/build-tests/Build/Products/Debug-iphonesimulator -F /Applications/Xcode_26.3.app/Contents/Developer/Platforms/iPhoneSimulator.platform/Developer/Library/Frameworks -F /Applications/Xcode_26.3.app/Contents/Developer/Platforms/iPhoneSimulator.platform/Developer/SDKs/iPhoneSimulator26.2.sdk/Developer/Library/Frameworks -c -j3 -enable-batch-mode -incremental -Xcc -ivfsstatcache -Xcc /Users/runner/work/FateLost/FateLost/build-tests/SDKStatCaches.noindex/iphonesimulator26.2-23C57-dc75598d0054f22ec865fa860f139d72e244bd9a5feaf902f95f61bf06266e52.sdkstatcache -output-file-map /Users/runner/work/FateLost/FateLost/build-tests/Build/Intermediates.noindex/FateLost.build/Debug-iphonesimulator/FateLostTests.build/Objects-normal/arm64/FateLostTests-OutputFileMap.json -use-frontend-parseable-output -save-temps -no-color-diagnostics -explicit-module-build -module-cache-path /Users/runner/work/FateLost/FateLost/build-tests/Build/Intermediates.noindex/SwiftExplicitPrecompiledModules -clang-scanner-module-cache-path /Users/runner/work/FateLost/FateLost/build-tests/ModuleCache.noindex -sdk-module-cache-path /Users/runner/work/FateLost/FateLost/build-tests/ModuleCache.noindex -serialize-diagnostics -emit-dependencies -emit-module -emit-module-path /Users/runner/work/FateLost/FateLost/build-tests/Build/Intermediates.noindex/FateLost.build/Debug-iphonesimulator/FateLostTests.build/Objects-normal/arm64/FateLostTests.swiftmodule -validate-clang-modules-once -clang-build-session-file /Users/runner/work/FateLost/FateLost/build-tests/ModuleCache.noindex/Session.modulevalidation -Xcc -I/Users/runner/work/FateLost/FateLost/build-tests/Build/Intermediates.noindex/FateLost.build/Debug-iphonesimulator/FateLostTests.build/swift-overrides.hmap -emit-const-values -Xfrontend -const-gather-protocols-file -Xfrontend /Users/runner/work/FateLost/FateLost/build-tests/Build/Intermediates.noindex/FateLost.build/Debug-iphonesimulator/FateLostTests.build/Objects-normal/arm64/FateLostTests_const_extract_protocols.json -Xcc -iquote -Xcc /Users/runner/work/FateLost/FateLost/build-tests/Build/Intermediates.noindex/FateLost.build/Debug-iphonesimulator/FateLostTests.build/FateLostTests-generated-files.hmap -Xcc -I/Users/runner/work/FateLost/FateLost/build-tests/Build/Intermediates.noindex/FateLost.build/Debug-iphonesimulator/FateLostTests.build/FateLostTests-own-target-headers.hmap -Xcc -I/Users/runner/work/FateLost/FateLost/build-tests/Build/Intermediates.noindex/FateLost.build/Debug-iphonesimulator/FateLostTests.build/FateLostTests-all-non-framework-target-headers.hmap -Xcc -ivfsoverlay -Xcc /Users/runner/work/FateLost/FateLost/build-tests/Build/Intermediates.noindex/FateLost.build/Debug-iphonesimulator/FateLost-b7204f8cf0954d34cbb54ca2f9d32c2a-VFS-iphonesimulator/all-product-headers.yaml -Xcc -iquote -Xcc /Users/runner/work/FateLost/FateLost/build-tests/Build/Intermediates.noindex/FateLost.build/Debug-iphonesimulator/FateLostTests.build/FateLostTests-project-headers.hmap -Xcc -I/Users/runner/work/FateLost/FateLost/build-tests/SourcePackages/checkouts/swift-package-manager-google-user-messaging-platform/UserMessagingPlatformTarget/include -Xcc -I/Users/runner/work/FateLost/FateLost/build-tests/Build/Products/Debug-iphonesimulator/include -Xcc -I/Users/runner/work/FateLost/FateLost/build-tests/Build/Intermediates.noindex/FateLost.build/Debug-iphonesimulator/FateLostTests.build/DerivedSources-normal/arm64 -Xcc -I/Users/runner/work/FateLost/FateLost/build-tests/Build/Intermediates.noindex/FateLost.build/Debug-iphonesimulator/FateLostTests.build/DerivedSources/arm64 -Xcc -I/Users/runner/work/FateLost/FateLost/build-tests/Build/Intermediates.noindex/FateLost.build/Debug-iphonesimulator/FateLostTests.build/DerivedSources -emit-objc-header -emit-objc-header-path /Users/runner/work/FateLost/FateLost/build-tests/Build/Intermediates.noindex/FateLost.build/Debug-iphonesimulator/FateLostTests.build/Objects-normal/arm64/FateLostTests-Swift.h -working-directory /Users/runner/work/FateLost/FateLost -experimental-emit-module-separately -disable-cmo

SwiftDriverJobDiscovery normal arm64 Compiling PartySimulationTests.swift, PassiveHealingTests.swift, PersistenceTests.swift, RealmTests.swift, RelicTests.swift, RiftTests.swift, ShrineTests.swift, SimulationTests.swift, SkillTests.swift, SpoilsRecordTests.swift, SummonTests.swift, WaveTests.swift, WeaponFindTests.swift, WorldTopologyTests.swift (in target 'FateLostTests' from project 'FateLost')

SwiftCompile normal arm64 Compiling\ EnemyTraitsTests.swift,\ FateTests.swift,\ HeroTests.swift,\ LaunchTaglineTests.swift,\ LegacyTests.swift,\ MovementSmoothingTests.swift,\ NetCodecTests.swift,\ NewWeaponsTests.swift,\ OrbClaimTests.swift,\ OrderTests.swift,\ PartyClientTests.swift,\ PartyColorTests.swift,\ PartyLoadoutTests.swift,\ PartyLoopbackTests.swift /Users/runner/work/FateLost/FateLost/FateLostTests/EnemyTraitsTests.swift /Users/runner/work/FateLost/FateLost/FateLostTests/FateTests.swift /Users/runner/work/FateLost/FateLost/FateLostTests/HeroTests.swift /Users/runner/work/FateLost/FateLost/FateLostTests/LaunchTaglineTests.swift /Users/runner/work/FateLost/FateLost/FateLostTests/LegacyTests.swift /Users/runner/work/FateLost/FateLost/FateLostTests/MovementSmoothingTests.swift /Users/runner/work/FateLost/FateLost/FateLostTests/NetCodecTests.swift /Users/runner/work/FateLost/FateLost/FateLostTests/NewWeaponsTests.swift /Users/runner/work/FateLost/FateLost/FateLostTests/OrbClaimTests.swift /Users/runner/work/FateLost/FateLost/FateLostTests/OrderTests.swift /Users/runner/work/FateLost/FateLost/FateLostTests/PartyClientTests.swift /Users/runner/work/FateLost/FateLost/FateLostTests/PartyColorTests.swift /Users/runner/work/FateLost/FateLost/FateLostTests/PartyLoadoutTests.swift /Users/runner/work/FateLost/FateLost/FateLostTests/PartyLoopbackTests.swift (in target 'FateLostTests' from project 'FateLost')

SwiftCompile normal arm64 /Users/runner/work/FateLost/FateLost/FateLostTests/EnemyTraitsTests.swift (in target 'FateLostTests' from project 'FateLost')
    cd /Users/runner/work/FateLost/FateLost
    

SwiftCompile normal arm64 /Users/runner/work/FateLost/FateLost/FateLostTests/FateTests.swift (in target 'FateLostTests' from project 'FateLost')
    cd /Users/runner/work/FateLost/FateLost
    

SwiftCompile normal arm64 /Users/runner/work/FateLost/FateLost/FateLostTests/HeroTests.swift (in target 'FateLostTests' from project 'FateLost')
    cd /Users/runner/work/FateLost/FateLost
    

SwiftCompile normal arm64 /Users/runner/work/FateLost/FateLost/FateLostTests/LaunchTaglineTests.swift (in target 'FateLostTests' from project 'FateLost')
    cd /Users/runner/work/FateLost/FateLost
    

SwiftCompile normal arm64 /Users/runner/work/FateLost/FateLost/FateLostTests/LegacyTests.swift (in target 'FateLostTests' from project 'FateLost')
    cd /Users/runner/work/FateLost/FateLost
    

SwiftCompile normal arm64 /Users/runner/work/FateLost/FateLost/FateLostTests/MovementSmoothingTests.swift (in target 'FateLostTests' from project 'FateLost')
    cd /Users/runner/work/FateLost/FateLost
    

SwiftCompile normal arm64 /Users/runner/work/FateLost/FateLost/FateLostTests/NetCodecTests.swift (in target 'FateLostTests' from project 'FateLost')
    cd /Users/runner/work/FateLost/FateLost
    

SwiftCompile normal arm64 /Users/runner/work/FateLost/FateLost/FateLostTests/NewWeaponsTests.swift (in target 'FateLostTests' from project 'FateLost')
    cd /Users/runner/work/FateLost/FateLost
    

SwiftCompile normal arm64 /Users/runner/work/FateLost/FateLost/FateLostTests/OrbClaimTests.swift (in target 'FateLostTests' from project 'FateLost')
    cd /Users/runner/work/FateLost/FateLost
    

SwiftCompile normal arm64 /Users/runner/work/FateLost/FateLost/FateLostTests/OrderTests.swift (in target 'FateLostTests' from project 'FateLost')
    cd /Users/runner/work/FateLost/FateLost
    

SwiftCompile normal arm64 /Users/runner/work/FateLost/FateLost/FateLostTests/PartyClientTests.swift (in target 'FateLostTests' from project 'FateLost')
    cd /Users/runner/work/FateLost/FateLost
    

SwiftCompile normal arm64 /Users/runner/work/FateLost/FateLost/FateLostTests/PartyColorTests.swift (in target 'FateLostTests' from project 'FateLost')
    cd /Users/runner/work/FateLost/FateLost
    

SwiftCompile normal arm64 /Users/runner/work/FateLost/FateLost/FateLostTests/PartyLoadoutTests.swift (in target 'FateLostTests' from project 'FateLost')
    cd /Users/runner/work/FateLost/FateLost
    

SwiftCompile normal arm64 /Users/runner/work/FateLost/FateLost/FateLostTests/PartyLoopbackTests.swift (in target 'FateLostTests' from project 'FateLost')
    cd /Users/runner/work/FateLost/FateLost
    

SwiftMergeGeneratedHeaders /Users/runner/work/FateLost/FateLost/build-tests/Build/Intermediates.noindex/FateLost.build/Debug-iphonesimulator/FateLostTests.build/DerivedSources/FateLostTests-Swift.h /Users/runner/work/FateLost/FateLost/build-tests/Build/Intermediates.noindex/FateLost.build/Debug-iphonesimulator/FateLostTests.build/Objects-normal/arm64/FateLostTests-Swift.h (in target 'FateLostTests' from project 'FateLost')
    cd /Users/runner/work/FateLost/FateLost
    builtin-swiftHeaderTool -arch arm64 /Users/runner/work/FateLost/FateLost/build-tests/Build/Intermediates.noindex/FateLost.build/Debug-iphonesimulator/FateLostTests.build/Objects-normal/arm64/FateLostTests-Swift.h -o /Users/runner/work/FateLost/FateLost/build-tests/Build/Intermediates.noindex/FateLost.build/Debug-iphonesimulator/FateLostTests.build/DerivedSources/FateLostTests-Swift.h

SwiftDriverJobDiscovery normal arm64 Compiling AdRewardTests.swift, ArmouryTests.swift, ArtTests.swift, BoomerangTests.swift, BossTests.swift, CapeSwayTests.swift, ChargeTelegraphTests.swift, ClaymoreTests.swift, CloakRenderTests.swift, CombatTests.swift, CompanionAppearanceTests.swift, ContentTests.swift, DifficultyModifierTests.swift, DropTests.swift, EliteTests.swift (in target 'FateLostTests' from project 'FateLost')

Copy /Users/runner/work/FateLost/FateLost/build-tests/Build/Products/Debug-iphonesimulator/FateLostTests.swiftmodule/arm64-apple-ios-simulator.swiftmodule /Users/runner/work/FateLost/FateLost/build-tests/Build/Intermediates.noindex/FateLost.build/Debug-iphonesimulator/FateLostTests.build/Objects-normal/arm64/FateLostTests.swiftmodule (in target 'FateLostTests' from project 'FateLost')
    cd /Users/runner/work/FateLost/FateLost
    builtin-copy -exclude .DS_Store -exclude CVS -exclude .svn -exclude .git -exclude .hg -resolve-src-symlinks -rename /Users/runner/work/FateLost/FateLost/build-tests/Build/Intermediates.noindex/FateLost.build/Debug-iphonesimulator/FateLostTests.build/Objects-normal/arm64/FateLostTests.swiftmodule /Users/runner/work/FateLost/FateLost/build-tests/Build/Products/Debug-iphonesimulator/FateLostTests.swiftmodule/arm64-apple-ios-simulator.swiftmodule

Copy /Users/runner/work/FateLost/FateLost/build-tests/Build/Products/Debug-iphonesimulator/FateLostTests.swiftmodule/arm64-apple-ios-simulator.swiftdoc /Users/runner/work/FateLost/FateLost/build-tests/Build/Intermediates.noindex/FateLost.build/Debug-iphonesimulator/FateLostTests.build/Objects-normal/arm64/FateLostTests.swiftdoc (in target 'FateLostTests' from project 'FateLost')
    cd /Users/runner/work/FateLost/FateLost
    builtin-copy -exclude .DS_Store -exclude CVS -exclude .svn -exclude .git -exclude .hg -resolve-src-symlinks -rename /Users/runner/work/FateLost/FateLost/build-tests/Build/Intermediates.noindex/FateLost.build/Debug-iphonesimulator/FateLostTests.build/Objects-normal/arm64/FateLostTests.swiftdoc /Users/runner/work/FateLost/FateLost/build-tests/Build/Products/Debug-iphonesimulator/FateLostTests.swiftmodule/arm64-apple-ios-simulator.swiftdoc

Copy /Users/runner/work/FateLost/FateLost/build-tests/Build/Products/Debug-iphonesimulator/FateLostTests.swiftmodule/arm64-apple-ios-simulator.abi.json /Users/runner/work/FateLost/FateLost/build-tests/Build/Intermediates.noindex/FateLost.build/Debug-iphonesimulator/FateLostTests.build/Objects-normal/arm64/FateLostTests.abi.json (in target 'FateLostTests' from project 'FateLost')
    cd /Users/runner/work/FateLost/FateLost
    builtin-copy -exclude .DS_Store -exclude CVS -exclude .svn -exclude .git -exclude .hg -resolve-src-symlinks -rename /Users/runner/work/FateLost/FateLost/build-tests/Build/Intermediates.noindex/FateLost.build/Debug-iphonesimulator/FateLostTests.build/Objects-normal/arm64/FateLostTests.abi.json /Users/runner/work/FateLost/FateLost/build-tests/Build/Products/Debug-iphonesimulator/FateLostTests.swiftmodule/arm64-apple-ios-simulator.abi.json

Copy /Users/runner/work/FateLost/FateLost/build-tests/Build/Products/Debug-iphonesimulator/FateLostTests.swiftmodule/Project/arm64-apple-ios-simulator.swiftsourceinfo /Users/runner/work/FateLost/FateLost/build-tests/Build/Intermediates.noindex/FateLost.build/Debug-iphonesimulator/FateLostTests.build/Objects-normal/arm64/FateLostTests.swiftsourceinfo (in target 'FateLostTests' from project 'FateLost')
    cd /Users/runner/work/FateLost/FateLost
    builtin-copy -exclude .DS_Store -exclude CVS -exclude .svn -exclude .git -exclude .hg -resolve-src-symlinks -rename /Users/runner/work/FateLost/FateLost/build-tests/Build/Intermediates.noindex/FateLost.build/Debug-iphonesimulator/FateLostTests.build/Objects-normal/arm64/FateLostTests.swiftsourceinfo /Users/runner/work/FateLost/FateLost/build-tests/Build/Products/Debug-iphonesimulator/FateLostTests.swiftmodule/Project/arm64-apple-ios-simulator.swiftsourceinfo

SwiftDriverJobDiscovery normal arm64 Compiling EnemyTraitsTests.swift, FateTests.swift, HeroTests.swift, LaunchTaglineTests.swift, LegacyTests.swift, MovementSmoothingTests.swift, NetCodecTests.swift, NewWeaponsTests.swift, OrbClaimTests.swift, OrderTests.swift, PartyClientTests.swift, PartyColorTests.swift, PartyLoadoutTests.swift, PartyLoopbackTests.swift (in target 'FateLostTests' from project 'FateLost')

SwiftDriver\ Compilation FateLostTests normal arm64 com.apple.xcode.tools.swift.compiler (in target 'FateLostTests' from project 'FateLost')
    cd /Users/runner/work/FateLost/FateLost
    builtin-Swift-Compilation -- /Applications/Xcode_26.3.app/Contents/Developer/Toolchains/XcodeDefault.xctoolchain/usr/bin/swiftc -module-name FateLostTests -Onone -enforce-exclusivity\=checked @/Users/runner/work/FateLost/FateLost/build-tests/Build/Intermediates.noindex/FateLost.build/Debug-iphonesimulator/FateLostTests.build/Objects-normal/arm64/FateLostTests.SwiftFileList -DDEBUG -DFATELOST_DEVTOOLS -Xcc -fmodule-map-file\=/Users/runner/work/FateLost/FateLost/build-tests/Build/Intermediates.noindex/GeneratedModuleMaps-iphonesimulator/UserMessagingPlatformTarget.modulemap -plugin-path /Applications/Xcode_26.3.app/Contents/Developer/Toolchains/XcodeDefault.xctoolchain/usr/lib/swift/host/plugins/testing -enable-bare-slash-regex -enable-experimental-feature DebugDescriptionMacro -sdk /Applications/Xcode_26.3.app/Contents/Developer/Platforms/iPhoneSimulator.platform/Developer/SDKs/iPhoneSimulator26.2.sdk -target arm64-apple-ios17.0-simulator -g -module-cache-path /Users/runner/work/FateLost/FateLost/build-tests/ModuleCache.noindex -Xfrontend -serialize-debugging-options -enable-testing -index-store-path /Users/runner/work/FateLost/FateLost/build-tests/Index.noindex/DataStore -Xcc -D_LIBCPP_HARDENING_MODE\=_LIBCPP_HARDENING_MODE_DEBUG -swift-version 5 -I /Users/runner/work/FateLost/FateLost/build-tests/Build/Products/Debug-iphonesimulator -Isystem /Applications/Xcode_26.3.app/Contents/Developer/Platforms/iPhoneSimulator.platform/Developer/usr/lib -F /Users/runner/work/FateLost/FateLost/build-tests/Build/Products/Debug-iphonesimulator/PackageFrameworks -F /Users/runner/work/FateLost/FateLost/build-tests/Build/Products/Debug-iphonesimulator/PackageFrameworks -F /Users/runner/work/FateLost/FateLost/build-tests/Build/Products/Debug-iphonesimulator -F /Applications/Xcode_26.3.app/Contents/Developer/Platforms/iPhoneSimulator.platform/Developer/Library/Frameworks -F /Applications/Xcode_26.3.app/Contents/Developer/Platforms/iPhoneSimulator.platform/Developer/SDKs/iPhoneSimulator26.2.sdk/Developer/Library/Frameworks -c -j3 -enable-batch-mode -incremental -Xcc -ivfsstatcache -Xcc /Users/runner/work/FateLost/FateLost/build-tests/SDKStatCaches.noindex/iphonesimulator26.2-23C57-dc75598d0054f22ec865fa860f139d72e244bd9a5feaf902f95f61bf06266e52.sdkstatcache -output-file-map /Users/runner/work/FateLost/FateLost/build-tests/Build/Intermediates.noindex/FateLost.build/Debug-iphonesimulator/FateLostTests.build/Objects-normal/arm64/FateLostTests-OutputFileMap.json -use-frontend-parseable-output -save-temps -no-color-diagnostics -explicit-module-build -module-cache-path /Users/runner/work/FateLost/FateLost/build-tests/Build/Intermediates.noindex/SwiftExplicitPrecompiledModules -clang-scanner-module-cache-path /Users/runner/work/FateLost/FateLost/build-tests/ModuleCache.noindex -sdk-module-cache-path /Users/runner/work/FateLost/FateLost/build-tests/ModuleCache.noindex -serialize-diagnostics -emit-dependencies -emit-module -emit-module-path /Users/runner/work/FateLost/FateLost/build-tests/Build/Intermediates.noindex/FateLost.build/Debug-iphonesimulator/FateLostTests.build/Objects-normal/arm64/FateLostTests.swiftmodule -validate-clang-modules-once -clang-build-session-file /Users/runner/work/FateLost/FateLost/build-tests/ModuleCache.noindex/Session.modulevalidation -Xcc -I/Users/runner/work/FateLost/FateLost/build-tests/Build/Intermediates.noindex/FateLost.build/Debug-iphonesimulator/FateLostTests.build/swift-overrides.hmap -emit-const-values -Xfrontend -const-gather-protocols-file -Xfrontend /Users/runner/work/FateLost/FateLost/build-tests/Build/Intermediates.noindex/FateLost.build/Debug-iphonesimulator/FateLostTests.build/Objects-normal/arm64/FateLostTests_const_extract_protocols.json -Xcc -iquote -Xcc /Users/runner/work/FateLost/FateLost/build-tests/Build/Intermediates.noindex/FateLost.build/Debug-iphonesimulator/FateLostTests.build/FateLostTests-generated-files.hmap -Xcc -I/Users/runner/work/FateLost/FateLost/build-tests/Build/Intermediates.noindex/FateLost.build/Debug-iphonesimulator/FateLostTests.build/FateLostTests-own-target-headers.hmap -Xcc -I/Users/runner/work/FateLost/FateLost/build-tests/Build/Intermediates.noindex/FateLost.build/Debug-iphonesimulator/FateLostTests.build/FateLostTests-all-non-framework-target-headers.hmap -Xcc -ivfsoverlay -Xcc /Users/runner/work/FateLost/FateLost/build-tests/Build/Intermediates.noindex/FateLost.build/Debug-iphonesimulator/FateLost-b7204f8cf0954d34cbb54ca2f9d32c2a-VFS-iphonesimulator/all-product-headers.yaml -Xcc -iquote -Xcc /Users/runner/work/FateLost/FateLost/build-tests/Build/Intermediates.noindex/FateLost.build/Debug-iphonesimulator/FateLostTests.build/FateLostTests-project-headers.hmap -Xcc -I/Users/runner/work/FateLost/FateLost/build-tests/SourcePackages/checkouts/swift-package-manager-google-user-messaging-platform/UserMessagingPlatformTarget/include -Xcc -I/Users/runner/work/FateLost/FateLost/build-tests/Build/Products/Debug-iphonesimulator/include -Xcc -I/Users/runner/work/FateLost/FateLost/build-tests/Build/Intermediates.noindex/FateLost.build/Debug-iphonesimulator/FateLostTests.build/DerivedSources-normal/arm64 -Xcc -I/Users/runner/work/FateLost/FateLost/build-tests/Build/Intermediates.noindex/FateLost.build/Debug-iphonesimulator/FateLostTests.build/DerivedSources/arm64 -Xcc -I/Users/runner/work/FateLost/FateLost/build-tests/Build/Intermediates.noindex/FateLost.build/Debug-iphonesimulator/FateLostTests.build/DerivedSources -emit-objc-header -emit-objc-header-path /Users/runner/work/FateLost/FateLost/build-tests/Build/Intermediates.noindex/FateLost.build/Debug-iphonesimulator/FateLostTests.build/Objects-normal/arm64/FateLostTests-Swift.h -working-directory /Users/runner/work/FateLost/FateLost -experimental-emit-module-separately -disable-cmo

SwiftDriverJobDiscovery normal arm64 Compiling ToroidalSpatialGrid.swift, ToroidalWorld.swift, WrappedRenderFrame.swift, HostInput.swift, MovementSmoothing.swift, MultiplayerHub.swift, MultiplayerIdentity.swift, NetCodec.swift, NetEvents.swift, NetHeroState.swift, NetSnapshot.swift, PartyAPI.swift, PartyClient.swift, PartyColors.swift, PartyLoadouts.swift, PartyProtocol.swift, PartyReport.swift, PartyRunController.swift, PartySocket.swift, NodePool.swift, PlaceholderArt.swift, PlaceholderArt+Allies.swift, PlaceholderArt+Bestiary.swift (in target 'FateLost' from project 'FateLost')

SwiftDriver\ Compilation FateLost normal arm64 com.apple.xcode.tools.swift.compiler (in target 'FateLost' from project 'FateLost')
    cd /Users/runner/work/FateLost/FateLost
    builtin-Swift-Compilation -- /Applications/Xcode_26.3.app/Contents/Developer/Toolchains/XcodeDefault.xctoolchain/usr/bin/swiftc -module-name FateLost -Onone -enforce-exclusivity\=checked @/Users/runner/work/FateLost/FateLost/build-tests/Build/Intermediates.noindex/FateLost.build/Debug-iphonesimulator/FateLost.build/Objects-normal/arm64/FateLost.SwiftFileList -DDEBUG -DFATELOST_DEVTOOLS -Xcc -fmodule-map-file\=/Users/runner/work/FateLost/FateLost/build-tests/Build/Intermediates.noindex/GeneratedModuleMaps-iphonesimulator/UserMessagingPlatformTarget.modulemap -enable-bare-slash-regex -enable-experimental-feature DebugDescriptionMacro -sdk /Applications/Xcode_26.3.app/Contents/Developer/Platforms/iPhoneSimulator.platform/Developer/SDKs/iPhoneSimulator26.2.sdk -target arm64-apple-ios17.0-simulator -g -module-cache-path /Users/runner/work/FateLost/FateLost/build-tests/ModuleCache.noindex -Xfrontend -serialize-debugging-options -enable-testing -index-store-path /Users/runner/work/FateLost/FateLost/build-tests/Index.noindex/DataStore -Xcc -D_LIBCPP_HARDENING_MODE\=_LIBCPP_HARDENING_MODE_DEBUG -swift-version 5 -I /Users/runner/work/FateLost/FateLost/build-tests/Build/Products/Debug-iphonesimulator -F /Users/runner/work/FateLost/FateLost/build-tests/Build/Products/Debug-iphonesimulator/PackageFrameworks -F /Users/runner/work/FateLost/FateLost/build-tests/Build/Products/Debug-iphonesimulator/PackageFrameworks -F /Users/runner/work/FateLost/FateLost/build-tests/Build/Products/Debug-iphonesimulator -emit-localized-strings -emit-localized-strings-path /Users/runner/work/FateLost/FateLost/build-tests/Build/Intermediates.noindex/FateLost.build/Debug-iphonesimulator/FateLost.build/Objects-normal/arm64 -c -j3 -enable-batch-mode -incremental -Xcc -ivfsstatcache -Xcc /Users/runner/work/FateLost/FateLost/build-tests/SDKStatCaches.noindex/iphonesimulator26.2-23C57-dc75598d0054f22ec865fa860f139d72e244bd9a5feaf902f95f61bf06266e52.sdkstatcache -output-file-map /Users/runner/work/FateLost/FateLost/build-tests/Build/Intermediates.noindex/FateLost.build/Debug-iphonesimulator/FateLost.build/Objects-normal/arm64/FateLost-OutputFileMap.json -use-frontend-parseable-output -save-temps -no-color-diagnostics -explicit-module-build -module-cache-path /Users/runner/work/FateLost/FateLost/build-tests/Build/Intermediates.noindex/SwiftExplicitPrecompiledModules -clang-scanner-module-cache-path /Users/runner/work/FateLost/FateLost/build-tests/ModuleCache.noindex -sdk-module-cache-path /Users/runner/work/FateLost/FateLost/build-tests/ModuleCache.noindex -serialize-diagnostics -emit-dependencies -emit-module -emit-module-path /Users/runner/work/FateLost/FateLost/build-tests/Build/Intermediates.noindex/FateLost.build/Debug-iphonesimulator/FateLost.build/Objects-normal/arm64/FateLost.swiftmodule -validate-clang-modules-once -clang-build-session-file /Users/runner/work/FateLost/FateLost/build-tests/ModuleCache.noindex/Session.modulevalidation -Xcc -I/Users/runner/work/FateLost/FateLost/build-tests/Build/Intermediates.noindex/FateLost.build/Debug-iphonesimulator/FateLost.build/swift-overrides.hmap -emit-const-values -Xfrontend -const-gather-protocols-file -Xfrontend /Users/runner/work/FateLost/FateLost/build-tests/Build/Intermediates.noindex/FateLost.build/Debug-iphonesimulator/FateLost.build/Objects-normal/arm64/FateLost_const_extract_protocols.json -Xcc -iquote -Xcc /Users/runner/work/FateLost/FateLost/build-tests/Build/Intermediates.noindex/FateLost.build/Debug-iphonesimulator/FateLost.build/FateLost-generated-files.hmap -Xcc -I/Users/runner/work/FateLost/FateLost/build-tests/Build/Intermediates.noindex/FateLost.build/Debug-iphonesimulator/FateLost.build/FateLost-own-target-headers.hmap -Xcc -I/Users/runner/work/FateLost/FateLost/build-tests/Build/Intermediates.noindex/FateLost.build/Debug-iphonesimulator/FateLost.build/FateLost-all-non-framework-target-headers.hmap -Xcc -ivfsoverlay -Xcc /Users/runner/work/FateLost/FateLost/build-tests/Build/Intermediates.noindex/FateLost.build/Debug-iphonesimulator/FateLost-b7204f8cf0954d34cbb54ca2f9d32c2a-VFS-iphonesimulator/all-product-headers.yaml -Xcc -iquote -Xcc /Users/runner/work/FateLost/FateLost/build-tests/Build/Intermediates.noindex/FateLost.build/Debug-iphonesimulator/FateLost.build/FateLost-project-headers.hmap -Xcc -I/Users/runner/work/FateLost/FateLost/build-tests/SourcePackages/checkouts/swift-package-manager-google-user-messaging-platform/UserMessagingPlatformTarget/include -Xcc -I/Users/runner/work/FateLost/FateLost/build-tests/Build/Products/Debug-iphonesimulator/include -Xcc -I/Users/runner/work/FateLost/FateLost/build-tests/Build/Intermediates.noindex/FateLost.build/Debug-iphonesimulator/FateLost.build/DerivedSources-normal/arm64 -Xcc -I/Users/runner/work/FateLost/FateLost/build-tests/Build/Intermediates.noindex/FateLost.build/Debug-iphonesimulator/FateLost.build/DerivedSources/arm64 -Xcc -I/Users/runner/work/FateLost/FateLost/build-tests/Build/Intermediates.noindex/FateLost.build/Debug-iphonesimulator/FateLost.build/DerivedSources -emit-objc-header -emit-objc-header-path /Users/runner/work/FateLost/FateLost/build-tests/Build/Intermediates.noindex/FateLost.build/Debug-iphonesimulator/FateLost.build/Objects-normal/arm64/FateLost-Swift.h -working-directory /Users/runner/work/FateLost/FateLost -experimental-emit-module-separately -disable-cmo

Ld /Users/runner/work/FateLost/FateLost/build-tests/Build/Products/Debug-iphonesimulator/FateLost.app/FateLost.debug.dylib normal (in target 'FateLost' from project 'FateLost')
    cd /Users/runner/work/FateLost/FateLost
    /Applications/Xcode_26.3.app/Contents/Developer/Toolchains/XcodeDefault.xctoolchain/usr/bin/clang -Xlinker -reproducible -target arm64-apple-ios17.0-simulator -dynamiclib -isysroot /Applications/Xcode_26.3.app/Contents/Developer/Platforms/iPhoneSimulator.platform/Developer/SDKs/iPhoneSimulator26.2.sdk -O0 -L/Users/runner/work/FateLost/FateLost/build-tests/Build/Intermediates.noindex/EagerLinkingTBDs/Debug-iphonesimulator -L/Users/runner/work/FateLost/FateLost/build-tests/Build/Products/Debug-iphonesimulator -F/Users/runner/work/FateLost/FateLost/build-tests/Build/Intermediates.noindex/EagerLinkingTBDs/Debug-iphonesimulator -F/Users/runner/work/FateLost/FateLost/build-tests/Build/Products/Debug-iphonesimulator/PackageFrameworks -F/Users/runner/work/FateLost/FateLost/build-tests/Build/Products/Debug-iphonesimulator/PackageFrameworks -F/Users/runner/work/FateLost/FateLost/build-tests/Build/Products/Debug-iphonesimulator -filelist /Users/runner/work/FateLost/FateLost/build-tests/Build/Intermediates.noindex/FateLost.build/Debug-iphonesimulator/FateLost.build/Objects-normal/arm64/FateLost.LinkFileList -install_name @rpath/FateLost.debug.dylib -Xlinker -rpath -Xlinker /usr/lib/swift -Xlinker -rpath -Xlinker /Users/runner/work/FateLost/FateLost/build-tests/Build/Products/Debug-iphonesimulator/PackageFrameworks -Xlinker -rpath -Xlinker @executable_path/Frameworks -dead_strip -Xlinker -object_path_lto -Xlinker /Users/runner/work/FateLost/FateLost/build-tests/Build/Intermediates.noindex/FateLost.build/Debug-iphonesimulator/FateLost.build/Objects-normal/arm64/FateLost_lto.o -rdynamic -Xlinker -no_deduplicate -Xlinker -objc_abi_version -Xlinker 2 -Xlinker -dependency_info -Xlinker /Users/runner/work/FateLost/FateLost/build-tests/Build/Intermediates.noindex/FateLost.build/Debug-iphonesimulator/FateLost.build/Objects-normal/arm64/FateLost_dependency_info.dat -fobjc-link-runtime -L/Applications/Xcode_26.3.app/Contents/Developer/Toolchains/XcodeDefault.xctoolchain/usr/lib/swift/iphonesimulator -L/usr/lib/swift -Xlinker -add_ast_path -Xlinker /Users/runner/work/FateLost/FateLost/build-tests/Build/Intermediates.noindex/FateLost.build/Debug-iphonesimulator/FateLost.build/Objects-normal/arm64/FateLost.swiftmodule @/Users/runner/work/FateLost/FateLost/build-tests/Build/Intermediates.noindex/FateLost.build/Debug-iphonesimulator/FateLost.build/Objects-normal/arm64/FateLost-linker-args.resp -Wl,-no_warn_duplicate_libraries -Wl,-no_warn_duplicate_libraries -framework WebKit -Xlinker -alias -Xlinker _main -Xlinker ___debug_main_executable_dylib_entry_point -framework GoogleMobileAds -framework UserMessagingPlatform -o /Users/runner/work/FateLost/FateLost/build-tests/Build/Products/Debug-iphonesimulator/FateLost.app/FateLost.debug.dylib -Xlinker -add_ast_path -Xlinker /Users/runner/work/FateLost/FateLost/build-tests/Build/Intermediates.noindex/GoogleMobileAds.build/Debug-iphonesimulator/GoogleMobileAdsTarget.build/Objects-normal/arm64/GoogleMobileAdsTarget.swiftmodule @/Users/runner/work/FateLost/FateLost/build-tests/Build/Intermediates.noindex/GoogleMobileAds.build/Debug-iphonesimulator/GoogleMobileAdsTarget.build/Objects-normal/arm64/GoogleMobileAdsTarget-linker-args.resp

ConstructStubExecutorLinkFileList /Users/runner/work/FateLost/FateLost/build-tests/Build/Intermediates.noindex/FateLost.build/Debug-iphonesimulator/FateLost.build/FateLost-ExecutorLinkFileList-normal-arm64.txt (in target 'FateLost' from project 'FateLost')
    cd /Users/runner/work/FateLost/FateLost
    construct-stub-executor-link-file-list /Users/runner/work/FateLost/FateLost/build-tests/Build/Products/Debug-iphonesimulator/FateLost.app/FateLost.debug.dylib /Applications/Xcode_26.3.app/Contents/Developer/Platforms/iPhoneSimulator.platform/Developer/usr/lib/libPreviewsJITStubExecutor_no_swift_entry_point.a /Applications/Xcode_26.3.app/Contents/Developer/Platforms/iPhoneSimulator.platform/Developer/usr/lib/libPreviewsJITStubExecutor.a --output /Users/runner/work/FateLost/FateLost/build-tests/Build/Intermediates.noindex/FateLost.build/Debug-iphonesimulator/FateLost.build/FateLost-ExecutorLinkFileList-normal-arm64.txt
note: Using stub executor library with Swift entry point. (in target 'FateLost' from project 'FateLost')

Ld /Users/runner/work/FateLost/FateLost/build-tests/Build/Products/Debug-iphonesimulator/FateLost.app/FateLost normal (in target 'FateLost' from project 'FateLost')
    cd /Users/runner/work/FateLost/FateLost
    /Applications/Xcode_26.3.app/Contents/Developer/Toolchains/XcodeDefault.xctoolchain/usr/bin/clang -Xlinker -reproducible -target arm64-apple-ios17.0-simulator -isysroot /Applications/Xcode_26.3.app/Contents/Developer/Platforms/iPhoneSimulator.platform/Developer/SDKs/iPhoneSimulator26.2.sdk -O0 -L/Users/runner/work/FateLost/FateLost/build-tests/Build/Products/Debug-iphonesimulator -F/Users/runner/work/FateLost/FateLost/build-tests/Build/Products/Debug-iphonesimulator/PackageFrameworks -F/Users/runner/work/FateLost/FateLost/build-tests/Build/Products/Debug-iphonesimulator/PackageFrameworks -F/Users/runner/work/FateLost/FateLost/build-tests/Build/Products/Debug-iphonesimulator -Xlinker -rpath -Xlinker @executable_path -Xlinker -rpath -Xlinker /Users/runner/work/FateLost/FateLost/build-tests/Build/Products/Debug-iphonesimulator/PackageFrameworks -Xlinker -rpath -Xlinker @executable_path/Frameworks -rdynamic -Xlinker -no_deduplicate -Xlinker -objc_abi_version -Xlinker 2 -e ___debug_blank_executor_main -Xlinker -sectcreate -Xlinker __TEXT -Xlinker __debug_dylib -Xlinker /Users/runner/work/FateLost/FateLost/build-tests/Build/Intermediates.noindex/FateLost.build/Debug-iphonesimulator/FateLost.build/FateLost-DebugDylibPath-normal-arm64.txt -Xlinker -sectcreate -Xlinker __TEXT -Xlinker __debug_instlnm -Xlinker /Users/runner/work/FateLost/FateLost/build-tests/Build/Intermediates.noindex/FateLost.build/Debug-iphonesimulator/FateLost.build/FateLost-DebugDylibInstallName-normal-arm64.txt -Xlinker -filelist -Xlinker /Users/runner/work/FateLost/FateLost/build-tests/Build/Intermediates.noindex/FateLost.build/Debug-iphonesimulator/FateLost.build/FateLost-ExecutorLinkFileList-normal-arm64.txt /Users/runner/work/FateLost/FateLost/build-tests/Build/Products/Debug-iphonesimulator/FateLost.app/FateLost.debug.dylib -o /Users/runner/work/FateLost/FateLost/build-tests/Build/Products/Debug-iphonesimulator/FateLost.app/FateLost

CopySwiftLibs /Users/runner/work/FateLost/FateLost/build-tests/Build/Products/Debug-iphonesimulator/FateLost.app (in target 'FateLost' from project 'FateLost')
    cd /Users/runner/work/FateLost/FateLost
    builtin-swiftStdLibTool --copy --verbose --scan-executable /Users/runner/work/FateLost/FateLost/build-tests/Build/Products/Debug-iphonesimulator/FateLost.app/FateLost.debug.dylib --scan-folder /Users/runner/work/FateLost/FateLost/build-tests/Build/Products/Debug-iphonesimulator/FateLost.app/Frameworks --scan-folder /Users/runner/work/FateLost/FateLost/build-tests/Build/Products/Debug-iphonesimulator/FateLost.app/PlugIns --scan-folder /Users/runner/work/FateLost/FateLost/build-tests/Build/Products/Debug-iphonesimulator/FateLost.app/SystemExtensions --scan-folder /Users/runner/work/FateLost/FateLost/build-tests/Build/Products/Debug-iphonesimulator/FateLost.app/Extensions --platform iphonesimulator --toolchain /var/run/com.apple.security.cryptexd/mnt/com.apple.MobileAsset.MetalToolchain-v17.3.7003.10.uU9dXX/Metal.xctoolchain --toolchain /Applications/Xcode_26.3.app/Contents/Developer/Toolchains/XcodeDefault.xctoolchain --destination /Users/runner/work/FateLost/FateLost/build-tests/Build/Products/Debug-iphonesimulator/FateLost.app/Frameworks --strip-bitcode --strip-bitcode-tool /Applications/Xcode_26.3.app/Contents/Developer/Toolchains/XcodeDefault.xctoolchain/usr/bin/bitcode_strip --emit-dependency-info /Users/runner/work/FateLost/FateLost/build-tests/Build/Intermediates.noindex/FateLost.build/Debug-iphonesimulator/FateLost.build/SwiftStdLibToolInputDependencies.dep --filter-for-swift-os
Ignoring --strip-bitcode because --sign was not passed

ExtractAppIntentsMetadata (in target 'FateLost' from project 'FateLost')
    cd /Users/runner/work/FateLost/FateLost
    /Applications/Xcode_26.3.app/Contents/Developer/Toolchains/XcodeDefault.xctoolchain/usr/bin/appintentsmetadataprocessor --toolchain-dir /var/run/com.apple.security.cryptexd/mnt/com.apple.MobileAsset.MetalToolchain-v17.3.7003.10.uU9dXX/Metal.xctoolchain --module-name FateLost --sdk-root /Applications/Xcode_26.3.app/Contents/Developer/Platforms/iPhoneSimulator.platform/Developer/SDKs/iPhoneSimulator26.2.sdk --xcode-version 17C529 --platform-family iOS --deployment-target 17.0 --bundle-identifier com.wickedstudios.fatelost --output /Users/runner/work/FateLost/FateLost/build-tests/Build/Products/Debug-iphonesimulator/FateLost.app --target-triple arm64-apple-ios17.0-simulator --binary-file /Users/runner/work/FateLost/FateLost/build-tests/Build/Products/Debug-iphonesimulator/FateLost.app/FateLost --dependency-file /Users/runner/work/FateLost/FateLost/build-tests/Build/Intermediates.noindex/FateLost.build/Debug-iphonesimulator/FateLost.build/Objects-normal/arm64/FateLost_dependency_info.dat --stringsdata-file /Users/runner/work/FateLost/FateLost/build-tests/Build/Intermediates.noindex/FateLost.build/Debug-iphonesimulator/FateLost.build/Objects-normal/arm64/ExtractedAppShortcutsMetadata.stringsdata --source-file-list /Users/runner/work/FateLost/FateLost/build-tests/Build/Intermediates.noindex/FateLost.build/Debug-iphonesimulator/FateLost.build/Objects-normal/arm64/FateLost.SwiftFileList --metadata-file-list /Users/runner/work/FateLost/FateLost/build-tests/Build/Intermediates.noindex/FateLost.build/Debug-iphonesimulator/FateLost.build/FateLost.DependencyMetadataFileList --static-metadata-file-list /Users/runner/work/FateLost/FateLost/build-tests/Build/Intermediates.noindex/FateLost.build/Debug-iphonesimulator/FateLost.build/FateLost.DependencyStaticMetadataFileList --swift-const-vals-list /Users/runner/work/FateLost/FateLost/build-tests/Build/Intermediates.noindex/FateLost.build/Debug-iphonesimulator/FateLost.build/Objects-normal/arm64/FateLost.SwiftConstValuesFileList --compile-time-extraction --deployment-aware-processing --validate-assistant-intents --no-app-shortcuts-localization
2026-09-28 23:36:34.979 appintentsmetadataprocessor[14320:42011] Starting appintentsmetadataprocessor export
2026-09-28 23:36:34.985 appintentsmetadataprocessor[14320:42011] warning: Metadata extraction skipped. No AppIntents.framework dependency found.

AppIntentsSSUTraining (in target 'FateLost' from project 'FateLost')
    cd /Users/runner/work/FateLost/FateLost
    /Applications/Xcode_26.3.app/Contents/Developer/Toolchains/XcodeDefault.xctoolchain/usr/bin/appintentsnltrainingprocessor --infoplist-path /Users/runner/work/FateLost/FateLost/build-tests/Build/Products/Debug-iphonesimulator/FateLost.app/Info.plist --temp-dir-path /Users/runner/work/FateLost/FateLost/build-tests/Build/Intermediates.noindex/FateLost.build/Debug-iphonesimulator/FateLost.build/ssu --bundle-id com.wickedstudios.fatelost --product-path /Users/runner/work/FateLost/FateLost/build-tests/Build/Products/Debug-iphonesimulator/FateLost.app --extracted-metadata-path /Users/runner/work/FateLost/FateLost/build-tests/Build/Products/Debug-iphonesimulator/FateLost.app/Metadata.appintents --metadata-file-list /Users/runner/work/FateLost/FateLost/build-tests/Build/Intermediates.noindex/FateLost.build/Debug-iphonesimulator/FateLost.build/FateLost.DependencyMetadataFileList --archive-ssu-assets
2026-09-28 23:36:35.012 appintentsnltrainingprocessor[14345:42061] Parsing options for appintentsnltrainingprocessor
2026-09-28 23:36:35.013 appintentsnltrainingprocessor[14345:42061] No AppShortcuts found - Skipping.

Ld /Users/runner/work/FateLost/FateLost/build-tests/Build/Products/Debug-iphonesimulator/FateLost.app/PlugIns/FateLostTests.xctest/FateLostTests normal (in target 'FateLostTests' from project 'FateLost')
    cd /Users/runner/work/FateLost/FateLost
    /Applications/Xcode_26.3.app/Contents/Developer/Toolchains/XcodeDefault.xctoolchain/usr/bin/clang -Xlinker -reproducible -target arm64-apple-ios17.0-simulator -bundle -isysroot /Applications/Xcode_26.3.app/Contents/Developer/Platforms/iPhoneSimulator.platform/Developer/SDKs/iPhoneSimulator26.2.sdk -O0 -L/Users/runner/work/FateLost/FateLost/build-tests/Build/Intermediates.noindex/EagerLinkingTBDs/Debug-iphonesimulator -L/Users/runner/work/FateLost/FateLost/build-tests/Build/Products/Debug-iphonesimulator -L/Applications/Xcode_26.3.app/Contents/Developer/Platforms/iPhoneSimulator.platform/Developer/usr/lib -F/Users/runner/work/FateLost/FateLost/build-tests/Build/Intermediates.noindex/EagerLinkingTBDs/Debug-iphonesimulator -F/Users/runner/work/FateLost/FateLost/build-tests/Build/Products/Debug-iphonesimulator/PackageFrameworks -F/Users/runner/work/FateLost/FateLost/build-tests/Build/Products/Debug-iphonesimulator/PackageFrameworks -F/Users/runner/work/FateLost/FateLost/build-tests/Build/Products/Debug-iphonesimulator -iframework /Applications/Xcode_26.3.app/Contents/Developer/Platforms/iPhoneSimulator.platform/Developer/Library/Frameworks -iframework /Applications/Xcode_26.3.app/Contents/Developer/Platforms/iPhoneSimulator.platform/Developer/SDKs/iPhoneSimulator26.2.sdk/Developer/Library/Frameworks -filelist /Users/runner/work/FateLost/FateLost/build-tests/Build/Intermediates.noindex/FateLost.build/Debug-iphonesimulator/FateLostTests.build/Objects-normal/arm64/FateLostTests.LinkFileList -Xlinker -rpath -Xlinker /usr/lib/swift -Xlinker -rpath -Xlinker /Users/runner/work/FateLost/FateLost/build-tests/Build/Products/Debug-iphonesimulator/PackageFrameworks -Xlinker -rpath -Xlinker @loader_path/Frameworks -Xlinker -rpath -Xlinker @executable_path/Frameworks -dead_strip -bundle_loader /Users/runner/work/FateLost/FateLost/build-tests/Build/Products/Debug-iphonesimulator/FateLost.app/FateLost -Xlinker -object_path_lto -Xlinker /Users/runner/work/FateLost/FateLost/build-tests/Build/Intermediates.noindex/FateLost.build/Debug-iphonesimulator/FateLostTests.build/Objects-normal/arm64/FateLostTests_lto.o -rdynamic -Xlinker -no_deduplicate -Xlinker -objc_abi_version -Xlinker 2 -Xlinker -dependency_info -Xlinker /Users/runner/work/FateLost/FateLost/build-tests/Build/Intermediates.noindex/FateLost.build/Debug-iphonesimulator/FateLostTests.build/Objects-normal/arm64/FateLostTests_dependency_info.dat -fobjc-link-runtime -L/Applications/Xcode_26.3.app/Contents/Developer/Toolchains/XcodeDefault.xctoolchain/usr/lib/swift/iphonesimulator -L/usr/lib/swift -Xlinker -add_ast_path -Xlinker /Users/runner/work/FateLost/FateLost/build-tests/Build/Intermediates.noindex/FateLost.build/Debug-iphonesimulator/FateLostTests.build/Objects-normal/arm64/FateLostTests.swiftmodule @/Users/runner/work/FateLost/FateLost/build-tests/Build/Intermediates.noindex/FateLost.build/Debug-iphonesimulator/FateLostTests.build/Objects-normal/arm64/FateLostTests-linker-args.resp -Wl,-no_warn_duplicate_libraries -Wl,-no_warn_duplicate_libraries -framework WebKit -Xlinker -needed_framework -Xlinker XCTest -framework XCTest -Xlinker -needed-lXCTestSwiftSupport -lXCTestSwiftSupport /Users/runner/work/FateLost/FateLost/build-tests/Build/Products/Debug-iphonesimulator/FateLost.app/FateLost.debug.dylib -o /Users/runner/work/FateLost/FateLost/build-tests/Build/Products/Debug-iphonesimulator/FateLost.app/PlugIns/FateLostTests.xctest/FateLostTests

ProcessInfoPlistFile /Users/runner/work/FateLost/FateLost/build-tests/Build/Products/Debug-iphonesimulator/FateLost.app/PlugIns/FateLostTests.xctest/Info.plist /Users/runner/work/FateLost/FateLost/build-tests/Build/Intermediates.noindex/FateLost.build/Debug-iphonesimulator/FateLostTests.build/empty-FateLostTests.plist (in target 'FateLostTests' from project 'FateLost')
    cd /Users/runner/work/FateLost/FateLost
    builtin-infoPlistUtility /Users/runner/work/FateLost/FateLost/build-tests/Build/Intermediates.noindex/FateLost.build/Debug-iphonesimulator/FateLostTests.build/empty-FateLostTests.plist -producttype com.apple.product-type.bundle.unit-test -expandbuildsettings -format binary -platform iphonesimulator -o /Users/runner/work/FateLost/FateLost/build-tests/Build/Products/Debug-iphonesimulator/FateLost.app/PlugIns/FateLostTests.xctest/Info.plist

CopySwiftLibs /Users/runner/work/FateLost/FateLost/build-tests/Build/Products/Debug-iphonesimulator/FateLost.app/PlugIns/FateLostTests.xctest (in target 'FateLostTests' from project 'FateLost')
    cd /Users/runner/work/FateLost/FateLost
    builtin-swiftStdLibTool --copy --verbose --scan-executable /Users/runner/work/FateLost/FateLost/build-tests/Build/Products/Debug-iphonesimulator/FateLost.app/PlugIns/FateLostTests.xctest/FateLostTests --scan-folder /Users/runner/work/FateLost/FateLost/build-tests/Build/Products/Debug-iphonesimulator/FateLost.app/PlugIns/FateLostTests.xctest/Frameworks --scan-folder /Users/runner/work/FateLost/FateLost/build-tests/Build/Products/Debug-iphonesimulator/FateLost.app/PlugIns/FateLostTests.xctest/PlugIns --scan-folder /Users/runner/work/FateLost/FateLost/build-tests/Build/Products/Debug-iphonesimulator/FateLost.app/PlugIns/FateLostTests.xctest/SystemExtensions --scan-folder /Users/runner/work/FateLost/FateLost/build-tests/Build/Products/Debug-iphonesimulator/FateLost.app/PlugIns/FateLostTests.xctest/Extensions --platform iphonesimulator --toolchain /var/run/com.apple.security.cryptexd/mnt/com.apple.MobileAsset.MetalToolchain-v17.3.7003.10.uU9dXX/Metal.xctoolchain --toolchain /Applications/Xcode_26.3.app/Contents/Developer/Toolchains/XcodeDefault.xctoolchain --destination /Users/runner/work/FateLost/FateLost/build-tests/Build/Products/Debug-iphonesimulator/FateLost.app/PlugIns/FateLostTests.xctest/Frameworks --strip-bitcode --scan-executable /Applications/Xcode_26.3.app/Contents/Developer/Platforms/iPhoneSimulator.platform/Developer/usr/lib/libXCTestSwiftSupport.dylib --strip-bitcode-tool /Applications/Xcode_26.3.app/Contents/Developer/Toolchains/XcodeDefault.xctoolchain/usr/bin/bitcode_strip --emit-dependency-info /Users/runner/work/FateLost/FateLost/build-tests/Build/Intermediates.noindex/FateLost.build/Debug-iphonesimulator/FateLostTests.build/SwiftStdLibToolInputDependencies.dep --filter-for-swift-os
Ignoring --strip-bitcode because --sign was not passed

ExtractAppIntentsMetadata (in target 'FateLostTests' from project 'FateLost')
    cd /Users/runner/work/FateLost/FateLost
    /Applications/Xcode_26.3.app/Contents/Developer/Toolchains/XcodeDefault.xctoolchain/usr/bin/appintentsmetadataprocessor --toolchain-dir /var/run/com.apple.security.cryptexd/mnt/com.apple.MobileAsset.MetalToolchain-v17.3.7003.10.uU9dXX/Metal.xctoolchain --module-name FateLostTests --sdk-root /Applications/Xcode_26.3.app/Contents/Developer/Platforms/iPhoneSimulator.platform/Developer/SDKs/iPhoneSimulator26.2.sdk --xcode-version 17C529 --platform-family iOS --deployment-target 17.0 --bundle-identifier com.wickedstudios.fatelost.tests --output /Users/runner/work/FateLost/FateLost/build-tests/Build/Products/Debug-iphonesimulator/FateLost.app/PlugIns/FateLostTests.xctest --target-triple arm64-apple-ios17.0-simulator --binary-file /Users/runner/work/FateLost/FateLost/build-tests/Build/Products/Debug-iphonesimulator/FateLost.app/PlugIns/FateLostTests.xctest/FateLostTests --dependency-file /Users/runner/work/FateLost/FateLost/build-tests/Build/Intermediates.noindex/FateLost.build/Debug-iphonesimulator/FateLostTests.build/Objects-normal/arm64/FateLostTests_dependency_info.dat --stringsdata-file /Users/runner/work/FateLost/FateLost/build-tests/Build/Intermediates.noindex/FateLost.build/Debug-iphonesimulator/FateLostTests.build/Objects-normal/arm64/ExtractedAppShortcutsMetadata.stringsdata --source-file-list /Users/runner/work/FateLost/FateLost/build-tests/Build/Intermediates.noindex/FateLost.build/Debug-iphonesimulator/FateLostTests.build/Objects-normal/arm64/FateLostTests.SwiftFileList --metadata-file-list /Users/runner/work/FateLost/FateLost/build-tests/Build/Intermediates.noindex/FateLost.build/Debug-iphonesimulator/FateLostTests.build/FateLostTests.DependencyMetadataFileList --static-metadata-file-list /Users/runner/work/FateLost/FateLost/build-tests/Build/Intermediates.noindex/FateLost.build/Debug-iphonesimulator/FateLostTests.build/FateLostTests.DependencyStaticMetadataFileList --swift-const-vals-list /Users/runner/work/FateLost/FateLost/build-tests/Build/Intermediates.noindex/FateLost.build/Debug-iphonesimulator/FateLostTests.build/Objects-normal/arm64/FateLostTests.SwiftConstValuesFileList --compile-time-extraction --deployment-aware-processing --validate-assistant-intents --no-app-shortcuts-localization
2026-09-28 23:36:35.690 appintentsmetadataprocessor[14348:42085] Starting appintentsmetadataprocessor export
2026-09-28 23:36:35.692 appintentsmetadataprocessor[14348:42085] warning: Metadata extraction skipped. No AppIntents.framework dependency found.

AppIntentsSSUTraining (in target 'FateLostTests' from project 'FateLost')
    cd /Users/runner/work/FateLost/FateLost
    /Applications/Xcode_26.3.app/Contents/Developer/Toolchains/XcodeDefault.xctoolchain/usr/bin/appintentsnltrainingprocessor --infoplist-path /Users/runner/work/FateLost/FateLost/build-tests/Build/Products/Debug-iphonesimulator/FateLost.app/PlugIns/FateLostTests.xctest/Info.plist --temp-dir-path /Users/runner/work/FateLost/FateLost/build-tests/Build/Intermediates.noindex/FateLost.build/Debug-iphonesimulator/FateLostTests.build/ssu --bundle-id com.wickedstudios.fatelost.tests --product-path /Users/runner/work/FateLost/FateLost/build-tests/Build/Products/Debug-iphonesimulator/FateLost.app/PlugIns/FateLostTests.xctest --extracted-metadata-path /Users/runner/work/FateLost/FateLost/build-tests/Build/Products/Debug-iphonesimulator/FateLost.app/PlugIns/FateLostTests.xctest/Metadata.appintents --metadata-file-list /Users/runner/work/FateLost/FateLost/build-tests/Build/Intermediates.noindex/FateLost.build/Debug-iphonesimulator/FateLostTests.build/FateLostTests.DependencyMetadataFileList --archive-ssu-assets
2026-09-28 23:36:35.716 appintentsnltrainingprocessor[14349:42086] Parsing options for appintentsnltrainingprocessor
2026-09-28 23:36:35.717 appintentsnltrainingprocessor[14349:42086] No AppShortcuts found - Skipping.

RegisterExecutionPolicyException /Users/runner/work/FateLost/FateLost/build-tests/Build/Products/Debug-iphonesimulator/FateLost.app/PlugIns/FateLostTests.xctest (in target 'FateLostTests' from project 'FateLost')
    cd /Users/runner/work/FateLost/FateLost
    builtin-RegisterExecutionPolicyException /Users/runner/work/FateLost/FateLost/build-tests/Build/Products/Debug-iphonesimulator/FateLost.app/PlugIns/FateLostTests.xctest

Touch /Users/runner/work/FateLost/FateLost/build-tests/Build/Products/Debug-iphonesimulator/FateLost.app/PlugIns/FateLostTests.xctest (in target 'FateLostTests' from project 'FateLost')
    cd /Users/runner/work/FateLost/FateLost
    /usr/bin/touch -c /Users/runner/work/FateLost/FateLost/build-tests/Build/Products/Debug-iphonesimulator/FateLost.app/PlugIns/FateLostTests.xctest

RegisterExecutionPolicyException /Users/runner/work/FateLost/FateLost/build-tests/Build/Products/Debug-iphonesimulator/FateLost.app (in target 'FateLost' from project 'FateLost')
    cd /Users/runner/work/FateLost/FateLost
    builtin-RegisterExecutionPolicyException /Users/runner/work/FateLost/FateLost/build-tests/Build/Products/Debug-iphonesimulator/FateLost.app

Validate /Users/runner/work/FateLost/FateLost/build-tests/Build/Products/Debug-iphonesimulator/FateLost.app (in target 'FateLost' from project 'FateLost')
    cd /Users/runner/work/FateLost/FateLost
    builtin-validationUtility /Users/runner/work/FateLost/FateLost/build-tests/Build/Products/Debug-iphonesimulator/FateLost.app -shallow-bundle -infoplist-subpath Info.plist

Touch /Users/runner/work/FateLost/FateLost/build-tests/Build/Products/Debug-iphonesimulator/FateLost.app (in target 'FateLost' from project 'FateLost')
    cd /Users/runner/work/FateLost/FateLost
    /usr/bin/touch -c /Users/runner/work/FateLost/FateLost/build-tests/Build/Products/Debug-iphonesimulator/FateLost.app

2026-09-28 23:39:40.965024+0000 FateLost[16091:48384] [plugin] AddInstanceForFactory: No factory registered for id <CFUUID 0x600000213c40> F8BB1C28-BAE8-11D6-9C31-00039315CD46
IOSurfaceClientSetSurfaceNotify failed e00002c7
2026-09-28 23:39:42.098298+0000 FateLost[16091:48384] fopen failed for data file: errno = 2 (No such file or directory)
2026-09-28 23:39:42.098540+0000 FateLost[16091:48384] Errors found! Invalidating cache...
2026-09-28 23:39:42.637219+0000 FateLost[16091:48384] fopen failed for data file: errno = 2 (No such file or directory)
2026-09-28 23:39:42.637686+0000 FateLost[16091:48384] Errors found! Invalidating cache...
2026-09-28 23:39:42.678022+0000 FateLost[16091:48384] [error] building pipeline primitive_color-feba5ca8feba4 took 0.580470 seconds
2026-09-28 23:39:42.862805+0000 FateLost[16091:49967] [Client] Synchronous remote object proxy returned error: Error Domain=NSCocoaErrorDomain Code=4099 "The connection to service named com.apple.commcenter.coretelephony.xpc was invalidated: Connection init failed at lookup with error 3 - No such process." UserInfo={NSDebugDescription=The connection to service named com.apple.commcenter.coretelephony.xpc was invalidated: Connection init failed at lookup with error 3 - No such process.}
2026-09-28 23:39:42.862856+0000 FateLost[16091:49969] [Client] Updating selectors failed with: Error Domain=NSCocoaErrorDomain Code=4099 "The connection to service named com.apple.commcenter.coretelephony.xpc was invalidated: Connection init failed at lookup with error 3 - No such process." UserInfo={NSDebugDescription=The connection to service named com.apple.commcenter.coretelephony.xpc was invalidated: Connection init failed at lookup with error 3 - No such process.}
2026-09-28 23:39:43.370659+0000 FateLost[16091:49896] [Client] Updating selectors failed with: Error Domain=NSCocoaErrorDomain Code=4099 "The connection to service named com.apple.commcenter.coretelephony.xpc was invalidated: Connection init failed at lookup with error 3 - No such process." UserInfo={NSDebugDescription=The connection to service named com.apple.commcenter.coretelephony.xpc was invalidated: Connection init failed at lookup with error 3 - No such process.}
2026-09-28 23:39:43.370677+0000 FateLost[16091:49967] [Client] Synchronous remote object proxy returned error: Error Domain=NSCocoaErrorDomain Code=4099 "The connection to service named com.apple.commcenter.coretelephony.xpc was invalidated: Connection init failed at lookup with error 3 - No such process." UserInfo={NSDebugDescription=The connection to service named com.apple.commcenter.coretelephony.xpc was invalidated: Connection init failed at lookup with error 3 - No such process.}
2026-09-28 23:39:43.387379+0000 FateLost[16091:49967] [Client] Updating selectors failed with: Error Domain=NSCocoaErrorDomain Code=4099 "The connection to service named com.apple.commcenter.coretelephony.xpc was invalidated: Connection init failed at lookup with error 3 - No such process." UserInfo={NSDebugDescription=The connection to service named com.apple.commcenter.coretelephony.xpc was invalidated: Connection init failed at lookup with error 3 - No such process.}
2026-09-28 23:39:43.387777+0000 FateLost[16091:49967] [Client] Updating selectors after delegate addition failed with: Error Domain=NSCocoaErrorDomain Code=4099 "The connection to service named com.apple.commcenter.coretelephony.xpc was invalidated: Connection init failed at lookup with error 3 - No such process." UserInfo={NSDebugDescription=The connection to service named com.apple.commcenter.coretelephony.xpc was invalidated: Connection init failed at lookup with error 3 - No such process.}
Test Suite 'All tests' started at 2026-09-28 23:39:45.919.
Test Suite 'FateLostTests.xctest' started at 2026-09-28 23:39:45.920.
Test Suite 'AdRewardTests' started at 2026-09-28 23:39:45.920.
Test Case '-[FateLostTests.AdRewardTests testAcceptingFateEndsTheRunAsItAlwaysHas]' started.
Test Case '-[FateLostTests.AdRewardTests testAcceptingFateEndsTheRunAsItAlwaysHas]' passed (0.078 seconds).
Test Case '-[FateLostTests.AdRewardTests testAFallAfterTheSecondChanceIsFinal]' started.
Test Case '-[FateLostTests.AdRewardTests testAFallAfterTheSecondChanceIsFinal]' passed (0.082 seconds).
Test Case '-[FateLostTests.AdRewardTests testAFallHoldsTheRunExactlyAsItStood]' started.
Test Case '-[FateLostTests.AdRewardTests testAFallHoldsTheRunExactlyAsItStood]' passed (0.030 seconds).
Test Case '-[FateLostTests.AdRewardTests testBoonsRunDownWithPlayAndStopAtZero]' started.
Test Case '-[FateLostTests.AdRewardTests testBoonsRunDownWithPlayAndStopAtZero]' passed (0.001 seconds).
Test Case '-[FateLostTests.AdRewardTests testBoonStoreKeepsTimersBetweenLaunches]' started.
Test Case '-[FateLostTests.AdRewardTests testBoonStoreKeepsTimersBetweenLaunches]' passed (0.018 seconds).
Test Case '-[FateLostTests.AdRewardTests testBoonTimersSurviveASaveAndRejectNonsense]' started.
Test Case '-[FateLostTests.AdRewardTests testBoonTimersSurviveASaveAndRejectNonsense]' passed (0.001 seconds).
Test Case '-[FateLostTests.AdRewardTests testDoubleEchoesNeverExceedsTimesTwoOrPaysOnNothing]' started.
Test Case '-[FateLostTests.AdRewardTests testDoubleEchoesNeverExceedsTimesTwoOrPaysOnNothing]' passed (0.001 seconds).
Test Case '-[FateLostTests.AdRewardTests testDyingToFateKeepsFateAsItWasThroughTheSecondChance]' started.
Test Case '-[FateLostTests.AdRewardTests testDyingToFateKeepsFateAsItWasThroughTheSecondChance]' passed (0.014 seconds).
Test Case '-[FateLostTests.AdRewardTests testEachAdvertAddsTenMinutesOnTopOfWhatIsLeft]' started.
Test Case '-[FateLostTests.AdRewardTests testEachAdvertAddsTenMinutesOnTopOfWhatIsLeft]' passed (0.001 seconds).
Test Case '-[FateLostTests.AdRewardTests testOnlyEchoesEarnedWhileTheBoonRanAreDoubled]' started.
Test Case '-[FateLostTests.AdRewardTests testOnlyEchoesEarnedWhileTheBoonRanAreDoubled]' passed (0.000 seconds).
Test Case '-[FateLostTests.AdRewardTests testRiftsCallingRaisesTheRiftChanceByTenPoints]' started.
Test Case '-[FateLostTests.AdRewardTests testRiftsCallingRaisesTheRiftChanceByTenPoints]' passed (0.016 seconds).
Test Case '-[FateLostTests.AdRewardTests testTakingTheSecondChanceRaisesTheHeroWhereTheyFell]' started.
Test Case '-[FateLostTests.AdRewardTests testTakingTheSecondChanceRaisesTheHeroWhereTheyFell]' passed (0.104 seconds).
Test Case '-[FateLostTests.AdRewardTests testTheBoonShareIsPaidOnlyOnRunsThatPaid]' started.
Test Case '-[FateLostTests.AdRewardTests testTheBoonShareIsPaidOnlyOnRunsThatPaid]' passed (0.002 seconds).
Test Case '-[FateLostTests.AdRewardTests testTheImmunityCoversTheFirstTwoSeconds]' started.
Test Case '-[FateLostTests.AdRewardTests testTheImmunityCoversTheFirstTwoSeconds]' passed (0.353 seconds).
Test Case '-[FateLostTests.AdRewardTests testWithoutTheOfferAFallIsNeverHeld]' started.
Test Case '-[FateLostTests.AdRewardTests testWithoutTheOfferAFallIsNeverHeld]' passed (0.042 seconds).
Test Suite 'AdRewardTests' passed at 2026-09-28 23:39:46.784.
	 Executed 15 tests, with 0 failures (0 unexpected) in 0.744 (0.864) seconds
Test Suite 'ArenaGeneratorTests' started at 2026-09-28 23:39:46.784.
Test Case '-[FateLostTests.ArenaGeneratorTests testDifferentSeedsProduceDifferentArenas]' started.
Test Case '-[FateLostTests.ArenaGeneratorTests testDifferentSeedsProduceDifferentArenas]' passed (0.036 seconds).
Test Case '-[FateLostTests.ArenaGeneratorTests testGroundCoversEveryTileWithAValidStyle]' started.
Test Case '-[FateLostTests.ArenaGeneratorTests testGroundCoversEveryTileWithAValidStyle]' passed (0.017 seconds).
Test Case '-[FateLostTests.ArenaGeneratorTests testPeriodicNoiseMatchesAcrossSeam]' started.
Test Case '-[FateLostTests.ArenaGeneratorTests testPeriodicNoiseMatchesAcrossSeam]' passed (0.002 seconds).
Test Case '-[FateLostTests.ArenaGeneratorTests testRoadsContinueAcrossTheSeam]' started.
Test Case '-[FateLostTests.ArenaGeneratorTests testRoadsContinueAcrossTheSeam]' passed (0.017 seconds).
Test Case '-[FateLostTests.ArenaGeneratorTests testSameSeedProducesIdenticalArena]' started.
Test Case '-[FateLostTests.ArenaGeneratorTests testSameSeedProducesIdenticalArena]' passed (0.029 seconds).
Test Case '-[FateLostTests.ArenaGeneratorTests testSpawnAreaIsClearOfDecorations]' started.
Test Case '-[FateLostTests.ArenaGeneratorTests testSpawnAreaIsClearOfDecorations]' passed (0.015 seconds).
Test Case '-[FateLostTests.ArenaGeneratorTests testStandingDecorationsDoNotOverlap]' started.
Test Case '-[FateLostTests.ArenaGeneratorTests testStandingDecorationsDoNotOverlap]' passed (0.025 seconds).
Test Suite 'ArenaGeneratorTests' passed at 2026-09-28 23:39:46.928.
	 Executed 7 tests, with 0 failures (0 unexpected) in 0.141 (0.145) seconds
Test Suite 'ArmouryTests' started at 2026-09-28 23:39:46.929.
Test Case '-[FateLostTests.ArmouryTests testAProfileRoundTripsWithItsRack]' started.
Test Case '-[FateLostTests.ArmouryTests testAProfileRoundTripsWithItsRack]' passed (0.033 seconds).
Test Case '-[FateLostTests.ArmouryTests testAProfileWrittenBeforeTheArmouryStillLoads]' started.
Test Case '-[FateLostTests.ArmouryTests testAProfileWrittenBeforeTheArmouryStillLoads]' passed (0.001 seconds).
Test Case '-[FateLostTests.ArmouryTests testAWeaponMustBeBoughtBeforeItCanBeMastered]' started.
Test Case '-[FateLostTests.ArmouryTests testAWeaponMustBeBoughtBeforeItCanBeMastered]' passed (0.000 seconds).
Test Case '-[FateLostTests.ArmouryTests testEchoesAreNotSpentOnARefusedPurchase]' started.
Test Case '-[FateLostTests.ArmouryTests testEchoesAreNotSpentOnARefusedPurchase]' passed (0.001 seconds).
Test Case '-[FateLostTests.ArmouryTests testEveryStarterIsWholeAndUnique]' started.
Test Case '-[FateLostTests.ArmouryTests testEveryStarterIsWholeAndUnique]' passed (0.002 seconds).
Test Case '-[FateLostTests.ArmouryTests testMasteryGrowsOneRankAtATime]' started.
Test Case '-[FateLostTests.ArmouryTests testMasteryGrowsOneRankAtATime]' passed (0.001 seconds).
Test Case '-[FateLostTests.ArmouryTests testMasteryIsSmallAndStopsAtFive]' started.
Test Case '-[FateLostTests.ArmouryTests testMasteryIsSmallAndStopsAtFive]' passed (0.001 seconds).
Test Case '-[FateLostTests.ArmouryTests testNoStarterIsSimplyBetterThanTheFreeOnes]' started.
Test Case '-[FateLostTests.ArmouryTests testNoStarterIsSimplyBetterThanTheFreeOnes]' passed (0.001 seconds).
Test Case '-[FateLostTests.ArmouryTests testTheFreeThreeNeedNoBuying]' started.
Test Case '-[FateLostTests.ArmouryTests testTheFreeThreeNeedNoBuying]' passed (0.000 seconds).
Test Case '-[FateLostTests.ArmouryTests testTheRackCoversMeleeReachAndMagic]' started.
Test Case '-[FateLostTests.ArmouryTests testTheRackCoversMeleeReachAndMagic]' passed (0.001 seconds).
Test Suite 'ArmouryTests' passed at 2026-09-28 23:39:46.984.
	 Executed 10 tests, with 0 failures (0 unexpected) in 0.040 (0.055) seconds
Test Suite 'ArtTests' started at 2026-09-28 23:39:46.984.
Test Case '-[FateLostTests.ArtTests testEveryGameplaySpriteHasArt]' started.
Test Case '-[FateLostTests.ArtTests testEveryGameplaySpriteHasArt]' passed (0.328 seconds).
Test Case '-[FateLostTests.ArtTests testSummonSpritesArePreloaded]' started.
Test Case '-[FateLostTests.ArtTests testSummonSpritesArePreloaded]' passed (0.003 seconds).
Test Case '-[FateLostTests.ArtTests testSummonVariantsCycleByAllyID]' started.
Test Case '-[FateLostTests.ArtTests testSummonVariantsCycleByAllyID]' passed (0.001 seconds).
Test Suite 'ArtTests' passed at 2026-09-28 23:39:47.316.
	 Executed 3 tests, with 0 failures (0 unexpected) in 0.331 (0.332) seconds
Test Suite 'BoomerangTests' started at 2026-09-28 23:39:47.317.
Test Case '-[FateLostTests.BoomerangTests testAFullLineOfEnemiesSendsItHomeAtOnceRatherThanLosingIt]' started.
Test Case '-[FateLostTests.BoomerangTests testAFullLineOfEnemiesSendsItHomeAtOnceRatherThanLosingIt]' passed (0.143 seconds).
Test Case '-[FateLostTests.BoomerangTests testEveryHeroInAPartyThrowsTheirOwnAndCatchesIt]' started.
Test Case '-[FateLostTests.BoomerangTests testEveryHeroInAPartyThrowsTheirOwnAndCatchesIt]' passed (2.055 seconds).
Test Case '-[FateLostTests.BoomerangTests testItComesBackIsCaughtAndIsThrownAgain]' started.
Test Case '-[FateLostTests.BoomerangTests testItComesBackIsCaughtAndIsThrownAgain]' passed (1.430 seconds).
Test Case '-[FateLostTests.BoomerangTests testItReachesTheEnemyItWasThrownAtEvenAtFullRange]' started.
Test Case '-[FateLostTests.BoomerangTests testItReachesTheEnemyItWasThrownAtEvenAtFullRange]' passed (0.889 seconds).
Test Case '-[FateLostTests.BoomerangTests testNoEnemyIsStruckTwiceOnTheSameLegOfTheTrip]' started.
Test Case '-[FateLostTests.BoomerangTests testNoEnemyIsStruckTwiceOnTheSameLegOfTheTrip]' passed (1.289 seconds).
Test Case '-[FateLostTests.BoomerangTests testOtherWeaponsAreUntouchedByTheBoomerangChanges]' started.
Test Case '-[FateLostTests.BoomerangTests testOtherWeaponsAreUntouchedByTheBoomerangChanges]' passed (0.180 seconds).
Test Case '-[FateLostTests.BoomerangTests testTheBoomerangIsThrownAtAnEnemyInRange]' started.
Test Case '-[FateLostTests.BoomerangTests testTheBoomerangIsThrownAtAnEnemyInRange]' passed (0.055 seconds).
Test Case '-[FateLostTests.BoomerangTests testTheReturningBoomerangFollowsTheThrowerAsTheyRun]' started.
Test Case '-[FateLostTests.BoomerangTests testTheReturningBoomerangFollowsTheThrowerAsTheyRun]' passed (0.455 seconds).
Test Case '-[FateLostTests.BoomerangTests testTheThrownBoomerangSurvivesTheJourneyToAGuestsScreen]' started.
Test Case '-[FateLostTests.BoomerangTests testTheThrownBoomerangSurvivesTheJourneyToAGuestsScreen]' passed (0.047 seconds).
Test Suite 'BoomerangTests' passed at 2026-09-28 23:39:54.069.
	 Executed 9 tests, with 0 failures (0 unexpected) in 6.544 (6.753) seconds
Test Suite 'BossTests' started at 2026-09-28 23:39:54.070.
Test Case '-[FateLostTests.BossTests testABeamSweepsAcrossItsWedgeAndHurtsOnlyWhatItPasses]' started.
Test Case '-[FateLostTests.BossTests testABeamSweepsAcrossItsWedgeAndHurtsOnlyWhatItPasses]' passed (0.954 seconds).
Test Case '-[FateLostTests.BossTests testABlinkPutsTheChampionWhereItsSlamLands]' started.
Test Case '-[FateLostTests.BossTests testABlinkPutsTheChampionWhereItsSlamLands]' passed (0.314 seconds).
Test Case '-[FateLostTests.BossTests testAChampionHoldsStillWhileItCastsAndCatchesItsBreath]' started.
Test Case '-[FateLostTests.BossTests testAChampionHoldsStillWhileItCastsAndCatchesItsBreath]' passed (0.598 seconds).
Test Case '-[FateLostTests.BossTests testACircleCoversItsRadiusAndAHeroesBody]' started.
Test Case '-[FateLostTests.BossTests testACircleCoversItsRadiusAndAHeroesBody]' passed (0.001 seconds).
Test Case '-[FateLostTests.BossTests testAConeCoversAWedgeAheadAndNothingBehind]' started.
Test Case '-[FateLostTests.BossTests testAConeCoversAWedgeAheadAndNothingBehind]' passed (0.001 seconds).
Test Case '-[FateLostTests.BossTests testAFallenChampionsBrainIsForgotten]' started.
Test Case '-[FateLostTests.BossTests testAFallenChampionsBrainIsForgotten]' passed (0.247 seconds).
Test Case '-[FateLostTests.BossTests testAHeroWhoStepsOutIsNotHurt]' started.
Test Case '-[FateLostTests.BossTests testAHeroWhoStepsOutIsNotHurt]' passed (0.479 seconds).
Test Case '-[FateLostTests.BossTests testAHuntFollowsItsHeroThenLocksSoTheyCanStepOut]' started.
Test Case '-[FateLostTests.BossTests testAHuntFollowsItsHeroThenLocksSoTheyCanStepOut]' passed (0.536 seconds).
Test Case '-[FateLostTests.BossTests testALaneCoversAStripAndLeavesGapsBesideIt]' started.
Test Case '-[FateLostTests.BossTests testALaneCoversAStripAndLeavesGapsBesideIt]' passed (0.001 seconds).
Test Case '-[FateLostTests.BossTests testAPoolKeepsHurtingAfterItLandsAndOnlyThoseInIt]' started.
Test Case '-[FateLostTests.BossTests testAPoolKeepsHurtingAfterItLandsAndOnlyThoseInIt]' passed (1.543 seconds).
Test Case '-[FateLostTests.BossTests testAStunnedChampionLosesItsPattern]' started.
Test Case '-[FateLostTests.BossTests testAStunnedChampionLosesItsPattern]' passed (0.028 seconds).
Test Case '-[FateLostTests.BossTests testEachNewPhaseIsAnEventThatHappensOncePerPhase]' started.
Test Case '-[FateLostTests.BossTests testEachNewPhaseIsAnEventThatHappensOncePerPhase]' passed (4.848 seconds).
Test Case '-[FateLostTests.BossTests testEveryChampionHasAKitAndTheKitsGrow]' started.
Test Case '-[FateLostTests.BossTests testEveryChampionHasAKitAndTheKitsGrow]' passed (0.077 seconds).
Test Case '-[FateLostTests.BossTests testEveryChampionsGroundIsMarkedFirstAndCanBeLeftInTime]' started.
2026-09-28 23:40:21.979623+0000 FateLost[16091:49903] [AMCP]          HALC_ProxyIOContext.cpp:1623  HALC_ProxyIOContext::IOWorkLoop: skipping cycle due to overload
Test Case '-[FateLostTests.BossTests testEveryChampionsGroundIsMarkedFirstAndCanBeLeftInTime]' passed (27.129 seconds).
Test Case '-[FateLostTests.BossTests testGroundFarFromAHeroIsNotSent]' started.
Test Case '-[FateLostTests.BossTests testGroundFarFromAHeroIsNotSent]' passed (0.022 seconds).
Test Case '-[FateLostTests.BossTests testGroundIsMeasuredAcrossTheSeam]' started.
Test Case '-[FateLostTests.BossTests testGroundIsMeasuredAcrossTheSeam]' passed (0.003 seconds).
Test Case '-[FateLostTests.BossTests testMarkedGroundHurtsOnceAndOnlyAfterItsWarning]' started.
Test Case '-[FateLostTests.BossTests testMarkedGroundHurtsOnceAndOnlyAfterItsWarning]' passed (0.457 seconds).
Test Case '-[FateLostTests.BossTests testMarkedGroundTravelsToGuestsAndIsDrawnThere]' started.
Test Case '-[FateLostTests.BossTests testMarkedGroundTravelsToGuestsAndIsDrawnThere]' passed (0.030 seconds).
Test Case '-[FateLostTests.BossTests testMovesOpenUpAsTheFightGoes]' started.
Test Case '-[FateLostTests.BossTests testMovesOpenUpAsTheFightGoes]' passed (0.001 seconds).
Test Case '-[FateLostTests.BossTests testNoRealmSendsTheSameChampionTwice]' started.
Test Case '-[FateLostTests.BossTests testNoRealmSendsTheSameChampionTwice]' passed (0.001 seconds).
Test Case '-[FateLostTests.BossTests testNoShotIsFasterThanAHeroCanReadAndWeaveThrough]' started.
Test Case '-[FateLostTests.BossTests testNoShotIsFasterThanAHeroCanReadAndWeaveThrough]' passed (9.528 seconds).
Test Case '-[FateLostTests.BossTests testTheGuideNeverHurtsAndTheRestDoes]' started.
Test Case '-[FateLostTests.BossTests testTheGuideNeverHurtsAndTheRestDoes]' passed (0.228 seconds).
Test Case '-[FateLostTests.BossTests testWarningsNeverShrinkBelowTheFloor]' started.
Test Case '-[FateLostTests.BossTests testWarningsNeverShrinkBelowTheFloor]' passed (0.002 seconds).
Test Suite 'BossTests' passed at 2026-09-28 23:40:41.269.
	 Executed 23 tests, with 0 failures (0 unexpected) in 47.027 (47.199) seconds
Test Suite 'ByteCodecTests' started at 2026-09-28 23:40:41.270.
Test Case '-[FateLostTests.ByteCodecTests testAReadPastTheEndFailsQuietly]' started.
Test Case '-[FateLostTests.ByteCodecTests testAReadPastTheEndFailsQuietly]' passed (0.003 seconds).
Test Case '-[FateLostTests.ByteCodecTests testAStringLongerThanTheLimitIsCutOnACharacterBoundary]' started.
Test Case '-[FateLostTests.ByteCodecTests testAStringLongerThanTheLimitIsCutOnACharacterBoundary]' passed (0.002 seconds).
Test Case '-[FateLostTests.ByteCodecTests testAStringThatClaimsToBeLongerThanTheDataFails]' started.
Test Case '-[FateLostTests.ByteCodecTests testAStringThatClaimsToBeLongerThanTheDataFails]' passed (0.003 seconds).
Test Case '-[FateLostTests.ByteCodecTests testDirectionsSurviveAsAnAngle]' started.
Test Case '-[FateLostTests.ByteCodecTests testDirectionsSurviveAsAnAngle]' passed (0.003 seconds).
Test Case '-[FateLostTests.ByteCodecTests testEveryPrimitiveRoundTrips]' started.
Test Case '-[FateLostTests.ByteCodecTests testEveryPrimitiveRoundTrips]' passed (0.003 seconds).
Test Case '-[FateLostTests.ByteCodecTests testHashesOfEveryKnownThingAreDistinct]' started.
Test Case '-[FateLostTests.ByteCodecTests testHashesOfEveryKnownThingAreDistinct]' passed (0.005 seconds).
Test Case '-[FateLostTests.ByteCodecTests testPositionsKeepAboutAHundredthOfATile]' started.
Test Case '-[FateLostTests.ByteCodecTests testPositionsKeepAboutAHundredthOfATile]' passed (0.001 seconds).
Test Case '-[FateLostTests.ByteCodecTests testVelocitiesFitOneByteUpToFifteenTilesASecond]' started.
Test Case '-[FateLostTests.ByteCodecTests testVelocitiesFitOneByteUpToFifteenTilesASecond]' passed (0.002 seconds).
Test Suite 'ByteCodecTests' passed at 2026-09-28 23:40:41.300.
	 Executed 8 tests, with 0 failures (0 unexpected) in 0.021 (0.030) seconds
Test Suite 'CapeSwayTests' started at 2026-09-28 23:40:41.300.
Test Case '-[FateLostTests.CapeSwayTests testAStandingHeroHasOnlyABreathOfMovement]' started.
Test Case '-[FateLostTests.CapeSwayTests testAStandingHeroHasOnlyABreathOfMovement]' passed (0.004 seconds).
Test Case '-[FateLostTests.CapeSwayTests testAStillCloakHangsStraight]' started.
Test Case '-[FateLostTests.CapeSwayTests testAStillCloakHangsStraight]' passed (0.003 seconds).
Test Case '-[FateLostTests.CapeSwayTests testEveryAngelAndDemonWingDrawsOnEveryBuildWithinTheCanvas]' started.
Test Case '-[FateLostTests.CapeSwayTests testEveryAngelAndDemonWingDrawsOnEveryBuildWithinTheCanvas]' passed (0.195 seconds).
Test Case '-[FateLostTests.CapeSwayTests testEveryBuildHasShouldersWhereTheArtPutsThem]' started.
Test Case '-[FateLostTests.CapeSwayTests testEveryBuildHasShouldersWhereTheArtPutsThem]' passed (0.001 seconds).
Test Case '-[FateLostTests.CapeSwayTests testEveryCloakSaysHowFreelyItHangsAndArmourHangsLeast]' started.
Test Case '-[FateLostTests.CapeSwayTests testEveryCloakSaysHowFreelyItHangsAndArmourHangsLeast]' passed (0.001 seconds).
Test Case '-[FateLostTests.CapeSwayTests testItSettlesOnceTheHeroStops]' started.
Test Case '-[FateLostTests.CapeSwayTests testItSettlesOnceTheHeroStops]' passed (0.001 seconds).
Test Case '-[FateLostTests.CapeSwayTests testNoInputCanStretchOrFlingIt]' started.
Test Case '-[FateLostTests.CapeSwayTests testNoInputCanStretchOrFlingIt]' passed (0.001 seconds).
Test Case '-[FateLostTests.CapeSwayTests testRigidThingsDoNotTurn]' started.
Test Case '-[FateLostTests.CapeSwayTests testRigidThingsDoNotTurn]' passed (0.001 seconds).
Test Case '-[FateLostTests.CapeSwayTests testTheCloakNeverTurnsFurtherThanASmallAngle]' started.
Test Case '-[FateLostTests.CapeSwayTests testTheCloakNeverTurnsFurtherThanASmallAngle]' passed (0.001 seconds).
Test Case '-[FateLostTests.CapeSwayTests testTheCloakTrailsBehindAWalkingHero]' started.
Test Case '-[FateLostTests.CapeSwayTests testTheCloakTrailsBehindAWalkingHero]' passed (0.000 seconds).
Test Case '-[FateLostTests.CapeSwayTests testTheCloakTurnsAboutTheShouldersTowardWhereTheHemTrails]' started.
Test Case '-[FateLostTests.CapeSwayTests testTheCloakTurnsAboutTheShouldersTowardWhereTheHemTrails]' passed (0.000 seconds).
Test Case '-[FateLostTests.CapeSwayTests testTheCostOfAMinuteOfSwayForAFullPartyIsSmall]' started.
/Users/runner/work/FateLost/FateLost/FateLostTests/CapeSwayTests.swift:139: Test Case '-[FateLostTests.CapeSwayTests testTheCostOfAMinuteOfSwayForAFullPartyIsSmall]' measured [Time, seconds] average: 0.012, relative standard deviation: 25.405%, values: [0.007661, 0.013961, 0.013765, 0.014493, 0.014513, 0.015057, 0.012685, 0.011184, 0.008521, 0.006540], performanceMetricID:com.apple.XCTPerformanceMetric_WallClockTime, baselineName: "", baselineAverage: , polarity: prefers smaller, maxPercentRegression: 10.000%, maxPercentRelativeStandardDeviation: 10.000%, maxRegression: 0.100, maxStandardDeviation: 0.100
Test Case '-[FateLostTests.CapeSwayTests testTheCostOfAMinuteOfSwayForAFullPartyIsSmall]' passed (1.619 seconds).
Test Case '-[FateLostTests.CapeSwayTests testTheThreePiecesMakeUpTheWholeFigureOnTheSameCanvas]' started.
Test Case '-[FateLostTests.CapeSwayTests testTheThreePiecesMakeUpTheWholeFigureOnTheSameCanvas]' passed (1.071 seconds).
Test Case '-[FateLostTests.CapeSwayTests testTurningAboutTheShouldersKeepsThemWhereTheyAre]' started.
Test Case '-[FateLostTests.CapeSwayTests testTurningAboutTheShouldersKeepsThemWhereTheyAre]' passed (0.001 seconds).
Test Case '-[FateLostTests.CapeSwayTests testTurningSwingsTheCloakAcrossAndItSettles]' started.
Test Case '-[FateLostTests.CapeSwayTests testTurningSwingsTheCloakAcrossAndItSettles]' passed (0.000 seconds).
Test Suite 'CapeSwayTests' passed at 2026-09-28 23:40:44.209.
	 Executed 15 tests, with 0 failures (0 unexpected) in 2.898 (2.909) seconds
Test Suite 'ChargeTelegraphTests' started at 2026-09-28 23:40:44.209.
Test Case '-[FateLostTests.ChargeTelegraphTests testArchersAreRareAndNotInTheFirstTwoWaves]' started.
Test Case '-[FateLostTests.ChargeTelegraphTests testArchersAreRareAndNotInTheFirstTwoWaves]' passed (0.001 seconds).
Test Case '-[FateLostTests.ChargeTelegraphTests testEveryChargingChampionGivesAFairWarning]' started.
Test Case '-[FateLostTests.ChargeTelegraphTests testEveryChargingChampionGivesAFairWarning]' passed (0.004 seconds).
Test Case '-[FateLostTests.ChargeTelegraphTests testStandingInTheLaneStillHurts]' started.
Test Case '-[FateLostTests.ChargeTelegraphTests testStandingInTheLaneStillHurts]' passed (0.857 seconds).
Test Case '-[FateLostTests.ChargeTelegraphTests testTheAimIsClearedOnceTheChargeBegins]' started.
Test Case '-[FateLostTests.ChargeTelegraphTests testTheAimIsClearedOnceTheChargeBegins]' passed (0.241 seconds).
Test Case '-[FateLostTests.ChargeTelegraphTests testTheArchersDamageAndRangeAreUntouched]' started.
Test Case '-[FateLostTests.ChargeTelegraphTests testTheArchersDamageAndRangeAreUntouched]' passed (0.001 seconds).
Test Case '-[FateLostTests.ChargeTelegraphTests testTheBossCommitsToALineAndDoesNotFollowTheHeroOffIt]' started.
Test Case '-[FateLostTests.ChargeTelegraphTests testTheBossCommitsToALineAndDoesNotFollowTheHeroOffIt]' passed (0.316 seconds).
Test Case '-[FateLostTests.ChargeTelegraphTests testTheBossWindsUpLongerAndChargesLessOftenThanItDid]' started.
Test Case '-[FateLostTests.ChargeTelegraphTests testTheBossWindsUpLongerAndChargesLessOftenThanItDid]' passed (0.001 seconds).
Test Case '-[FateLostTests.ChargeTelegraphTests testTheFirstRealmsArchersFireAboutAThirdLessOftenAgain]' started.
Test Case '-[FateLostTests.ChargeTelegraphTests testTheFirstRealmsArchersFireAboutAThirdLessOftenAgain]' passed (0.001 seconds).
Test Suite 'ChargeTelegraphTests' passed at 2026-09-28 23:40:45.641.
	 Executed 8 tests, with 0 failures (0 unexpected) in 1.422 (1.432) seconds
Test Suite 'ClaymoreTests' started at 2026-09-28 23:40:45.641.
Test Case '-[FateLostTests.ClaymoreTests testAnOlderSaveWithoutItStillLoadsAndDoesNotOwnIt]' started.
Test Case '-[FateLostTests.ClaymoreTests testAnOlderSaveWithoutItStillLoadsAndDoesNotOwnIt]' passed (0.046 seconds).
Test Case '-[FateLostTests.ClaymoreTests testEveryHeroInAPartyCanSwingIt]' started.
Test Case '-[FateLostTests.ClaymoreTests testEveryHeroInAPartyCanSwingIt]' passed (1.185 seconds).
Test Case '-[FateLostTests.ClaymoreTests testItCanBeBoughtMasteredAndIsRememberedInTheSave]' started.
Test Case '-[FateLostTests.ClaymoreTests testItCanBeBoughtMasteredAndIsRememberedInTheSave]' passed (0.005 seconds).
Test Case '-[FateLostTests.ClaymoreTests testItHasItsOwnLargeArt]' started.
Test Case '-[FateLostTests.ClaymoreTests testItHasItsOwnLargeArt]' passed (0.012 seconds).
Test Case '-[FateLostTests.ClaymoreTests testItIsOnTheRackAndFollowsTheBalancePatterns]' started.
Test Case '-[FateLostTests.ClaymoreTests testItIsOnTheRackAndFollowsTheBalancePatterns]' passed (0.042 seconds).
Test Case '-[FateLostTests.ClaymoreTests testItSwingsAndHitsInASoloRun]' started.
Test Case '-[FateLostTests.ClaymoreTests testItSwingsAndHitsInASoloRun]' passed (0.805 seconds).
Test Case '-[FateLostTests.ClaymoreTests testItTravelsToAPartyAndComesBackAsTheSameWeapon]' started.
Test Case '-[FateLostTests.ClaymoreTests testItTravelsToAPartyAndComesBackAsTheSameWeapon]' passed (0.049 seconds).
Test Suite 'ClaymoreTests' passed at 2026-09-28 23:40:47.788.
	 Executed 7 tests, with 0 failures (0 unexpected) in 2.143 (2.147) seconds
Test Suite 'CloakRenderTests' started at 2026-09-28 23:40:47.788.
Test Case '-[FateLostTests.CloakRenderTests testAWalkingHerosCloakStaysWhereItIsAndTheRightWayUp]' started.
2026-09-28 23:40:47.858567+0000 FateLost[16091:48384] [UIFocus] SKView implements focusItemsInRect: - caching for linear focus movement is limited as long as this view is on screen.
2026-09-28 23:40:48.501927+0000 FateLost[16091:48384] [UIFocus] SKView implements focusItemsInRect: - caching for linear focus movement is limited as long as this view is on screen.
2026-09-28 23:40:48.977085+0000 FateLost[16091:48384] [UIFocus] SKView implements focusItemsInRect: - caching for linear focus movement is limited as long as this view is on screen.
2026-09-28 23:40:50.977738+0000 FateLost[16091:48384] [UIFocus] SKView implements focusItemsInRect: - caching for linear focus movement is limited as long as this view is on screen.
2026-09-28 23:40:51.360735+0000 FateLost[16091:48384] [UIFocus] SKView implements focusItemsInRect: - caching for linear focus movement is limited as long as this view is on screen.
2026-09-28 23:40:51.866022+0000 FateLost[16091:48384] [UIFocus] SKView implements focusItemsInRect: - caching for linear focus movement is limited as long as this view is on screen.
Test Case '-[FateLostTests.CloakRenderTests testAWalkingHerosCloakStaysWhereItIsAndTheRightWayUp]' passed (6.282 seconds).
Test Case '-[FateLostTests.CloakRenderTests testTheCloakSpriteIsOnlyEverTurnedALittle]' started.
Test Case '-[FateLostTests.CloakRenderTests testTheCloakSpriteIsOnlyEverTurnedALittle]' passed (0.038 seconds).
Test Case '-[FateLostTests.CloakRenderTests testThePiecesDrawTheSameFigureAsTheWholeSprite]' started.
2026-09-28 23:40:54.115890+0000 FateLost[16091:48384] [UIFocus] SKView implements focusItemsInRect: - caching for linear focus movement is limited as long as this view is on screen.
2026-09-28 23:40:54.705174+0000 FateLost[16091:48384] [UIFocus] SKView implements focusItemsInRect: - caching for linear focus movement is limited as long as this view is on screen.
2026-09-28 23:40:56.227152+0000 FateLost[16091:48384] [UIFocus] SKView implements focusItemsInRect: - caching for linear focus movement is limited as long as this view is on screen.
2026-09-28 23:40:56.789239+0000 FateLost[16091:48384] [UIFocus] SKView implements focusItemsInRect: - caching for linear focus movement is limited as long as this view is on screen.
Test Case '-[FateLostTests.CloakRenderTests testThePiecesDrawTheSameFigureAsTheWholeSprite]' passed (4.045 seconds).
Test Suite 'CloakRenderTests' passed at 2026-09-28 23:40:58.155.
	 Executed 3 tests, with 0 failures (0 unexpected) in 10.365 (10.366) seconds
Test Suite 'CompanionAppearanceTests' started at 2026-09-28 23:40:58.155.
Test Case '-[FateLostTests.CompanionAppearanceTests testABrokeProfileCannotBuyACompanionAppearance]' started.
Test Case '-[FateLostTests.CompanionAppearanceTests testABrokeProfileCannotBuyACompanionAppearance]' passed (0.002 seconds).
Test Case '-[FateLostTests.CompanionAppearanceTests testAFormWithNoChosenAppearanceKeepsTheCatalogueOne]' started.
Test Case '-[FateLostTests.CompanionAppearanceTests testAFormWithNoChosenAppearanceKeepsTheCatalogueOne]' passed (0.001 seconds).
Test Case '-[FateLostTests.CompanionAppearanceTests testAFreshLookIsTheBaseAppearanceAtStandardSize]' started.
Test Case '-[FateLostTests.CompanionAppearanceTests testAFreshLookIsTheBaseAppearanceAtStandardSize]' passed (0.002 seconds).
Test Case '-[FateLostTests.CompanionAppearanceTests testApplyingAnOptionWearsExactlyThatOptionAndNothingElse]' started.
Test Case '-[FateLostTests.CompanionAppearanceTests testApplyingAnOptionWearsExactlyThatOptionAndNothingElse]' passed (0.001 seconds).
Test Case '-[FateLostTests.CompanionAppearanceTests testARestyledDruidFormCarriesTheChosenAppearanceAndSize]' started.
Test Case '-[FateLostTests.CompanionAppearanceTests testARestyledDruidFormCarriesTheChosenAppearanceAndSize]' passed (0.001 seconds).
Test Case '-[FateLostTests.CompanionAppearanceTests testASizeOrExtraHasAFallbackButAnAppearanceDoesNot]' started.
Test Case '-[FateLostTests.CompanionAppearanceTests testASizeOrExtraHasAFallbackButAnAppearanceDoesNot]' passed (0.001 seconds).
Test Case '-[FateLostTests.CompanionAppearanceTests testBaseAppearanceAndStandardSizeAreAlwaysFree]' started.
Test Case '-[FateLostTests.CompanionAppearanceTests testBaseAppearanceAndStandardSizeAreAlwaysFree]' passed (0.001 seconds).
Test Case '-[FateLostTests.CompanionAppearanceTests testBaseAppearanceIsWornWhenNothingIsChosen]' started.
Test Case '-[FateLostTests.CompanionAppearanceTests testBaseAppearanceIsWornWhenNothingIsChosen]' passed (0.004 seconds).
Test Case '-[FateLostTests.CompanionAppearanceTests testBuyingAnAppearanceTakesTheEchoesAndKeepsIt]' started.
Test Case '-[FateLostTests.CompanionAppearanceTests testBuyingAnAppearanceTakesTheEchoesAndKeepsIt]' passed (0.001 seconds).
Test Case '-[FateLostTests.CompanionAppearanceTests testBuyingOneAppearanceDoesNotUnlockAnother]' started.
Test Case '-[FateLostTests.CompanionAppearanceTests testBuyingOneAppearanceDoesNotUnlockAnother]' passed (0.001 seconds).
Test Case '-[FateLostTests.CompanionAppearanceTests testCustomizationRoundTripsThroughJSON]' started.
Test Case '-[FateLostTests.CompanionAppearanceTests testCustomizationRoundTripsThroughJSON]' passed (0.028 seconds).
Test Case '-[FateLostTests.CompanionAppearanceTests testEachAxisIsRestrictedIndependently]' started.
Test Case '-[FateLostTests.CompanionAppearanceTests testEachAxisIsRestrictedIndependently]' passed (0.001 seconds).
Test Case '-[FateLostTests.CompanionAppearanceTests testEveryOptionIDIsUnique]' started.
Test Case '-[FateLostTests.CompanionAppearanceTests testEveryOptionIDIsUnique]' passed (0.001 seconds).
Test Case '-[FateLostTests.CompanionAppearanceTests testEveryOtherOptionCostsSomething]' started.
Test Case '-[FateLostTests.CompanionAppearanceTests testEveryOtherOptionCostsSomething]' passed (0.001 seconds).
Test Case '-[FateLostTests.CompanionAppearanceTests testEverySummonTargetMapsBackFromItsOwnKey]' started.
Test Case '-[FateLostTests.CompanionAppearanceTests testEverySummonTargetMapsBackFromItsOwnKey]' passed (0.001 seconds).
Test Case '-[FateLostTests.CompanionAppearanceTests testEveryTargetHasABaseAppearanceFirst]' started.
Test Case '-[FateLostTests.CompanionAppearanceTests testEveryTargetHasABaseAppearanceFirst]' passed (0.001 seconds).
Test Case '-[FateLostTests.CompanionAppearanceTests testFieryTargetsDoNotOfferARedundantEmberVariant]' started.
Test Case '-[FateLostTests.CompanionAppearanceTests testFieryTargetsDoNotOfferARedundantEmberVariant]' passed (0.001 seconds).
Test Case '-[FateLostTests.CompanionAppearanceTests testGarbageJSONFallsBackToEmpty]' started.
Test Case '-[FateLostTests.CompanionAppearanceTests testGarbageJSONFallsBackToEmpty]' passed (0.003 seconds).
Test Case '-[FateLostTests.CompanionAppearanceTests testHeavierCompanionsCostMoreToRestyle]' started.
Test Case '-[FateLostTests.CompanionAppearanceTests testHeavierCompanionsCostMoreToRestyle]' passed (0.000 seconds).
Test Case '-[FateLostTests.CompanionAppearanceTests testIronFistHasNoCompanionTargetAndIsNeverRestyled]' started.
Test Case '-[FateLostTests.CompanionAppearanceTests testIronFistHasNoCompanionTargetAndIsNeverRestyled]' passed (0.001 seconds).
Test Case '-[FateLostTests.CompanionAppearanceTests testIsWornMatchesTheEquippedOption]' started.
Test Case '-[FateLostTests.CompanionAppearanceTests testIsWornMatchesTheEquippedOption]' passed (0.001 seconds).
Test Case '-[FateLostTests.CompanionAppearanceTests testOptionIDsDoNotCollideWithTheHeroWardrobe]' started.
Test Case '-[FateLostTests.CompanionAppearanceTests testOptionIDsDoNotCollideWithTheHeroWardrobe]' passed (0.001 seconds).
Test Case '-[FateLostTests.CompanionAppearanceTests testOwnedChoicesSurviveRestriction]' started.
Test Case '-[FateLostTests.CompanionAppearanceTests testOwnedChoicesSurviveRestriction]' passed (0.001 seconds).
Test Case '-[FateLostTests.CompanionAppearanceTests testUnknownAppearanceIDFallsBackToBase]' started.
Test Case '-[FateLostTests.CompanionAppearanceTests testUnknownAppearanceIDFallsBackToBase]' passed (0.001 seconds).
Test Case '-[FateLostTests.CompanionAppearanceTests testUnownedChoicesFallBackOnRestriction]' started.
Test Case '-[FateLostTests.CompanionAppearanceTests testUnownedChoicesFallBackOnRestriction]' passed (0.001 seconds).
Test Suite 'CompanionAppearanceTests' passed at 2026-09-28 23:40:58.417.
	 Executed 25 tests, with 0 failures (0 unexpected) in 0.055 (0.262) seconds
Test Suite 'DeveloperAndResetTests' started at 2026-09-28 23:40:58.417.
Test Case '-[FateLostTests.DeveloperAndResetTests testDeveloperModeStartsLockedAndOldSettingsStayLocked]' started.
Test Case '-[FateLostTests.DeveloperAndResetTests testDeveloperModeStartsLockedAndOldSettingsStayLocked]' passed (0.006 seconds).
Test Case '-[FateLostTests.DeveloperAndResetTests testErasingTheLegacySaveStartsAFreshProfile]' started.
Test Case '-[FateLostTests.DeveloperAndResetTests testErasingTheLegacySaveStartsAFreshProfile]' passed (0.007 seconds).
Test Case '-[FateLostTests.DeveloperAndResetTests testLockingClearsEveryCheat]' started.
Test Case '-[FateLostTests.DeveloperAndResetTests testLockingClearsEveryCheat]' passed (0.001 seconds).
Test Case '-[FateLostTests.DeveloperAndResetTests testResettingSettingsDeletesTheFileAndRestoresDefaults]' started.
Test Case '-[FateLostTests.DeveloperAndResetTests testResettingSettingsDeletesTheFileAndRestoresDefaults]' passed (0.005 seconds).
Test Case '-[FateLostTests.DeveloperAndResetTests testTheDeveloperCodeIsExact]' started.
Test Case '-[FateLostTests.DeveloperAndResetTests testTheDeveloperCodeIsExact]' passed (0.020 seconds).
Test Suite 'DeveloperAndResetTests' passed at 2026-09-28 23:40:58.457.
	 Executed 5 tests, with 0 failures (0 unexpected) in 0.039 (0.040) seconds
Test Suite 'DifficultyModifierTests' started at 2026-09-28 23:40:58.457.
Test Case '-[FateLostTests.DifficultyModifierTests testAnEliteRelatedModifierAddsRareElitesToARealmTooEarlyForThem]' started.
Test Case '-[FateLostTests.DifficultyModifierTests testAnEliteRelatedModifierAddsRareElitesToARealmTooEarlyForThem]' passed (0.001 seconds).
Test Case '-[FateLostTests.DifficultyModifierTests testDifficultyBonusAddsToEchoesEarned]' started.
Test Case '-[FateLostTests.DifficultyModifierTests testDifficultyBonusAddsToEchoesEarned]' passed (0.002 seconds).
Test Case '-[FateLostTests.DifficultyModifierTests testDontStopDoesNothingWhileMoving]' started.
Test Case '-[FateLostTests.DifficultyModifierTests testDontStopDoesNothingWhileMoving]' passed (0.487 seconds).
Test Case '-[FateLostTests.DifficultyModifierTests testDontStopIsInertWhenNotChosen]' started.
Test Case '-[FateLostTests.DifficultyModifierTests testDontStopIsInertWhenNotChosen]' passed (0.540 seconds).
Test Case '-[FateLostTests.DifficultyModifierTests testDontStopTicksDamageOncePastTheGracePeriod]' started.
Test Case '-[FateLostTests.DifficultyModifierTests testDontStopTicksDamageOncePastTheGracePeriod]' passed (0.402 seconds).
Test Case '-[FateLostTests.DifficultyModifierTests testEffectsSumAcrossSeveralActiveModifiers]' started.
Test Case '-[FateLostTests.DifficultyModifierTests testEffectsSumAcrossSeveralActiveModifiers]' passed (0.001 seconds).
Test Case '-[FateLostTests.DifficultyModifierTests testElitistBoostsWeightWithoutRaisingTheCap]' started.
Test Case '-[FateLostTests.DifficultyModifierTests testElitistBoostsWeightWithoutRaisingTheCap]' passed (0.000 seconds).
Test Case '-[FateLostTests.DifficultyModifierTests testEveryModifierHasACatalogEntry]' started.
Test Case '-[FateLostTests.DifficultyModifierTests testEveryModifierHasACatalogEntry]' passed (0.000 seconds).
Test Case '-[FateLostTests.DifficultyModifierTests testExtraElitesRaisesTheSimultaneousCapAndForcesElitesIntoEveryRealm]' started.
Test Case '-[FateLostTests.DifficultyModifierTests testExtraElitesRaisesTheSimultaneousCapAndForcesElitesIntoEveryRealm]' passed (0.044 seconds).
Test Case '-[FateLostTests.DifficultyModifierTests testForcingRareElitesIntoARealmThatAlreadyHasThemDoesNotDuplicateThem]' started.
Test Case '-[FateLostTests.DifficultyModifierTests testForcingRareElitesIntoARealmThatAlreadyHasThemDoesNotDuplicateThem]' passed (0.003 seconds).
Test Case '-[FateLostTests.DifficultyModifierTests testGlassCannonDamageTakenScaleAppliesInStrikePlayer]' started.
Test Case '-[FateLostTests.DifficultyModifierTests testGlassCannonDamageTakenScaleAppliesInStrikePlayer]' passed (0.012 seconds).
Test Case '-[FateLostTests.DifficultyModifierTests testGlassCannonMakesTheHeroHitHarderAndTakeMoreDamage]' started.
Test Case '-[FateLostTests.DifficultyModifierTests testGlassCannonMakesTheHeroHitHarderAndTakeMoreDamage]' passed (0.026 seconds).
Test Case '-[FateLostTests.DifficultyModifierTests testIronLungHalvesHealingReceived]' started.
Test Case '-[FateLostTests.DifficultyModifierTests testIronLungHalvesHealingReceived]' passed (0.026 seconds).
Test Case '-[FateLostTests.DifficultyModifierTests testNoSecondWindZeroesHealthRegen]' started.
Test Case '-[FateLostTests.DifficultyModifierTests testNoSecondWindZeroesHealthRegen]' passed (0.017 seconds).
Test Case '-[FateLostTests.DifficultyModifierTests testRealmProgressDecodesOldSavesWithoutActiveModifiers]' started.
Test Case '-[FateLostTests.DifficultyModifierTests testRealmProgressDecodesOldSavesWithoutActiveModifiers]' passed (0.009 seconds).
Test Case '-[FateLostTests.DifficultyModifierTests testRealmProgressRoundTripsActiveModifiers]' started.
Test Case '-[FateLostTests.DifficultyModifierTests testRealmProgressRoundTripsActiveModifiers]' passed (0.023 seconds).
Test Case '-[FateLostTests.DifficultyModifierTests testReinforcedEnemiesPayoutInterpolatesAcrossItsRange]' started.
Test Case '-[FateLostTests.DifficultyModifierTests testReinforcedEnemiesPayoutInterpolatesAcrossItsRange]' passed (0.001 seconds).
Test Case '-[FateLostTests.DifficultyModifierTests testReinforcedEnemiesScalesEnemyHealth]' started.
Test Case '-[FateLostTests.DifficultyModifierTests testReinforcedEnemiesScalesEnemyHealth]' passed (0.040 seconds).
Test Case '-[FateLostTests.DifficultyModifierTests testThinIceRemovesDodgeEntirely]' started.
Test Case '-[FateLostTests.DifficultyModifierTests testThinIceRemovesDodgeEntirely]' passed (0.024 seconds).
Test Case '-[FateLostTests.DifficultyModifierTests testTogglesPayTheSameBonusRegardlessOfIntensity]' started.
Test Case '-[FateLostTests.DifficultyModifierTests testTogglesPayTheSameBonusRegardlessOfIntensity]' passed (0.002 seconds).
Test Case '-[FateLostTests.DifficultyModifierTests testViciousFoesScalesEnemyDamage]' started.
Test Case '-[FateLostTests.DifficultyModifierTests testViciousFoesScalesEnemyDamage]' passed (0.038 seconds).
Test Suite 'DifficultyModifierTests' passed at 2026-09-28 23:41:00.722.
	 Executed 21 tests, with 0 failures (0 unexpected) in 1.698 (2.264) seconds
Test Suite 'DisplayNameTests' started at 2026-09-28 23:41:00.722.
Test Case '-[FateLostTests.DisplayNameTests testAcceptsOrdinaryNamesAndTidiesThem]' started.
Test Case '-[FateLostTests.DisplayNameTests testAcceptsOrdinaryNamesAndTidiesThem]' passed (0.004 seconds).
Test Case '-[FateLostTests.DisplayNameTests testAnInvisibleNameIsNotAName]' started.
Test Case '-[FateLostTests.DisplayNameTests testAnInvisibleNameIsNotAName]' passed (0.001 seconds).
Test Case '-[FateLostTests.DisplayNameTests testRejectsTheUnusable]' started.
Test Case '-[FateLostTests.DisplayNameTests testRejectsTheUnusable]' passed (0.001 seconds).
Test Suite 'DisplayNameTests' passed at 2026-09-28 23:41:00.825.
	 Executed 3 tests, with 0 failures (0 unexpected) in 0.005 (0.103) seconds
Test Suite 'DropTests' started at 2026-09-28 23:41:00.825.
Test Case '-[FateLostTests.DropTests testACacheExpiresButAChestDoesNot]' started.
Test Case '-[FateLostTests.DropTests testACacheExpiresButAChestDoesNot]' passed (0.002 seconds).
Test Case '-[FateLostTests.DropTests testAChampionAlwaysLeavesAChestAndSomeDraughts]' started.
Test Case '-[FateLostTests.DropTests testAChampionAlwaysLeavesAChestAndSomeDraughts]' passed (0.001 seconds).
Test Case '-[FateLostTests.DropTests testAChestOutOfReachStaysPutEvenInsideThePickupRadius]' started.
Test Case '-[FateLostTests.DropTests testAChestOutOfReachStaysPutEvenInsideThePickupRadius]' passed (0.002 seconds).
Test Case '-[FateLostTests.DropTests testAFallenPlayerCollectsNothing]' started.
Test Case '-[FateLostTests.DropTests testAFallenPlayerCollectsNothing]' passed (0.066 seconds).
Test Case '-[FateLostTests.DropTests testALateChampionLeavesAHoard]' started.
Test Case '-[FateLostTests.DropTests testALateChampionLeavesAHoard]' passed (0.003 seconds).
Test Case '-[FateLostTests.DropTests testAMagnetDrawsEveryEmberInAtOnce]' started.
Test Case '-[FateLostTests.DropTests testAMagnetDrawsEveryEmberInAtOnce]' passed (0.003 seconds).
Test Case '-[FateLostTests.DropTests testASecondChestWaitsForTheFirstToBeAnswered]' started.
Test Case '-[FateLostTests.DropTests testASecondChestWaitsForTheFirstToBeAnswered]' passed (0.083 seconds).
Test Case '-[FateLostTests.DropTests testAVialFarAwayIsLeftAlone]' started.
Test Case '-[FateLostTests.DropTests testAVialFarAwayIsLeftAlone]' passed (0.001 seconds).
Test Case '-[FateLostTests.DropTests testAVialHealsAQuarterOfMaxHealth]' started.
Test Case '-[FateLostTests.DropTests testAVialHealsAQuarterOfMaxHealth]' passed (0.001 seconds).
Test Case '-[FateLostTests.DropTests testElitesSometimesLeaveACacheAndNothingRicherThanOne]' started.
Test Case '-[FateLostTests.DropTests testElitesSometimesLeaveACacheAndNothingRicherThanOne]' passed (0.008 seconds).
Test Case '-[FateLostTests.DropTests testLootHasItsOwnRandomStream]' started.
Test Case '-[FateLostTests.DropTests testLootHasItsOwnRandomStream]' passed (0.001 seconds).
Test Case '-[FateLostTests.DropTests testStandingOnAChestOpensAnOffer]' started.
Test Case '-[FateLostTests.DropTests testStandingOnAChestOpensAnOffer]' passed (0.019 seconds).
Test Case '-[FateLostTests.DropTests testTheGroundNeverFillsWithDraughts]' started.
Test Case '-[FateLostTests.DropTests testTheGroundNeverFillsWithDraughts]' passed (0.003 seconds).
Test Case '-[FateLostTests.DropTests testTheHordeNeverLeavesAChestAndRarelyLeavesAnything]' started.
Test Case '-[FateLostTests.DropTests testTheHordeNeverLeavesAChestAndRarelyLeavesAnything]' passed (0.001 seconds).
Test Case '-[FateLostTests.DropTests testWalkingOntoAChestQueuesAFindAndRemovesIt]' started.
Test Case '-[FateLostTests.DropTests testWalkingOntoAChestQueuesAFindAndRemovesIt]' passed (0.001 seconds).
Test Suite 'DropTests' passed at 2026-09-28 23:41:01.032.
	 Executed 15 tests, with 0 failures (0 unexpected) in 0.194 (0.207) seconds
Test Suite 'EliteTests' started at 2026-09-28 23:41:01.032.
Test Case '-[FateLostTests.EliteTests testABarrierAbsorbsDamageBeforeHealthAndBreakingTurnsItBerserker]' started.
Test Case '-[FateLostTests.EliteTests testABarrierAbsorbsDamageBeforeHealthAndBreakingTurnsItBerserker]' passed (0.018 seconds).
Test Case '-[FateLostTests.EliteTests testABarrierAndAHerosFireAndStunReachTheWire]' started.
Test Case '-[FateLostTests.EliteTests testABarrierAndAHerosFireAndStunReachTheWire]' passed (0.011 seconds).
Test Case '-[FateLostTests.EliteTests testABombTelegraphsThenBurnsWhoeverItCatchesAndMissesWhoeverLeaves]' started.
Test Case '-[FateLostTests.EliteTests testABombTelegraphsThenBurnsWhoeverItCatchesAndMissesWhoeverLeaves]' passed (1.050 seconds).
Test Case '-[FateLostTests.EliteTests testAConnectingHookPullsAndStunsAndAMissDoesNothing]' started.
Test Case '-[FateLostTests.EliteTests testAConnectingHookPullsAndStunsAndAMissDoesNothing]' passed (0.374 seconds).
Test Case '-[FateLostTests.EliteTests testAMissedHookLeavesTheHeroUntouched]' started.
Test Case '-[FateLostTests.EliteTests testAMissedHookLeavesTheHeroUntouched]' passed (0.184 seconds).
Test Case '-[FateLostTests.EliteTests testAnExplosiveElitesDeathDetonatesAfterAFuse]' started.
Test Case '-[FateLostTests.EliteTests testAnExplosiveElitesDeathDetonatesAfterAFuse]' passed (0.016 seconds).
Test Case '-[FateLostTests.EliteTests testAShieldedShieldbreakerNeverHooksButABrokenOneDoes]' started.
Test Case '-[FateLostTests.EliteTests testAShieldedShieldbreakerNeverHooksButABrokenOneDoes]' passed (0.018 seconds).
Test Case '-[FateLostTests.EliteTests testLeavingBeforeItLandsTakesNoDamageAndNoBurn]' started.
Test Case '-[FateLostTests.EliteTests testLeavingBeforeItLandsTakesNoDamageAndNoBurn]' passed (0.331 seconds).
Test Case '-[FateLostTests.EliteTests testNoSecondRareEliteSpawnsWhileOneWalksTheField]' started.
Test Case '-[FateLostTests.EliteTests testNoSecondRareEliteSpawnsWhileOneWalksTheField]' passed (5.244 seconds).
Test Case '-[FateLostTests.EliteTests testRareElitesRespectTheirRealmsAndNoRealmStacksThem]' started.
Test Case '-[FateLostTests.EliteTests testRareElitesRespectTheirRealmsAndNoRealmStacksThem]' passed (0.001 seconds).
Test Case '-[FateLostTests.EliteTests testSeveralBurnsStackButNeverAddUpToAnUnavoidableKill]' started.
Test Case '-[FateLostTests.EliteTests testSeveralBurnsStackButNeverAddUpToAnUnavoidableKill]' passed (0.001 seconds).
Test Suite 'EliteTests' passed at 2026-09-28 23:41:08.470.
	 Executed 11 tests, with 0 failures (0 unexpected) in 7.247 (7.438) seconds
Test Suite 'EnemyAISystemTests' started at 2026-09-28 23:41:08.470.
Test Case '-[FateLostTests.EnemyAISystemTests testChasesTheShortWayAcrossTheSeam]' started.
Test Case '-[FateLostTests.EnemyAISystemTests testChasesTheShortWayAcrossTheSeam]' passed (0.032 seconds).
Test Case '-[FateLostTests.EnemyAISystemTests testCrowdedEnemiesSeparate]' started.
Test Case '-[FateLostTests.EnemyAISystemTests testCrowdedEnemiesSeparate]' passed (0.104 seconds).
Test Case '-[FateLostTests.EnemyAISystemTests testDefeatIsReportedOnce]' started.
Test Case '-[FateLostTests.EnemyAISystemTests testDefeatIsReportedOnce]' passed (0.346 seconds).
Test Case '-[FateLostTests.EnemyAISystemTests testGodModePreventsDamage]' started.
Test Case '-[FateLostTests.EnemyAISystemTests testGodModePreventsDamage]' passed (0.363 seconds).
Test Case '-[FateLostTests.EnemyAISystemTests testSteppingAwayDuringWindupDodges]' started.
Test Case '-[FateLostTests.EnemyAISystemTests testSteppingAwayDuringWindupDodges]' passed (0.124 seconds).
Test Case '-[FateLostTests.EnemyAISystemTests testTelegraphedStrikeLandsOnce]' started.
Test Case '-[FateLostTests.EnemyAISystemTests testTelegraphedStrikeLandsOnce]' passed (0.121 seconds).
Test Suite 'EnemyAISystemTests' passed at 2026-09-28 23:41:09.573.
	 Executed 6 tests, with 0 failures (0 unexpected) in 1.090 (1.103) seconds
Test Suite 'EnemyStoreTests' started at 2026-09-28 23:41:09.573.
Test Case '-[FateLostTests.EnemyStoreTests testDefeatedEnemiesAreRemovedAndCounted]' started.
Test Case '-[FateLostTests.EnemyStoreTests testDefeatedEnemiesAreRemovedAndCounted]' passed (0.001 seconds).
Test Case '-[FateLostTests.EnemyStoreTests testKindsAreRegisteredOnce]' started.
Test Case '-[FateLostTests.EnemyStoreTests testKindsAreRegisteredOnce]' passed (0.001 seconds).
Test Case '-[FateLostTests.EnemyStoreTests testRemovalKeepsParallelArraysAligned]' started.
Test Case '-[FateLostTests.EnemyStoreTests testRemovalKeepsParallelArraysAligned]' passed (0.001 seconds).
Test Suite 'EnemyStoreTests' passed at 2026-09-28 23:41:09.971.
	 Executed 3 tests, with 0 failures (0 unexpected) in 0.003 (0.398) seconds
Test Suite 'EnemyTraitsTests' started at 2026-09-28 23:41:09.971.
Test Case '-[FateLostTests.EnemyTraitsTests testABatDartsFromSideToSideOnTheWayIn]' started.
Test Case '-[FateLostTests.EnemyTraitsTests testABatDartsFromSideToSideOnTheWayIn]' passed (0.333 seconds).
Test Case '-[FateLostTests.EnemyTraitsTests testABlowThatLandsLeavesItsMarkAndOneThatMissesDoesNot]' started.
Test Case '-[FateLostTests.EnemyTraitsTests testABlowThatLandsLeavesItsMarkAndOneThatMissesDoesNot]' passed (0.086 seconds).
Test Case '-[FateLostTests.EnemyTraitsTests testAHeroWhoRegeneratesHealsAtATenthOfTheRateWhileWithered]' started.
Test Case '-[FateLostTests.EnemyTraitsTests testAHeroWhoRegeneratesHealsAtATenthOfTheRateWhileWithered]' passed (1.355 seconds).
Test Case '-[FateLostTests.EnemyTraitsTests testAnAfflictionIsRecognisedFromItsBuff]' started.
Test Case '-[FateLostTests.EnemyTraitsTests testAnAfflictionIsRecognisedFromItsBuff]' passed (0.018 seconds).
Test Case '-[FateLostTests.EnemyTraitsTests testAStalkerThatLungesHamstringsTheHeroItHits]' started.
Test Case '-[FateLostTests.EnemyTraitsTests testAStalkerThatLungesHamstringsTheHeroItHits]' passed (0.290 seconds).
Test Case '-[FateLostTests.EnemyTraitsTests testTheBatIsFastFragileAndDartsAndTheStalkerLungesFromTheShadows]' started.
Test Case '-[FateLostTests.EnemyTraitsTests testTheBatIsFastFragileAndDartsAndTheStalkerLungesFromTheShadows]' passed (0.001 seconds).
Test Case '-[FateLostTests.EnemyTraitsTests testTheBitesModifiersTakeNinetyPercentOfRegeneration]' started.
Test Case '-[FateLostTests.EnemyTraitsTests testTheBitesModifiersTakeNinetyPercentOfRegeneration]' passed (0.001 seconds).
Test Case '-[FateLostTests.EnemyTraitsTests testTheyComeInFromTheFourthRealmAndNotBefore]' started.
Test Case '-[FateLostTests.EnemyTraitsTests testTheyComeInFromTheFourthRealmAndNotBefore]' passed (0.001 seconds).
Test Suite 'EnemyTraitsTests' passed at 2026-09-28 23:41:12.059.
	 Executed 8 tests, with 0 failures (0 unexpected) in 2.084 (2.087) seconds
Test Suite 'FallenAllyIndicatorTests' started at 2026-09-28 23:41:12.061.
Test Case '-[FateLostTests.FallenAllyIndicatorTests testAnArrowPointsTowardAFallenFriendWhoIsOffScreenAndNamesThem]' started.
Test Case '-[FateLostTests.FallenAllyIndicatorTests testAnArrowPointsTowardAFallenFriendWhoIsOffScreenAndNamesThem]' passed (0.005 seconds).
Test Case '-[FateLostTests.FallenAllyIndicatorTests testSeveralFallenFriendsAreEachShownAndAShrineStillPointsToo]' started.
Test Case '-[FateLostTests.FallenAllyIndicatorTests testSeveralFallenFriendsAreEachShownAndAShrineStillPointsToo]' passed (0.001 seconds).
Test Case '-[FateLostTests.FallenAllyIndicatorTests testTheArrowTurnsAsThePlayerMovesAround]' started.
Test Case '-[FateLostTests.FallenAllyIndicatorTests testTheArrowTurnsAsThePlayerMovesAround]' passed (0.001 seconds).
Test Case '-[FateLostTests.FallenAllyIndicatorTests testTheArrowVanishesWhenTheFriendIsOnScreenOrRevived]' started.
Test Case '-[FateLostTests.FallenAllyIndicatorTests testTheArrowVanishesWhenTheFriendIsOnScreenOrRevived]' passed (0.001 seconds).
Test Suite 'FallenAllyIndicatorTests' passed at 2026-09-28 23:41:12.070.
	 Executed 4 tests, with 0 failures (0 unexpected) in 0.007 (0.009) seconds
Test Suite 'FateTests' started at 2026-09-28 23:41:12.084.
Test Case '-[FateLostTests.FateTests testASummonedChampionFallingEndsNothing]' started.
Test Case '-[FateLostTests.FateTests testASummonedChampionFallingEndsNothing]' passed (0.059 seconds).
Test Case '-[FateLostTests.FateTests testBankingPaysAndFallingBeforeBankingLosesIt]' started.
Test Case '-[FateLostTests.FateTests testBankingPaysAndFallingBeforeBankingLosesIt]' passed (0.001 seconds).
Test Case '-[FateLostTests.FateTests testDefeatingFateUnlocksFatesEchoForGood]' started.
Test Case '-[FateLostTests.FateTests testDefeatingFateUnlocksFatesEchoForGood]' passed (0.001 seconds).
Test Case '-[FateLostTests.FateTests testEverySummonExistsAndNoneIsFatesOwnKindOrARiftBoss]' started.
Test Case '-[FateLostTests.FateTests testEverySummonExistsAndNoneIsFatesOwnKindOrARiftBoss]' passed (0.001 seconds).
Test Case '-[FateLostTests.FateTests testFateHasSixTimesTheHealthOfTheStrongestChampion]' started.
Test Case '-[FateLostTests.FateTests testFateHasSixTimesTheHealthOfTheStrongestChampion]' passed (0.001 seconds).
Test Case '-[FateLostTests.FateTests testFateIsTheAbyssesLastChampionAndConqueringItIsBeatingFate]' started.
Test Case '-[FateLostTests.FateTests testFateIsTheAbyssesLastChampionAndConqueringItIsBeatingFate]' passed (0.001 seconds).
Test Case '-[FateLostTests.FateTests testFateIsTwiceTheSizeOfATypicalChampionInArtAndInBody]' started.
Test Case '-[FateLostTests.FateTests testFateIsTwiceTheSizeOfATypicalChampionInArtAndInBody]' passed (0.005 seconds).
Test Case '-[FateLostTests.FateTests testFatesEchoIsEndlessWithNoChampions]' started.
Test Case '-[FateLostTests.FateTests testFatesEchoIsEndlessWithNoChampions]' passed (0.001 seconds).
Test Case '-[FateLostTests.FateTests testFirebombsLandOneAfterAnotherAndBurn]' started.
Test Case '-[FateLostTests.FateTests testFirebombsLandOneAfterAnotherAndBurn]' passed (0.009 seconds).
Test Case '-[FateLostTests.FateTests testFirebombsNeverFallOnTheSafeCircle]' started.
Test Case '-[FateLostTests.FateTests testFirebombsNeverFallOnTheSafeCircle]' passed (0.010 seconds).
Test Case '-[FateLostTests.FateTests testOnlyFateStartsBehindABarrier]' started.
Test Case '-[FateLostTests.FateTests testOnlyFateStartsBehindABarrier]' passed (0.001 seconds).
Test Case '-[FateLostTests.FateTests testOtherRealmsNeverOfferIt]' started.
Test Case '-[FateLostTests.FateTests testOtherRealmsNeverOfferIt]' passed (0.010 seconds).
Test Case '-[FateLostTests.FateTests testScalingNeverOverflowsHoweverLongTheRun]' started.
Test Case '-[FateLostTests.FateTests testScalingNeverOverflowsHoweverLongTheRun]' passed (0.001 seconds).
Test Case '-[FateLostTests.FateTests testTheBankOrGoOnChoiceComesAfterWavesTenAndTwenty]' started.
Test Case '-[FateLostTests.FateTests testTheBankOrGoOnChoiceComesAfterWavesTenAndTwenty]' passed (0.019 seconds).
Test Case '-[FateLostTests.FateTests testTheBarrierBreakingIsAnEvent]' started.
Test Case '-[FateLostTests.FateTests testTheBarrierBreakingIsAnEvent]' passed (0.015 seconds).
Test Case '-[FateLostTests.FateTests testTheBarrierIsDepletedBeforeHealth]' started.
Test Case '-[FateLostTests.FateTests testTheBarrierIsDepletedBeforeHealth]' passed (0.009 seconds).
Test Case '-[FateLostTests.FateTests testTheDarkLiftsWhenFateIsGone]' started.
Test Case '-[FateLostTests.FateTests testTheDarkLiftsWhenFateIsGone]' passed (0.010 seconds).
Test Case '-[FateLostTests.FateTests testTheDarkWarnsThenHurtsOnlyOutsideTheCircle]' started.
Test Case '-[FateLostTests.FateTests testTheDarkWarnsThenHurtsOnlyOutsideTheCircle]' passed (0.010 seconds).
Test Case '-[FateLostTests.FateTests testTheHordeGrowsEveryFiveWavesAndOnlyThen]' started.
Test Case '-[FateLostTests.FateTests testTheHordeGrowsEveryFiveWavesAndOnlyThen]' passed (0.001 seconds).
Test Case '-[FateLostTests.FateTests testTheSafeCircleIsAlwaysReachableInTheWarning]' started.
Test Case '-[FateLostTests.FateTests testTheSafeCircleIsAlwaysReachableInTheWarning]' passed (0.000 seconds).
Test Case '-[FateLostTests.FateTests testTheScytheReachesItsWholeWideMark]' started.
Test Case '-[FateLostTests.FateTests testTheScytheReachesItsWholeWideMark]' passed (0.330 seconds).
Test Case '-[FateLostTests.FateTests testTheSimulationScalesAtWavesSixAndEleven]' started.
Test Case '-[FateLostTests.FateTests testTheSimulationScalesAtWavesSixAndEleven]' passed (0.008 seconds).
Test Suite 'FateTests' passed at 2026-09-28 23:41:12.846.
	 Executed 22 tests, with 0 failures (0 unexpected) in 0.500 (0.761) seconds
Test Suite 'FixedTimestepTests' started at 2026-09-28 23:41:12.846.
Test Case '-[FateLostTests.FixedTimestepTests testAccumulatesShortFrames]' started.
Test Case '-[FateLostTests.FixedTimestepTests testAccumulatesShortFrames]' passed (0.001 seconds).
Test Case '-[FateLostTests.FixedTimestepTests testExactFrameProducesOneStep]' started.
Test Case '-[FateLostTests.FixedTimestepTests testExactFrameProducesOneStep]' passed (0.000 seconds).
Test Case '-[FateLostTests.FixedTimestepTests testLongHitchIsCapped]' started.
Test Case '-[FateLostTests.FixedTimestepTests testLongHitchIsCapped]' passed (0.001 seconds).
Test Case '-[FateLostTests.FixedTimestepTests testNegativeDeltaIsIgnored]' started.
Test Case '-[FateLostTests.FixedTimestepTests testNegativeDeltaIsIgnored]' passed (0.000 seconds).
Test Suite 'FixedTimestepTests' passed at 2026-09-28 23:41:12.858.
	 Executed 4 tests, with 0 failures (0 unexpected) in 0.003 (0.012) seconds
Test Suite 'GameSettingsTests' started at 2026-09-28 23:41:12.859.
Test Case '-[FateLostTests.GameSettingsTests testEffectiveVolumeAppliesMaster]' started.
Test Case '-[FateLostTests.GameSettingsTests testEffectiveVolumeAppliesMaster]' passed (0.002 seconds).
Test Case '-[FateLostTests.GameSettingsTests testHapticsAndCameraShakeDefaultOff]' started.
Test Case '-[FateLostTests.GameSettingsTests testHapticsAndCameraShakeDefaultOff]' passed (0.001 seconds).
Test Case '-[FateLostTests.GameSettingsTests testMissingKeysFallBackToDefaults]' started.
Test Case '-[FateLostTests.GameSettingsTests testMissingKeysFallBackToDefaults]' passed (0.004 seconds).
Test Case '-[FateLostTests.GameSettingsTests testPauseOnLevelUpDefaultsOn]' started.
Test Case '-[FateLostTests.GameSettingsTests testPauseOnLevelUpDefaultsOn]' passed (0.001 seconds).
Test Suite 'GameSettingsTests' passed at 2026-09-28 23:41:12.869.
	 Executed 4 tests, with 0 failures (0 unexpected) in 0.008 (0.010) seconds
Test Suite 'GameSimulationTests' started at 2026-09-28 23:41:12.869.
Test Case '-[FateLostTests.GameSimulationTests testDeveloperCommands]' started.
Test Case '-[FateLostTests.GameSimulationTests testDeveloperCommands]' passed (0.019 seconds).
Test Case '-[FateLostTests.GameSimulationTests testEnemiesArriveAndTheSwordFights]' started.
Test Case '-[FateLostTests.GameSimulationTests testEnemiesArriveAndTheSwordFights]' passed (3.846 seconds).
Test Case '-[FateLostTests.GameSimulationTests testFallenPlayerStopsFighting]' started.
Test Case '-[FateLostTests.GameSimulationTests testFallenPlayerStopsFighting]' passed (23.077 seconds).
Test Case '-[FateLostTests.GameSimulationTests testSameSeedSameOutcome]' started.
Test Case '-[FateLostTests.GameSimulationTests testSameSeedSameOutcome]' passed (3.012 seconds).
Test Suite 'GameSimulationTests' passed at 2026-09-28 23:41:42.825.
	 Executed 4 tests, with 0 failures (0 unexpected) in 29.954 (29.957) seconds
Test Suite 'GuestInputRateTests' started at 2026-09-28 23:41:42.827.
Test Case '-[FateLostTests.GuestInputRateTests testAChangeOfDirectionIsSentAtOnce]' started.
Test Case '-[FateLostTests.GuestInputRateTests testAChangeOfDirectionIsSentAtOnce]' passed (0.005 seconds).
Test Case '-[FateLostTests.GuestInputRateTests testAnUnchangedIdleStickIsRarelyRepeated]' started.
Test Case '-[FateLostTests.GuestInputRateTests testAnUnchangedIdleStickIsRarelyRepeated]' passed (0.002 seconds).
Test Case '-[FateLostTests.GuestInputRateTests testAnUnchangedMovingStickIsRepeatedWellInsideTheHostsTimeout]' started.
Test Case '-[FateLostTests.GuestInputRateTests testAnUnchangedMovingStickIsRepeatedWellInsideTheHostsTimeout]' passed (0.002 seconds).
Test Case '-[FateLostTests.GuestInputRateTests testAPressAnInteractAndAMenuAreSentAtOnce]' started.
Test Case '-[FateLostTests.GuestInputRateTests testAPressAnInteractAndAMenuAreSentAtOnce]' passed (0.001 seconds).
Test Case '-[FateLostTests.GuestInputRateTests testTheFirstInputIsAlwaysSent]' started.
Test Case '-[FateLostTests.GuestInputRateTests testTheFirstInputIsAlwaysSent]' passed (0.001 seconds).
Test Suite 'GuestInputRateTests' passed at 2026-09-28 23:41:42.840.
	 Executed 5 tests, with 0 failures (0 unexpected) in 0.010 (0.013) seconds
Test Suite 'HTTPPartyAPITests' started at 2026-09-28 23:41:42.840.
Test Case '-[FateLostTests.HTTPPartyAPITests testABadNameOrCodeNeverLeavesThePhone]' started.
Test Case '-[FateLostTests.HTTPPartyAPITests testABadNameOrCodeNeverLeavesThePhone]' passed (0.086 seconds).
Test Case '-[FateLostTests.HTTPPartyAPITests testAnUnexpectedBodyIsAServerProblemNotACrash]' started.
Test Case '-[FateLostTests.HTTPPartyAPITests testAnUnexpectedBodyIsAServerProblemNotACrash]' passed (0.034 seconds).
Test Case '-[FateLostTests.HTTPPartyAPITests testCreatingAPartySendsTheNameAndPasswordInTheBodyOnly]' started.
Test Case '-[FateLostTests.HTTPPartyAPITests testCreatingAPartySendsTheNameAndPasswordInTheBodyOnly]' passed (0.366 seconds).
Test Case '-[FateLostTests.HTTPPartyAPITests testJoiningNormalisesTheCodeAndOmitsAnEmptyPassword]' started.
Test Case '-[FateLostTests.HTTPPartyAPITests testJoiningNormalisesTheCodeAndOmitsAnEmptyPassword]' passed (0.394 seconds).
Test Case '-[FateLostTests.HTTPPartyAPITests testNoNetworkIsReportedAsSuch]' started.
Test Case '-[FateLostTests.HTTPPartyAPITests testNoNetworkIsReportedAsSuch]' passed (0.018 seconds).
Test Case '-[FateLostTests.HTTPPartyAPITests testServiceRefusalsAreMapped]' started.
Test Case '-[FateLostTests.HTTPPartyAPITests testServiceRefusalsAreMapped]' passed (0.068 seconds).
Test Suite 'HTTPPartyAPITests' passed at 2026-09-28 23:41:43.813.
	 Executed 6 tests, with 0 failures (0 unexpected) in 0.966 (0.973) seconds
Test Suite 'HUDLayoutTests' started at 2026-09-28 23:41:43.814.
Test Case '-[FateLostTests.HUDLayoutTests testAbilityHitTesting]' started.
Test Case '-[FateLostTests.HUDLayoutTests testAbilityHitTesting]' passed (0.003 seconds).
Test Case '-[FateLostTests.HUDLayoutTests testControlsScaleUpOnLargerScreensWithinLimit]' started.
Test Case '-[FateLostTests.HUDLayoutTests testControlsScaleUpOnLargerScreensWithinLimit]' passed (0.002 seconds).
Test Case '-[FateLostTests.HUDLayoutTests testControlsStayOnScreenOnPhoneAndPad]' started.
Test Case '-[FateLostTests.HUDLayoutTests testControlsStayOnScreenOnPhoneAndPad]' passed (0.003 seconds).
Test Suite 'HUDLayoutTests' passed at 2026-09-28 23:41:43.839.
	 Executed 3 tests, with 0 failures (0 unexpected) in 0.008 (0.025) seconds
Test Suite 'HeroTests' started at 2026-09-28 23:41:43.839.
Test Case '-[FateLostTests.HeroTests testABrokeHeroCannotBuyAndNothingChanges]' started.
Test Case '-[FateLostTests.HeroTests testABrokeHeroCannotBuyAndNothingChanges]' passed (0.006 seconds).
Test Case '-[FateLostTests.HeroTests testALookIsCutBackToWhatIsOwned]' started.
Test Case '-[FateLostTests.HeroTests testALookIsCutBackToWhatIsOwned]' passed (0.003 seconds).
Test Case '-[FateLostTests.HeroTests testALookRoundTrips]' started.
Test Case '-[FateLostTests.HeroTests testALookRoundTrips]' passed (0.012 seconds).
Test Case '-[FateLostTests.HeroTests testAnEmptyOrPartialSaveStillLoads]' started.
Test Case '-[FateLostTests.HeroTests testAnEmptyOrPartialSaveStillLoads]' passed (0.003 seconds).
Test Case '-[FateLostTests.HeroTests testAnOldHeroSaveWithoutExtrasStillLoadsPlain]' started.
Test Case '-[FateLostTests.HeroTests testAnOldHeroSaveWithoutExtrasStillLoadsPlain]' passed (0.003 seconds).
Test Case '-[FateLostTests.HeroTests testAnOptionAppliesToALookAndIsRecognisedAsWorn]' started.
Test Case '-[FateLostTests.HeroTests testAnOptionAppliesToALookAndIsRecognisedAsWorn]' passed (0.002 seconds).
Test Case '-[FateLostTests.HeroTests testAnOptionIsNotBoughtTwiceOrFreeOnesAtAll]' started.
Test Case '-[FateLostTests.HeroTests testAnOptionIsNotBoughtTwiceOrFreeOnesAtAll]' passed (0.003 seconds).
Test Case '-[FateLostTests.HeroTests testAnOptionThatNoLongerExistsFallsBackInsteadOfLosingTheSave]' started.
Test Case '-[FateLostTests.HeroTests testAnOptionThatNoLongerExistsFallsBackInsteadOfLosingTheSave]' passed (0.001 seconds).
Test Case '-[FateLostTests.HeroTests testAnOwnedLookIsLeftAlone]' started.
Test Case '-[FateLostTests.HeroTests testAnOwnedLookIsLeftAlone]' passed (0.001 seconds).
Test Case '-[FateLostTests.HeroTests testAnUnknownColourFallsBackToTheFirst]' started.
Test Case '-[FateLostTests.HeroTests testAnUnknownColourFallsBackToTheFirst]' passed (0.001 seconds).
Test Case '-[FateLostTests.HeroTests testAProfileWithoutAWardrobeStillLoads]' started.
Test Case '-[FateLostTests.HeroTests testAProfileWithoutAWardrobeStillLoads]' passed (0.002 seconds).
Test Case '-[FateLostTests.HeroTests testBuyingTakesTheEchoesAndKeepsTheLook]' started.
Test Case '-[FateLostTests.HeroTests testBuyingTakesTheEchoesAndKeepsTheLook]' passed (0.002 seconds).
Test Case '-[FateLostTests.HeroTests testCoolerCostsMore]' started.
Test Case '-[FateLostTests.HeroTests testCoolerCostsMore]' passed (0.001 seconds).
Test Case '-[FateLostTests.HeroTests testEraseAlsoClearsCopiesMovedAsideAsCorrupt]' started.
Test Case '-[FateLostTests.HeroTests testEraseAlsoClearsCopiesMovedAsideAsCorrupt]' passed (0.005 seconds).
Test Case '-[FateLostTests.HeroTests testEraseLeavesOtherSavesAlone]' started.
Test Case '-[FateLostTests.HeroTests testEraseLeavesOtherSavesAlone]' passed (0.005 seconds).
Test Case '-[FateLostTests.HeroTests testEveryBuildCloakAndHeadDraws]' started.
Test Case '-[FateLostTests.HeroTests testEveryBuildCloakAndHeadDraws]' passed (1.269 seconds).
Test Case '-[FateLostTests.HeroTests testEveryBuildHoldsTheWeaponAtItsOwnHand]' started.
Test Case '-[FateLostTests.HeroTests testEveryBuildHoldsTheWeaponAtItsOwnHand]' passed (0.002 seconds).
Test Case '-[FateLostTests.HeroTests testEveryExtraDrawsOnEveryBuild]' started.
Test Case '-[FateLostTests.HeroTests testEveryExtraDrawsOnEveryBuild]' passed (1.637 seconds).
Test Case '-[FateLostTests.HeroTests testEveryPaletteHasUniqueIDsAndOpensWithAFreeColour]' started.
Test Case '-[FateLostTests.HeroTests testEveryPaletteHasUniqueIDsAndOpensWithAFreeColour]' passed (0.004 seconds).
Test Case '-[FateLostTests.HeroTests testEveryPricedColourIsARealColour]' started.
Test Case '-[FateLostTests.HeroTests testEveryPricedColourIsARealColour]' passed (0.001 seconds).
Test Case '-[FateLostTests.HeroTests testEveryStyleAndColourThePlayerAskedForExists]' started.
Test Case '-[FateLostTests.HeroTests testEveryStyleAndColourThePlayerAskedForExists]' passed (0.001 seconds).
Test Case '-[FateLostTests.HeroTests testExtrasAreCutBackToWhatIsOwned]' started.
Test Case '-[FateLostTests.HeroTests testExtrasAreCutBackToWhatIsOwned]' passed (0.001 seconds).
Test Case '-[FateLostTests.HeroTests testGrantingEchoesAddsThemAndNeverTakesAny]' started.
Test Case '-[FateLostTests.HeroTests testGrantingEchoesAddsThemAndNeverTakesAny]' passed (0.001 seconds).
Test Case '-[FateLostTests.HeroTests testOptionIDsAreUnique]' started.
Test Case '-[FateLostTests.HeroTests testOptionIDsAreUnique]' passed (0.001 seconds).
Test Case '-[FateLostTests.HeroTests testPurchasesSurviveASaveAndLoad]' started.
Test Case '-[FateLostTests.HeroTests testPurchasesSurviveASaveAndLoad]' passed (0.002 seconds).
Test Case '-[FateLostTests.HeroTests testRandomCanUseEverythingOnceOwned]' started.
Test Case '-[FateLostTests.HeroTests testRandomCanUseEverythingOnceOwned]' passed (0.009 seconds).
Test Case '-[FateLostTests.HeroTests testRandomNeverWearsWhatIsNotOwned]' started.
Test Case '-[FateLostTests.HeroTests testRandomNeverWearsWhatIsNotOwned]' passed (0.020 seconds).
Test Case '-[FateLostTests.HeroTests testTheDistinctiveOptionsAreThePricedOnes]' started.
Test Case '-[FateLostTests.HeroTests testTheDistinctiveOptionsAreThePricedOnes]' passed (0.001 seconds).
Test Case '-[FateLostTests.HeroTests testThePlayerSpriteIsTheStandardHero]' started.
Test Case '-[FateLostTests.HeroTests testThePlayerSpriteIsTheStandardHero]' passed (0.014 seconds).
Test Case '-[FateLostTests.HeroTests testThePortraitIsRedrawnAtTheScaleAsked]' started.
Test Case '-[FateLostTests.HeroTests testThePortraitIsRedrawnAtTheScaleAsked]' passed (0.002 seconds).
Test Case '-[FateLostTests.HeroTests testTheStandardLookIsEntirelyFree]' started.
Test Case '-[FateLostTests.HeroTests testTheStandardLookIsEntirelyFree]' passed (0.001 seconds).
Test Case '-[FateLostTests.HeroTests testTheStoreKeepsALookAndForgetsItOnErase]' started.
Test Case '-[FateLostTests.HeroTests testTheStoreKeepsALookAndForgetsItOnErase]' passed (0.005 seconds).
Test Suite 'HeroTests' passed at 2026-09-28 23:41:46.882.
	 Executed 32 tests, with 0 failures (0 unexpected) in 3.021 (3.043) seconds
Test Suite 'HostAuthorityTests' started at 2026-09-28 23:41:46.883.
Test Case '-[FateLostTests.HostAuthorityTests testAGuestCannotDropSkillsItAlreadyHas]' started.
Test Case '-[FateLostTests.HostAuthorityTests testAGuestCannotDropSkillsItAlreadyHas]' passed (0.022 seconds).
Test Case '-[FateLostTests.HostAuthorityTests testAGuestCannotPickACardThatIsNotOnOffer]' started.
Test Case '-[FateLostTests.HostAuthorityTests testAGuestCannotPickACardThatIsNotOnOffer]' passed (0.020 seconds).
Test Case '-[FateLostTests.HostAuthorityTests testAGuestCannotSpendPointsItHasNotEarned]' started.
Test Case '-[FateLostTests.HostAuthorityTests testAGuestCannotSpendPointsItHasNotEarned]' passed (0.014 seconds).
Test Case '-[FateLostTests.HostAuthorityTests testGuestsAbilityPressesOnlyFireAbilitiesTheyHave]' started.
Test Case '-[FateLostTests.HostAuthorityTests testGuestsAbilityPressesOnlyFireAbilitiesTheyHave]' passed (0.054 seconds).
Test Suite 'HostAuthorityTests' passed at 2026-09-28 23:41:46.995.
	 Executed 4 tests, with 0 failures (0 unexpected) in 0.110 (0.112) seconds
Test Suite 'IsometricProjectionTests' started at 2026-09-28 23:41:46.995.
Test Case '-[FateLostTests.IsometricProjectionTests testPushingStickRightMovesCharacterRightOnScreen]' started.
Test Case '-[FateLostTests.IsometricProjectionTests testPushingStickRightMovesCharacterRightOnScreen]' passed (0.003 seconds).
Test Case '-[FateLostTests.IsometricProjectionTests testPushingStickUpMovesCharacterUpOnScreen]' started.
Test Case '-[FateLostTests.IsometricProjectionTests testPushingStickUpMovesCharacterUpOnScreen]' passed (0.001 seconds).
Test Case '-[FateLostTests.IsometricProjectionTests testRoundTrip]' started.
Test Case '-[FateLostTests.IsometricProjectionTests testRoundTrip]' passed (0.003 seconds).
Test Case '-[FateLostTests.IsometricProjectionTests testUnitTileBecomesDiamondOfTileSize]' started.
Test Case '-[FateLostTests.IsometricProjectionTests testUnitTileBecomesDiamondOfTileSize]' passed (0.000 seconds).
Test Case '-[FateLostTests.IsometricProjectionTests testWorldDirectionPreservesPartialMagnitude]' started.
Test Case '-[FateLostTests.IsometricProjectionTests testWorldDirectionPreservesPartialMagnitude]' passed (0.000 seconds).
Test Suite 'IsometricProjectionTests' passed at 2026-09-28 23:41:47.004.
	 Executed 5 tests, with 0 failures (0 unexpected) in 0.007 (0.009) seconds
Test Suite 'JoystickModelTests' started at 2026-09-28 23:41:47.004.
Test Case '-[FateLostTests.JoystickModelTests testBaseFollowsThumbPastRim]' started.
Test Case '-[FateLostTests.JoystickModelTests testBaseFollowsThumbPastRim]' passed (0.000 seconds).
Test Case '-[FateLostTests.JoystickModelTests testDeadZoneProducesNoOutput]' started.
Test Case '-[FateLostTests.JoystickModelTests testDeadZoneProducesNoOutput]' passed (0.001 seconds).
Test Case '-[FateLostTests.JoystickModelTests testFullDeflectionIsUnitLength]' started.
Test Case '-[FateLostTests.JoystickModelTests testFullDeflectionIsUnitLength]' passed (0.000 seconds).
Test Case '-[FateLostTests.JoystickModelTests testOutputRescalesPastDeadZone]' started.
Test Case '-[FateLostTests.JoystickModelTests testOutputRescalesPastDeadZone]' passed (0.000 seconds).
Test Case '-[FateLostTests.JoystickModelTests testReleaseStopsOutput]' started.
Test Case '-[FateLostTests.JoystickModelTests testReleaseStopsOutput]' passed (0.000 seconds).
Test Suite 'JoystickModelTests' passed at 2026-09-28 23:41:47.016.
	 Executed 5 tests, with 0 failures (0 unexpected) in 0.002 (0.011) seconds
Test Suite 'LaunchTaglineTests' started at 2026-09-28 23:41:47.021.
Test Case '-[FateLostTests.LaunchTaglineTests testEveryPromisedTaglineIsThere]' started.
Test Case '-[FateLostTests.LaunchTaglineTests testEveryPromisedTaglineIsThere]' passed (0.001 seconds).
Test Case '-[FateLostTests.LaunchTaglineTests testNoTaglineIsBlank]' started.
Test Case '-[FateLostTests.LaunchTaglineTests testNoTaglineIsBlank]' passed (0.001 seconds).
Test Case '-[FateLostTests.LaunchTaglineTests testRandomAlwaysReturnsARealTagline]' started.
Test Case '-[FateLostTests.LaunchTaglineTests testRandomAlwaysReturnsARealTagline]' passed (0.001 seconds).
Test Suite 'LaunchTaglineTests' passed at 2026-09-28 23:41:47.025.
	 Executed 3 tests, with 0 failures (0 unexpected) in 0.003 (0.004) seconds
Test Suite 'LegacyIconTests' started at 2026-09-28 23:41:47.025.
Test Case '-[FateLostTests.LegacyIconTests testEveryGlyphFillsItsGridAndDrawsSomething]' started.
Test Case '-[FateLostTests.LegacyIconTests testEveryGlyphFillsItsGridAndDrawsSomething]' passed (0.002 seconds).
Test Case '-[FateLostTests.LegacyIconTests testEveryStrandHasAnIconAndTheOnesWithoutADrawingKeepASensibleSymbol]' started.
Test Case '-[FateLostTests.LegacyIconTests testEveryStrandHasAnIconAndTheOnesWithoutADrawingKeepASensibleSymbol]' passed (0.003 seconds).
Test Case '-[FateLostTests.LegacyIconTests testTheParserReadsPathsTheWayTheToolWritesThem]' started.
Test Case '-[FateLostTests.LegacyIconTests testTheParserReadsPathsTheWayTheToolWritesThem]' passed (0.002 seconds).
Test Suite 'LegacyIconTests' passed at 2026-09-28 23:41:47.088.
	 Executed 3 tests, with 0 failures (0 unexpected) in 0.007 (0.063) seconds
Test Suite 'LegacyTests' started at 2026-09-28 23:41:47.088.
Test Case '-[FateLostTests.LegacyTests testAProfileSurvivesASaveAndLoad]' started.
Test Case '-[FateLostTests.LegacyTests testAProfileSurvivesASaveAndLoad]' passed (0.005 seconds).
Test Case '-[FateLostTests.LegacyTests testARunAlwaysPaysSomething]' started.
Test Case '-[FateLostTests.LegacyTests testARunAlwaysPaysSomething]' passed (0.002 seconds).
Test Case '-[FateLostTests.LegacyTests testATierOpensOnlyOnceEnoughOfTheOneAboveIsTaken]' started.
Test Case '-[FateLostTests.LegacyTests testATierOpensOnlyOnceEnoughOfTheOneAboveIsTaken]' passed (0.029 seconds).
Test Case '-[FateLostTests.LegacyTests testBestsOnlyEverImprove]' started.
Test Case '-[FateLostTests.LegacyTests testBestsOnlyEverImprove]' passed (0.001 seconds).
Test Case '-[FateLostTests.LegacyTests testBoardIsAtLeastFiveHundredNodes]' started.
Test Case '-[FateLostTests.LegacyTests testBoardIsAtLeastFiveHundredNodes]' passed (0.001 seconds).
Test Case '-[FateLostTests.LegacyTests testBuyingSpendsExactlyOnceAndCannotBeRepeated]' started.
Test Case '-[FateLostTests.LegacyTests testBuyingSpendsExactlyOnceAndCannotBeRepeated]' passed (0.001 seconds).
Test Case '-[FateLostTests.LegacyTests testCannotBuyWhatCannotBeAfforded]' started.
Test Case '-[FateLostTests.LegacyTests testCannotBuyWhatCannotBeAfforded]' passed (0.001 seconds).
Test Case '-[FateLostTests.LegacyTests testCannotGiveBackANodeADeeperTierStillDependsOn]' started.
Test Case '-[FateLostTests.LegacyTests testCannotGiveBackANodeADeeperTierStillDependsOn]' passed (0.002 seconds).
Test Case '-[FateLostTests.LegacyTests testCannotGiveBackWhatWasNeverBought]' started.
Test Case '-[FateLostTests.LegacyTests testCannotGiveBackWhatWasNeverBought]' passed (0.001 seconds).
Test Case '-[FateLostTests.LegacyTests testConqueringARealmOpensTheNextOne]' started.
Test Case '-[FateLostTests.LegacyTests testConqueringARealmOpensTheNextOne]' passed (0.001 seconds).
Test Case '-[FateLostTests.LegacyTests testConquestIsWorthMoreThanFalling]' started.
Test Case '-[FateLostTests.LegacyTests testConquestIsWorthMoreThanFalling]' passed (0.001 seconds).
Test Case '-[FateLostTests.LegacyTests testDeeperTiersCostMoreAndGiveMore]' started.
Test Case '-[FateLostTests.LegacyTests testDeeperTiersCostMoreAndGiveMore]' passed (0.002 seconds).
Test Case '-[FateLostTests.LegacyTests testEchoGainBonusIncreasesWhatARunPaysOut]' started.
Test Case '-[FateLostTests.LegacyTests testEchoGainBonusIncreasesWhatARunPaysOut]' passed (0.005 seconds).
Test Case '-[FateLostTests.LegacyTests testEveryBonusStaysMinor]' started.
Test Case '-[FateLostTests.LegacyTests testEveryBonusStaysMinor]' passed (0.001 seconds).
Test Case '-[FateLostTests.LegacyTests testEveryNodeHasItsOwnIdentity]' started.
Test Case '-[FateLostTests.LegacyTests testEveryNodeHasItsOwnIdentity]' passed (0.001 seconds).
Test Case '-[FateLostTests.LegacyTests testGivingBackAndResettingLeaveTotalEarnedUnchanged]' started.
Test Case '-[FateLostTests.LegacyTests testGivingBackAndResettingLeaveTotalEarnedUnchanged]' passed (0.001 seconds).
Test Case '-[FateLostTests.LegacyTests testGivingBackANodeRefundsItInFull]' started.
Test Case '-[FateLostTests.LegacyTests testGivingBackANodeRefundsItInFull]' passed (0.001 seconds).
Test Case '-[FateLostTests.LegacyTests testHarderRealmsPayMore]' started.
Test Case '-[FateLostTests.LegacyTests testHarderRealmsPayMore]' passed (0.001 seconds).
Test Case '-[FateLostTests.LegacyTests testModifiersMatchWhatWasBought]' started.
Test Case '-[FateLostTests.LegacyTests testModifiersMatchWhatWasBought]' passed (0.001 seconds).
Test Case '-[FateLostTests.LegacyTests testRecordingARunPaysOutAndWritesHistory]' started.
Test Case '-[FateLostTests.LegacyTests testRecordingARunPaysOutAndWritesHistory]' passed (0.001 seconds).
Test Case '-[FateLostTests.LegacyTests testResettingTheBoardLeavesTheArmouryAlone]' started.
Test Case '-[FateLostTests.LegacyTests testResettingTheBoardLeavesTheArmouryAlone]' passed (0.001 seconds).
Test Case '-[FateLostTests.LegacyTests testStrandsOpenIndependently]' started.
Test Case '-[FateLostTests.LegacyTests testStrandsOpenIndependently]' passed (0.011 seconds).
Test Case '-[FateLostTests.LegacyTests testTotalsCombineEveryNodeTouchingTheSameStat]' started.
Test Case '-[FateLostTests.LegacyTests testTotalsCombineEveryNodeTouchingTheSameStat]' passed (0.018 seconds).
Test Suite 'LegacyTests' passed at 2026-09-28 23:41:47.203.
	 Executed 23 tests, with 0 failures (0 unexpected) in 0.087 (0.115) seconds
Test Suite 'LegacyValueTests' started at 2026-09-28 23:41:47.203.
Test Case '-[FateLostTests.LegacyValueTests testEveryNodeIsWorthSomethingAndSaysSo]' started.
Test Case '-[FateLostTests.LegacyValueTests testEveryNodeIsWorthSomethingAndSaysSo]' passed (0.008 seconds).
Test Case '-[FateLostTests.LegacyValueTests testFractionStatsAreShownAsPercentages]' started.
Test Case '-[FateLostTests.LegacyValueTests testFractionStatsAreShownAsPercentages]' passed (0.001 seconds).
Test Case '-[FateLostTests.LegacyValueTests testNoNodeAddsAFractionToAStatTheGameReadsInWholeNumbers]' started.
Test Case '-[FateLostTests.LegacyValueTests testNoNodeAddsAFractionToAStatTheGameReadsInWholeNumbers]' passed (0.001 seconds).
Test Case '-[FateLostTests.LegacyValueTests testNoNodeIsWastedAgainstAStatCap]' started.
Test Case '-[FateLostTests.LegacyValueTests testNoNodeIsWastedAgainstAStatCap]' passed (0.001 seconds).
Test Case '-[FateLostTests.LegacyValueTests testSmallValuesKeepEnoughPrecisionToBeSeen]' started.
Test Case '-[FateLostTests.LegacyValueTests testSmallValuesKeepEnoughPrecisionToBeSeen]' passed (0.001 seconds).
Test Case '-[FateLostTests.LegacyValueTests testTheShownNumberIsTheRealOneToWithinRounding]' started.
Test Case '-[FateLostTests.LegacyValueTests testTheShownNumberIsTheRealOneToWithinRounding]' passed (0.002 seconds).
Test Case '-[FateLostTests.LegacyValueTests testWeaponMasteryIsWorthSomethingAtEveryRank]' started.
Test Case '-[FateLostTests.LegacyValueTests testWeaponMasteryIsWorthSomethingAtEveryRank]' passed (0.003 seconds).
Test Suite 'LegacyValueTests' passed at 2026-09-28 23:41:47.239.
	 Executed 7 tests, with 0 failures (0 unexpected) in 0.017 (0.036) seconds
Test Suite 'MovementSmoothingTests' started at 2026-09-28 23:41:47.239.
Test Case '-[FateLostTests.MovementSmoothingTests testABriefLossIsCarriedOverAndTheHeroIsNotPulledBack]' started.
Test Case '-[FateLostTests.MovementSmoothingTests testABriefLossIsCarriedOverAndTheHeroIsNotPulledBack]' passed (0.004 seconds).
Test Case '-[FateLostTests.MovementSmoothingTests testAcrossTheSeamOfTheWorldIsAsSmoothAsAnywhereElse]' started.
Test Case '-[FateLostTests.MovementSmoothingTests testAcrossTheSeamOfTheWorldIsAsSmoothAsAnywhereElse]' passed (0.001 seconds).
Test Case '-[FateLostTests.MovementSmoothingTests testADashIsFollowedAtItsOwnSpeed]' started.
Test Case '-[FateLostTests.MovementSmoothingTests testADashIsFollowedAtItsOwnSpeed]' passed (0.001 seconds).
Test Case '-[FateLostTests.MovementSmoothingTests testAnEmptyTrackAnswersNothingAndAnEarlyOneAnswersItsFirstPicture]' started.
Test Case '-[FateLostTests.MovementSmoothingTests testAnEmptyTrackAnswersNothingAndAnEarlyOneAnswersItsFirstPicture]' passed (0.001 seconds).
Test Case '-[FateLostTests.MovementSmoothingTests testAnEndlessOutageIsHeldNotDriftedAway]' started.
Test Case '-[FateLostTests.MovementSmoothingTests testAnEndlessOutageIsHeldNotDriftedAway]' passed (0.001 seconds).
Test Case '-[FateLostTests.MovementSmoothingTests testAnOrdinaryConnectionIsDrawnAsSteadyMotion]' started.
Test Case '-[FateLostTests.MovementSmoothingTests testAnOrdinaryConnectionIsDrawnAsSteadyMotion]' passed (0.002 seconds).
Test Case '-[FateLostTests.MovementSmoothingTests testATeleportIsNeverSlidAcross]' started.
Test Case '-[FateLostTests.MovementSmoothingTests testATeleportIsNeverSlidAcross]' passed (0.001 seconds).
Test Case '-[FateLostTests.MovementSmoothingTests testDrawingNeverChangesWhereAHeroActuallyIs]' started.
Test Case '-[FateLostTests.MovementSmoothingTests testDrawingNeverChangesWhereAHeroActuallyIs]' passed (0.001 seconds).
Test Case '-[FateLostTests.MovementSmoothingTests testHeavyJitterAndReorderingAreAbsorbed]' started.
Test Case '-[FateLostTests.MovementSmoothingTests testHeavyJitterAndReorderingAreAbsorbed]' passed (0.002 seconds).
Test Case '-[FateLostTests.MovementSmoothingTests testModerateLatencyIsSmoothToo]' started.
Test Case '-[FateLostTests.MovementSmoothingTests testModerateLatencyIsSmoothToo]' passed (0.001 seconds).
Test Case '-[FateLostTests.MovementSmoothingTests testRapidDirectionChangesStayClose]' started.
Test Case '-[FateLostTests.MovementSmoothingTests testRapidDirectionChangesStayClose]' passed (0.002 seconds).
Test Case '-[FateLostTests.MovementSmoothingTests testStaleAndRepeatedPicturesAreIgnored]' started.
Test Case '-[FateLostTests.MovementSmoothingTests testStaleAndRepeatedPicturesAreIgnored]' passed (0.000 seconds).
Test Case '-[FateLostTests.MovementSmoothingTests testTheClockLearnsTheLinkAndResyncsAfterAStall]' started.
Test Case '-[FateLostTests.MovementSmoothingTests testTheClockLearnsTheLinkAndResyncsAfterAStall]' passed (0.000 seconds).
Test Case '-[FateLostTests.MovementSmoothingTests testTheHostDrawsAJumpAtOnce]' started.
Test Case '-[FateLostTests.MovementSmoothingTests testTheHostDrawsAJumpAtOnce]' passed (0.001 seconds).
Test Case '-[FateLostTests.MovementSmoothingTests testTheHostSeesAGuestOnASteadyPathDespiteTheirReportsNudgingThem]' started.
Test Case '-[FateLostTests.MovementSmoothingTests testTheHostSeesAGuestOnASteadyPathDespiteTheirReportsNudgingThem]' passed (0.001 seconds).
Test Case '-[FateLostTests.MovementSmoothingTests testTheLocalHeroIsNeverTakenFromTheStream]' started.
Test Case '-[FateLostTests.MovementSmoothingTests testTheLocalHeroIsNeverTakenFromTheStream]' passed (0.000 seconds).
Test Case '-[FateLostTests.MovementSmoothingTests testTheSnapshotRateAndSizeKeepTheBandwidthSmall]' started.
Test Case '-[FateLostTests.MovementSmoothingTests testTheSnapshotRateAndSizeKeepTheBandwidthSmall]' passed (0.002 seconds).
Test Case '-[FateLostTests.MovementSmoothingTests testTheWholeFeatureCostsLittlePerFrameForAFullParty]' started.
/Users/runner/work/FateLost/FateLost/FateLostTests/MovementSmoothingTests.swift:425: Test Case '-[FateLostTests.MovementSmoothingTests testTheWholeFeatureCostsLittlePerFrameForAFullParty]' measured [Time, seconds] average: 0.015, relative standard deviation: 8.488%, values: [0.017159, 0.013493, 0.016904, 0.014209, 0.013634, 0.014169, 0.015967, 0.014518, 0.013950, 0.014707], performanceMetricID:com.apple.XCTPerformanceMetric_WallClockTime, baselineName: "", baselineAverage: , polarity: prefers smaller, maxPercentRegression: 10.000%, maxPercentRelativeStandardDeviation: 10.000%, maxRegression: 0.100, maxStandardDeviation: 0.100
Test Case '-[FateLostTests.MovementSmoothingTests testTheWholeFeatureCostsLittlePerFrameForAFullParty]' passed (0.434 seconds).
Test Suite 'MovementSmoothingTests' passed at 2026-09-28 23:41:47.772.
	 Executed 18 tests, with 0 failures (0 unexpected) in 0.454 (0.533) seconds
Test Suite 'MovementSystemTests' started at 2026-09-28 23:41:47.772.
Test Case '-[FateLostTests.MovementSystemTests testOverlongInputIsClampedToFullSpeed]' started.
Test Case '-[FateLostTests.MovementSystemTests testOverlongInputIsClampedToFullSpeed]' passed (0.001 seconds).
Test Case '-[FateLostTests.MovementSystemTests testPositionWrapsAtArenaEdge]' started.
Test Case '-[FateLostTests.MovementSystemTests testPositionWrapsAtArenaEdge]' passed (0.001 seconds).
Test Case '-[FateLostTests.MovementSystemTests testReachesButNeverExceedsMaxSpeed]' started.
Test Case '-[FateLostTests.MovementSystemTests testReachesButNeverExceedsMaxSpeed]' passed (0.001 seconds).
Test Case '-[FateLostTests.MovementSystemTests testSpeedMultiplierScalesTopSpeed]' started.
Test Case '-[FateLostTests.MovementSystemTests testSpeedMultiplierScalesTopSpeed]' passed (0.001 seconds).
Test Case '-[FateLostTests.MovementSystemTests testStopsWhenInputReleased]' started.
Test Case '-[FateLostTests.MovementSystemTests testStopsWhenInputReleased]' passed (0.001 seconds).
Test Suite 'MovementSystemTests' passed at 2026-09-28 23:41:47.777.
	 Executed 5 tests, with 0 failures (0 unexpected) in 0.004 (0.005) seconds
Test Suite 'MultiplayerIdentityTests' started at 2026-09-28 23:41:47.778.
Test Case '-[FateLostTests.MultiplayerIdentityTests testAMissingOrDamagedSecretIsReplaced]' started.
Test Case '-[FateLostTests.MultiplayerIdentityTests testAMissingOrDamagedSecretIsReplaced]' passed (0.005 seconds).
Test Case '-[FateLostTests.MultiplayerIdentityTests testAnInstallationHasAStableFateID]' started.
Test Case '-[FateLostTests.MultiplayerIdentityTests testAnInstallationHasAStableFateID]' passed (0.001 seconds).
Test Case '-[FateLostTests.MultiplayerIdentityTests testARoomCredentialIsKeptInTheVaultAndForgotten]' started.
Test Case '-[FateLostTests.MultiplayerIdentityTests testARoomCredentialIsKeptInTheVaultAndForgotten]' passed (0.005 seconds).
Test Case '-[FateLostTests.MultiplayerIdentityTests testDifferentInstallationsAreDifferent]' started.
Test Case '-[FateLostTests.MultiplayerIdentityTests testDifferentInstallationsAreDifferent]' passed (0.001 seconds).
Test Case '-[FateLostTests.MultiplayerIdentityTests testErasingStartsANewIdentity]' started.
Test Case '-[FateLostTests.MultiplayerIdentityTests testErasingStartsANewIdentity]' passed (0.000 seconds).
Test Case '-[FateLostTests.MultiplayerIdentityTests testFateIDFormat]' started.
Test Case '-[FateLostTests.MultiplayerIdentityTests testFateIDFormat]' passed (0.000 seconds).
Test Case '-[FateLostTests.MultiplayerIdentityTests testTheDisplayNameIsSavedAndValidated]' started.
Test Case '-[FateLostTests.MultiplayerIdentityTests testTheDisplayNameIsSavedAndValidated]' passed (0.009 seconds).
Test Case '-[FateLostTests.MultiplayerIdentityTests testTheFateIDRevealsNothingAboutTheSecret]' started.
Test Case '-[FateLostTests.MultiplayerIdentityTests testTheFateIDRevealsNothingAboutTheSecret]' passed (0.001 seconds).
Test Suite 'MultiplayerIdentityTests' passed at 2026-09-28 23:41:47.825.
	 Executed 8 tests, with 0 failures (0 unexpected) in 0.021 (0.047) seconds
Test Suite 'NetEventCodecTests' started at 2026-09-28 23:41:47.825.
Test Case '-[FateLostTests.NetEventCodecTests testEveryKindOfEventRoundTrips]' started.
Test Case '-[FateLostTests.NetEventCodecTests testEveryKindOfEventRoundTrips]' passed (0.002 seconds).
Test Case '-[FateLostTests.NetEventCodecTests testExactFieldsSurvive]' started.
Test Case '-[FateLostTests.NetEventCodecTests testExactFieldsSurvive]' passed (0.001 seconds).
Test Case '-[FateLostTests.NetEventCodecTests testHeroNumbersTravelAsSeats]' started.
Test Case '-[FateLostTests.NetEventCodecTests testHeroNumbersTravelAsSeats]' passed (0.008 seconds).
Test Case '-[FateLostTests.NetEventCodecTests testPersonalEventsAreTheOnesAboutTheHeroThemself]' started.
Test Case '-[FateLostTests.NetEventCodecTests testPersonalEventsAreTheOnesAboutTheHeroThemself]' passed (0.001 seconds).
Test Case '-[FateLostTests.NetEventCodecTests testTooManyHitsAreThinnedButNothingImportantIs]' started.
Test Case '-[FateLostTests.NetEventCodecTests testTooManyHitsAreThinnedButNothingImportantIs]' passed (0.001 seconds).
Test Case '-[FateLostTests.NetEventCodecTests testUnknownAndBrokenEventDataIsRefused]' started.
Test Case '-[FateLostTests.NetEventCodecTests testUnknownAndBrokenEventDataIsRefused]' passed (0.007 seconds).
Test Suite 'NetEventCodecTests' passed at 2026-09-28 23:41:47.846.
	 Executed 6 tests, with 0 failures (0 unexpected) in 0.019 (0.021) seconds
Test Suite 'NetInputTests' started at 2026-09-28 23:41:47.846.
Test Case '-[FateLostTests.NetInputTests testAnInputIsTenBytes]' started.
Test Case '-[FateLostTests.NetInputTests testAnInputIsTenBytes]' passed (0.001 seconds).
Test Case '-[FateLostTests.NetInputTests testAStickCannotPushHarderThanItsFullTravel]' started.
Test Case '-[FateLostTests.NetInputTests testAStickCannotPushHarderThanItsFullTravel]' passed (0.001 seconds).
Test Case '-[FateLostTests.NetInputTests testCommandsRoundTripAndAreBounded]' started.
Test Case '-[FateLostTests.NetInputTests testCommandsRoundTripAndAreBounded]' passed (0.015 seconds).
Test Case '-[FateLostTests.NetInputTests testInputRoundTrips]' started.
Test Case '-[FateLostTests.NetInputTests testInputRoundTrips]' passed (0.001 seconds).
Test Case '-[FateLostTests.NetInputTests testPressesBeyondTheFourSlotsAreDropped]' started.
Test Case '-[FateLostTests.NetInputTests testPressesBeyondTheFourSlotsAreDropped]' passed (0.001 seconds).
Test Case '-[FateLostTests.NetInputTests testShortInputIsRefused]' started.
Test Case '-[FateLostTests.NetInputTests testShortInputIsRefused]' passed (0.001 seconds).
Test Suite 'NetInputTests' passed at 2026-09-28 23:41:47.866.
	 Executed 6 tests, with 0 failures (0 unexpected) in 0.018 (0.021) seconds
Test Suite 'NetMirrorTests' started at 2026-09-28 23:41:47.867.
Test Case '-[FateLostTests.NetMirrorTests testAFindAndItsWeaponTravelIntact]' started.
Test Case '-[FateLostTests.NetMirrorTests testAFindAndItsWeaponTravelIntact]' passed (0.056 seconds).
Test Case '-[FateLostTests.NetMirrorTests testAGuestSeesTheHostsWorld]' started.
Test Case '-[FateLostTests.NetMirrorTests testAGuestSeesTheHostsWorld]' passed (0.149 seconds).
Test Case '-[FateLostTests.NetMirrorTests testAGuestsOwnBuildArrivesFromTheHostAndIsPlayable]' started.
Test Case '-[FateLostTests.NetMirrorTests testAGuestsOwnBuildArrivesFromTheHostAndIsPlayable]' passed (0.032 seconds).
Test Case '-[FateLostTests.NetMirrorTests testCooldownsAreTheHostsAndCountDownBetweenReports]' started.
Test Case '-[FateLostTests.NetMirrorTests testCooldownsAreTheHostsAndCountDownBetweenReports]' passed (0.011 seconds).
Test Case '-[FateLostTests.NetMirrorTests testEnemiesEaseTowardTheirNewPlacesInsteadOfJumping]' started.
Test Case '-[FateLostTests.NetMirrorTests testEnemiesEaseTowardTheirNewPlacesInsteadOfJumping]' passed (0.024 seconds).
Test Case '-[FateLostTests.NetMirrorTests testFallenHeroesAndTheirMarkersReachEveryone]' started.
Test Case '-[FateLostTests.NetMirrorTests testFallenHeroesAndTheirMarkersReachEveryone]' passed (0.038 seconds).
Test Case '-[FateLostTests.NetMirrorTests testOnlyWhatIsNearAGuestIsSentToThem]' started.
Test Case '-[FateLostTests.NetMirrorTests testOnlyWhatIsNearAGuestIsSentToThem]' passed (0.014 seconds).
Test Case '-[FateLostTests.NetMirrorTests testRelicsAndAWieldedWeaponTravelToo]' started.
Test Case '-[FateLostTests.NetMirrorTests testRelicsAndAWieldedWeaponTravelToo]' passed (0.024 seconds).
Test Case '-[FateLostTests.NetMirrorTests testShotsFlyOnBetweenPictures]' started.
Test Case '-[FateLostTests.NetMirrorTests testShotsFlyOnBetweenPictures]' passed (0.026 seconds).
Test Case '-[FateLostTests.NetMirrorTests testTheLocalHeroWalksAtOnceAndIsPulledBackOnlyWhenTheHostDisagrees]' started.
Test Case '-[FateLostTests.NetMirrorTests testTheLocalHeroWalksAtOnceAndIsPulledBackOnlyWhenTheHostDisagrees]' passed (0.028 seconds).
Test Case '-[FateLostTests.NetMirrorTests testTheNearestEnemiesWinWhenThereAreTooMany]' started.
Test Case '-[FateLostTests.NetMirrorTests testTheNearestEnemiesWinWhenThereAreTooMany]' passed (0.018 seconds).
Test Suite 'NetMirrorTests' passed at 2026-09-28 23:41:48.291.
	 Executed 11 tests, with 0 failures (0 unexpected) in 0.420 (0.424) seconds
Test Suite 'NetSnapshotTests' started at 2026-09-28 23:41:48.291.
Test Case '-[FateLostTests.NetSnapshotTests testAFullFightStillFitsTheRelaysLimit]' started.
Test Case '-[FateLostTests.NetSnapshotTests testAFullFightStillFitsTheRelaysLimit]' passed (0.002 seconds).
Test Case '-[FateLostTests.NetSnapshotTests testAnEmptySnapshotIsTiny]' started.
Test Case '-[FateLostTests.NetSnapshotTests testAnEmptySnapshotIsTiny]' passed (0.001 seconds).
Test Case '-[FateLostTests.NetSnapshotTests testARichSnapshotRoundTrips]' started.
Test Case '-[FateLostTests.NetSnapshotTests testARichSnapshotRoundTrips]' passed (0.001 seconds).
Test Case '-[FateLostTests.NetSnapshotTests testASnapshotFromDifferentContentIsRefused]' started.
Test Case '-[FateLostTests.NetSnapshotTests testASnapshotFromDifferentContentIsRefused]' passed (0.001 seconds).
Test Case '-[FateLostTests.NetSnapshotTests testMoreThanTheLimitIsCutNotSent]' started.
Test Case '-[FateLostTests.NetSnapshotTests testMoreThanTheLimitIsCutNotSent]' passed (0.003 seconds).
Test Case '-[FateLostTests.NetSnapshotTests testTooManyThingsClaimedIsRefused]' started.
Test Case '-[FateLostTests.NetSnapshotTests testTooManyThingsClaimedIsRefused]' passed (0.001 seconds).
Test Case '-[FateLostTests.NetSnapshotTests testTruncatedAndBrokenSnapshotsNeverCrash]' started.
Test Case '-[FateLostTests.NetSnapshotTests testTruncatedAndBrokenSnapshotsNeverCrash]' passed (0.030 seconds).
Test Suite 'NetSnapshotTests' passed at 2026-09-28 23:41:48.333.
	 Executed 7 tests, with 0 failures (0 unexpected) in 0.038 (0.041) seconds
Test Suite 'NewWeaponsTests' started at 2026-09-28 23:41:48.333.
Test Case '-[FateLostTests.NewWeaponsTests testAllTenAreOnTheRackWithArt]' started.
Test Case '-[FateLostTests.NewWeaponsTests testAllTenAreOnTheRackWithArt]' passed (0.007 seconds).
Test Case '-[FateLostTests.NewWeaponsTests testCrossbowIsASlowHardHittingBoltWithPierce]' started.
Test Case '-[FateLostTests.NewWeaponsTests testCrossbowIsASlowHardHittingBoltWithPierce]' passed (0.001 seconds).
Test Case '-[FateLostTests.NewWeaponsTests testEachHasAMasteryAffinityWorthHaving]' started.
Test Case '-[FateLostTests.NewWeaponsTests testEachHasAMasteryAffinityWorthHaving]' passed (0.001 seconds).
Test Case '-[FateLostTests.NewWeaponsTests testHandClawsAreTheFastestMeleeWeapon]' started.
Test Case '-[FateLostTests.NewWeaponsTests testHandClawsAreTheFastestMeleeWeapon]' passed (0.001 seconds).
Test Case '-[FateLostTests.NewWeaponsTests testHandClawsBoostDamageWhileShapeshifted]' started.
Test Case '-[FateLostTests.NewWeaponsTests testHandClawsBoostDamageWhileShapeshifted]' passed (0.012 seconds).
Test Case '-[FateLostTests.NewWeaponsTests testHandClawsGetNoBonusWithoutAForm]' started.
Test Case '-[FateLostTests.NewWeaponsTests testHandClawsGetNoBonusWithoutAForm]' passed (0.012 seconds).
Test Case '-[FateLostTests.NewWeaponsTests testShurikenThrowsTwoAndPiercesDeeply]' started.
Test Case '-[FateLostTests.NewWeaponsTests testShurikenThrowsTwoAndPiercesDeeply]' passed (0.001 seconds).
Test Case '-[FateLostTests.NewWeaponsTests testTheShapeshiftBonusIsSpecificToHandClaws]' started.
Test Case '-[FateLostTests.NewWeaponsTests testTheShapeshiftBonusIsSpecificToHandClaws]' passed (0.012 seconds).
Test Suite 'NewWeaponsTests' passed at 2026-09-28 23:41:48.382.
	 Executed 8 tests, with 0 failures (0 unexpected) in 0.046 (0.049) seconds
Test Suite 'OrbClaimTests' started at 2026-09-28 23:41:48.382.
Test Case '-[FateLostTests.OrbClaimTests testALoneHeroIsAlwaysTheAnchorAndUsesNoRandomness]' started.
Test Case '-[FateLostTests.OrbClaimTests testALoneHeroIsAlwaysTheAnchorAndUsesNoRandomness]' passed (0.023 seconds).
Test Case '-[FateLostTests.OrbClaimTests testAMagnetSendsEveryOrbToWhoeverTookIt]' started.
Test Case '-[FateLostTests.OrbClaimTests testAMagnetSendsEveryOrbToWhoeverTookIt]' passed (0.001 seconds).
Test Case '-[FateLostTests.OrbClaimTests testAnOrbChangesHandsWhenItsHeroIsGoneOrAnotherIsClearlyNearer]' started.
Test Case '-[FateLostTests.OrbClaimTests testAnOrbChangesHandsWhenItsHeroIsGoneOrAnotherIsClearlyNearer]' passed (0.001 seconds).
Test Case '-[FateLostTests.OrbClaimTests testAnOrbDrawnInByTheGuestFliesToTheGuestNotTheHost]' started.
Test Case '-[FateLostTests.OrbClaimTests testAnOrbDrawnInByTheGuestFliesToTheGuestNotTheHost]' passed (0.001 seconds).
Test Case '-[FateLostTests.OrbClaimTests testAnOrbFliesAtOneHeroesSpeedNotTwo]' started.
Test Case '-[FateLostTests.OrbClaimTests testAnOrbFliesAtOneHeroesSpeedNotTwo]' passed (0.001 seconds).
Test Case '-[FateLostTests.OrbClaimTests testAShrineIsRaisedNearAnyStandingHeroNotAlwaysTheHost]' started.
Test Case '-[FateLostTests.OrbClaimTests testAShrineIsRaisedNearAnyStandingHeroNotAlwaysTheHost]' passed (0.012 seconds).
Test Suite 'OrbClaimTests' passed at 2026-09-28 23:41:48.421.
	 Executed 6 tests, with 0 failures (0 unexpected) in 0.037 (0.039) seconds
Test Suite 'OrderTests' started at 2026-09-28 23:41:48.421.
Test Case '-[FateLostTests.OrderTests testAnAllocationThatLosesItsSecondArchetypeIsNotValid]' started.
Test Case '-[FateLostTests.OrderTests testAnAllocationThatLosesItsSecondArchetypeIsNotValid]' passed (0.001 seconds).
Test Case '-[FateLostTests.OrderTests testAnOrderNamesTheBuild]' started.
Test Case '-[FateLostTests.OrderTests testAnOrderNamesTheBuild]' passed (0.001 seconds).
Test Case '-[FateLostTests.OrderTests testAnOrderNodeIsRefusedWithoutTheSecondArchetype]' started.
Test Case '-[FateLostTests.OrderTests testAnOrderNodeIsRefusedWithoutTheSecondArchetype]' passed (0.000 seconds).
Test Case '-[FateLostTests.OrderTests testAnOrderNodeOpensOnceBothTreesAreInvestedIn]' started.
Test Case '-[FateLostTests.OrderTests testAnOrderNodeOpensOnceBothTreesAreInvestedIn]' passed (0.001 seconds).
Test Case '-[FateLostTests.OrderTests testEveryOrderHasABoardAndNamesTwoDifferentArchetypes]' started.
Test Case '-[FateLostTests.OrderTests testEveryOrderHasABoardAndNamesTwoDifferentArchetypes]' passed (0.001 seconds).
Test Case '-[FateLostTests.OrderTests testEveryPrerequisiteAndAbilityIsRealAndUnique]' started.
Test Case '-[FateLostTests.OrderTests testEveryPrerequisiteAndAbilityIsRealAndUnique]' passed (0.171 seconds).
Test Case '-[FateLostTests.OrderTests testOnlyOneOrderCapstoneMayBeTaken]' started.
Test Case '-[FateLostTests.OrderTests testOnlyOneOrderCapstoneMayBeTaken]' passed (0.001 seconds).
Test Case '-[FateLostTests.OrderTests testOrderNodesAreNotInAnyArchetypeTree]' started.
Test Case '-[FateLostTests.OrderTests testOrderNodesAreNotInAnyArchetypeTree]' passed (0.001 seconds).
Test Case '-[FateLostTests.OrderTests testRequirementSummaryNamesBothArchetypesWhenNeitherIsMet]' started.
Test Case '-[FateLostTests.OrderTests testRequirementSummaryNamesBothArchetypesWhenNeitherIsMet]' passed (0.001 seconds).
Test Case '-[FateLostTests.OrderTests testRequirementSummaryOnlyNamesWhicheverArchetypeIsStillShort]' started.
Test Case '-[FateLostTests.OrderTests testRequirementSummaryOnlyNamesWhicheverArchetypeIsStillShort]' passed (0.001 seconds).
Test Case '-[FateLostTests.OrderTests testRequirementSummaryReportsOpenOnceBothAreMet]' started.
Test Case '-[FateLostTests.OrderTests testRequirementSummaryReportsOpenOnceBothAreMet]' passed (0.001 seconds).
Test Suite 'OrderTests' passed at 2026-09-28 23:41:48.625.
	 Executed 11 tests, with 0 failures (0 unexpected) in 0.178 (0.204) seconds
Test Suite 'PartyBreatherAndPoolTests' started at 2026-09-28 23:41:48.625.
Test Case '-[FateLostTests.PartyBreatherAndPoolTests testAGuestFollowsTheHostOnlyWhenTheGapIsMoreThanLag]' started.
Test Case '-[FateLostTests.PartyBreatherAndPoolTests testAGuestFollowsTheHostOnlyWhenTheGapIsMoreThanLag]' passed (0.001 seconds).
Test Case '-[FateLostTests.PartyBreatherAndPoolTests testAMenuThePlayerNeverClosesCannotShelterAHeroForever]' started.
Test Case '-[FateLostTests.PartyBreatherAndPoolTests testAMenuThePlayerNeverClosesCannotShelterAHeroForever]' passed (7.353 seconds).
Test Case '-[FateLostTests.PartyBreatherAndPoolTests testAPartyGetsABreatherAfterWaveTwoAndSoloDoesNot]' started.
Test Case '-[FateLostTests.PartyBreatherAndPoolTests testAPartyGetsABreatherAfterWaveTwoAndSoloDoesNot]' passed (41.695 seconds).
Test Case '-[FateLostTests.PartyBreatherAndPoolTests testAPartyRunPaysTheSharedAmountNotTheHeroesOwn]' started.
Test Case '-[FateLostTests.PartyBreatherAndPoolTests testAPartyRunPaysTheSharedAmountNotTheHeroesOwn]' passed (0.002 seconds).
Test Case '-[FateLostTests.PartyBreatherAndPoolTests testAPlayerWhoIsAwayDoesNotHoldTheBreatherOpen]' started.
Test Case '-[FateLostTests.PartyBreatherAndPoolTests testAPlayerWhoIsAwayDoesNotHoldTheBreatherOpen]' passed (0.181 seconds).
Test Case '-[FateLostTests.PartyBreatherAndPoolTests testAReportSurvivesTheTripThroughTheService]' started.
Test Case '-[FateLostTests.PartyBreatherAndPoolTests testAReportSurvivesTheTripThroughTheService]' passed (0.044 seconds).
Test Case '-[FateLostTests.PartyBreatherAndPoolTests testARunsReportCountsEveryHeroAndSharesThePool]' started.
Test Case '-[FateLostTests.PartyBreatherAndPoolTests testARunsReportCountsEveryHeroAndSharesThePool]' passed (0.311 seconds).
Test Case '-[FateLostTests.PartyBreatherAndPoolTests testEveryonePressingNextWaveEndsTheBreatherEarly]' started.
Test Case '-[FateLostTests.PartyBreatherAndPoolTests testEveryonePressingNextWaveEndsTheBreatherEarly]' passed (0.237 seconds).
Test Case '-[FateLostTests.PartyBreatherAndPoolTests testTheBreatherIsAMinuteAndAHalfAndThenTheHordeReturns]' started.
Test Case '-[FateLostTests.PartyBreatherAndPoolTests testTheBreatherIsAMinuteAndAHalfAndThenTheHordeReturns]' passed (23.854 seconds).
Test Case '-[FateLostTests.PartyBreatherAndPoolTests testTheFallenCanBeRevivedDuringTheBreather]' started.
Test Case '-[FateLostTests.PartyBreatherAndPoolTests testTheFallenCanBeRevivedDuringTheBreather]' passed (20.489 seconds).
Test Case '-[FateLostTests.PartyBreatherAndPoolTests testTheFirstRealmPaysHalfAndHarderRealmsPayMore]' started.
Test Case '-[FateLostTests.PartyBreatherAndPoolTests testTheFirstRealmPaysHalfAndHarderRealmsPayMore]' passed (0.002 seconds).
Test Case '-[FateLostTests.PartyBreatherAndPoolTests testThePoolIsDividedEvenlyAndEveryoneGetsAtLeastOne]' started.
Test Case '-[FateLostTests.PartyBreatherAndPoolTests testThePoolIsDividedEvenlyAndEveryoneGetsAtLeastOne]' passed (0.002 seconds).
Test Suite 'PartyBreatherAndPoolTests' passed at 2026-09-28 23:43:22.806.
	 Executed 12 tests, with 0 failures (0 unexpected) in 94.171 (94.181) seconds
Test Suite 'PartyClientTests' started at 2026-09-28 23:43:22.807.
Test Case '-[FateLostTests.PartyClientTests testABadRenameIsRefusedOnThePhone]' started.
Test Case '-[FateLostTests.PartyClientTests testABadRenameIsRefusedOnThePhone]' passed (0.090 seconds).
Test Case '-[FateLostTests.PartyClientTests testABatchTooBigForOneMessageIsSplit]' started.
Test Case '-[FateLostTests.PartyClientTests testABatchTooBigForOneMessageIsSplit]' passed (0.008 seconds).
Test Case '-[FateLostTests.PartyClientTests testADroppedConnectionReconnectsToTheSameSeatWithBackoff]' started.
Test Case '-[FateLostTests.PartyClientTests testADroppedConnectionReconnectsToTheSameSeatWithBackoff]' passed (0.049 seconds).
Test Case '-[FateLostTests.PartyClientTests testAFailedJoinLeavesThePlayerOnTheMenuWithAReason]' started.
Test Case '-[FateLostTests.PartyClientTests testAFailedJoinLeavesThePlayerOnTheMenuWithAReason]' passed (0.007 seconds).
Test Case '-[FateLostTests.PartyClientTests testAGuestFrameIsTooBigToSendWhenItExceedsTheLimit]' started.
Test Case '-[FateLostTests.PartyClientTests testAGuestFrameIsTooBigToSendWhenItExceedsTheLimit]' passed (0.051 seconds).
Test Case '-[FateLostTests.PartyClientTests testAGuestNeverSeesStartAsAvailable]' started.
Test Case '-[FateLostTests.PartyClientTests testAGuestNeverSeesStartAsAvailable]' passed (0.023 seconds).
Test Case '-[FateLostTests.PartyClientTests testAHealthyConnectionIsJustPingedWhenTheAppReturns]' started.
Test Case '-[FateLostTests.PartyClientTests testAHealthyConnectionIsJustPingedWhenTheAppReturns]' passed (0.009 seconds).
Test Case '-[FateLostTests.PartyClientTests testAHostBatchOfOneIsAnOrdinaryFrameAndAGuestCannotBatch]' started.
Test Case '-[FateLostTests.PartyClientTests testAHostBatchOfOneIsAnOrdinaryFrameAndAGuestCannotBatch]' passed (0.016 seconds).
Test Case '-[FateLostTests.PartyClientTests testAHostBatchPacksEveryEntryIntoOneMessage]' started.
Test Case '-[FateLostTests.PartyClientTests testAHostBatchPacksEveryEntryIntoOneMessage]' passed (0.022 seconds).
Test Case '-[FateLostTests.PartyClientTests testAHostWhoWentQuietIsNoticed]' started.
Test Case '-[FateLostTests.PartyClientTests testAHostWhoWentQuietIsNoticed]' passed (0.010 seconds).
Test Case '-[FateLostTests.PartyClientTests testAnAnswerToAPingIsIgnored]' started.
Test Case '-[FateLostTests.PartyClientTests testAnAnswerToAPingIsIgnored]' passed (0.007 seconds).
Test Case '-[FateLostTests.PartyClientTests testAnExpiredPartyIsReportedAsSuch]' started.
Test Case '-[FateLostTests.PartyClientTests testAnExpiredPartyIsReportedAsSuch]' passed (0.012 seconds).
Test Case '-[FateLostTests.PartyClientTests testAnotherDeviceTakingTheSeatEndsThisOne]' started.
Test Case '-[FateLostTests.PartyClientTests testAnotherDeviceTakingTheSeatEndsThisOne]' passed (0.005 seconds).
Test Case '-[FateLostTests.PartyClientTests testAnOutdatedAppIsToldToUpdateNotToKeepRetrying]' started.
Test Case '-[FateLostTests.PartyClientTests testAnOutdatedAppIsToldToUpdateNotToKeepRetrying]' passed (0.003 seconds).
Test Case '-[FateLostTests.PartyClientTests testAPartyIsRememberedAcrossARelaunch]' started.
Test Case '-[FateLostTests.PartyClientTests testAPartyIsRememberedAcrossARelaunch]' passed (0.009 seconds).
Test Case '-[FateLostTests.PartyClientTests testAPartyThatNoLongerExistsIsReported]' started.
Test Case '-[FateLostTests.PartyClientTests testAPartyThatNoLongerExistsIsReported]' passed (0.003 seconds).
Test Case '-[FateLostTests.PartyClientTests testARefusedUpgradeMeansTheSeatIsGone]' started.
Test Case '-[FateLostTests.PartyClientTests testARefusedUpgradeMeansTheSeatIsGone]' passed (0.010 seconds).
Test Case '-[FateLostTests.PartyClientTests testARunStartsAndEndsAndTheSamePartyContinues]' started.
Test Case '-[FateLostTests.PartyClientTests testARunStartsAndEndsAndTheSamePartyContinues]' passed (0.088 seconds).
Test Case '-[FateLostTests.PartyClientTests testASavedPartyThatIsGoneIsForgotten]' started.
Test Case '-[FateLostTests.PartyClientTests testASavedPartyThatIsGoneIsForgotten]' passed (0.019 seconds).
Test Case '-[FateLostTests.PartyClientTests testAStaleConnectionIsRecycledWhenTheAppReturns]' started.
Test Case '-[FateLostTests.PartyClientTests testAStaleConnectionIsRecycledWhenTheAppReturns]' passed (0.041 seconds).
Test Case '-[FateLostTests.PartyClientTests testBeingKickedEndsThePartyWithoutReconnecting]' started.
Test Case '-[FateLostTests.PartyClientTests testBeingKickedEndsThePartyWithoutReconnecting]' passed (0.009 seconds).
Test Case '-[FateLostTests.PartyClientTests testFramesArriveWithTheirSeatForTheHostAndWithoutForGuests]' started.
Test Case '-[FateLostTests.PartyClientTests testFramesArriveWithTheirSeatForTheHostAndWithoutForGuests]' passed (0.067 seconds).
Test Case '-[FateLostTests.PartyClientTests testGameplayFramesAreFramedByRole]' started.
Test Case '-[FateLostTests.PartyClientTests testGameplayFramesAreFramedByRole]' passed (0.043 seconds).
Test Case '-[FateLostTests.PartyClientTests testHostingCreatesAPartyAndConnectsWithTheCredentialOutOfTheURL]' started.
Test Case '-[FateLostTests.PartyClientTests testHostingCreatesAPartyAndConnectsWithTheCredentialOutOfTheURL]' passed (0.078 seconds).
Test Case '-[FateLostTests.PartyClientTests testJoiningEntersTheLobbyAsAGuest]' started.
Test Case '-[FateLostTests.PartyClientTests testJoiningEntersTheLobbyAsAGuest]' passed (0.061 seconds).
Test Case '-[FateLostTests.PartyClientTests testLeavingSaysGoodbyeAndForgetsTheParty]' started.
Test Case '-[FateLostTests.PartyClientTests testLeavingSaysGoodbyeAndForgetsTheParty]' passed (0.005 seconds).
Test Case '-[FateLostTests.PartyClientTests testLobbyCommandsGoOutAsAgreedMessages]' started.
Test Case '-[FateLostTests.PartyClientTests testLobbyCommandsGoOutAsAgreedMessages]' passed (0.004 seconds).
Test Case '-[FateLostTests.PartyClientTests testOnlyTheHostCanCloseTheParty]' started.
Test Case '-[FateLostTests.PartyClientTests testOnlyTheHostCanCloseTheParty]' passed (0.004 seconds).
Test Case '-[FateLostTests.PartyClientTests testOnlyTheHostCanEndARun]' started.
Test Case '-[FateLostTests.PartyClientTests testOnlyTheHostCanEndARun]' passed (0.004 seconds).
Test Case '-[FateLostTests.PartyClientTests testRepeatedFailuresBackOffAndEventuallyGiveUp]' started.
Test Case '-[FateLostTests.PartyClientTests testRepeatedFailuresBackOffAndEventuallyGiveUp]' passed (0.018 seconds).
Test Case '-[FateLostTests.PartyClientTests testResumingAFailedConnectionTriesAgainAtOnce]' started.
Test Case '-[FateLostTests.PartyClientTests testResumingAFailedConnectionTriesAgainAtOnce]' passed (0.009 seconds).
Test Case '-[FateLostTests.PartyClientTests testTheHeartbeatNoticesAConnectionThatWentSilent]' started.
Test Case '-[FateLostTests.PartyClientTests testTheHeartbeatNoticesAConnectionThatWentSilent]' passed (0.006 seconds).
Test Case '-[FateLostTests.PartyClientTests testTheHeartbeatPingsAHealthyConnection]' started.
Test Case '-[FateLostTests.PartyClientTests testTheHeartbeatPingsAHealthyConnection]' passed (0.021 seconds).
Test Case '-[FateLostTests.PartyClientTests testTheHostCannotStartAlone]' started.
Test Case '-[FateLostTests.PartyClientTests testTheHostCannotStartAlone]' passed (0.006 seconds).
Test Case '-[FateLostTests.PartyClientTests testTheHostClosingThePartyEndsItForEveryone]' started.
Test Case '-[FateLostTests.PartyClientTests testTheHostClosingThePartyEndsItForEveryone]' passed (0.018 seconds).
Test Case '-[FateLostTests.PartyClientTests testTheHostWaitsForADisconnectedGuest]' started.
Test Case '-[FateLostTests.PartyClientTests testTheHostWaitsForADisconnectedGuest]' passed (0.007 seconds).
Test Case '-[FateLostTests.PartyClientTests testTheLoadoutIsSentAgainToAFreshConnection]' started.
Test Case '-[FateLostTests.PartyClientTests testTheLoadoutIsSentAgainToAFreshConnection]' passed (0.038 seconds).
Test Case '-[FateLostTests.PartyClientTests testTheLobbyFollowsWhatTheServiceSays]' started.
Test Case '-[FateLostTests.PartyClientTests testTheLobbyFollowsWhatTheServiceSays]' passed (0.010 seconds).
Test Suite 'PartyClientTests' passed at 2026-09-28 23:43:23.864.
	 Executed 38 tests, with 0 failures (0 unexpected) in 0.894 (1.057) seconds
Test Suite 'PartyColorTests' started at 2026-09-28 23:43:23.865.
Test Case '-[FateLostTests.PartyColorTests testAColourBelongsToASeatOnEveryPhone]' started.
Test Case '-[FateLostTests.PartyColorTests testAColourBelongsToASeatOnEveryPhone]' passed (0.002 seconds).
Test Case '-[FateLostTests.PartyColorTests testAnOutOfRangeSeatStillGetsAColourInsteadOfCrashing]' started.
Test Case '-[FateLostTests.PartyColorTests testAnOutOfRangeSeatStillGetsAColourInsteadOfCrashing]' passed (0.001 seconds).
Test Case '-[FateLostTests.PartyColorTests testEverySeatHasItsOwnColourAndTheyAreTheFourAsked]' started.
Test Case '-[FateLostTests.PartyColorTests testEverySeatHasItsOwnColourAndTheyAreTheFourAsked]' passed (0.001 seconds).
Test Case '-[FateLostTests.PartyColorTests testTheColoursAreSoftNotSaturated]' started.
Test Case '-[FateLostTests.PartyColorTests testTheColoursAreSoftNotSaturated]' passed (0.001 seconds).
Test Suite 'PartyColorTests' passed at 2026-09-28 23:43:23.903.
	 Executed 4 tests, with 0 failures (0 unexpected) in 0.005 (0.037) seconds
Test Suite 'PartyCombatTests' started at 2026-09-28 23:43:23.903.
Test Case '-[FateLostTests.PartyCombatTests testADisconnectedHeroIsProtectedForAWhile]' started.
Test Case '-[FateLostTests.PartyCombatTests testADisconnectedHeroIsProtectedForAWhile]' passed (11.358 seconds).
Test Case '-[FateLostTests.PartyCombatTests testAHealingAbilityHealsNearbyFriendsAndNotTheHorde]' started.
Test Case '-[FateLostTests.PartyCombatTests testAHealingAbilityHealsNearbyFriendsAndNotTheHorde]' passed (0.021 seconds).
Test Case '-[FateLostTests.PartyCombatTests testAHealingFieldHelpsEveryoneStandingInIt]' started.
Test Case '-[FateLostTests.PartyCombatTests testAHealingFieldHelpsEveryoneStandingInIt]' passed (0.397 seconds).
Test Case '-[FateLostTests.PartyCombatTests testAHeroInAMenuIsShelteredAndTheGameGoesOn]' started.
Test Case '-[FateLostTests.PartyCombatTests testAHeroInAMenuIsShelteredAndTheGameGoesOn]' passed (1.422 seconds).
Test Case '-[FateLostTests.PartyCombatTests testAnAreaAbilityHurtsTheHordeAndNeverThePartyStandingInIt]' started.
Test Case '-[FateLostTests.PartyCombatTests testAnAreaAbilityHurtsTheHordeAndNeverThePartyStandingInIt]' passed (0.017 seconds).
Test Case '-[FateLostTests.PartyCombatTests testAPartyFacesABiggerHorde]' started.
Test Case '-[FateLostTests.PartyCombatTests testAPartyFacesABiggerHorde]' passed (0.040 seconds).
Test Case '-[FateLostTests.PartyCombatTests testAShieldFromAnAbilityReachesFriendsToo]' started.
Test Case '-[FateLostTests.PartyCombatTests testAShieldFromAnAbilityReachesFriendsToo]' passed (0.018 seconds).
Test Case '-[FateLostTests.PartyCombatTests testAStressedPartyOfFourKeepsRunning]' started.
Test Case '-[FateLostTests.PartyCombatTests testAStressedPartyOfFourKeepsRunning]' passed (3.924 seconds).
Test Case '-[FateLostTests.PartyCombatTests testEnemyAfflictionsSurviveOneHeroFalling]' started.
Test Case '-[FateLostTests.PartyCombatTests testEnemyAfflictionsSurviveOneHeroFalling]' passed (0.026 seconds).
Test Case '-[FateLostTests.PartyCombatTests testEnemyShotsHitTheHeroTheyReach]' started.
Test Case '-[FateLostTests.PartyCombatTests testEnemyShotsHitTheHeroTheyReach]' passed (0.248 seconds).
Test Case '-[FateLostTests.PartyCombatTests testExperienceGatheredByOneHeroIsEveryonesAndFallenHeroesBankIt]' started.
Test Case '-[FateLostTests.PartyCombatTests testExperienceGatheredByOneHeroIsEveryonesAndFallenHeroesBankIt]' passed (0.319 seconds).
Test Case '-[FateLostTests.PartyCombatTests testHealingFromAPassiveStaysPersonal]' started.
Test Case '-[FateLostTests.PartyCombatTests testHealingFromAPassiveStaysPersonal]' passed (0.017 seconds).
Test Case '-[FateLostTests.PartyCombatTests testTheHordeChoosesTheNearestHero]' started.
Test Case '-[FateLostTests.PartyCombatTests testTheHordeChoosesTheNearestHero]' passed (0.615 seconds).
Test Case '-[FateLostTests.PartyCombatTests testTheShelterEndsByItself]' started.
Test Case '-[FateLostTests.PartyCombatTests testTheShelterEndsByItself]' passed (4.813 seconds).
Test Suite 'PartyCombatTests' passed at 2026-09-28 23:43:47.145.
	 Executed 14 tests, with 0 failures (0 unexpected) in 23.236 (23.242) seconds
Test Suite 'PartyDeathAndReviveTests' started at 2026-09-28 23:43:47.145.
Test Case '-[FateLostTests.PartyDeathAndReviveTests testAFallenHeroCannotReviveAnother]' started.
Test Case '-[FateLostTests.PartyDeathAndReviveTests testAFallenHeroCannotReviveAnother]' passed (0.971 seconds).
Test Case '-[FateLostTests.PartyDeathAndReviveTests testAFallenHeroDoesNotMoveOrFight]' started.
Test Case '-[FateLostTests.PartyDeathAndReviveTests testAFallenHeroDoesNotMoveOrFight]' passed (0.250 seconds).
Test Case '-[FateLostTests.PartyDeathAndReviveTests testAFallenHeroLeavesAMarkerWhereTheyLay]' started.
Test Case '-[FateLostTests.PartyDeathAndReviveTests testAFallenHeroLeavesAMarkerWhereTheyLay]' passed (0.016 seconds).
Test Case '-[FateLostTests.PartyDeathAndReviveTests testAFriendNextToTheMarkerCanBeginAndFinishARevive]' started.
Test Case '-[FateLostTests.PartyDeathAndReviveTests testAFriendNextToTheMarkerCanBeginAndFinishARevive]' passed (0.816 seconds).
Test Case '-[FateLostTests.PartyDeathAndReviveTests testAFriendTooFarAwayCannotBegin]' started.
Test Case '-[FateLostTests.PartyDeathAndReviveTests testAFriendTooFarAwayCannotBegin]' passed (0.252 seconds).
Test Case '-[FateLostTests.PartyDeathAndReviveTests testAloneAFallenHeroIsARunEndNotAMarker]' started.
Test Case '-[FateLostTests.PartyDeathAndReviveTests testAloneAFallenHeroIsARunEndNotAMarker]' passed (0.015 seconds).
Test Case '-[FateLostTests.PartyDeathAndReviveTests testAMarkerSurvivesUntilItIsUsed]' started.
Test Case '-[FateLostTests.PartyDeathAndReviveTests testAMarkerSurvivesUntilItIsUsed]' passed (14.994 seconds).
Test Case '-[FateLostTests.PartyDeathAndReviveTests testAPlayerWhoLeavesDoesNotBlockTheEnd]' started.
Test Case '-[FateLostTests.PartyDeathAndReviveTests testAPlayerWhoLeavesDoesNotBlockTheEnd]' passed (0.026 seconds).
Test Case '-[FateLostTests.PartyDeathAndReviveTests testARevivedHeroCanReviveAnotherWhoFellLater]' started.
Test Case '-[FateLostTests.PartyDeathAndReviveTests testARevivedHeroCanReviveAnotherWhoFellLater]' passed (2.404 seconds).
Test Case '-[FateLostTests.PartyDeathAndReviveTests testARevivedHeroFightsAgainAndKeepsTheirBuild]' started.
Test Case '-[FateLostTests.PartyDeathAndReviveTests testARevivedHeroFightsAgainAndKeepsTheirBuild]' passed (1.745 seconds).
Test Case '-[FateLostTests.PartyDeathAndReviveTests testBeingStruckWhileReviveBreaksTheChannel]' started.
Test Case '-[FateLostTests.PartyDeathAndReviveTests testBeingStruckWhileReviveBreaksTheChannel]' passed (2.033 seconds).
Test Case '-[FateLostTests.PartyDeathAndReviveTests testDodgingABlowDoesNotBreakTheChannel]' started.
Test Case '-[FateLostTests.PartyDeathAndReviveTests testDodgingABlowDoesNotBreakTheChannel]' passed (0.300 seconds).
Test Case '-[FateLostTests.PartyDeathAndReviveTests testEventsAreTaggedWithTheirHero]' started.
Test Case '-[FateLostTests.PartyDeathAndReviveTests testEventsAreTaggedWithTheirHero]' passed (0.019 seconds).
Test Case '-[FateLostTests.PartyDeathAndReviveTests testFallenHeroesWaitEvenWhileTheirPlayerIsAway]' started.
Test Case '-[FateLostTests.PartyDeathAndReviveTests testFallenHeroesWaitEvenWhileTheirPlayerIsAway]' passed (1.409 seconds).
Test Case '-[FateLostTests.PartyDeathAndReviveTests testOneFallenHeroDoesNotEndTheRun]' started.
Test Case '-[FateLostTests.PartyDeathAndReviveTests testOneFallenHeroDoesNotEndTheRun]' passed (0.302 seconds).
Test Case '-[FateLostTests.PartyDeathAndReviveTests testRevivingAHeroWhoIsAlreadyStandingChangesNothing]' started.
Test Case '-[FateLostTests.PartyDeathAndReviveTests testRevivingAHeroWhoIsAlreadyStandingChangesNothing]' passed (0.013 seconds).
Test Case '-[FateLostTests.PartyDeathAndReviveTests testTheHordeIgnoresAFallenHero]' started.
Test Case '-[FateLostTests.PartyDeathAndReviveTests testTheHordeIgnoresAFallenHero]' passed (0.933 seconds).
Test Case '-[FateLostTests.PartyDeathAndReviveTests testTheMarkerIsMadeOnlyOnce]' started.
Test Case '-[FateLostTests.PartyDeathAndReviveTests testTheMarkerIsMadeOnlyOnce]' passed (0.677 seconds).
Test Case '-[FateLostTests.PartyDeathAndReviveTests testTheReviverFallingBreaksTheChannel]' started.
Test Case '-[FateLostTests.PartyDeathAndReviveTests testTheReviverFallingBreaksTheChannel]' passed (0.439 seconds).
Test Case '-[FateLostTests.PartyDeathAndReviveTests testTheWholePartyFallingIsAWipe]' started.
Test Case '-[FateLostTests.PartyDeathAndReviveTests testTheWholePartyFallingIsAWipe]' passed (0.321 seconds).
Test Case '-[FateLostTests.PartyDeathAndReviveTests testTwoFriendsCannotReviveTheSameHeroTwice]' started.
Test Case '-[FateLostTests.PartyDeathAndReviveTests testTwoFriendsCannotReviveTheSameHeroTwice]' passed (0.899 seconds).
Test Case '-[FateLostTests.PartyDeathAndReviveTests testWalkingAwayBreaksTheChannel]' started.
Test Case '-[FateLostTests.PartyDeathAndReviveTests testWalkingAwayBreaksTheChannel]' passed (0.274 seconds).
Test Suite 'PartyDeathAndReviveTests' passed at 2026-09-28 23:44:16.263.
	 Executed 22 tests, with 0 failures (0 unexpected) in 29.108 (29.118) seconds
Test Suite 'PartyHeroSwapTests' started at 2026-09-28 23:44:16.263.
Test Case '-[FateLostTests.PartyHeroSwapTests testAPartyOfOneIsASoloRun]' started.
Test Case '-[FateLostTests.PartyHeroSwapTests testAPartyOfOneIsASoloRun]' passed (0.017 seconds).
Test Case '-[FateLostTests.PartyHeroSwapTests testAPartyStandsInARingAroundTheSpawn]' started.
Test Case '-[FateLostTests.PartyHeroSwapTests testAPartyStandsInARingAroundTheSpawn]' passed (0.012 seconds).
Test Case '-[FateLostTests.PartyHeroSwapTests testASoloRunHasNothingToSwap]' started.
Test Case '-[FateLostTests.PartyHeroSwapTests testASoloRunHasNothingToSwap]' passed (0.257 seconds).
Test Case '-[FateLostTests.PartyHeroSwapTests testEachHeroKeepsTheirOwnBuildAndStatsAcrossSwaps]' started.
Test Case '-[FateLostTests.PartyHeroSwapTests testEachHeroKeepsTheirOwnBuildAndStatsAcrossSwaps]' passed (0.013 seconds).
Test Case '-[FateLostTests.PartyHeroSwapTests testEveryCombatFieldIsEitherAHeroFieldOrShared]' started.
Test Case '-[FateLostTests.PartyHeroSwapTests testEveryCombatFieldIsEitherAHeroFieldOrShared]' passed (0.048 seconds).
Test Case '-[FateLostTests.PartyHeroSwapTests testEverySimulationFieldIsEitherAHeroFieldOrShared]' started.
Test Case '-[FateLostTests.PartyHeroSwapTests testEverySimulationFieldIsEitherAHeroFieldOrShared]' passed (0.014 seconds).
Test Case '-[FateLostTests.PartyHeroSwapTests testSwappingBackAndForthLosesNothing]' started.
Test Case '-[FateLostTests.PartyHeroSwapTests testSwappingBackAndForthLosesNothing]' passed (0.011 seconds).
Test Case '-[FateLostTests.PartyHeroSwapTests testTheHeroCombatSlotHoldsExactlyTheHeroFields]' started.
Test Case '-[FateLostTests.PartyHeroSwapTests testTheHeroCombatSlotHoldsExactlyTheHeroFields]' passed (0.001 seconds).
Test Case '-[FateLostTests.PartyHeroSwapTests testTheHeroSlotHoldsExactlyTheHeroFields]' started.
Test Case '-[FateLostTests.PartyHeroSwapTests testTheHeroSlotHoldsExactlyTheHeroFields]' passed (0.013 seconds).
Test Suite 'PartyHeroSwapTests' passed at 2026-09-28 23:44:16.653.
	 Executed 9 tests, with 0 failures (0 unexpected) in 0.387 (0.390) seconds
Test Suite 'PartyLoadoutTests' started at 2026-09-28 23:44:16.654.
Test Case '-[FateLostTests.PartyLoadoutTests testABonusCannotBeClaimedTwice]' started.
Test Case '-[FateLostTests.PartyLoadoutTests testABonusCannotBeClaimedTwice]' passed (0.003 seconds).
Test Case '-[FateLostTests.PartyLoadoutTests testAHeroLookThatCannotBeReadFallsBackToTheDefault]' started.
Test Case '-[FateLostTests.PartyLoadoutTests testAHeroLookThatCannotBeReadFallsBackToTheDefault]' passed (0.003 seconds).
Test Case '-[FateLostTests.PartyLoadoutTests testAPartyBuiltFromARosterRuns]' started.
Test Case '-[FateLostTests.PartyLoadoutTests testAPartyBuiltFromARosterRuns]' passed (0.518 seconds).
Test Case '-[FateLostTests.PartyLoadoutTests testARosterBecomesAPartyHostFirst]' started.
Test Case '-[FateLostTests.PartyLoadoutTests testARosterBecomesAPartyHostFirst]' passed (0.001 seconds).
Test Case '-[FateLostTests.PartyLoadoutTests testMadeUpIDsAreIgnored]' started.
Test Case '-[FateLostTests.PartyLoadoutTests testMadeUpIDsAreIgnored]' passed (0.001 seconds).
Test Case '-[FateLostTests.PartyLoadoutTests testMasteryAndRerollsAreCappedAtWhatIsPossible]' started.
Test Case '-[FateLostTests.PartyLoadoutTests testMasteryAndRerollsAreCappedAtWhatIsPossible]' passed (0.001 seconds).
Test Case '-[FateLostTests.PartyLoadoutTests testMasteryOnlyCountsForTheWeaponCarried]' started.
Test Case '-[FateLostTests.PartyLoadoutTests testMasteryOnlyCountsForTheWeaponCarried]' passed (0.003 seconds).
Test Case '-[FateLostTests.PartyLoadoutTests testTheHostReadsOnlyAReasonableNumberOfIDs]' started.
Test Case '-[FateLostTests.PartyLoadoutTests testTheHostReadsOnlyAReasonableNumberOfIDs]' passed (0.005 seconds).
Test Case '-[FateLostTests.PartyLoadoutTests testTheHostRebuildsTheSameBonusesFromTheIDs]' started.
Test Case '-[FateLostTests.PartyLoadoutTests testTheHostRebuildsTheSameBonusesFromTheIDs]' passed (0.001 seconds).
Test Case '-[FateLostTests.PartyLoadoutTests testTheLegacyTravelsAsIDsAndPseudoIDs]' started.
Test Case '-[FateLostTests.PartyLoadoutTests testTheLegacyTravelsAsIDsAndPseudoIDs]' passed (0.001 seconds).
Test Case '-[FateLostTests.PartyLoadoutTests testTheLoadoutCarriesTheWeaponTheLookAndTheLegacy]' started.
Test Case '-[FateLostTests.PartyLoadoutTests testTheLoadoutCarriesTheWeaponTheLookAndTheLegacy]' passed (0.001 seconds).
Test Case '-[FateLostTests.PartyLoadoutTests testTheLookTheServerAllowsIsWhatALookIsMadeOf]' started.
Test Case '-[FateLostTests.PartyLoadoutTests testTheLookTheServerAllowsIsWhatALookIsMadeOf]' passed (0.001 seconds).
Test Suite 'PartyLoadoutTests' passed at 2026-09-28 23:44:17.202.
	 Executed 12 tests, with 0 failures (0 unexpected) in 0.538 (0.548) seconds
Test Suite 'PartyLoopbackTests' started at 2026-09-28 23:44:17.203.
Test Case '-[FateLostTests.PartyLoopbackTests testAGuestCannotMoveAFallenHeroOrRevivedHeroInstantly]' started.
Test Case '-[FateLostTests.PartyLoopbackTests testAGuestCannotMoveAFallenHeroOrRevivedHeroInstantly]' passed (0.051 seconds).
Test Case '-[FateLostTests.PartyLoopbackTests testAGuestKeepsWalkingAtFullSpeedWhileTheHostLiesFallen]' started.
Test Case '-[FateLostTests.PartyLoopbackTests testAGuestKeepsWalkingAtFullSpeedWhileTheHostLiesFallen]' passed (0.979 seconds).
Test Case '-[FateLostTests.PartyLoopbackTests testAGuestsBuildDecisionsTravelToTheHostAndBack]' started.
Test Case '-[FateLostTests.PartyLoopbackTests testAGuestsBuildDecisionsTravelToTheHostAndBack]' passed (0.108 seconds).
Test Case '-[FateLostTests.PartyLoopbackTests testAGuestWhoLiesAboutWhereTheyAreDoesNotTeleport]' started.
Test Case '-[FateLostTests.PartyLoopbackTests testAGuestWhoLiesAboutWhereTheyAreDoesNotTeleport]' passed (0.035 seconds).
Test Case '-[FateLostTests.PartyLoopbackTests testALaggingSnapshotDoesNotSlowAGuestDown]' started.
Test Case '-[FateLostTests.PartyLoopbackTests testALaggingSnapshotDoesNotSlowAGuestDown]' passed (0.257 seconds).
Test Case '-[FateLostTests.PartyLoopbackTests testAnAreaHealHealsFriendsAndTheirScreensShowIt]' started.
Test Case '-[FateLostTests.PartyLoopbackTests testAnAreaHealHealsFriendsAndTheirScreensShowIt]' passed (0.097 seconds).
Test Case '-[FateLostTests.PartyLoopbackTests testDeathMarkerReviveAndTheReturnToTheFight]' started.
Test Case '-[FateLostTests.PartyLoopbackTests testDeathMarkerReviveAndTheReturnToTheFight]' passed (1.844 seconds).
Test Case '-[FateLostTests.PartyLoopbackTests testFightsAreSharedEnemiesAppearAndFallOnEveryScreen]' started.
Test Case '-[FateLostTests.PartyLoopbackTests testFightsAreSharedEnemiesAppearAndFallOnEveryScreen]' passed (2.823 seconds).
Test Case '-[FateLostTests.PartyLoopbackTests testPlayersSeeEachOtherAndMovementSynchronises]' started.
Test Case '-[FateLostTests.PartyLoopbackTests testPlayersSeeEachOtherAndMovementSynchronises]' passed (0.964 seconds).
Test Case '-[FateLostTests.PartyLoopbackTests testTheNextRunStartsFreshWithTheSameParty]' started.
Test Case '-[FateLostTests.PartyLoopbackTests testTheNextRunStartsFreshWithTheSameParty]' passed (1.286 seconds).
Test Case '-[FateLostTests.PartyLoopbackTests testWhenEveryoneFallsTheRunIsOverForTheWholeParty]' started.
Test Case '-[FateLostTests.PartyLoopbackTests testWhenEveryoneFallsTheRunIsOverForTheWholeParty]' passed (0.572 seconds).
Test Suite 'PartyLoopbackTests' passed at 2026-09-28 23:44:26.224.
	 Executed 11 tests, with 0 failures (0 unexpected) in 9.016 (9.021) seconds
Test Suite 'PartyMessageTests' started at 2026-09-28 23:44:26.224.
Test Case '-[FateLostTests.PartyMessageTests testALoadoutRoundTripsThroughJSON]' started.
Test Case '-[FateLostTests.PartyMessageTests testALoadoutRoundTripsThroughJSON]' passed (0.001 seconds).
Test Case '-[FateLostTests.PartyMessageTests testARunStartCarriesTheRoster]' started.
Test Case '-[FateLostTests.PartyMessageTests testARunStartCarriesTheRoster]' passed (0.001 seconds).
Test Case '-[FateLostTests.PartyMessageTests testEveryServerMessageIsUnderstood]' started.
Test Case '-[FateLostTests.PartyMessageTests testEveryServerMessageIsUnderstood]' passed (0.001 seconds).
Test Case '-[FateLostTests.PartyMessageTests testServiceErrorsBecomePlayerFacingWords]' started.
Test Case '-[FateLostTests.PartyMessageTests testServiceErrorsBecomePlayerFacingWords]' passed (0.001 seconds).
Test Case '-[FateLostTests.PartyMessageTests testTheClientSpeaksAgreedJSON]' started.
Test Case '-[FateLostTests.PartyMessageTests testTheClientSpeaksAgreedJSON]' passed (0.001 seconds).
Test Case '-[FateLostTests.PartyMessageTests testUnknownAndBrokenMessagesAreIgnored]' started.
Test Case '-[FateLostTests.PartyMessageTests testUnknownAndBrokenMessagesAreIgnored]' passed (0.001 seconds).
Test Suite 'PartyMessageTests' passed at 2026-09-28 23:44:26.232.
	 Executed 6 tests, with 0 failures (0 unexpected) in 0.006 (0.008) seconds
Test Suite 'PartyRelationshipTests' started at 2026-09-28 23:44:26.232.
Test Case '-[FateLostTests.PartyRelationshipTests testDamageAndBlessingsAimAtDifferentPeople]' started.
Test Case '-[FateLostTests.PartyRelationshipTests testDamageAndBlessingsAimAtDifferentPeople]' passed (0.001 seconds).
Test Case '-[FateLostTests.PartyRelationshipTests testRelationshipsBetweenHeroes]' started.
Test Case '-[FateLostTests.PartyRelationshipTests testRelationshipsBetweenHeroes]' passed (0.000 seconds).
Test Suite 'PartyRelationshipTests' passed at 2026-09-28 23:44:26.234.
	 Executed 2 tests, with 0 failures (0 unexpected) in 0.001 (0.002) seconds
Test Suite 'PassiveHealingTests' started at 2026-09-28 23:44:26.234.
Test Case '-[FateLostTests.PassiveHealingTests testAGroundedHeroWithStackedRegenerationHealsAtTheCappedRateInASimulation]' started.
Test Case '-[FateLostTests.PassiveHealingTests testAGroundedHeroWithStackedRegenerationHealsAtTheCappedRateInASimulation]' passed (0.012 seconds).
Test Case '-[FateLostTests.PassiveHealingTests testANegativeOrEmptyRegenerationPassesThrough]' started.
Test Case '-[FateLostTests.PassiveHealingTests testANegativeOrEmptyRegenerationPassesThrough]' passed (0.001 seconds).
Test Case '-[FateLostTests.PassiveHealingTests testEachExtraPointIsWorthLessAndNothingPassesTheCeiling]' started.
Test Case '-[FateLostTests.PassiveHealingTests testEachExtraPointIsWorthLessAndNothingPassesTheCeiling]' passed (0.001 seconds).
Test Case '-[FateLostTests.PassiveHealingTests testOrdinaryRegenerationCountsInFull]' started.
Test Case '-[FateLostTests.PassiveHealingTests testOrdinaryRegenerationCountsInFull]' passed (0.001 seconds).
Test Case '-[FateLostTests.PassiveHealingTests testStackingSeveralMaxedSourcesIsNowFarFromAdditive]' started.
Test Case '-[FateLostTests.PassiveHealingTests testStackingSeveralMaxedSourcesIsNowFarFromAdditive]' passed (0.003 seconds).
Test Case '-[FateLostTests.PassiveHealingTests testWhatItIsWorthScalesWithMaxHealth]' started.
Test Case '-[FateLostTests.PassiveHealingTests testWhatItIsWorthScalesWithMaxHealth]' passed (0.000 seconds).
Test Suite 'PassiveHealingTests' passed at 2026-09-28 23:44:26.267.
	 Executed 6 tests, with 0 failures (0 unexpected) in 0.018 (0.033) seconds
Test Suite 'ProgressionTests' started at 2026-09-28 23:44:26.267.
Test Case '-[FateLostTests.ProgressionTests testCollectingEmbersGivesExperience]' started.
Test Case '-[FateLostTests.ProgressionTests testCollectingEmbersGivesExperience]' passed (0.370 seconds).
Test Case '-[FateLostTests.ProgressionTests testCommitSpendsPointsAndRejectsOverspending]' started.
Test Case '-[FateLostTests.ProgressionTests testCommitSpendsPointsAndRejectsOverspending]' passed (0.011 seconds).
Test Case '-[FateLostTests.ProgressionTests testLevellingGrantsAPointAndABurst]' started.
Test Case '-[FateLostTests.ProgressionTests testLevellingGrantsAPointAndABurst]' passed (0.011 seconds).
Test Case '-[FateLostTests.ProgressionTests testRequirementsGrow]' started.
Test Case '-[FateLostTests.ProgressionTests testRequirementsGrow]' passed (0.002 seconds).
Test Suite 'ProgressionTests' passed at 2026-09-28 23:44:26.662.
	 Executed 4 tests, with 0 failures (0 unexpected) in 0.394 (0.395) seconds
Test Suite 'RealmCatalogTests' started at 2026-09-28 23:44:26.663.
Test Case '-[FateLostTests.RealmCatalogTests testArenasAreFarLargerThanTheVisibleArea]' started.
Test Case '-[FateLostTests.RealmCatalogTests testArenasAreFarLargerThanTheVisibleArea]' passed (0.001 seconds).
Test Case '-[FateLostTests.RealmCatalogTests testCampaignHasTenRealmsInOrderThenFatesEcho]' started.
Test Case '-[FateLostTests.RealmCatalogTests testCampaignHasTenRealmsInOrderThenFatesEcho]' passed (0.002 seconds).
Test Case '-[FateLostTests.RealmCatalogTests testConquestWavesAndLegacyMultipliersEscalate]' started.
Test Case '-[FateLostTests.RealmCatalogTests testConquestWavesAndLegacyMultipliersEscalate]' passed (0.001 seconds).
Test Case '-[FateLostTests.RealmCatalogTests testOnlyFatesEchoIsEndless]' started.
Test Case '-[FateLostTests.RealmCatalogTests testOnlyFatesEchoIsEndless]' passed (0.001 seconds).
Test Case '-[FateLostTests.RealmCatalogTests testRoadMeandersCloseOnThemselves]' started.
Test Case '-[FateLostTests.RealmCatalogTests testRoadMeandersCloseOnThemselves]' passed (0.001 seconds).
Test Suite 'RealmCatalogTests' passed at 2026-09-28 23:44:26.670.
	 Executed 5 tests, with 0 failures (0 unexpected) in 0.005 (0.007) seconds
Test Suite 'RealmTests' started at 2026-09-28 23:44:26.672.
Test Case '-[FateLostTests.RealmTests testChampionsArriveInOrderAndTheLastOneRepeats]' started.
Test Case '-[FateLostTests.RealmTests testChampionsArriveInOrderAndTheLastOneRepeats]' passed (0.002 seconds).
Test Case '-[FateLostTests.RealmTests testConquestAlwaysLandsOnAChampion]' started.
Test Case '-[FateLostTests.RealmTests testConquestAlwaysLandsOnAChampion]' passed (0.001 seconds).
Test Case '-[FateLostTests.RealmTests testEveryRealmFieldsCreaturesNoOtherFirstRealmDoes]' started.
Test Case '-[FateLostTests.RealmTests testEveryRealmFieldsCreaturesNoOtherFirstRealmDoes]' passed (0.001 seconds).
Test Case '-[FateLostTests.RealmTests testEveryRealmFieldsPropsNoOtherRealmDoes]' started.
Test Case '-[FateLostTests.RealmTests testEveryRealmFieldsPropsNoOtherRealmDoes]' passed (0.003 seconds).
Test Case '-[FateLostTests.RealmTests testEveryRealmHasChampionsAndTheyExist]' started.
Test Case '-[FateLostTests.RealmTests testEveryRealmHasChampionsAndTheyExist]' passed (0.038 seconds).
Test Case '-[FateLostTests.RealmTests testEveryRealmHasItsOwnGroundAndSky]' started.
Test Case '-[FateLostTests.RealmTests testEveryRealmHasItsOwnGroundAndSky]' passed (0.001 seconds).
Test Case '-[FateLostTests.RealmTests testNoTwoRealmsShareASetOfProps]' started.
Test Case '-[FateLostTests.RealmTests testNoTwoRealmsShareASetOfProps]' passed (0.001 seconds).
Test Case '-[FateLostTests.RealmTests testPressureRisesWithTheWave]' started.
Test Case '-[FateLostTests.RealmTests testPressureRisesWithTheWave]' passed (0.000 seconds).
Test Case '-[FateLostTests.RealmTests testRostersDrawOnMoreThanOneFamilyBeyondTheFirstRealm]' started.
Test Case '-[FateLostTests.RealmTests testRostersDrawOnMoreThanOneFamilyBeyondTheFirstRealm]' passed (0.001 seconds).
Test Case '-[FateLostTests.RealmTests testSummonersOnlyCallCreaturesThatExist]' started.
Test Case '-[FateLostTests.RealmTests testSummonersOnlyCallCreaturesThatExist]' passed (0.001 seconds).
Test Suite 'RealmTests' passed at 2026-09-28 23:44:26.723.
	 Executed 10 tests, with 0 failures (0 unexpected) in 0.048 (0.051) seconds
Test Suite 'RealmUnlockTests' started at 2026-09-28 23:44:26.723.
Test Case '-[FateLostTests.RealmUnlockTests testAnOlderSaveThatConqueredTheAbyssHasBeatenFate]' started.
Test Case '-[FateLostTests.RealmUnlockTests testAnOlderSaveThatConqueredTheAbyssHasBeatenFate]' passed (0.001 seconds).
Test Case '-[FateLostTests.RealmUnlockTests testConqueringARealmUnlocksTheNext]' started.
Test Case '-[FateLostTests.RealmUnlockTests testConqueringARealmUnlocksTheNext]' passed (0.001 seconds).
Test Case '-[FateLostTests.RealmUnlockTests testFatesEchoOpensOnlyOnceFateHasFallen]' started.
Test Case '-[FateLostTests.RealmUnlockTests testFatesEchoOpensOnlyOnceFateHasFallen]' passed (0.001 seconds).
Test Case '-[FateLostTests.RealmUnlockTests testOnlyFirstRealmStartsUnlocked]' started.
Test Case '-[FateLostTests.RealmUnlockTests testOnlyFirstRealmStartsUnlocked]' passed (0.001 seconds).
Test Case '-[FateLostTests.RealmUnlockTests testPrerequisiteIsThePreviousRealm]' started.
Test Case '-[FateLostTests.RealmUnlockTests testPrerequisiteIsThePreviousRealm]' passed (0.001 seconds).
Test Case '-[FateLostTests.RealmUnlockTests testTheFateUnlockSurvivesASaveAndAReload]' started.
Test Case '-[FateLostTests.RealmUnlockTests testTheFateUnlockSurvivesASaveAndAReload]' passed (0.001 seconds).
Test Suite 'RealmUnlockTests' passed at 2026-09-28 23:44:26.729.
	 Executed 6 tests, with 0 failures (0 unexpected) in 0.004 (0.006) seconds
Test Suite 'ReconnectPolicyTests' started at 2026-09-28 23:44:26.729.
Test Case '-[FateLostTests.ReconnectPolicyTests testDelaysDoubleThenStopAtTheCap]' started.
Test Case '-[FateLostTests.ReconnectPolicyTests testDelaysDoubleThenStopAtTheCap]' passed (0.001 seconds).
Test Case '-[FateLostTests.ReconnectPolicyTests testJitterSpreadsAttemptsBetweenTheFloorAndTheCeiling]' started.
Test Case '-[FateLostTests.ReconnectPolicyTests testJitterSpreadsAttemptsBetweenTheFloorAndTheCeiling]' passed (0.005 seconds).
Test Suite 'ReconnectPolicyTests' passed at 2026-09-28 23:44:26.735.
	 Executed 2 tests, with 0 failures (0 unexpected) in 0.005 (0.006) seconds
Test Suite 'RelicTests' started at 2026-09-28 23:44:26.735.
Test Case '-[FateLostTests.RelicTests testAnOfferHoldsTheGameUntilItIsAnswered]' started.
Test Case '-[FateLostTests.RelicTests testAnOfferHoldsTheGameUntilItIsAnswered]' passed (0.012 seconds).
Test Case '-[FateLostTests.RelicTests testAnOfferHoldsThreeDistinctRelics]' started.
Test Case '-[FateLostTests.RelicTests testAnOfferHoldsThreeDistinctRelics]' passed (0.001 seconds).
Test Case '-[FateLostTests.RelicTests testAnUnknownRelicIsRefused]' started.
Test Case '-[FateLostTests.RelicTests testAnUnknownRelicIsRefused]' passed (0.001 seconds).
Test Case '-[FateLostTests.RelicTests testARelicAtItsLimitIsNeverOffered]' started.
Test Case '-[FateLostTests.RelicTests testARelicAtItsLimitIsNeverOffered]' passed (0.019 seconds).
Test Case '-[FateLostTests.RelicTests testARelicBecomesPartOfTheBuild]' started.
Test Case '-[FateLostTests.RelicTests testARelicBecomesPartOfTheBuild]' passed (0.001 seconds).
Test Case '-[FateLostTests.RelicTests testARerollDealsAgainOnceAndOnlyOnce]' started.
Test Case '-[FateLostTests.RelicTests testARerollDealsAgainOnceAndOnlyOnce]' passed (0.001 seconds).
Test Case '-[FateLostTests.RelicTests testARolledRankNeverPassesTheRelicsLimit]' started.
Test Case '-[FateLostTests.RelicTests testARolledRankNeverPassesTheRelicsLimit]' passed (0.083 seconds).
Test Case '-[FateLostTests.RelicTests testARolledRankStartsHigher]' started.
Test Case '-[FateLostTests.RelicTests testARolledRankStartsHigher]' passed (0.001 seconds).
Test Case '-[FateLostTests.RelicTests testCarryingNothingChangesNothing]' started.
Test Case '-[FateLostTests.RelicTests testCarryingNothingChangesNothing]' passed (0.001 seconds).
Test Case '-[FateLostTests.RelicTests testChoosingARelicChangesTheHeroAndReportsIt]' started.
Test Case '-[FateLostTests.RelicTests testChoosingARelicChangesTheHeroAndReportsIt]' passed (0.011 seconds).
Test Case '-[FateLostTests.RelicTests testEveryRarityHasRelicsToDeal]' started.
Test Case '-[FateLostTests.RelicTests testEveryRarityHasRelicsToDeal]' passed (0.001 seconds).
Test Case '-[FateLostTests.RelicTests testFindingARelicTwiceRaisesItAndStopsAtItsLimit]' started.
Test Case '-[FateLostTests.RelicTests testFindingARelicTwiceRaisesItAndStopsAtItsLimit]' passed (0.001 seconds).
Test Case '-[FateLostTests.RelicTests testNoRelicOutgrowsItsRarity]' started.
Test Case '-[FateLostTests.RelicTests testNoRelicOutgrowsItsRarity]' passed (0.001 seconds).
Test Case '-[FateLostTests.RelicTests testRankScalesWhatARelicDoes]' started.
Test Case '-[FateLostTests.RelicTests testRankScalesWhatARelicDoes]' passed (0.001 seconds).
Test Case '-[FateLostTests.RelicTests testRelicsCanCarryBehaviourNotJustNumbers]' started.
Test Case '-[FateLostTests.RelicTests testRelicsCanCarryBehaviourNotJustNumbers]' passed (0.012 seconds).
Test Case '-[FateLostTests.RelicTests testRelicsNeverGrantAbilitiesOrForms]' started.
Test Case '-[FateLostTests.RelicTests testRelicsNeverGrantAbilitiesOrForms]' passed (0.001 seconds).
Test Case '-[FateLostTests.RelicTests testRelicTextResolvesAtEveryRank]' started.
Test Case '-[FateLostTests.RelicTests testRelicTextResolvesAtEveryRank]' passed (0.002 seconds).
Test Case '-[FateLostTests.RelicTests testStrongRollsGetMoreLikelyAndRankThreeWaitsForALateRun]' started.
Test Case '-[FateLostTests.RelicTests testStrongRollsGetMoreLikelyAndRankThreeWaitsForALateRun]' passed (0.000 seconds).
Test Case '-[FateLostTests.RelicTests testTheCatalogueIsWholeAndUnique]' started.
Test Case '-[FateLostTests.RelicTests testTheCatalogueIsWholeAndUnique]' passed (0.001 seconds).
Test Case '-[FateLostTests.RelicTests testTheOfferCanBeRerolledFromInsideARun]' started.
Test Case '-[FateLostTests.RelicTests testTheOfferCanBeRerolledFromInsideARun]' passed (0.011 seconds).
Test Case '-[FateLostTests.RelicTests testThePackKeepsTheOrderThingsWereFound]' started.
Test Case '-[FateLostTests.RelicTests testThePackKeepsTheOrderThingsWereFound]' passed (0.001 seconds).
Test Case '-[FateLostTests.RelicTests testTheSameSeedDealsTheSameCards]' started.
Test Case '-[FateLostTests.RelicTests testTheSameSeedDealsTheSameCards]' passed (0.001 seconds).
Test Case '-[FateLostTests.RelicTests testTheSameSeedFindsTheSameRelics]' started.
Test Case '-[FateLostTests.RelicTests testTheSameSeedFindsTheSameRelics]' passed (0.021 seconds).
Test Case '-[FateLostTests.RelicTests testTiersOnlyDealWhatTheyAreFor]' started.
Test Case '-[FateLostTests.RelicTests testTiersOnlyDealWhatTheyAreFor]' passed (0.115 seconds).
Test Suite 'RelicTests' passed at 2026-09-28 23:44:27.039.
	 Executed 24 tests, with 0 failures (0 unexpected) in 0.297 (0.304) seconds
Test Suite 'RiftTests' started at 2026-09-28 23:44:27.039.
Test Case '-[FateLostTests.RiftTests testAFallenChampionOpensAPortalWithTheChanceItIsGivenAndNotOtherwise]' started.
Test Case '-[FateLostTests.RiftTests testAFallenChampionOpensAPortalWithTheChanceItIsGivenAndNotOtherwise]' passed (0.957 seconds).
Test Case '-[FateLostTests.RiftTests testAPortalWaitsAndThenCloses]' started.
Test Case '-[FateLostTests.RiftTests testAPortalWaitsAndThenCloses]' passed (10.843 seconds).
Test Case '-[FateLostTests.RiftTests testARiftPaysInEpicAndLegendaryRelicsOnly]' started.
Test Case '-[FateLostTests.RiftTests testARiftPaysInEpicAndLegendaryRelicsOnly]' passed (0.001 seconds).
Test Case '-[FateLostTests.RiftTests testEveryRiftHasAGreatOneWhoIsBiggerThanAnyChampion]' started.
Test Case '-[FateLostTests.RiftTests testEveryRiftHasAGreatOneWhoIsBiggerThanAnyChampion]' passed (0.002 seconds).
Test Case '-[FateLostTests.RiftTests testLegacyRiftChanceAddsToTheBaseChanceAndStaysWithinItsOwnCeiling]' started.
Test Case '-[FateLostTests.RiftTests testLegacyRiftChanceAddsToTheBaseChanceAndStaysWithinItsOwnCeiling]' passed (0.021 seconds).
Test Case '-[FateLostTests.RiftTests testPortalsAndTheRiftReachGuests]' started.
Test Case '-[FateLostTests.RiftTests testPortalsAndTheRiftReachGuests]' passed (0.022 seconds).
Test Case '-[FateLostTests.RiftTests testStepThroughTakesTheWholePartyAwayAndRaisesTheFallen]' started.
Test Case '-[FateLostTests.RiftTests testStepThroughTakesTheWholePartyAwayAndRaisesTheFallen]' passed (6.150 seconds).
Test Case '-[FateLostTests.RiftTests testWinningPaysExperienceAndARiftFindThenOpensTheWayHome]' started.
Test Case '-[FateLostTests.RiftTests testWinningPaysExperienceAndARiftFindThenOpensTheWayHome]' passed (0.564 seconds).
Test Suite 'RiftTests' passed at 2026-09-28 23:44:45.602.
	 Executed 8 tests, with 0 failures (0 unexpected) in 18.560 (18.563) seconds
Test Suite 'RoomCodeTests' started at 2026-09-28 23:44:45.602.
Test Case '-[FateLostTests.RoomCodeTests testCodesAreShownInTwoHalves]' started.
Test Case '-[FateLostTests.RoomCodeTests testCodesAreShownInTwoHalves]' passed (0.001 seconds).
Test Case '-[FateLostTests.RoomCodeTests testNormalisesWhatAPersonTypes]' started.
Test Case '-[FateLostTests.RoomCodeTests testNormalisesWhatAPersonTypes]' passed (0.001 seconds).
Test Case '-[FateLostTests.RoomCodeTests testRefusesWhatCannotBeACode]' started.
Test Case '-[FateLostTests.RoomCodeTests testRefusesWhatCannotBeACode]' passed (0.001 seconds).
Test Case '-[FateLostTests.RoomCodeTests testTheAlphabetHasNoLookAlikes]' started.
Test Case '-[FateLostTests.RoomCodeTests testTheAlphabetHasNoLookAlikes]' passed (0.001 seconds).
Test Suite 'RoomCodeTests' passed at 2026-09-28 23:44:45.606.
	 Executed 4 tests, with 0 failures (0 unexpected) in 0.003 (0.004) seconds
Test Suite 'ShrineTests' started at 2026-09-28 23:44:45.606.
Test Case '-[FateLostTests.ShrineTests testAFallenHeroAgreesToNothing]' started.
Test Case '-[FateLostTests.ShrineTests testAFallenHeroAgreesToNothing]' passed (0.001 seconds).
Test Case '-[FateLostTests.ShrineTests testAnUnusedShrineIsTakenBackEventually]' started.
Test Case '-[FateLostTests.ShrineTests testAnUnusedShrineIsTakenBackEventually]' passed (0.001 seconds).
Test Case '-[FateLostTests.ShrineTests testAShrineOutOfReachIsLeftAlone]' started.
Test Case '-[FateLostTests.ShrineTests testAShrineOutOfReachIsLeftAlone]' passed (0.001 seconds).
Test Case '-[FateLostTests.ShrineTests testAShrineRisesWithinReachOfThePlayerButNotOnTopOfThem]' started.
Test Case '-[FateLostTests.ShrineTests testAShrineRisesWithinReachOfThePlayerButNotOnTopOfThem]' passed (0.001 seconds).
Test Case '-[FateLostTests.ShrineTests testBloodCostsHealthNeverKillsAndBuysAChest]' started.
Test Case '-[FateLostTests.ShrineTests testBloodCostsHealthNeverKillsAndBuysAChest]' passed (0.016 seconds).
Test Case '-[FateLostTests.ShrineTests testBloodRefusesAHeroTooWeakToPayAndIsNotWasted]' started.
Test Case '-[FateLostTests.ShrineTests testBloodRefusesAHeroTooWeakToPayAndIsNotWasted]' passed (0.001 seconds).
Test Case '-[FateLostTests.ShrineTests testFortuneGivesExperienceAndCostsNothing]' started.
Test Case '-[FateLostTests.ShrineTests testFortuneGivesExperienceAndCostsNothing]' passed (0.256 seconds).
Test Case '-[FateLostTests.ShrineTests testNoMoreThanTwoStandAtOnce]' started.
Test Case '-[FateLostTests.ShrineTests testNoMoreThanTwoStandAtOnce]' passed (0.001 seconds).
Test Case '-[FateLostTests.ShrineTests testNoShrineRisesOnABossWave]' started.
Test Case '-[FateLostTests.ShrineTests testNoShrineRisesOnABossWave]' passed (0.001 seconds).
Test Case '-[FateLostTests.ShrineTests testRuinCursesTheRealmForAHoardAndThenLetsGo]' started.
Test Case '-[FateLostTests.ShrineTests testRuinCursesTheRealmForAHoardAndThenLetsGo]' passed (0.138 seconds).
Test Case '-[FateLostTests.ShrineTests testRuinRefusesToStackOnAnExistingCurse]' started.
Test Case '-[FateLostTests.ShrineTests testRuinRefusesToStackOnAnExistingCurse]' passed (0.001 seconds).
Test Case '-[FateLostTests.ShrineTests testRuinWaitsForALaterWave]' started.
Test Case '-[FateLostTests.ShrineTests testRuinWaitsForALaterWave]' passed (0.001 seconds).
Test Case '-[FateLostTests.ShrineTests testShrinesRiseOftenEnoughToMeetButNotEveryWave]' started.
Test Case '-[FateLostTests.ShrineTests testShrinesRiseOftenEnoughToMeetButNotEveryWave]' passed (0.001 seconds).
Test Case '-[FateLostTests.ShrineTests testWalkingOntoAShrineTakesItUp]' started.
Test Case '-[FateLostTests.ShrineTests testWalkingOntoAShrineTakesItUp]' passed (0.000 seconds).
Test Suite 'ShrineTests' passed at 2026-09-28 23:44:46.038.
	 Executed 14 tests, with 0 failures (0 unexpected) in 0.419 (0.432) seconds
Test Suite 'SkillCatalogTests' started at 2026-09-28 23:44:46.038.
Test Case '-[FateLostTests.SkillCatalogTests testDescriptionsResolveEveryPlaceholder]' started.
Test Case '-[FateLostTests.SkillCatalogTests testDescriptionsResolveEveryPlaceholder]' passed (0.011 seconds).
Test Case '-[FateLostTests.SkillCatalogTests testEveryArchetypeHasAFullTree]' started.
Test Case '-[FateLostTests.SkillCatalogTests testEveryArchetypeHasAFullTree]' passed (0.002 seconds).
Test Case '-[FateLostTests.SkillCatalogTests testFormsAndSummonsExist]' started.
Test Case '-[FateLostTests.SkillCatalogTests testFormsAndSummonsExist]' passed (0.026 seconds).
Test Case '-[FateLostTests.SkillCatalogTests testIdentifiersAreUnique]' started.
Test Case '-[FateLostTests.SkillCatalogTests testIdentifiersAreUnique]' passed (0.001 seconds).
Test Case '-[FateLostTests.SkillCatalogTests testPrerequisitesPointDownTheSameTree]' started.
Test Case '-[FateLostTests.SkillCatalogTests testPrerequisitesPointDownTheSameTree]' passed (0.001 seconds).
Test Suite 'SkillCatalogTests' passed at 2026-09-28 23:44:46.081.
	 Executed 5 tests, with 0 failures (0 unexpected) in 0.040 (0.042) seconds
Test Suite 'SkillRulesTests' started at 2026-09-28 23:44:46.082.
Test Case '-[FateLostTests.SkillRulesTests testHigherTiersNeedPointsBelow]' started.
Test Case '-[FateLostTests.SkillRulesTests testHigherTiersNeedPointsBelow]' passed (0.001 seconds).
Test Case '-[FateLostTests.SkillRulesTests testOnlyOneCapstonePerArchetype]' started.
Test Case '-[FateLostTests.SkillRulesTests testOnlyOneCapstonePerArchetype]' passed (0.001 seconds).
Test Case '-[FateLostTests.SkillRulesTests testPointsInOtherArchetypesDoNotOpenTiers]' started.
Test Case '-[FateLostTests.SkillRulesTests testPointsInOtherArchetypesDoNotOpenTiers]' passed (0.002 seconds).
Test Case '-[FateLostTests.SkillRulesTests testRemovingAFoundationPointIsRefused]' started.
Test Case '-[FateLostTests.SkillRulesTests testRemovingAFoundationPointIsRefused]' passed (0.001 seconds).
Test Case '-[FateLostTests.SkillRulesTests testTitlesFollowInvestment]' started.
Test Case '-[FateLostTests.SkillRulesTests testTitlesFollowInvestment]' passed (0.001 seconds).
Test Suite 'SkillRulesTests' passed at 2026-09-28 23:44:46.088.
	 Executed 5 tests, with 0 failures (0 unexpected) in 0.005 (0.006) seconds
Test Suite 'SkillSmokeTests' started at 2026-09-28 23:44:46.088.
Test Case '-[FateLostTests.SkillSmokeTests testEverySkillAndAbilityRuns]' started.
Test Case '-[FateLostTests.SkillSmokeTests testEverySkillAndAbilityRuns]' passed (5.589 seconds).
Test Suite 'SkillSmokeTests' passed at 2026-09-28 23:44:51.680.
	 Executed 1 test, with 0 failures (0 unexpected) in 5.589 (5.592) seconds
Test Suite 'SpawnSystemTests' started at 2026-09-28 23:44:51.681.
Test Case '-[FateLostTests.SpawnSystemTests testBurstRespectsHardCap]' started.
Test Case '-[FateLostTests.SpawnSystemTests testBurstRespectsHardCap]' passed (0.003 seconds).
Test Case '-[FateLostTests.SpawnSystemTests testEnemiesAppearOnTheRingAcrossTheSeam]' started.
Test Case '-[FateLostTests.SpawnSystemTests testEnemiesAppearOnTheRingAcrossTheSeam]' passed (0.002 seconds).
Test Case '-[FateLostTests.SpawnSystemTests testNaturalSpawningStopsAtTheCap]' started.
Test Case '-[FateLostTests.SpawnSystemTests testNaturalSpawningStopsAtTheCap]' passed (0.001 seconds).
Test Case '-[FateLostTests.SpawnSystemTests testNoSpawnsDuringOpeningDelay]' started.
Test Case '-[FateLostTests.SpawnSystemTests testNoSpawnsDuringOpeningDelay]' passed (0.002 seconds).
Test Case '-[FateLostTests.SpawnSystemTests testRateClimbsAndIsCapped]' started.
Test Case '-[FateLostTests.SpawnSystemTests testRateClimbsAndIsCapped]' passed (0.002 seconds).
Test Case '-[FateLostTests.SpawnSystemTests testStragglersAreBroughtBack]' started.
Test Case '-[FateLostTests.SpawnSystemTests testStragglersAreBroughtBack]' passed (0.001 seconds).
Test Suite 'SpawnSystemTests' passed at 2026-09-28 23:44:51.697.
	 Executed 6 tests, with 0 failures (0 unexpected) in 0.011 (0.016) seconds
Test Suite 'SpoilsRecordTests' started at 2026-09-28 23:44:51.697.
Test Case '-[FateLostTests.SpoilsRecordTests testAChestAndAShrineAndARelicAreCountedAsTheyHappen]' started.
Test Case '-[FateLostTests.SpoilsRecordTests testAChestAndAShrineAndARelicAreCountedAsTheyHappen]' passed (0.030 seconds).
Test Case '-[FateLostTests.SpoilsRecordTests testAnEmptyRecordLoads]' started.
Test Case '-[FateLostTests.SpoilsRecordTests testAnEmptyRecordLoads]' passed (0.003 seconds).
Test Case '-[FateLostTests.SpoilsRecordTests testAProfilesRerollsFollowItsCodex]' started.
Test Case '-[FateLostTests.SpoilsRecordTests testAProfilesRerollsFollowItsCodex]' passed (0.001 seconds).
Test Case '-[FateLostTests.SpoilsRecordTests testARecordWrittenBeforeSpoilsStillLoadsWithEveryTotal]' started.
Test Case '-[FateLostTests.SpoilsRecordTests testARecordWrittenBeforeSpoilsStillLoadsWithEveryTotal]' passed (0.001 seconds).
Test Case '-[FateLostTests.SpoilsRecordTests testARelicNoLongerInTheGameIsNotCounted]' started.
Test Case '-[FateLostTests.SpoilsRecordTests testARelicNoLongerInTheGameIsNotCounted]' passed (0.001 seconds).
Test Case '-[FateLostTests.SpoilsRecordTests testARunAddsItsSpoilsToTheRecord]' started.
Test Case '-[FateLostTests.SpoilsRecordTests testARunAddsItsSpoilsToTheRecord]' passed (0.001 seconds).
Test Case '-[FateLostTests.SpoilsRecordTests testEveryMilestoneCanActuallyBeReached]' started.
Test Case '-[FateLostTests.SpoilsRecordTests testEveryMilestoneCanActuallyBeReached]' passed (0.001 seconds).
Test Case '-[FateLostTests.SpoilsRecordTests testTheCodexKeepsTheBestRankEverCarried]' started.
Test Case '-[FateLostTests.SpoilsRecordTests testTheCodexKeepsTheBestRankEverCarried]' passed (0.001 seconds).
Test Case '-[FateLostTests.SpoilsRecordTests testTheCodexPaysARerollAtEachMilestone]' started.
Test Case '-[FateLostTests.SpoilsRecordTests testTheCodexPaysARerollAtEachMilestone]' passed (0.001 seconds).
Test Case '-[FateLostTests.SpoilsRecordTests testTheCodexRerollsAreOnEveryFindInARun]' started.
Test Case '-[FateLostTests.SpoilsRecordTests testTheCodexRerollsAreOnEveryFindInARun]' passed (0.012 seconds).
Test Case '-[FateLostTests.SpoilsRecordTests testTheRecordRoundTripsWithItsCodex]' started.
Test Case '-[FateLostTests.SpoilsRecordTests testTheRecordRoundTripsWithItsCodex]' passed (0.001 seconds).
Test Suite 'SpoilsRecordTests' passed at 2026-09-28 23:44:51.753.
	 Executed 11 tests, with 0 failures (0 unexpected) in 0.052 (0.056) seconds
Test Suite 'StarterWeaponTests' started at 2026-09-28 23:44:51.753.
Test Case '-[FateLostTests.StarterWeaponTests testRarityOrdering]' started.
Test Case '-[FateLostTests.StarterWeaponTests testRarityOrdering]' passed (0.001 seconds).
Test Case '-[FateLostTests.StarterWeaponTests testStartersAreDistinctAndThreeAreFree]' started.
Test Case '-[FateLostTests.StarterWeaponTests testStartersAreDistinctAndThreeAreFree]' passed (0.006 seconds).
Test Case '-[FateLostTests.StarterWeaponTests testStartersHaveDistinctRoles]' started.
Test Case '-[FateLostTests.StarterWeaponTests testStartersHaveDistinctRoles]' passed (0.002 seconds).
Test Suite 'StarterWeaponTests' passed at 2026-09-28 23:44:51.768.
	 Executed 3 tests, with 0 failures (0 unexpected) in 0.009 (0.015) seconds
Test Suite 'StatSheetTests' started at 2026-09-28 23:44:51.769.
Test Case '-[FateLostTests.StatSheetTests testCapsHold]' started.
Test Case '-[FateLostTests.StatSheetTests testCapsHold]' passed (0.003 seconds).
Test Case '-[FateLostTests.StatSheetTests testDamageIncreasesStackAdditively]' started.
Test Case '-[FateLostTests.StatSheetTests testDamageIncreasesStackAdditively]' passed (0.001 seconds).
Test Case '-[FateLostTests.StatSheetTests testIncreasesAddAndMoreMultiplies]' started.
Test Case '-[FateLostTests.StatSheetTests testIncreasesAddAndMoreMultiplies]' passed (0.001 seconds).
Test Suite 'StatSheetTests' passed at 2026-09-28 23:44:51.775.
	 Executed 3 tests, with 0 failures (0 unexpected) in 0.004 (0.007) seconds
Test Suite 'StatusTests' started at 2026-09-28 23:44:51.776.
Test Case '-[FateLostTests.StatusTests testPoisonDealsDamageOverTime]' started.
Test Case '-[FateLostTests.StatusTests testPoisonDealsDamageOverTime]' passed (0.001 seconds).
Test Suite 'StatusTests' passed at 2026-09-28 23:44:51.778.
	 Executed 1 test, with 0 failures (0 unexpected) in 0.001 (0.002) seconds
Test Suite 'SummonTests' started at 2026-09-28 23:44:51.778.
Test Case '-[FateLostTests.SummonTests testAFallenCompanionWaitsBeforeReturning]' started.
Test Case '-[FateLostTests.SummonTests testAFallenCompanionWaitsBeforeReturning]' passed (0.001 seconds).
Test Case '-[FateLostTests.SummonTests testAWoundedSummonFallsAndLeavesAnEvent]' started.
Test Case '-[FateLostTests.SummonTests testAWoundedSummonFallsAndLeavesAnEvent]' passed (0.001 seconds).
Test Case '-[FateLostTests.SummonTests testConjuredBladesHaveNoBodyToCut]' started.
Test Case '-[FateLostTests.SummonTests testConjuredBladesHaveNoBodyToCut]' passed (0.001 seconds).
Test Case '-[FateLostTests.SummonTests testDismissingSendsEveryAllyAway]' started.
Test Case '-[FateLostTests.SummonTests testDismissingSendsEveryAllyAway]' passed (0.001 seconds).
Test Case '-[FateLostTests.SummonTests testEveryMortalSummonHasAResummonWait]' started.
Test Case '-[FateLostTests.SummonTests testEveryMortalSummonHasAResummonWait]' passed (0.001 seconds).
Test Case '-[FateLostTests.SummonTests testSummonsWithVitalityCarryHealth]' started.
Test Case '-[FateLostTests.SummonTests testSummonsWithVitalityCarryHealth]' passed (0.001 seconds).
Test Case '-[FateLostTests.SummonTests testToughnessGrowsWithTheHero]' started.
Test Case '-[FateLostTests.SummonTests testToughnessGrowsWithTheHero]' passed (0.001 seconds).
Test Suite 'SummonTests' passed at 2026-09-28 23:44:51.796.
	 Executed 7 tests, with 0 failures (0 unexpected) in 0.005 (0.018) seconds
Test Suite 'ToroidalSpatialGridTests' started at 2026-09-28 23:44:51.800.
Test Case '-[FateLostTests.ToroidalSpatialGridTests testHugeRadiusVisitsEachBucketOnce]' started.
Test Case '-[FateLostTests.ToroidalSpatialGridTests testHugeRadiusVisitsEachBucketOnce]' passed (0.001 seconds).
Test Case '-[FateLostTests.ToroidalSpatialGridTests testQueryFindsNeighboursAcrossTheSeam]' started.
Test Case '-[FateLostTests.ToroidalSpatialGridTests testQueryFindsNeighboursAcrossTheSeam]' passed (0.003 seconds).
Test Case '-[FateLostTests.ToroidalSpatialGridTests testRemoveAllEmptiesTheGrid]' started.
Test Case '-[FateLostTests.ToroidalSpatialGridTests testRemoveAllEmptiesTheGrid]' passed (0.002 seconds).
Test Suite 'ToroidalSpatialGridTests' passed at 2026-09-28 23:44:51.807.
	 Executed 3 tests, with 0 failures (0 unexpected) in 0.005 (0.007) seconds
Test Suite 'ToroidalWorldTests' started at 2026-09-28 23:44:51.807.
Test Case '-[FateLostTests.ToroidalWorldTests testDeltaTakesTheShortWayAcrossTheSeam]' started.
Test Case '-[FateLostTests.ToroidalWorldTests testDeltaTakesTheShortWayAcrossTheSeam]' passed (0.001 seconds).
Test Case '-[FateLostTests.ToroidalWorldTests testDeltaWithinArenaIsUnchanged]' started.
Test Case '-[FateLostTests.ToroidalWorldTests testDeltaWithinArenaIsUnchanged]' passed (0.001 seconds).
Test Case '-[FateLostTests.ToroidalWorldTests testDistanceIsSymmetricAcrossSeam]' started.
Test Case '-[FateLostTests.ToroidalWorldTests testDistanceIsSymmetricAcrossSeam]' passed (0.001 seconds).
Test Case '-[FateLostTests.ToroidalWorldTests testWrapKeepsPointsInsideArena]' started.
Test Case '-[FateLostTests.ToroidalWorldTests testWrapKeepsPointsInsideArena]' passed (0.001 seconds).
Test Case '-[FateLostTests.ToroidalWorldTests testWrapNeverReturnsTheUpperBound]' started.
Test Case '-[FateLostTests.ToroidalWorldTests testWrapNeverReturnsTheUpperBound]' passed (0.001 seconds).
Test Suite 'ToroidalWorldTests' passed at 2026-09-28 23:44:51.814.
	 Executed 5 tests, with 0 failures (0 unexpected) in 0.004 (0.006) seconds
Test Suite 'VersionedFileStoreTests' started at 2026-09-28 23:44:51.814.
Test Case '-[FateLostTests.VersionedFileStoreTests testCorruptFileIsQuarantinedNotDeleted]' started.
Test Case '-[FateLostTests.VersionedFileStoreTests testCorruptFileIsQuarantinedNotDeleted]' passed (0.019 seconds).
Test Case '-[FateLostTests.VersionedFileStoreTests testFutureVersionIsNotOverwrittenOrMisread]' started.
Test Case '-[FateLostTests.VersionedFileStoreTests testFutureVersionIsNotOverwrittenOrMisread]' passed (0.008 seconds).
Test Case '-[FateLostTests.VersionedFileStoreTests testMissingFileReportsMissing]' started.
Test Case '-[FateLostTests.VersionedFileStoreTests testMissingFileReportsMissing]' passed (0.004 seconds).
Test Case '-[FateLostTests.VersionedFileStoreTests testOlderVersionIsMigrated]' started.
Test Case '-[FateLostTests.VersionedFileStoreTests testOlderVersionIsMigrated]' passed (0.014 seconds).
Test Case '-[FateLostTests.VersionedFileStoreTests testRoundTrip]' started.
Test Case '-[FateLostTests.VersionedFileStoreTests testRoundTrip]' passed (0.005 seconds).
Test Suite 'VersionedFileStoreTests' passed at 2026-09-28 23:44:51.867.
	 Executed 5 tests, with 0 failures (0 unexpected) in 0.050 (0.053) seconds
Test Suite 'WaveTests' started at 2026-09-28 23:44:51.868.
Test Case '-[FateLostTests.WaveTests testABossWaveCallsForAChampionAndHoldsTheWaveOpen]' started.
Test Case '-[FateLostTests.WaveTests testABossWaveCallsForAChampionAndHoldsTheWaveOpen]' passed (0.002 seconds).
Test Case '-[FateLostTests.WaveTests testAChampionThatNeverArrivesDoesNotStallTheRun]' started.
Test Case '-[FateLostTests.WaveTests testAChampionThatNeverArrivesDoesNotStallTheRun]' passed (0.002 seconds).
Test Case '-[FateLostTests.WaveTests testAnEvenBossWaveRestsAfterTheChampionFalls]' started.
Test Case '-[FateLostTests.WaveTests testAnEvenBossWaveRestsAfterTheChampionFalls]' passed (0.002 seconds).
Test Case '-[FateLostTests.WaveTests testAPartyRestsAfterEverySecondWaveAndNotAfterTheFirst]' started.
Test Case '-[FateLostTests.WaveTests testAPartyRestsAfterEverySecondWaveAndNotAfterTheFirst]' passed (0.002 seconds).
Test Case '-[FateLostTests.WaveTests testAPlayerWhoLeavesNoLongerHoldsTheVote]' started.
Test Case '-[FateLostTests.WaveTests testAPlayerWhoLeavesNoLongerHoldsTheVote]' passed (0.002 seconds).
Test Case '-[FateLostTests.WaveTests testARealmWithNoChampionsNeverAsksForOne]' started.
Test Case '-[FateLostTests.WaveTests testARealmWithNoChampionsNeverAsksForOne]' passed (0.001 seconds).
Test Case '-[FateLostTests.WaveTests testASoloRunNeverRests]' started.
Test Case '-[FateLostTests.WaveTests testASoloRunNeverRests]' passed (0.001 seconds).
Test Case '-[FateLostTests.WaveTests testAStragglerCannotHoldTheBreatherOffForever]' started.
Test Case '-[FateLostTests.WaveTests testAStragglerCannotHoldTheBreatherOffForever]' passed (0.002 seconds).
Test Case '-[FateLostTests.WaveTests testFellingTheConquestChampionTakesTheRealm]' started.
Test Case '-[FateLostTests.WaveTests testFellingTheConquestChampionTakesTheRealm]' passed (0.001 seconds).
Test Case '-[FateLostTests.WaveTests testOnlyAPartyMemberInTheBreatherMayVote]' started.
Test Case '-[FateLostTests.WaveTests testOnlyAPartyMemberInTheBreatherMayVote]' passed (0.002 seconds).
Test Case '-[FateLostTests.WaveTests testPressureRisesAsWavesPass]' started.
Test Case '-[FateLostTests.WaveTests testPressureRisesAsWavesPass]' passed (0.001 seconds).
Test Case '-[FateLostTests.WaveTests testTheBreatherCountsDownAndLastsThirtySeconds]' started.
Test Case '-[FateLostTests.WaveTests testTheBreatherCountsDownAndLastsThirtySeconds]' passed (0.006 seconds).
Test Case '-[FateLostTests.WaveTests testTheBreatherEndsOnceEveryoneAsksToGoOn]' started.
Test Case '-[FateLostTests.WaveTests testTheBreatherEndsOnceEveryoneAsksToGoOn]' passed (0.001 seconds).
Test Case '-[FateLostTests.WaveTests testTheBreatherWaitsForTheLastEnemyOfTheWave]' started.
Test Case '-[FateLostTests.WaveTests testTheBreatherWaitsForTheLastEnemyOfTheWave]' passed (0.001 seconds).
Test Case '-[FateLostTests.WaveTests testTheWaveMovesOnOnceTheChampionFalls]' started.
Test Case '-[FateLostTests.WaveTests testTheWaveMovesOnOnceTheChampionFalls]' passed (0.001 seconds).
Test Case '-[FateLostTests.WaveTests testWavesAdvanceOnTheClock]' started.
Test Case '-[FateLostTests.WaveTests testWavesAdvanceOnTheClock]' passed (0.001 seconds).
Test Suite 'WaveTests' passed at 2026-09-28 23:44:51.948.
	 Executed 16 tests, with 0 failures (0 unexpected) in 0.028 (0.080) seconds
Test Suite 'WeaponFindTests' started at 2026-09-28 23:44:51.948.
Test Case '-[FateLostTests.WeaponFindTests testAffixesAreWholeAndUnique]' started.
Test Case '-[FateLostTests.WeaponFindTests testAffixesAreWholeAndUnique]' passed (0.001 seconds).
Test Case '-[FateLostTests.WeaponFindTests testAffixesThatNeedAKindOfWeaponOnlyFitIt]' started.
Test Case '-[FateLostTests.WeaponFindTests testAffixesThatNeedAKindOfWeaponOnlyFitIt]' passed (0.001 seconds).
Test Case '-[FateLostTests.WeaponFindTests testAFindCanBeAWeaponThePlayerDoesNotOwn]' started.
Test Case '-[FateLostTests.WeaponFindTests testAFindCanBeAWeaponThePlayerDoesNotOwn]' passed (0.003 seconds).
Test Case '-[FateLostTests.WeaponFindTests testAFindIsNeverTheWeaponAlreadyInTheHand]' started.
Test Case '-[FateLostTests.WeaponFindTests testAFindIsNeverTheWeaponAlreadyInTheHand]' passed (0.035 seconds).
Test Case '-[FateLostTests.WeaponFindTests testAFindReadsAsAnItem]' started.
Test Case '-[FateLostTests.WeaponFindTests testAFindReadsAsAnItem]' passed (0.000 seconds).
Test Case '-[FateLostTests.WeaponFindTests testAFindsDamageIsScaledAndTheRestIsTheBaseWeapon]' started.
Test Case '-[FateLostTests.WeaponFindTests testAFindsDamageIsScaledAndTheRestIsTheBaseWeapon]' passed (0.001 seconds).
Test Case '-[FateLostTests.WeaponFindTests testARichTierRollsBetterThanAPoorOne]' started.
Test Case '-[FateLostTests.WeaponFindTests testARichTierRollsBetterThanAPoorOne]' passed (0.041 seconds).
Test Case '-[FateLostTests.WeaponFindTests testARolledScaleStaysInsideItsBand]' started.
Test Case '-[FateLostTests.WeaponFindTests testARolledScaleStaysInsideItsBand]' passed (0.007 seconds).
Test Case '-[FateLostTests.WeaponFindTests testAWeaponOnlyCompetesWithTheRelicsForTheChoice]' started.
Test Case '-[FateLostTests.WeaponFindTests testAWeaponOnlyCompetesWithTheRelicsForTheChoice]' passed (0.029 seconds).
Test Case '-[FateLostTests.WeaponFindTests testChoosingAWeaponThatIsNotThereIsRefused]' started.
Test Case '-[FateLostTests.WeaponFindTests testChoosingAWeaponThatIsNotThereIsRefused]' passed (0.013 seconds).
Test Case '-[FateLostTests.WeaponFindTests testFindsAreNeverCommonAndCarryTheAffixesTheirRarityEarns]' started.
Test Case '-[FateLostTests.WeaponFindTests testFindsAreNeverCommonAndCarryTheAffixesTheirRarityEarns]' passed (0.026 seconds).
Test Case '-[FateLostTests.WeaponFindTests testNoAffixIsBiggerThanARelicOfTheSameRarityWouldBe]' started.
Test Case '-[FateLostTests.WeaponFindTests testNoAffixIsBiggerThanARelicOfTheSameRarityWouldBe]' passed (0.001 seconds).
Test Case '-[FateLostTests.WeaponFindTests testRicherFindsCarryAWeaponMoreOften]' started.
Test Case '-[FateLostTests.WeaponFindTests testRicherFindsCarryAWeaponMoreOften]' passed (0.001 seconds).
Test Case '-[FateLostTests.WeaponFindTests testTakingAWeaponReplacesTheOneInTheHand]' started.
Test Case '-[FateLostTests.WeaponFindTests testTakingAWeaponReplacesTheOneInTheHand]' passed (0.035 seconds).
Test Case '-[FateLostTests.WeaponFindTests testTheNextFindNeverOffersTheWeaponNowInTheHand]' started.
Test Case '-[FateLostTests.WeaponFindTests testTheNextFindNeverOffersTheWeaponNowInTheHand]' passed (0.052 seconds).
Test Case '-[FateLostTests.WeaponFindTests testTheSameSeedRollsTheSameWeapon]' started.
Test Case '-[FateLostTests.WeaponFindTests testTheSameSeedRollsTheSameWeapon]' passed (0.002 seconds).
Test Suite 'WeaponFindTests' passed at 2026-09-28 23:44:52.211.
	 Executed 16 tests, with 0 failures (0 unexpected) in 0.248 (0.263) seconds
Test Suite 'WeaponSystemTests' started at 2026-09-28 23:44:52.212.
Test Case '-[FateLostTests.WeaponSystemTests testBowArrowStrikesAndIsSpent]' started.
Test Case '-[FateLostTests.WeaponSystemTests testBowArrowStrikesAndIsSpent]' passed (0.056 seconds).
Test Case '-[FateLostTests.WeaponSystemTests testCriticalHitsMultiplyDamage]' started.
Test Case '-[FateLostTests.WeaponSystemTests testCriticalHitsMultiplyDamage]' passed (0.002 seconds).
Test Case '-[FateLostTests.WeaponSystemTests testStaffBurstHitsTheCluster]' started.
Test Case '-[FateLostTests.WeaponSystemTests testStaffBurstHitsTheCluster]' passed (0.094 seconds).
Test Case '-[FateLostTests.WeaponSystemTests testSwordHitsInsideTheArcOnly]' started.
Test Case '-[FateLostTests.WeaponSystemTests testSwordHitsInsideTheArcOnly]' passed (0.004 seconds).
Test Case '-[FateLostTests.WeaponSystemTests testSwordReachesAcrossTheSeam]' started.
Test Case '-[FateLostTests.WeaponSystemTests testSwordReachesAcrossTheSeam]' passed (0.003 seconds).
Test Case '-[FateLostTests.WeaponSystemTests testSwordWaitsForATargetInReach]' started.
Test Case '-[FateLostTests.WeaponSystemTests testSwordWaitsForATargetInReach]' passed (0.002 seconds).
Test Suite 'WeaponSystemTests' passed at 2026-09-28 23:44:52.394.
	 Executed 6 tests, with 0 failures (0 unexpected) in 0.160 (0.182) seconds
Test Suite 'WrappedRenderFrameTests' started at 2026-09-28 23:44:52.394.
Test Case '-[FateLostTests.WrappedRenderFrameTests testFocusStaysContinuousWhenCrossingSeam]' started.
Test Case '-[FateLostTests.WrappedRenderFrameTests testFocusStaysContinuousWhenCrossingSeam]' passed (0.001 seconds).
Test Case '-[FateLostTests.WrappedRenderFrameTests testNoRebaseBelowThreshold]' started.
Test Case '-[FateLostTests.WrappedRenderFrameTests testNoRebaseBelowThreshold]' passed (0.001 seconds).
Test Case '-[FateLostTests.WrappedRenderFrameTests testObjectsAppearAtTheImageNearestTheFocus]' started.
Test Case '-[FateLostTests.WrappedRenderFrameTests testObjectsAppearAtTheImageNearestTheFocus]' passed (0.001 seconds).
Test Case '-[FateLostTests.WrappedRenderFrameTests testRebaseShiftsByWholePeriodsOnly]' started.
Test Case '-[FateLostTests.WrappedRenderFrameTests testRebaseShiftsByWholePeriodsOnly]' passed (0.001 seconds).
Test Suite 'WrappedRenderFrameTests' passed at 2026-09-28 23:44:52.398.
	 Executed 4 tests, with 0 failures (0 unexpected) in 0.002 (0.004) seconds
Test Suite 'FateLostTests.xctest' passed at 2026-09-28 23:44:52.398.
	 Executed 735 tests, with 0 failures (0 unexpected) in 303.366 (306.479) seconds
Test Suite 'All tests' passed at 2026-09-28 23:44:52.399.
	 Executed 735 tests, with 0 failures (0 unexpected) in 303.366 (306.480) seconds
2026-09-28 23:44:55.296 xcodebuild[11354:34736] [MT] IDETestOperationsObserverDebug: 499.107 elapsed -- Testing started completed.
2026-09-28 23:44:55.297 xcodebuild[11354:34736] [MT] IDETestOperationsObserverDebug: 0.000 sec, +0.000 sec -- start
2026-09-28 23:44:55.297 xcodebuild[11354:34736] [MT] IDETestOperationsObserverDebug: 499.107 sec, +499.107 sec -- end

Test session results, code coverage, and logs:
	/Users/runner/work/FateLost/FateLost/build-tests/Logs/Test/Test-FateLost-2026.09.28_23-35-09-+0000.xcresult

** TEST SUCCEEDED **

Testing started
